01-16 21:21:08.360   994   994 E RILClient: Connect_RILD: Connecting failed. Connection refused(111)
01-16 21:21:08.383   988   988 I use-Rlog/RLOG-IMSD: Imsd 1.0 starting
01-16 21:21:08.392  1012  1012 E Multi-Client: **Multi-Client Started**
01-16 21:21:08.709  1139  1139 D ATD     : SERIALNO: R58J4309R8V,20170413,
01-16 21:21:08.709  1139  1139 D ATD     : ril.serialnumber: R58J4309R8V
01-16 21:21:08.712  1033  1033 D RILD    : **RIL Daemon Started**
01-16 21:21:08.712  1033  1033 D RILD    : **RILd param count=3**
01-16 21:21:08.713  1033  1033 D RILD    : rilLibPath = /vendor/lib64/libsec-ril.so
01-16 21:21:08.776  1139  1139 D ATD     : ril.manufacturedate: 20170413
01-16 21:21:08.781  1139  1139 D ATD     : gUartPath = /dev/ttyHS8
01-16 21:21:08.782  1139  1139 D ATD     : UART ttyHS8 is not used by console
01-16 21:21:08.782  1139  1139 D ATD     : MakeLocalServer(): AirCmdService Communication: Server_socket 5
01-16 21:21:08.782  1139  1139 D ATD     : InitSocketAcceptHandler(): AirCmdService, id(6), fd(5)
01-16 21:21:08.782  1139  1139 D ATD     : MakeLocalServer(): FactoryClientRecv Communication: Server_socket 6
01-16 21:21:08.782  1139  1139 D ATD     : InitSocketAcceptHandler(): FactoryClientRecv, id(0), fd(6)
01-16 21:21:08.782  1139  1139 D ATD     : MakeLocalServer(): FactoryClientSend Communication: Server_socket 7
01-16 21:21:08.782  1139  1139 D ATD     : InitSocketAcceptHandler(): FactoryClientSend, id(1), fd(7)
01-16 21:21:08.782  1139  1139 D ATD     : MakeLocalServer(): ATDMultiClient Communication: Server_socket 8
01-16 21:21:08.782  1139  1139 D ATD     : InitSocketAcceptHandler(): ATDMultiClient, id(5), fd(8)
01-16 21:21:08.782  1139  1139 D ATD     : MakeLocalServer(): SatsService Communication: Server_socket 9
01-16 21:21:08.782  1139  1139 D ATD     : InitSocketAcceptHandler(): SatsService, id(10), fd(9)
01-16 21:21:08.782  1139  1139 D ATD     : MakeLocalServer(): DiagApp Communication: Server_socket 10
01-16 21:21:08.782  1139  1139 D ATD     : InitSocketAcceptHandler(): DiagApp, id(2), fd(10)
01-16 21:21:08.783  1139  1139 D ATD     : first start
01-16 21:21:09.018  1033  1033 D RILD    : RIL_Init argc = 3 clientId = 0
01-16 21:21:09.019  1033  1033 E RILD    : RIL_Init: RilIndex: 0
01-16 21:21:09.019  1033  1033 E RILD    : RIL_Init:  Initialize XML Parser once
01-16 21:21:09.019  1033  1033 E RILD    : RIL_Init: SimCount: 1
01-16 21:21:09.026  1033  1033 E RILD    : RIL_Init: ModelType[LTE]
01-16 21:21:09.058  1033  1033 E RILD    : Error reading property [netmgr_config.msm8998.ep_type] Err[-4]. Default[4]
01-16 21:21:09.058  1033  1033 E RILD    : SetQmiConfiguration: Error reading property [netmgr_config.msm8998.clat_rps_mask] Err[-4]
01-16 21:21:09.058  1033  1033 E RILD    : SetQmiConfiguration: Error reading property [netmgr_config.msm8998.rtm_rmnet_data_enabled] Err[-4]
01-16 21:21:09.058  1033  1033 E RILD    : SetQmiConfiguration: Error reading property [netmgr_config.msm8998.dl_marker_enabled] Err[-4]
01-16 21:21:09.058  1033  1033 E RILD    : SetQmiConfiguration: Error reading property [netmgr_config.msm8998.qos_disabled] Err[-4]
01-16 21:21:09.058  1033  1033 E RILD    : SetQmiConfiguration: Error reading property [netmgr_config.msm8998.kfc_mode] Err[-4]
01-16 21:21:09.058  1033  1033 E RILD    : SetQmiConfiguration: Error reading property [netmgr_config.msm8998.dataformat_num_mux_channels] Err[-4]
01-16 21:21:09.058  1033  1033 E RILD    : RIL_Init: phy intf: rmnet_ipa0, gsm net prefix: rmnet_data
01-16 21:21:09.058  1033  1033 E RILD    : ==== DumpQmiConfig ====
01-16 21:21:09.058  1033  1033 E RILD    : ..dpm_enabled            : [1]
01-16 21:21:09.058  1033  1033 E RILD    : ..dpm_retry_timeout      : [10000]
01-16 21:21:09.058  1033  1033 E RILD    : ..wda_data_format_enabled: [1]
01-16 21:21:09.058  1033  1033 E RILD    : ..qos_enabled            : [1]
01-16 21:21:09.058  1033  1033 E RILD    : ..ep_type                : [4]
01-16 21:21:09.058  1033  1033 E RILD    : ..single_qmux_ch_enabled : [1]
01-16 21:21:09.058  1033  1033 E RILD    : ..single_qmux_ch_name    : [rmnet0]
01-16 21:21:09.058  1033  1033 E RILD    : ..single_qmux_ch_id      : [DATA5_CNTL]
01-16 21:21:09.058  1033  1033 E RILD    : ..phys_net_dev           : [rmnet_ipa0]
01-16 21:21:09.058  1033  1033 E RILD    : ..dl_agg_size            : [8192]
01-16 21:21:09.058  1033  1033 E RILD    : ..dl_agg_cnt             : [10]
01-16 21:21:09.058  1033  1033 E RILD    : ..dl_agg_mode            : [8]
01-16 21:21:09.058  1033  1033 E RILD    : ..ul_agg_size            : [0]
01-16 21:21:09.058  1033  1033 E RILD    : ..ul_agg_cnt             : [0]
01-16 21:21:09.058  1033  1033 E RILD    : ..ul_agg_mode            : [8]
01-16 21:21:09.058  1033  1033 E RILD    : ..dl_gro_enabled         : [1]
01-16 21:21:09.058  1033  1033 E RILD    : ..ul_gso_enabled         : [1]
01-16 21:21:09.058  1033  1033 E RILD    : ..num_mux_channels       : [8]
01-16 21:21:09.058  1033  1033 E RILD    : ..vnd_rps_mask           : [13]
01-16 21:21:09.058  1033  1033 E RILD    : ..pnd_rps_mask           : [2]
01-16 21:21:09.058  1033  1033 E RILD    : ..clat_rps_mask          : [0]
01-16 21:21:09.058  1033  1033 E RILD    : ..netdev_budget          : [0]
01-16 21:21:09.058  1033  1033 E RILD    : ..rtm_rmnet_enabled      : [0]
01-16 21:21:09.058  1033  1033 E RILD    : ..dl_marker              : [0]
01-16 21:21:09.058  1033  1033 E RILD    : ..num_data_ports         : [8]
01-16 21:21:09.058  1033  1033 E RILD    : ..kernel flow control    : [0]
01-16 21:21:09.058  1033  1033 E RILD    : ..qmi_pc                 : [0]
01-16 21:21:09.061  1033  1033 E RILD    : [sqos] force reconnect qosd socket: -1
01-16 21:21:09.063  1033  1033 E RILD    : [sqos] connectToServer(): Success to connect to qosd
01-16 21:21:09.064  1033  1033 E RILD    : [sqos] qosd number : 9
01-16 21:21:09.064  1033  1033 E RILD    : [sqos] TrafficControl(): success to connect to sock on boot : 9
01-16 21:21:09.064  1033  1033 E RILD    : ConfigureEpParams(): (0) Got EP_PAIR c:3 p:16 for device rmnet_ipa0
01-16 21:21:09.064  1033  1033 E RILD    : ConfigureEpParams(): (0) Got EPID 1 for device rmnet_ipa0
01-16 21:21:09.064  1033  1033 E RILD    : ProcessDpmEnabled()
01-16 21:21:09.646  1033  1033 E RILD    : ProcessDpmPortOpen: process modem capability
01-16 21:21:09.657  1033  1033 E RILD    : ProcessDpmModemCaps: Exit ret[0]
01-16 21:21:09.657  1033  1033 E RILD    : ProcessDpmPortOpen: Shim supported!Not opening control ports
01-16 21:21:09.658  1033  1033 E RILD    : ProcessWdsDpmPortOpen(): EXIT, rc 0
01-16 21:21:09.658  1033  1033 E RILD    : RIL_Init: DPM Setting Complete.
01-16 21:21:09.658  1033  1033 E RILD    : First Ril
01-16 21:21:09.665  1033  1033 E RILD    : create Thread
01-16 21:21:09.672  1033  1033 E RILD    : create Thread
01-16 21:21:09.672  1033  1033 E RILD    : Debug channel is not opened for ship build.
01-16 21:21:09.674  1033  1033 E RILD    : [sqos] TrafficControl(): success to connect to sock on boot : 9
01-16 21:21:09.675  1033  1033 E RIL-QMI : WdsContextTable(): numWdsContex = 8
01-16 21:21:09.675  1033  1033 E RIL-QMI : Complete InitPhysicalTrans for device rmnet_ipa0
01-16 21:21:09.688  1033  1033 E RILD    : GetExtendedFeatures = 0x00000007
01-16 21:21:09.755  1033  1033 E RILD    : SetQos(): Failed to set QoS mode to interface(rmnet_ipa0)
01-16 21:21:09.755  1033  1033 E RIL-QMI : GetQosHeaderFormat(): SetQos fails, we do not need to set QoS header
01-16 21:21:09.755  1033  1033 E RIL-QMI : GetQosHeaderFormat(): Set QOS hdr fmt failed
01-16 21:21:09.756  1033  1033 E RIL-QMI : SetQosHeaderFormat(): Set qos_header_mode for vnd 0 vnd_name rmnet_data0 qos_header_format 0
01-16 21:21:09.756  1033  1033 E RIL-QMI : SetQosHeaderFormat(): Set qos_header_mode for vnd 1 vnd_name rmnet_data1 qos_header_format 0
01-16 21:21:09.756  1033  1033 E RIL-QMI : SetQosHeaderFormat(): Set qos_header_mode for vnd 2 vnd_name rmnet_data2 qos_header_format 0
01-16 21:21:09.756  1033  1033 E RIL-QMI : SetQosHeaderFormat(): Set qos_header_mode for vnd 3 vnd_name rmnet_data3 qos_header_format 0
01-16 21:21:09.756  1033  1033 E RIL-QMI : SetQosHeaderFormat(): Set qos_header_mode for vnd 4 vnd_name rmnet_data4 qos_header_format 0
01-16 21:21:09.756  1033  1033 E RIL-QMI : SetQosHeaderFormat(): Set qos_header_mode for vnd 5 vnd_name rmnet_data5 qos_header_format 0
01-16 21:21:09.756  1033  1033 E RIL-QMI : SetQosHeaderFormat(): Set qos_header_mode for vnd 6 vnd_name rmnet_data6 qos_header_format 0
01-16 21:21:09.756  1033  1033 E RIL-QMI : SetQosHeaderFormat(): Set qos_header_mode for vnd 7 vnd_name rmnet_data7 qos_header_format 0
01-16 21:21:09.789   978  1284 D TelephonyManager: No /proc/cmdline exception=java.io.FileNotFoundException: /proc/cmdline (Permission denied)
01-16 21:21:09.789   978  1284 D TelephonyManager: /proc/cmdline=
01-16 21:21:10.260  1033  1033 E RILD    : [sqos] TrafficControl(): success to connect to sock on boot : 9
01-16 21:21:10.262  1033  1033 E RILD    : QmiService::Init() : qmi_client_init_instance(0x7bdbfffbc0) return(0).
01-16 21:21:10.262  1033  1033 E RILD    : Init() : QMI serive(0) is initialized.
01-16 21:21:10.262  1033  1033 E RILD    : QmiService::Init() : qmi_client_init_instance(0x7bdbfff890) return(0).
01-16 21:21:10.262  1033  1033 E RILD    : Init() : QMI serive(1) is initialized.
01-16 21:21:10.264  1033  1318 E RILD    : RxCallRelease(): Call End Failed - Error(102)
01-16 21:21:10.265  1033  1033 E RILD    : QmiService::Init() : qmi_client_init_instance(0x7bdbfffc30) return(0).
01-16 21:21:10.265  1033  1033 E RILD    : Init() : QMI serive(2) is initialized.
01-16 21:21:10.265  1033  1033 E RIL-QMI : InitWdsGlobalPort() : port = rmnet0 
01-16 21:21:10.268  1033  1033 E RIL-QMI : InitWdsGlobalPort() : QMI WDS Initialized 
01-16 21:21:10.275  1033  1033 E RIL-QMI : Init(): Context initialized for rmnet_data0(IPv4 hndl(0x7), IPv6 handle(0x8))
01-16 21:21:10.275  1033  1033 E RILD    : [sqos] TrafficControl(): success to connect to sock on boot : 9
01-16 21:21:10.278  1033  1033 E RIL-QMI : InitQmiQosService(): The qos client ip_family = 4 (handle(0x9))
01-16 21:21:10.282  1033  1033 E RIL-QMI : InitQmiQosService(): The qos client ip_family = 6 (handle(0xa))
01-16 21:21:10.284  1033  1033 E RIL-QMI : Init(): Context initialized for rmnet_data1(IPv4 hndl(0xb), IPv6 handle(0xc))
01-16 21:21:10.285  1033  1033 E RILD    : [sqos] TrafficControl(): success to connect to sock on boot : 9
01-16 21:21:10.286  1033  1033 E RIL-QMI : InitQmiQosService(): The qos client ip_family = 4 (handle(0xd))
01-16 21:21:10.288  1033  1033 E RIL-QMI : InitQmiQosService(): The qos client ip_family = 6 (handle(0xe))
01-16 21:21:10.299  1033  1033 E RIL-QMI : Init(): Context initialized for rmnet_data2(IPv4 hndl(0xf), IPv6 handle(0x10))
01-16 21:21:10.299  1033  1033 E RILD    : [sqos] TrafficControl(): success to connect to sock on boot : 9
01-16 21:21:10.300  1033  1033 E RIL-QMI : InitQmiQosService(): The qos client ip_family = 4 (handle(0x11))
01-16 21:21:10.302  1033  1033 E RIL-QMI : InitQmiQosService(): The qos client ip_family = 6 (handle(0x12))
01-16 21:21:10.306  1033  1033 E RIL-QMI : Init(): Context initialized for rmnet_data3(IPv4 hndl(0x13), IPv6 handle(0x14))
01-16 21:21:10.306  1033  1033 E RILD    : [sqos] TrafficControl(): success to connect to sock on boot : 9
01-16 21:21:10.311  1033  1033 E RIL-QMI : InitQmiQosService(): The qos client ip_family = 4 (handle(0x15))
01-16 21:21:10.313  1033  1033 E RIL-QMI : InitQmiQosService(): The qos client ip_family = 6 (handle(0x16))
01-16 21:21:10.316  1033  1033 E RIL-QMI : Init(): Context initialized for rmnet_data4(IPv4 hndl(0x17), IPv6 handle(0x18))
01-16 21:21:10.316  1033  1033 E RILD    : [sqos] TrafficControl(): success to connect to sock on boot : 9
01-16 21:21:10.317  1033  1033 E RIL-QMI : InitQmiQosService(): The qos client ip_family = 4 (handle(0x19))
01-16 21:21:10.319  1033  1033 E RIL-QMI : InitQmiQosService(): The qos client ip_family = 6 (handle(0x1a))
01-16 21:21:10.322  1033  1033 E RIL-QMI : Init(): Context initialized for rmnet_data5(IPv4 hndl(0x1b), IPv6 handle(0x1c))
01-16 21:21:10.322  1033  1033 E RILD    : [sqos] TrafficControl(): success to connect to sock on boot : 9
01-16 21:21:10.324  1033  1033 E RIL-QMI : InitQmiQosService(): The qos client ip_family = 4 (handle(0x1d))
01-16 21:21:10.325  1033  1033 E RIL-QMI : InitQmiQosService(): The qos client ip_family = 6 (handle(0x1e))
01-16 21:21:10.328  1033  1033 E RIL-QMI : Init(): Context initialized for rmnet_data6(IPv4 hndl(0x1f), IPv6 handle(0x20))
01-16 21:21:10.328  1033  1033 E RILD    : [sqos] TrafficControl(): success to connect to sock on boot : 9
01-16 21:21:10.330  1033  1033 E RIL-QMI : InitQmiQosService(): The qos client ip_family = 4 (handle(0x21))
01-16 21:21:10.333  1033  1033 E RIL-QMI : InitQmiQosService(): The qos client ip_family = 6 (handle(0x22))
01-16 21:21:10.336  1033  1033 E RIL-QMI : Init(): Context initialized for rmnet_data7(IPv4 hndl(0x23), IPv6 handle(0x24))
01-16 21:21:10.336  1033  1033 E RILD    : [sqos] TrafficControl(): success to connect to sock on boot : 9
01-16 21:21:10.338  1033  1033 E RIL-QMI : InitQmiQosService(): The qos client ip_family = 4 (handle(0x25))
01-16 21:21:10.340  1033  1033 E RIL-QMI : InitQmiQosService(): The qos client ip_family = 6 (handle(0x26))
01-16 21:21:10.340  1033  1033 E RIL-QMI : ProcessWdaSetDataFormat(): Set data format. Request with ll_prot=2, qos=0, ul=8, dl=8, dl_pkt=10, dl_size=8192, ul_pkt=0, ul_size=0, qos_hdr=0, dl_pad=0, fc=1
01-16 21:21:10.340  1033  1033 E RIL-QMI : ProcessWdaSetDataFormat(): Modem rejected data format. Responded with ll_prot=2, qos=0, ul=8, dl=8, dl_pkt=10, dl_size=63, ul_pkt=1, ul_size=-1, qos_hdr=0, dl_pad=0, fc=1
01-16 21:21:10.341  1033  1033 E RIL-QMI : ProcessWdaReleaseQmiClient(): qmi_client_release of qmi_clnt_hndl returned 0
01-16 21:21:10.341  1033  1033 E RIL-QMI : SetDataFormat(): WDA Set Data Format Failed
01-16 21:21:10.341  1033  1033 E RIL-QMI : SetDevDataFormat(): dl_minimum_padding is 0
01-16 21:21:10.341  1033  1033 E RIL-QMI : SetDevDataFormat(): rmnet_flags is 13
01-16 21:21:10.341  1033  1033 E RILD    : GetExtendedFeatures = 0x00000007
01-16 21:21:10.353  1033  1033 E RIL-QMI : UpdateDataFormat(): 
01-16 21:21:10.353  1033  1033 E RIL-QMI : ProcessWdaGetDataFormat(): Modem returns [qos_format_valid:qos_format][1:0]
01-16 21:21:10.353  1033  1033 E RIL-QMI : ProcessWdaGetDataFormat(): Modem returns [link_prot_valid:link_prot][1:2]
01-16 21:21:10.353  1033  1033 E RIL-QMI : ProcessWdaGetDataFormat(): Modem returns [ul_data_aggregation_protocol_valid:ul_data_aggregation_protocol][1:8]
01-16 21:21:10.353  1033  1033 E RIL-QMI : ProcessWdaGetDataFormat(): Modem returns [dl_data_aggregation_protocol_valid:dl_data_aggregation_protocol][1:8]
01-16 21:21:10.353  1033  1033 E RIL-QMI : ProcessWdaGetDataFormat(): Modem returns [ndp_signature_valid:ndp_signature][1:0]
01-16 21:21:10.353  1033  1033 E RIL-QMI : ProcessWdaGetDataFormat(): Modem returns [dl_data_aggregation_max_datagrams_valid:dl_data_aggregation_max_datagrams][1:10]
01-16 21:21:10.353  1033  1033 E RIL-QMI : ProcessWdaGetDataFormat(): Modem returns [dl_data_aggregation_max_size_valid:dl_data_aggregation_max_size][1:63]
01-16 21:21:10.353  1033  1033 E RIL-QMI : ProcessWdaGetDataFormat(): Modem returns [ul_data_aggregation_max_datagrams_valid:ul_data_aggregation_max_datagrams][1:1]
01-16 21:21:10.353  1033  1033 E RIL-QMI : ProcessWdaGetDataFormat(): Modem returns [ul_data_aggregation_max_size_valid:ul_data_aggregation_max_size][1:-1]
01-16 21:21:10.353  1033  1033 E RIL-QMI : ProcessWdaGetDataFormat(): Modem returns [qos_header_format_valid:qos_header_format][0:0]
01-16 21:21:10.353  1033  1033 E RIL-QMI : ProcessWdaGetDataFormat(): Modem returns [dl_minimum_padding_valid:dl_minimum_padding][1:0]
01-16 21:21:10.353  1033  1033 E RIL-QMI : ProcessWdaGetDataFormat(): Modem returns [flow_control_valid:flow_control][1:1]
01-16 21:21:10.353  1033  1033 E RIL-QMI : ProcessWdaReleaseQmiClient(): qmi_client_release of qmi_clnt_hndl returned 0
01-16 21:21:10.353  1033  1033 E RIL-QMI : UpdateDataFormat(): From modem: agg_count=1, agg_size=-1
01-16 21:21:10.353  1033  1033 E RIL-QMI : UpdateDataFormat(): From local config: agg_count=0, agg_size=0
01-16 21:21:10.353  1033  1033 E RIL-QMI : UpdateDataFormat(): Using agg values: agg_count=0, agg_size=-1
01-16 21:21:10.353  1033  1033 E RIL-QMI : RmnetUpdateUlAggregation(): RmNet returns egress_flags=0x0000002A; agg_size=0, agg_count=0
01-16 21:21:10.353  1033  1033 E RIL-QMI : RmnetUpdateUlAggregation(): Updated egress_flags=0x0000002A; agg_size=65535, agg_count=0
01-16 21:21:10.354  1033  1033 E RILD    : QmiService::Init() : qmi_client_init_instance(0x7bdbfff830) return(0).
01-16 21:21:10.354  1033  1033 E RILD    : Init() : QMI serive(5) is initialized.
01-16 21:21:10.354  1033  1033 E RILD    : QmiService::Init() : qmi_client_init_instance(0x7bdbfffb08) return(0).
01-16 21:21:10.354  1033  1033 E RILD    : Init() : QMI serive(6) is initialized.
01-16 21:21:10.354  1033  1033 E RILD    : QmiService::Init() : qmi_client_init_instance(0x7bdbfff950) return(0).
01-16 21:21:10.354  1033  1033 E RILD    : Init() : QMI serive(7) is initialized.
01-16 21:21:10.354  1033  1033 E RILD    : QmiService::Init() : qmi_client_init_instance(0x7bdbfffa00) return(0).
01-16 21:21:10.354  1033  1033 E RILD    : Init() : QMI serive(8) is initialized.
01-16 21:21:10.354  1033  1033 E RILD    : QmiService::Init() : qmi_client_init_instance(0x7bdbffebc8) return(0).
01-16 21:21:10.354  1033  1033 E RILD    : Init() : QMI serive(9) is initialized.
01-16 21:21:10.354  1033  1033 E RILD    : QmiService::Init() : qmi_client_init_instance(0x7bdbfffbc0) return(0).
01-16 21:21:10.354  1033  1033 E RILD    : Init() : QMI serive(10) is initialized.
01-16 21:21:10.354  1033  1033 E RILD    : QmiService::Init() : qmi_client_init_instance(0x7bdbfff728) return(0).
01-16 21:21:10.354  1033  1033 E RILD    : Init() : QMI serive(11) is initialized.
01-16 21:21:10.354  1033  1033 E RILD    : QmiService::Init() : qmi_client_init_instance(0x7bdbfff7d8) return(0).
01-16 21:21:10.354  1033  1033 E RILD    : Init() : QMI serive(16) is initialized.
01-16 21:21:10.355  1033  1033 E RILD    : QmiService::Init() : qmi_client_init_instance(0x7bdbfff5c8) return(0).
01-16 21:21:10.355  1033  1033 E RILD    : Init() : QMI serive(18) is initialized.
01-16 21:21:10.355  1033  1033 E RILD    : Debug channel is not opened for ship build.
01-16 21:21:10.355  1033  1033 I chatty  : uid=1001(radio) /vendor/bin/hw/rild identical 1 line
01-16 21:21:10.355  1033  1033 E RILD    : Debug channel is not opened for ship build.
01-16 21:21:10.355  1033  1033 E RILD    : create Thread
01-16 21:21:10.357  1033  1033 E RILD    : NET-MGR - ModelType: 0 -> 2
01-16 21:21:10.357  1033  1033 E RILD    : create Thread
01-16 21:21:10.361   994   994 E RILClient: Connect_RILD: Connecting failed. Connection refused(111)
01-16 21:21:10.365  1033  1033 E RILD    : CALL-MGR - ModelType: 0 -> 2
01-16 21:21:10.365  1033  1033 E RILD    : CALL-MGR - Make new CallManager (ModelType: 2)
01-16 21:21:10.367  1033  1033 E RILD    : [sqos] TrafficControl(): success to connect to sock on boot : 9
01-16 21:21:10.373  1033  1033 I chatty  : uid=1001(radio) /vendor/bin/hw/rild identical 14 lines
01-16 21:21:10.374  1033  1033 E RILD    : [sqos] TrafficControl(): success to connect to sock on boot : 9
01-16 21:21:10.374  1033  1033 E RILD    : [sqos] connectToServer(): Failed to connect to qosd: Try again, retry : 0
01-16 21:21:10.474  1033  1033 E RILD    : [sqos] TrafficControl(): success to connect to sock on boot : 9
01-16 21:21:10.475  1033  1033 E RILD    : [sqos] connectToServer(): Failed to connect to qosd: Try again, retry : 0
01-16 21:21:10.575  1033  1033 E RILD    : [sqos] connectToServer(): Failed to connect to qosd: Try again, retry : 1
01-16 21:21:10.675  1033  1033 E RILD    : [sqos] connectToServer(): Failed to connect to qosd: Try again, retry : 2
01-16 21:21:10.775  1033  1033 E RILD    : [sqos] connectToServer(): Failed to connect to qosd: Try again, retry : 3
01-16 21:21:10.875  1033  1033 E RILD    : [sqos] connectToServer(): Failed to connect to qosd: Try again, retry : 4
01-16 21:21:10.975  1033  1033 E RILD    : [sqos] TrafficControl(): success to connect to sock on boot : 9
01-16 21:21:10.976  1033  1033 I chatty  : uid=1001(radio) /vendor/bin/hw/rild identical 2 lines
01-16 21:21:10.976  1033  1033 E RILD    : [sqos] TrafficControl(): success to connect to sock on boot : 9
01-16 21:21:10.977  1033  1033 E RILD    : NetworkManager init start
01-16 21:21:10.977  1033  1033 E RILD    : NetworkManager init end
01-16 21:21:10.978  1033  1033 E RILD    : Start, NetlinkUtils thread Started
01-16 21:21:10.978  1033  1033 E RILD    : create Thread
01-16 21:21:10.978  1033  1576 E RILD    : Run(): NetlinkUtilsRunnable
01-16 21:21:10.979  1033  1033 E RILD    : [C] Initialize(): Is initialized: 0
01-16 21:21:10.979  1033  1033 E RILD    : [E] Initialize(): Is initialized: 0
01-16 21:21:10.979  1033  1033 E RILD    : [sqos] TrafficControl(): success to connect to sock on boot : 9
01-16 21:21:10.986  1033  1033 I chatty  : uid=1001(radio) /vendor/bin/hw/rild identical 8 lines
01-16 21:21:10.986  1033  1033 E RILD    : [sqos] TrafficControl(): success to connect to sock on boot : 9
01-16 21:21:10.987  1033  1033 E RILD    : create Thread
01-16 21:21:10.987  1033  1033 E RILD    : create Thread
01-16 21:21:10.988  1033  1577 E RILD    : OnDataCallStateChanged() - data call is null
01-16 21:21:10.993  1033  1033 E RIL-QMI : UpdateVoiceRte: [CS] 1x reg [0], gsm reg [2], wcdma reg [2], lte reg [2], hdr reg [0], Td reg [2]
01-16 21:21:10.993  1033  1033 E RIL-QMI : UpdateVoiceRte: mVoiceRte(0), Confidence(4), mReportedLteSmsStatus(0)
01-16 21:21:10.993  1033  1033 E RIL-QMI : UpdateDataRte: [PS] 1x reg [0], gsm reg [2], wcdma reg [2], lte reg [2], hdr reg [0], Td reg [2], pref_data_tech(0), radio_tech_flag(0)
01-16 21:21:10.993  1033  1033 E RIL-QMI : UpdateDataRte: mDataRte(0), Confidence(4)
01-16 21:21:10.993  1033  1033 E RIL-QMI : UpdateImsRte: mImsRte(0), Confidence(4)
01-16 21:21:10.997  1033  1033 E RIL-QMI : UpdateVoiceRte: [CS] 1x reg [0], gsm reg [2], wcdma reg [2], lte reg [2], hdr reg [0], Td reg [2]
01-16 21:21:10.997  1033  1033 E RIL-QMI : UpdateVoiceRte: mVoiceRte(0), Confidence(4), mReportedLteSmsStatus(0)
01-16 21:21:10.997  1033  1033 E RIL-QMI : UpdateDataRte: [PS] 1x reg [0], gsm reg [2], wcdma reg [2], lte reg [2], hdr reg [0], Td reg [2], pref_data_tech(0), radio_tech_flag(0)
01-16 21:21:10.997  1033  1033 E RIL-QMI : UpdateDataRte: mDataRte(0), Confidence(4)
01-16 21:21:10.997  1033  1033 E RIL-QMI : UpdateImsRte: mImsRte(0), Confidence(4)
01-16 21:21:10.998  1033  1033 E RILD    : Failed to Set WMS QMI Client as default, err 102
01-16 21:21:11.006  1033  1318 E RILD    : ProcessRxMessage: coex - handled(0x41)
01-16 21:21:11.006  1033  1033 E RILD    : ProcessRxMessage: coex - handled(0x20)
01-16 21:21:11.007  1033  1033 E RILD    : IpcOverQmiChannel::Open() : qmi_client_init_instance(0x7bdbffebc8) return(0).
01-16 21:21:11.007  1033  1033 E RILD    : create Thread
01-16 21:21:11.011  1033  1033 I chatty  : uid=1001(radio) /vendor/bin/hw/rild identical 5 lines
01-16 21:21:11.011  1033  1033 E RILD    : create Thread
01-16 21:21:11.011  1033  1577 E RILD    : OnDataCallStateChanged - No data
01-16 21:21:11.011  1033  1577 W RILC    : RIL_onUnsolicitedResponse called before RIL_register
01-16 21:21:11.011  1033  1577 E RILD    : OnUnsolicitedResponse: mOemClientReceiver is yet initialized.
01-16 21:21:11.014  1033  1033 E RILD    : create Thread
01-16 21:21:11.014  1033  1577 W RILC    : RIL_onUnsolicitedResponse called before RIL_register
01-16 21:21:11.015  1033  1577 W RILC    : RIL_onUnsolicitedResponse called before RIL_register
01-16 21:21:11.015  1033  1033 D RILD    : RIL_Init rilInit completed
01-16 21:21:11.015  1033  1033 I RILC    : SIM_COUNT: 1
01-16 21:21:11.015  1033  1033 E RILC    : RIL_register: RIL version 15
01-16 21:21:11.015  1033  1033 I RILC    : s_registerCalled flag set, 1
01-16 21:21:11.015  1033  1033 D RILC    : registerService: starting android::hardware::radio::V1_1::IRadio slot1
01-16 21:21:11.015  1033  1581 E RILD    : ProcessSingleIpcMessageReceived() - IpcHistoryRecord has no message
01-16 21:21:11.015  1033  1577 E RILD    : TxOttGetCapability: Failed to get capability, error = 102
01-16 21:21:11.016  1033  1577 E RILD    : SetLceMode: Failed to set lce indication
01-16 21:21:11.017  1033  1033 I RILC    : RILHIDL called registerService
01-16 21:21:11.017  1033  1033 D RILD    : RIL_Init RIL_register completed
01-16 21:21:11.017  1033  1033 D RILD    : RIL_register_socket started
01-16 21:21:11.017  1033  1033 D RIL_UIM_SOCKET: Adding socket with id: 0
01-16 21:21:11.017  1033  1033 I RILC    : RIL_register_socket: calling registerService
01-16 21:21:11.017  1033  1033 D RIL_SAP : registerService: starting ISap slot1 for slotId 0
01-16 21:21:11.017  1033  1577 E RILC    : radioStateChangedInd: radioService[0]->mRadioIndication == NULL
01-16 21:21:11.017  1033  1033 D RIL_SAP : registerService: started ISap slot1 status 0
01-16 21:21:11.017  1033  1033 D RILD    : RIL_register_socket completed
01-16 21:21:11.018  1012  1012 E Multi-Client: OemClientReceiver [Multiclient]
01-16 21:21:11.018  1012  1012 E Multi-Client: OemClientReceiver started
01-16 21:21:11.018  1012  1012 E Multi-Client: Multi-Client Init starting sleep loop
01-16 21:21:11.018  1012  1589 E Multi-Client: SetFd: mServerSock=7
01-16 21:21:11.018  1012  1589 E Multi-Client: OemClientReceiver::SetMaxFd: maxfd=7
01-16 21:21:11.540  1033  1577 E RILD    : HalIoChannel::Write: mSecChannelImpl->mSecChannelCallback == NULL [imsd]
01-16 21:21:11.540  1033  1577 E RILD    : IO channel write error.
01-16 21:21:11.540  1033  1577 E RILD    : Can't send SSAC info to IMS
01-16 21:21:11.783  1139  1139 D ATD     : IsUartUsingAP is AP
01-16 21:21:11.783  1139  1139 D ATD     : IsConnectedToAirCmdService() : false
01-16 21:21:11.783  1139  1139 D ATD     : ConnectToUart()
01-16 21:21:11.786  1139  1139 D ATD     : Transport file name: /dev/ttyHS8
01-16 21:21:11.786  1139  1139 D ATD     : connect to local socket fd : 11, bardrate: 115200
01-16 21:21:11.786  1139  1139 D ATD     : InitSocketMessageHandler(): UART, id(3), fd(11)
01-16 21:21:11.786  1139  1139 D ATD     : ConnectToRil()
01-16 21:21:11.786  1139  1139 D ATD     : try to connect RIL
01-16 21:21:11.786  1012  1589 E Multi-Client: Accept() START
01-16 21:21:11.786  1139  1139 D RILClient: Connect_RILD: Success to connect
01-16 21:21:11.786  1139  1139 D ATD     : connection success RIL
01-16 21:21:11.786  1012  1589 E Multi-Client: new oem client connection=8
01-16 21:21:11.786  1012  1589 E Multi-Client: OemClientReceiver::Process:
01-16 21:21:11.786  1012  1589 E Multi-Client: SetFd: mServerSock=7
01-16 21:21:11.786  1012  1589 E Multi-Client: SetFd: fd=8
01-16 21:21:11.786  1012  1589 E Multi-Client: OemClientReceiver::SetMaxFd: maxfd=8
01-16 21:21:11.786  1139  1139 D ATD     : Send Msg [ATD > RIL] 4 bytes <>
01-16 21:21:11.787  1012  1589 E Multi-Client: OemClientReceiver::Process:
01-16 21:21:11.787  1139  1139 D ATD     : IsConnectedToAirCmdService() : false
01-16 21:21:11.787  1012  1589 E Multi-Client: OemClientReceiver::Process: fd=8
01-16 21:21:11.787  1012  1589 E Multi-Client: OemClient::Process:
01-16 21:21:11.787  1012  1589 E Multi-Client: ProcessBuffer:
01-16 21:21:11.787  1012  1589 E Multi-Client: OemClient::ProcessBuffer() request[0x3B] from [/system/bin/at_distributor], token[1], datalen[4]
01-16 21:21:11.787  1139  1139 D ATD     : Send Msg [ATD > UART] 15 bytes <(\r)(\n)+UART READY(\r)(\n)>
01-16 21:21:11.787  1012  1589 E Multi-Client: SetFd: mServerSock=7
01-16 21:21:11.787  1012  1589 E Multi-Client: SetFd: fd=8
01-16 21:21:11.787  1012  1589 E Multi-Client: OemClientReceiver::SetMaxFd: maxfd=8
01-16 21:21:11.787  1139  1139 D ATD     : InitSocketMessageHandler(): DDEXE, id(9), fd(15)
01-16 21:21:11.787  1012  1092 E Multi-Client: Oem OnRequestComplete:
01-16 21:21:12.361   994   994 D RILClient: Connect_RILD: Success to connect
01-16 21:21:12.362  1012  1589 E Multi-Client: Accept() START
01-16 21:21:12.362  1012  1589 E Multi-Client: new oem client connection=9
01-16 21:21:12.362  1012  1589 E Multi-Client: OemClientReceiver::Process:
01-16 21:21:12.362  1012  1589 E Multi-Client: SetFd: mServerSock=7
01-16 21:21:12.362  1012  1589 E Multi-Client: SetFd: fd=8
01-16 21:21:12.362  1012  1589 E Multi-Client: SetFd: fd=9
01-16 21:21:12.362  1012  1589 E Multi-Client: OemClientReceiver::SetMaxFd: maxfd=9
01-16 21:21:13.143  1033  1577 E RILC    : oemAcbInfoChangedInd: radioService[0]->mSecRadioIndication == NULL
01-16 21:21:13.161  1033  1318 E RIL-QMI : UpdateVoiceRte: [CS] 1x reg [0], gsm reg [2], wcdma reg [2], lte reg [0], hdr reg [0], Td reg [2]
01-16 21:21:13.161  1033  1318 E RIL-QMI : UpdateVoiceRte: mVoiceRte(0), Confidence(4), mReportedLteSmsStatus(0)
01-16 21:21:13.161  1033  1318 E RIL-QMI : UpdateDataRte: [PS] 1x reg [0], gsm reg [2], wcdma reg [2], lte reg [12], hdr reg [0], Td reg [2], pref_data_tech(0), radio_tech_flag(1)
01-16 21:21:13.161  1033  1318 E RIL-QMI : UpdateDataRte: mDataRte(5), Confidence(2)
01-16 21:21:13.161  1033  1318 E RIL-QMI : UpdateImsRte: mImsRte(0), Confidence(4)
01-16 21:21:13.161  1033  1318 E RIL-QMI : UpdateVoiceRte: [CS] 1x reg [0], gsm reg [2], wcdma reg [2], lte reg [0], hdr reg [0], Td reg [2]
01-16 21:21:13.161  1033  1318 E RIL-QMI : UpdateVoiceRte: mVoiceRte(0), Confidence(4), mReportedLteSmsStatus(0)
01-16 21:21:13.161  1033  1318 E RIL-QMI : UpdateDataRte: [PS] 1x reg [0], gsm reg [2], wcdma reg [2], lte reg [12], hdr reg [0], Td reg [2], pref_data_tech(0), radio_tech_flag(1)
01-16 21:21:13.161  1033  1318 E RIL-QMI : UpdateDataRte: mDataRte(5), Confidence(2)
01-16 21:21:13.161  1033  1318 E RIL-QMI : UpdateImsRte: mImsRte(0), Confidence(4)
01-16 21:21:13.161  1033  1577 E RILC    : secCurrentSignalStrengthInd: radioService[0]->mSecRadioIndication == NULL
01-16 21:21:13.162  1033  1577 E RILC    : currentSignalStrengthInd: radioService[0]->mRadioIndication == NULL
01-16 21:21:13.162  1033  1577 E RILC    : networkStateChangedInd: radioService[0]->mRadioIndication == NULL
01-16 21:21:13.164  1033  1318 E RIL-QMI : UpdateVoiceRte: [CS] 1x reg [0], gsm reg [2], wcdma reg [2], lte reg [12], hdr reg [0], Td reg [2]
01-16 21:21:13.164  1033  1318 E RIL-QMI : UpdateVoiceRte: mVoiceRte(5), Confidence(2), mReportedLteSmsStatus(0)
01-16 21:21:13.164  1033  1318 E RIL-QMI : UpdateDataRte: [PS] 1x reg [0], gsm reg [2], wcdma reg [2], lte reg [12], hdr reg [0], Td reg [2], pref_data_tech(0), radio_tech_flag(1)
01-16 21:21:13.164  1033  1318 E RIL-QMI : UpdateDataRte: mDataRte(5), Confidence(2)
01-16 21:21:13.164  1033  1318 E RIL-QMI : UpdateImsRte: mImsRte(0), Confidence(4)
01-16 21:21:13.164  1033  1318 E RIL-QMI : UpdateVoiceRte: [CS] 1x reg [0], gsm reg [2], wcdma reg [2], lte reg [12], hdr reg [0], Td reg [2]
01-16 21:21:13.164  1033  1318 E RIL-QMI : UpdateVoiceRte: mVoiceRte(5), Confidence(2), mReportedLteSmsStatus(0)
01-16 21:21:13.164  1033  1318 E RIL-QMI : UpdateDataRte: [PS] 1x reg [0], gsm reg [2], wcdma reg [2], lte reg [12], hdr reg [0], Td reg [2], pref_data_tech(0), radio_tech_flag(1)
01-16 21:21:13.164  1033  1318 E RIL-QMI : UpdateDataRte: mDataRte(5), Confidence(2)
01-16 21:21:13.164  1033  1318 E RIL-QMI : UpdateImsRte: mImsRte(0), Confidence(4)
01-16 21:21:13.166  1033  1577 E RILC    : secCurrentSignalStrengthInd: radioService[0]->mSecRadioIndication == NULL
01-16 21:21:13.166  1033  1577 E RILC    : currentSignalStrengthInd: radioService[0]->mRadioIndication == NULL
01-16 21:21:13.594  1033  1318 E RILD    : SIM CARD ERROR cause : 3
01-16 21:21:13.594  1033  1318 E RILD    : Invalid appState for setting overal PinState.
01-16 21:21:13.594  1033  1318 E RIL-QMI : QMI service 17 is disabled, returning NULL...
01-16 21:21:13.594  1033  1318 E RILD    : SIM CARD ERROR cause : 3
01-16 21:21:13.594  1033  1318 E RILD    : Invalid appState for setting overal PinState.
01-16 21:21:13.595  1033  1577 E RILC    : simStatusChangedInd: radioService[0]->mRadioIndication == NULL
01-16 21:21:13.595  1033  1577 E RILD    : OnSimStateChanged: set Device Ready
01-16 21:21:13.596  1033  1577 E RILD    : TxQueryFacility: Wrong lock type: 15
01-16 21:21:13.760  1519  1519 D TelephonyRegistry: Additional hide apn from cscfeature : ims cbs xcap ent1 ent2 mcx
01-16 21:21:13.760  1519  1519 D TelephonyRegistry: Hide apn list: [ims, cbs, xcap, ent1, ent2, mcx, emergency]
01-16 21:21:13.787  1139  1139 D ATD     : write ATD_SOCKET_ID to DDEXE
01-16 21:21:13.787  1139  1139 D ATD     : SetAtdStatus(), 1_0_0
01-16 21:21:13.787  1139  1139 E ATD     : Permission of /efs/00000000.authtokcont: 664
01-16 21:21:13.788  1139  1139 D ATD     : ListenFD()
01-16 21:21:13.788  1139  1139 D ATD     : InitSocketMessageHandler(): DiagApp, id(2), fd(16)
01-16 21:21:13.788  1139  1139 D ATD     : IsUartUsingAP is AP
01-16 21:21:14.147   980   980 D TelephonyManager: No /proc/cmdline exception=java.io.FileNotFoundException: /proc/cmdline (Permission denied)
01-16 21:21:14.147   980   980 D TelephonyManager: /proc/cmdline=
01-16 21:21:14.838  1139  1139 D ATD     : InitSocketMessageHandler(): SatsService, id(10), fd(17)
01-16 21:21:16.009  1033  1582 E RILD    : OpenSystemInfoNode: failed to open 2(No such file or directory)
01-16 21:21:16.009  1033  1582 E RILD    : Failed to open sys info node, possibly not supported
01-16 21:21:16.009  1033  1582 E RILD    : SystemInfoNodeReader poller stopped
01-16 21:21:16.022  1033  1583 E RILD    : Reader: TIMEOUT
01-16 21:21:16.843  1519  1519 D TelephonyManager: INVALID_PHONE_INDEX ==> DEFAULT_PHONE_INDEX
01-16 21:21:16.844  1033  1318 E RIL-QMI : UpdateVoiceRte: [CS] 1x reg [0], gsm reg [2], wcdma reg [2], lte reg [12], hdr reg [0], Td reg [2]
01-16 21:21:16.845  1033  1318 E RIL-QMI : UpdateVoiceRte: mVoiceRte(5), Confidence(2), mReportedLteSmsStatus(0)
01-16 21:21:16.845  1033  1318 E RIL-QMI : UpdateDataRte: [PS] 1x reg [0], gsm reg [2], wcdma reg [2], lte reg [12], hdr reg [0], Td reg [2], pref_data_tech(0), radio_tech_flag(1)
01-16 21:21:16.845  1033  1318 E RIL-QMI : UpdateDataRte: mDataRte(5), Confidence(2)
01-16 21:21:16.845  1033  1318 E RIL-QMI : UpdateImsRte: mImsRte(0), Confidence(4)
01-16 21:21:16.846  1033  1577 E RILC    : secCurrentSignalStrengthInd: radioService[0]->mSecRadioIndication == NULL
01-16 21:21:16.846  1033  1577 E RILC    : currentSignalStrengthInd: radioService[0]->mRadioIndication == NULL
01-16 21:21:16.852  1519  2092 D SubscriptionManager: getSimStateForSlotIdx: simState=0 slotIndex=2147483647
01-16 21:21:17.504  1519  1519 D SubscriptionManager: getSimStateForSlotIdx: simState=0 slotIndex=2147483647
01-16 21:21:17.507  1519  2026 D TelephonyRegistry: listen oscl: hasNotifySubscriptionInfoChangedOccurred==false no callback
01-16 21:21:17.623  1519  1519 D TelephonyRegistry: listen oscl: hasNotifySubscriptionInfoChangedOccurred==false no callback
01-16 21:21:17.704  1519  2259 D TelephonyRegistry: listen oscl: hasNotifySubscriptionInfoChangedOccurred==false no callback
01-16 21:21:17.706  1519  1519 D TelephonyRegistry: systemRunning register for intents
01-16 21:21:17.928  1519  2334 D TelephonyRegistry: listen oscl: hasNotifySubscriptionInfoChangedOccurred==false no callback
01-16 21:21:18.579  2133  2133 W CarrierConfigManager: Error getting config for subId -1 ICarrierConfigLoader is null
01-16 21:21:18.593  1519  2018 D TelephonyRegistry: listen oscl: hasNotifySubscriptionInfoChangedOccurred==false no callback
01-16 21:21:18.642  2133  2305 D SubscriptionManager: getSimStateForSlotIdx: simState=0 slotIndex=0
01-16 21:21:18.682  2396  2396 D TDC     : updateOrInsert: inserting: Modem { uuid=modem, state=0, rilModel=0, rat={}, maxActiveVoiceCall=1, maxActiveDataCall=1, maxStandby=1 }
01-16 21:21:18.682  2396  2396 D TDC     : updateOrInsert: inserting: Sim { uuid=sim, modemUuid=modem, state=0 }
01-16 21:21:18.686  2396  2396 D CdmaSSM : subscriptionSource from settings: 0
01-16 21:21:18.686  2396  2396 I PhoneFactory: Cdma Subscription set to 0
01-16 21:21:18.686  2396  2396 I PhoneFactory: ImsResolver: defaultImsPackage: 
01-16 21:21:18.690  2396  2396 I PhoneFactory: Network Mode set to 20
01-16 21:21:18.693  2396  2396 D RILJ    : RIL: init preferredNetworkType=20 cdmaSubscription=0)
01-16 21:21:18.703  1033  1033 D RILC    : setResponseFunctions
01-16 21:21:18.704  1033  1033 D RILC    : rilConnectedInd
01-16 21:21:18.704  1033  1033 D RILC    : radioStateChangedInd: radioState 10
01-16 21:21:18.704  1033  1033 I RILC    : RIL Daemon version: Samsung RIL v4.0
01-16 21:21:18.715  2396  2599 D RILJ    : Unsol response received; Sending ack to ril.cpp [SUB0]
01-16 21:21:18.715  2396  2599 D RILJ    : [UNSL]< UNSOL_RIL_CONNECTED [SUB0]
01-16 21:21:18.715  2396  2396 D RILJ    : [0000]> GET_HARDWARE_CONFIG [SUB0]
01-16 21:21:18.716  2396  2599 D RILJ    : [0002]> ACKNOWLEDGE_RIL_CONNECTED [SUB0]
01-16 21:21:18.717  2396  2599 D RILJ    : [0003]> RIL_REQUEST_SET_CELL_INFO_LIST_RATE rateInMillis = 2147483647 [SUB0]
01-16 21:21:18.718  2396  2599 D RILJ    : [0000]< GET_HARDWARE_CONFIG error 6 [SUB0]
01-16 21:21:18.718  2396  2599 D RilRequest: [0000]< GET_HARDWARE_CONFIG error: com.android.internal.telephony.CommandException: REQUEST_NOT_SUPPORTED ret= 
01-16 21:21:18.720  2396  2599 D RILJ    : Unsol response received; Sending ack to ril.cpp [SUB0]
01-16 21:21:18.720  2396  2599 D RILJ    : [UNSL]< UNSOL_RESPONSE_RADIO_STATE_CHANGED radioStateChanged: RADIO_ON [SUB0]
01-16 21:21:18.720  2396  2599 D RILJ    : [0002]< ACKNOWLEDGE_RIL_CONNECTED  [SUB0]
01-16 21:21:18.721  2396  2599 D RILJ    : [0003]< RIL_REQUEST_SET_CELL_INFO_LIST_RATE  [SUB0]
01-16 21:21:18.721  2396  2396 I PhoneFactory: Creating SubscriptionController
01-16 21:21:18.722  2396  2396 D SubscriptionController: [SubscriptionController] init by Context
01-16 21:21:18.734  2396  2396 D UiccController: Creating UiccController
01-16 21:21:18.734  2396  2396 D UiccController: config_num_physical_slots = 1
01-16 21:21:18.737  2396  2396 D PhoneFactory: Default phone is GSM (latest model type: 2)
01-16 21:21:18.747  2396  2396 D Phone   : mDoesRilSendMultipleCallRing=false
01-16 21:21:18.747  2396  2396 D Phone   : mCallRingDelay=3000
01-16 21:21:18.762  2396  2396 D Phone   : IMS type: ImsPhone
01-16 21:21:18.764  2396  2396 D RILJ    : [0005]> RIL_REQUEST_START_LCE reportIntervalMs = 200 pullMode = true [SUB0]
01-16 21:21:18.767  1033  1577 E RILD    : DoStartLce: LceService is not supported due to sim absent
01-16 21:21:18.767  1033  1577 E RILC    : Invalid response: NULL
01-16 21:21:18.767  2396  2599 D RILJ    : [0005]< RIL_REQUEST_START_LCE error 11 [SUB0]
01-16 21:21:18.767  2396  2599 D RilRequest: [0005]< RIL_REQUEST_START_LCE error: com.android.internal.telephony.CommandException: SIM_ABSENT ret=[0, 0]
01-16 21:21:18.768  2396  2396 D SmsDispatchersController: SmsDispatchersController created
01-16 21:21:18.774  2396  2396 I ImsManager: Creating ImsService
01-16 21:21:18.775  2396  2396 W MmTelFeatureConnection: create: binder is null! Slot Id: 0
01-16 21:21:18.775  2396  2396 E ImsSmsDispatcher: Failed to get sms format. Error: getSmsFormat()
01-16 21:21:18.775  2396  2396 D SMSDispatcher: SMSDispatcher: ctor mSmsCapable=true format=unknown mSmsSendDisabled=false
01-16 21:21:18.779  2396  2396 D SMSDispatcher: SMSDispatcher: ctor mSmsCapable=true format=3gpp2 mSmsSendDisabled=false
01-16 21:21:18.779  2396  2396 D CdmaSMSDispatcher: CdmaSMSDispatcher created
01-16 21:21:18.802  2396  2396 D GsmInboundSmsHandler: created InboundSmsHandler
01-16 21:21:18.803  2396  2615 D GsmInboundSmsHandler: entering Startup state
01-16 21:21:18.827  2396  2396 D CdmaInboundSmsHandler: created InboundSmsHandler
01-16 21:21:18.832  2396  2624 D CdmaInboundSmsHandler: entering Startup state
01-16 21:21:18.833  2396  2396 D SMSDispatcher: SMSDispatcher: ctor mSmsCapable=true format=3gpp mSmsSendDisabled=false
01-16 21:21:18.833  2396  2396 D GsmSMSDispatcher: GsmSMSDispatcher created
01-16 21:21:18.834  2396  2615 D GsmInboundSmsHandler: StartupState.processMessage:6
01-16 21:21:18.834  2396  2615 D GsmInboundSmsHandler: entering Idle state
01-16 21:21:18.834  2396  2615 D GsmInboundSmsHandler: IdleState.processMessage:5
01-16 21:21:18.834  2396  2615 D GsmInboundSmsHandler: Idle state processing message type 5
01-16 21:21:18.835  2396  2615 D GsmInboundSmsHandler: mWakeLock released
01-16 21:21:18.835  2396  2624 D CdmaInboundSmsHandler: StartupState.processMessage:6
01-16 21:21:18.835  2396  2624 D CdmaInboundSmsHandler: entering Idle state
01-16 21:21:18.835  2396  2624 D CdmaInboundSmsHandler: IdleState.processMessage:5
01-16 21:21:18.835  2396  2624 D CdmaInboundSmsHandler: Idle state processing message type 5
01-16 21:21:18.836  2396  2630 D SmsBroadcastUndelivered: scanning raw table for undelivered messages
01-16 21:21:18.836  2396  2624 D CdmaInboundSmsHandler: mWakeLock released
01-16 21:21:18.836  2396  2630 D SmsBroadcastUndelivered: scanRawTable:
01-16 21:21:18.838  2396  2396 D CdmaSSM : subscriptionSource from settings: 0
01-16 21:21:18.838  2396  2396 D CdmaSSM : cdmaSSM constructor: 0
01-16 21:21:18.840  2396  2396 D GsmCdmaPhone: [0] initFdnList()
01-16 21:21:18.840  2396  2396 E GsmCdmaPhone: [0] sim contact is not ready
01-16 21:21:18.840  2396  2396 D GsmCdmaPhone: [0] Precise phone type 1
01-16 21:21:18.840  2396  2396 D RILJ    : setPhoneType=1 old value=0 [SUB0]
01-16 21:21:18.842  2396  2396 D CarrierActionAgent: [0]Creating CarrierActionAgent
01-16 21:21:18.843  2396  2396 D CarrierSignalAgent: [0]Loading carrier config: carrier_app_wake_signal_config
01-16 21:21:18.843  2396  2396 D CarrierSignalAgent: [0]Loading carrier config: carrier_app_no_wake_signal_config
01-16 21:21:18.848  2396  2433 D SubscriptionController: [getPhoneId] asked for default subId=-2
01-16 21:21:18.848  2396  2433 D SubscriptionController: [getPhoneId]- dummy subId -2
01-16 21:21:18.851  2133  2133 D SubscriptionManager: [getSubId]- fail
01-16 21:21:18.854  1519  2496 D TelephonyRegistry: listen oscl: hasNotifySubscriptionInfoChangedOccurred==false no callback
01-16 21:21:18.855  2396  2396 D NetworkRegistrationManager: Binding to packageName com.android.phone for transport type1
01-16 21:21:18.856  2396  2396 D NetworkRegistrationManager: registerForNetworkRegistrationStateChanged
01-16 21:21:18.857  1519  2018 D TelephonyRegistry: listen oscl: hasNotifySubscriptionInfoChangedOccurred==false no callback
01-16 21:21:18.864  2396  2396 D RILJ    : [0006]> SIGNAL_STRENGTH [SUB0]
01-16 21:21:18.864  2396  2396 D SST     : [0] notifyVoiceRegStateRilRadioTechnologyChanged: vrs=1 rat=0
01-16 21:21:18.864  2396  2396 D SST     : [0] notifyDataRegStateRilRadioTechnologyChanged: drs=1 rat=0
01-16 21:21:18.867  1519  1531 D TelephonyRegistry: listen oscl: hasNotifySubscriptionInfoChangedOccurred==false no callback
01-16 21:21:18.867  2396  2599 D RILJ    : [0006]< SIGNAL_STRENGTH SignalStrength: 99 -1 -1 -1 -1 -1 -1 19 113 20 -54 2147483647 0 2147483647 99 119 -1 0x2000 P gsm|lte use_rsrp_and_rssnr_for_lte_level  [-128, -118, -108, -98] [-115, -105, -95, -85] [SUB0]
01-16 21:21:18.870  2396  2396 D DCT-0/1 : DCT.constructor
01-16 21:21:18.874  2396  2630 D SmsBroadcastUndelivered: finished scanning raw table in 38 ms
01-16 21:21:18.876  1519  2487 D TelephonyRegistry: listen oscl: hasNotifySubscriptionInfoChangedOccurred==false no callback
01-16 21:21:18.877  2396  2396 D Dcc     : E ctor
01-16 21:21:18.877  2396  2396 D Dcc     : X ctor
01-16 21:21:18.878  2396  2396 D SubscriptionController: [getPhoneId] asked for default subId=-2
01-16 21:21:18.879  2396  2396 D SubscriptionController: [getPhoneId]- dummy subId -2
01-16 21:21:18.879  2396  2396 D SST     : [0] notifyDataRegStateRilRadioTechnologyChanged: drs=1 rat=0
01-16 21:21:18.880  2396  2396 D DCT-0/1 : update sub = -2
01-16 21:21:18.880  2396  2396 D DCT-0/1 : update(): Active DDS, register for all events now!
01-16 21:21:18.880  2396  2396 D GsmCdmaPhone: [0] updateCurrentCarrierInProvider: mSubId = -2 currentDds = -1 operatorNumeric = null simOp = ETC
01-16 21:21:18.881  2396  2396 D DCT-0/1 : initApnContexts: E
01-16 21:21:18.881  2396  2396 D DCT-0/1 : initApnContexts: skipping unknown type=1
01-16 21:21:18.881  2396  2396 D DCT-0/1 : initApnContexts: apnContext={mApnType=default mState=IDLE mWaitingApns={null} mApnSetting={null} mReason=dataEnabled mDataEnabled=false mDependencyMet=true}
01-16 21:21:18.881  2396  2396 D DCT-0/1 : initApnContexts: apnContext={mApnType=mms mState=IDLE mWaitingApns={null} mApnSetting={null} mReason=dataEnabled mDataEnabled=false mDependencyMet=true}
01-16 21:21:18.881  2396  2396 D DCT-0/1 : initApnContexts: apnContext={mApnType=supl mState=IDLE mWaitingApns={null} mApnSetting={null} mReason=dataEnabled mDataEnabled=false mDependencyMet=true}
01-16 21:21:18.881  2396  2396 D DCT-0/1 : initApnContexts: apnContext={mApnType=dun mState=IDLE mWaitingApns={null} mApnSetting={null} mReason=dataEnabled mDataEnabled=false mDependencyMet=true}
01-16 21:21:18.881  2396  2396 D DCT-0/1 : initApnContexts: apnContext={mApnType=hipri mState=IDLE mWaitingApns={null} mApnSetting={null} mReason=dataEnabled mDataEnabled=false mDependencyMet=true}
01-16 21:21:18.881  2396  2396 D DCT-0/1 : initApnContexts: skipping unknown type=7
01-16 21:21:18.881  2396  2396 D DCT-0/1 : initApnContexts: skipping unknown type=9
01-16 21:21:18.881  2396  2396 D DCT-0/1 : initApnContexts: apnContext={mApnType=fota mState=IDLE mWaitingApns={null} mApnSetting={null} mReason=dataEnabled mDataEnabled=false mDependencyMet=true}
01-16 21:21:18.881  2396  2396 D DCT-0/1 : initApnContexts: apnContext={mApnType=ims mState=IDLE mWaitingApns={null} mApnSetting={null} mReason=dataEnabled mDataEnabled=false mDependencyMet=true}
01-16 21:21:18.881  2396  2396 D DCT-0/1 : initApnContexts: apnContext={mApnType=cbs mState=IDLE mWaitingApns={null} mApnSetting={null} mReason=dataEnabled mDataEnabled=false mDependencyMet=true}
01-16 21:21:18.881  2396  2396 D DCT-0/1 : initApnContexts: skipping unknown type=13
01-16 21:21:18.881  2396  2396 D DCT-0/1 : initApnContexts: apnContext={mApnType=ia mState=IDLE mWaitingApns={null} mApnSetting={null} mReason=dataEnabled mDataEnabled=false mDependencyMet=true}
01-16 21:21:18.881  2396  2396 D DCT-0/1 : initApnContexts: apnContext={mApnType=emergency mState=IDLE mWaitingApns={null} mApnSetting={null} mReason=dataEnabled mDataEnabled=false mDependencyMet=true}
01-16 21:21:18.881  2396  2396 D DCT-0/1 : initApnContexts: apnContext={mApnType=bip mState=IDLE mWaitingApns={null} mApnSetting={null} mReason=dataEnabled mDataEnabled=false mDependencyMet=true}
01-16 21:21:18.881  2396  2396 D DCT-0/1 : initApnContexts: skipping unknown type=24
01-16 21:21:18.881  2396  2396 D DCT-0/1 : initApnContexts: apnContext={mApnType=xcap mState=IDLE mWaitingApns={null} mApnSetting={null} mReason=dataEnabled mDataEnabled=false mDependencyMet=true}
01-16 21:21:18.881  2396  2396 D DCT-0/1 : initApnContexts: apnContext={mApnType=ent1 mState=IDLE mWaitingApns={null} mApnSetting={null} mReason=dataEnabled mDataEnabled=false mDependencyMet=true}
01-16 21:21:18.881  2396  2396 D DCT-0/1 : initApnContexts: apnContext={mApnType=mcx mState=IDLE mWaitingApns={null} mApnSetting={null} mReason=dataEnabled mDataEnabled=false mDependencyMet=true}
01-16 21:21:18.881  2396  2396 D DCT-0/1 : initApnContexts: apnContext={mApnType=foc mState=IDLE mWaitingApns={null} mApnSetting={null} mReason=dataEnabled mDataEnabled=false mDependencyMet=true}
01-16 21:21:18.891  2396  2396 D DCT-0/1 : addEmergencyApnSetting - mEmergencyApn
01-16 21:21:18.895  2396  2396 D DCT-0/1 : getApnTypesAllowedOnDataDisabled()
01-16 21:21:18.897  2396  2396 D DCT-0/1 : setDataRoamingUserActionKeyAsNeeded()
01-16 21:21:18.897  2396  2396 D CarrierIdentifier: Creating CarrierIdentifier[0]
01-16 21:21:18.898  1519  2487 D TelephonyRegistry: listen oscl: hasNotifySubscriptionInfoChangedOccurred==false no callback
01-16 21:21:18.908  2396  2396 D SST     : [0] notifyVoiceRegStateRilRadioTechnologyChanged: vrs=1 rat=0
01-16 21:21:18.909  2396  2396 D GsmCdmaPhone: [0] GsmCdmaPhone: constructor: sub = 0
01-16 21:21:18.909  2396  2396 I PhoneFactory: Creating Phone with type = 1 sub = 0
01-16 21:21:18.910  2396  2396 I PhoneFactory: defaultSmsApplication: NONE
01-16 21:21:18.911  2396  2396 I PhoneFactory: Creating SubInfoRecordUpdater 
01-16 21:21:18.921  2396  2396 D SubscriptionInfoUpdater: Constructor invoked
01-16 21:21:19.030  2396  2396 I ImsManager: Creating ImsService
01-16 21:21:19.031  2396  2396 W MmTelFeatureConnection: create: binder is null! Slot Id: 0
01-16 21:21:19.033  2396  2396 I ImsManager: Creating ImsService
01-16 21:21:19.033  2396  2396 W MmTelFeatureConnection: create: binder is null! Slot Id: 0
01-16 21:21:19.033  2396  2396 I ImsManager: Creating ImsService
01-16 21:21:19.034  2396  2396 W MmTelFeatureConnection: create: binder is null! Slot Id: 0
01-16 21:21:19.034  2396  2396 E Phone   : Don't make ImsPhone (isDynamicBinding: false, isServiceAvailable: false)
01-16 21:21:19.035  1519  2018 D TelephonyRegistry: listen oscl: hasNotifySubscriptionInfoChangedOccurred==false no callback
01-16 21:21:19.036  1519  2018 D TelephonyRegistry: listen oscl: hasNotifySubscriptionInfoChangedOccurred==false no callback
01-16 21:21:19.038  2396  2396 D DDS-PhoneSwitcher: PhoneSwitcher started
01-16 21:21:19.038  2396  2396 D ProxyController: Constructor - Enter
01-16 21:21:19.040  2396  2396 D ProxyController: clearTransaction
01-16 21:21:19.040  2396  2396 D ProxyController: clearTransaction: phoneId=0 status=IDLE
