01-16 21:21:38.943  2396  2396 D TelephonyNetworkFactory[0]: not acting - isApp=false, isAct=false NetworkRequest [ TRACK_DEFAULT id=32, [ Capabilities: INTERNET&NOT_RESTRICTED&TRUSTED Unwanted:  Uid: 10225] ]
01-16 21:21:39.197  2396  2639 D SubscriptionController: [getPhoneId]- dummy subId -2
01-16 21:21:39.268  2396  2396 D RILJ    : [0108]> SIGNAL_STRENGTH [SUB0]
01-16 21:21:39.272  2396  2599 D RILJ    : [0108]< SIGNAL_STRENGTH SignalStrength: 99 -1 -1 -1 -1 -1 -1 22 119 20 -90 2147483647 0 2147483647 99 119 -1 0x1000 P gsm|lte use_rsrp_and_rssnr_for_lte_level  [-128, -118, -108, -98] [-115, -105, -95, -85] [SUB0]
01-16 21:21:39.274  1519  1531 D TelephonyRegistry: idMatch: Check dummy subId=-2 rSubId=-2
01-16 21:21:39.274  1519  1531 D TelephonyRegistry: idMatch: Check dummy subId=-2 rSubId=2147483647
01-16 21:21:39.274  1519  1531 I chatty  : uid=1000(system) Binder:1519_1 identical 6 lines
01-16 21:21:39.274  1519  1531 D TelephonyRegistry: idMatch: Check dummy subId=-2 rSubId=2147483647
01-16 21:21:39.504  2396  2396 D SmsDispatchersController: EVENT_GET_SMSC_DONE_EXTEND
01-16 21:21:39.505  2396  2396 D RILJ    : [0109]> RIL_REQUEST_GET_SMSC_ADDRESS [SUB0]
01-16 21:21:39.506  2396  2396 E SmsDispatchersController: retryGetSmsc count = 4
01-16 21:21:39.506  1033  1577 E RILD    : DoGetSmscAddress():__
01-16 21:21:39.508  1033  1318 E RILD    : QMI_WMS_GET_SMSC_ADDRESS_RESP received with error 52
01-16 21:21:39.509  1033  1577 E RILD    : OnGetSmscAddressDone():__
01-16 21:21:39.509  1033  1577 E RILD    : OnGetSmscAddressDone: failed. (7)
01-16 21:21:39.509  2396  2599 D RILJ    : [0109]< RIL_REQUEST_GET_SMSC_ADDRESS error 38 [SUB0]
01-16 21:21:39.509  2396  2599 D RilRequest: [0109]< RIL_REQUEST_GET_SMSC_ADDRESS error: com.android.internal.telephony.CommandException: INTERNAL_ERR ret=
01-16 21:21:41.009  2396  3453 D SubscriptionController: [getPhoneId]- dummy subId -2
01-16 21:21:41.048  2396  2396 D TransferDevState: Intent : android.hardware.usb.action.USB_STATE
01-16 21:21:41.049  2396  2396 D TransferDevState: USB version is : 0210
01-16 21:21:41.266  2396  2396 D TransferDevState: Intent : android.hardware.usb.action.USB_STATE
01-16 21:21:41.266  2396  2396 D TransferDevState: USB version is : 0210
01-16 21:21:41.301  2396  3453 D SubscriptionController: [getSlotId]- dummy subId -2
01-16 21:21:41.303  2396  3453 D SubscriptionController: getSimStateForSlotIndex:  simState=ABSENT ordinal=1 slotIndex=0
01-16 21:21:41.303  6670  6670 D SubscriptionManager: getSimStateForSlotIdx: simState=1 slotIndex=0
01-16 21:21:41.681  2396  3453 D SubscriptionController: [getPhoneId]- dummy subId -2
01-16 21:21:41.809  2396  2396 D TransferDevState: Intent : android.hardware.usb.action.USB_STATE
01-16 21:21:41.815  2396  2396 D DDS-PhoneSwitcher: handleMessage msg={ when=0 what=103 obj=NetworkRequest [ TRACK_DEFAULT id=34, [ Capabilities: INTERNET&NOT_RESTRICTED&TRUSTED Unwanted:  Uid: 10154] ] target=com.android.internal.telephony.PhoneSwitcher }
01-16 21:21:41.820  2396  2396 D DDS-PhoneSwitcher: evaluating due to netRequest
01-16 21:21:41.821  2396  2396 D TelephonyNetworkFactory[0]: got request NetworkRequest [ TRACK_DEFAULT id=34, [ Capabilities: INTERNET&NOT_RESTRICTED&TRUSTED Unwanted:  Uid: 10154] ] with score 0
01-16 21:21:41.821  2396  2396 D TelephonyNetworkFactory[0]:   my score=50, my filter=[ Transports: CELLULAR Capabilities: MMS&SUPL&DUN&FOTA&IMS&CBS&IA&RCS&XCAP&EIMS&INTERNET&NOT_RESTRICTED&TRUSTED&NOT_VPN&ENT1&FOC&MCX&BIP Unwanted:  Specifier: <-2>]
01-16 21:21:41.821  2396  2396 D TelephonyNetworkFactory[0]: evalRequest
01-16 21:21:41.821  2396  2396 D TelephonyNetworkFactory[0]:   needNetworkFor
01-16 21:21:41.821  2396  2396 D TelephonyNetworkFactory[0]: handleMessage msg={ when=0 what=4 obj=NetworkRequest [ TRACK_DEFAULT id=34, [ Capabilities: INTERNET&NOT_RESTRICTED&TRUSTED Unwanted:  Uid: 10154] ] target=com.android.internal.telephony.dataconnection.TelephonyNetworkFactory$InternalHandler }
01-16 21:21:41.821  2396  2396 D TelephonyNetworkFactory[0]: not acting - isApp=false, isAct=false NetworkRequest [ TRACK_DEFAULT id=34, [ Capabilities: INTERNET&NOT_RESTRICTED&TRUSTED Unwanted:  Uid: 10154] ]
01-16 21:21:41.822  1033  1577 E RILC    : currentSignalStrengthInd: Using vendor specific codes to proceed it
01-16 21:21:41.825  1519  3510 D TelephonyRegistry: idMatch: Check dummy subId=-2 rSubId=-2
01-16 21:21:41.825  1519  3510 D TelephonyRegistry: idMatch: Check dummy subId=-2 rSubId=2147483647
01-16 21:21:41.825  1519  3510 I chatty  : uid=1000(system) Binder:1519_12 identical 6 lines
01-16 21:21:41.825  1519  3510 D TelephonyRegistry: idMatch: Check dummy subId=-2 rSubId=2147483647
01-16 21:21:41.831  2396  2396 D SST     : [0] SignalStrength: 99 99 -120 -160 -120 -160 -1 22 -118 -20 -104 2147483647 0 2147483647 99 255 2147483647 0x2000 P gsm|lte use_rsrp_and_rssnr_for_lte_level  [-128, -118, -108, -98] [-115, -105, -95, -85]
01-16 21:21:41.831  2396  2396 D TransferDevState: Intent : android.hardware.usb.action.USB_STATE
01-16 21:21:41.831  2396  2396 D TransferDevState: USB version is : 0210
01-16 21:21:42.176  2396  3453 D SubscriptionController: [getSlotId]- dummy subId -2
01-16 21:21:42.177  2396  3453 D SubscriptionController: getSimStateForSlotIndex:  simState=ABSENT ordinal=1 slotIndex=0
01-16 21:21:42.180  6027  6123 D SubscriptionManager: getSimStateForSlotIdx: simState=1 slotIndex=0
01-16 21:21:42.188  2396  3453 D SubscriptionController: [getSlotId]- dummy subId -2
01-16 21:21:42.191  2396  3453 D SubscriptionController: getSimStateForSlotIndex:  simState=ABSENT ordinal=1 slotIndex=0
01-16 21:21:42.192  6027  6123 D SubscriptionManager: getSimStateForSlotIdx: simState=1 slotIndex=0
01-16 21:21:43.060  2396  2396 D TelephonyNetworkFactory[0]: handleMessage msg={ when=0 what=5 obj=NetworkRequest [ TRACK_DEFAULT id=21, [ Capabilities: INTERNET&NOT_RESTRICTED&TRUSTED Unwanted:  Uid: 10064] ] target=com.android.internal.telephony.dataconnection.TelephonyNetworkFactory$InternalHandler }
01-16 21:21:43.060  2396  2396 D TelephonyNetworkFactory[0]: not releasing - isApp=false, isAct=false NetworkRequest [ TRACK_DEFAULT id=21, [ Capabilities: INTERNET&NOT_RESTRICTED&TRUSTED Unwanted:  Uid: 10064] ]
01-16 21:21:43.060  2396  2396 D DDS-PhoneSwitcher: handleMessage msg={ when=0 what=104 obj=NetworkRequest [ TRACK_DEFAULT id=21, [ Capabilities: INTERNET&NOT_RESTRICTED&TRUSTED Unwanted:  Uid: 10064] ] target=com.android.internal.telephony.PhoneSwitcher }
01-16 21:21:43.061  2396  2396 D DDS-PhoneSwitcher: evaluating due to netReleased
01-16 21:21:44.382  1033  1577 E RILC    : currentSignalStrengthInd: Using vendor specific codes to proceed it
01-16 21:21:44.386  1519  2509 D TelephonyRegistry: idMatch: Check dummy subId=-2 rSubId=-2
01-16 21:21:44.386  1519  2509 D TelephonyRegistry: idMatch: Check dummy subId=-2 rSubId=2147483647
01-16 21:21:44.386  1519  2509 I chatty  : uid=1000(system) Binder:1519_E identical 6 lines
01-16 21:21:44.386  1519  2509 D TelephonyRegistry: idMatch: Check dummy subId=-2 rSubId=2147483647
01-16 21:21:44.507  2396  2396 D TelephonyNetworkFactory[0]: got request NetworkRequest [ TRACK_DEFAULT id=35, [ Capabilities: INTERNET&NOT_RESTRICTED&TRUSTED Unwanted:  Uid: 10064] ] with score 0
01-16 21:21:44.507  2396  2396 D TelephonyNetworkFactory[0]:   my score=50, my filter=[ Transports: CELLULAR Capabilities: MMS&SUPL&DUN&FOTA&IMS&CBS&IA&RCS&XCAP&EIMS&INTERNET&NOT_RESTRICTED&TRUSTED&NOT_VPN&ENT1&FOC&MCX&BIP Unwanted:  Specifier: <-2>]
01-16 21:21:44.507  2396  2396 D TelephonyNetworkFactory[0]: evalRequest
01-16 21:21:44.507  2396  2396 D TelephonyNetworkFactory[0]:   needNetworkFor
01-16 21:21:44.507  2396  2396 D TelephonyNetworkFactory[0]: handleMessage msg={ when=0 what=4 obj=NetworkRequest [ TRACK_DEFAULT id=35, [ Capabilities: INTERNET&NOT_RESTRICTED&TRUSTED Unwanted:  Uid: 10064] ] target=com.android.internal.telephony.dataconnection.TelephonyNetworkFactory$InternalHandler }
01-16 21:21:44.508  2396  2396 D TelephonyNetworkFactory[0]: not acting - isApp=false, isAct=false NetworkRequest [ TRACK_DEFAULT id=35, [ Capabilities: INTERNET&NOT_RESTRICTED&TRUSTED Unwanted:  Uid: 10064] ]
01-16 21:21:44.508  2396  2396 D DDS-PhoneSwitcher: handleMessage msg={ when=0 what=103 obj=NetworkRequest [ TRACK_DEFAULT id=35, [ Capabilities: INTERNET&NOT_RESTRICTED&TRUSTED Unwanted:  Uid: 10064] ] target=com.android.internal.telephony.PhoneSwitcher }
01-16 21:21:44.508  2396  2396 D DDS-PhoneSwitcher: evaluating due to netRequest
01-16 21:21:44.510  2396  2396 D SmsDispatchersController: EVENT_GET_SMSC_DONE_EXTEND
01-16 21:21:44.511  2396  2396 D RILJ    : [0110]> RIL_REQUEST_GET_SMSC_ADDRESS [SUB0]
01-16 21:21:44.512  2396  2396 E SmsDispatchersController: retryGetSmsc count = 5
01-16 21:21:44.512  1033  1577 E RILD    : DoGetSmscAddress():__
01-16 21:21:44.514  1033  1318 E RILD    : QMI_WMS_GET_SMSC_ADDRESS_RESP received with error 52
01-16 21:21:44.514  1033  1577 E RILD    : OnGetSmscAddressDone():__
01-16 21:21:44.514  1033  1577 E RILD    : OnGetSmscAddressDone: failed. (7)
01-16 21:21:44.516  2396  2599 D RILJ    : [0110]< RIL_REQUEST_GET_SMSC_ADDRESS error 38 [SUB0]
01-16 21:21:44.516  2396  2599 D RilRequest: [0110]< RIL_REQUEST_GET_SMSC_ADDRESS error: com.android.internal.telephony.CommandException: INTERNAL_ERR ret=
01-16 21:21:44.597  2396  3453 D SubscriptionController: [getSlotId]- dummy subId -2
01-16 21:21:44.598  2396  3453 D SubscriptionController: getSimStateForSlotIndex:  simState=ABSENT ordinal=1 slotIndex=0
01-16 21:21:44.598  7190  7226 D SubscriptionManager: getSimStateForSlotIdx: simState=1 slotIndex=0
01-16 21:21:44.708  2396  3453 D SubscriptionController: [getSlotId]- dummy subId -2
01-16 21:21:44.710  2396  3453 D SubscriptionController: getSimStateForSlotIndex:  simState=ABSENT ordinal=1 slotIndex=0
01-16 21:21:44.712  7190  7262 D SubscriptionManager: getSimStateForSlotIdx: simState=1 slotIndex=0
01-16 21:21:44.728  2396  3453 D SubscriptionController: [getSlotId]- dummy subId -2
01-16 21:21:44.729  2396  3453 D SubscriptionController: getSimStateForSlotIndex:  simState=ABSENT ordinal=1 slotIndex=0
01-16 21:21:44.729  7190  7225 D SubscriptionManager: getSimStateForSlotIdx: simState=1 slotIndex=0
01-16 21:21:44.732  2396  3453 D SubscriptionController: [getSlotId]- dummy subId -2
01-16 21:21:44.733  2396  3453 D SubscriptionController: getSimStateForSlotIndex:  simState=ABSENT ordinal=1 slotIndex=0
01-16 21:21:44.735  7190  7227 D SubscriptionManager: getSimStateForSlotIdx: simState=1 slotIndex=0
01-16 21:21:45.123  2396  3453 D SubscriptionController: [getSlotId]- dummy subId -2
01-16 21:21:45.127  2396  3453 D SubscriptionController: getSimStateForSlotIndex:  simState=ABSENT ordinal=1 slotIndex=0
01-16 21:21:45.127  7190  7228 D SubscriptionManager: getSimStateForSlotIdx: simState=1 slotIndex=0
01-16 21:21:45.759  2396  3453 D SubscriptionController: [getPhoneId]- dummy subId -2
01-16 21:21:46.173  2396  3453 D SubscriptionController: [getSlotId]- dummy subId -2
01-16 21:21:46.175  2396  3453 D SubscriptionController: getSimStateForSlotIndex:  simState=ABSENT ordinal=1 slotIndex=0
01-16 21:21:46.176  7469  7469 D SubscriptionManager: getSimStateForSlotIdx: simState=1 slotIndex=0
01-16 21:21:46.221  2396  3453 D SubscriptionController: [getSlotId]- dummy subId -2
01-16 21:21:46.224  2396  3453 D SubscriptionController: getSimStateForSlotIndex:  simState=ABSENT ordinal=1 slotIndex=0
01-16 21:21:46.224  7469  7469 D SubscriptionManager: getSimStateForSlotIdx: simState=1 slotIndex=0
01-16 21:21:46.227  2396  3453 D SubscriptionController: [getSlotId]- dummy subId -2
01-16 21:21:46.228  2396  3453 D SubscriptionController: getSimStateForSlotIndex:  simState=ABSENT ordinal=1 slotIndex=0
01-16 21:21:46.228  7469  7469 D SubscriptionManager: getSimStateForSlotIdx: simState=1 slotIndex=0
01-16 21:21:46.969  2396  4620 D SubscriptionController: [getSlotId]- dummy subId -2
01-16 21:21:46.991  2396  3453 D SubscriptionController: getSimStateForSlotIndex:  simState=ABSENT ordinal=1 slotIndex=0
01-16 21:21:46.992  7581  7738 D SubscriptionManager: getSimStateForSlotIdx: simState=1 slotIndex=0
01-16 21:21:46.995  2396  3453 D SubscriptionController: [getPhoneId] asked for default subId=-2
01-16 21:21:46.996  2396  3453 D SubscriptionController: [getPhoneId]- dummy subId -2
01-16 21:21:46.998  2396  3453 D SubscriptionController: [getSlotId]- dummy subId -2
01-16 21:21:46.998  2396  3453 D SubscriptionController: getSimStateForSlotIndex:  simState=ABSENT ordinal=1 slotIndex=0
01-16 21:21:46.999  7581  7662 D SubscriptionManager: getSimStateForSlotIdx: simState=1 slotIndex=0
01-16 21:21:47.081  2396  3453 D SubscriptionController: [getSlotId]- dummy subId -2
01-16 21:21:47.083  2396  3453 D SubscriptionController: getSimStateForSlotIndex:  simState=ABSENT ordinal=1 slotIndex=0
01-16 21:21:47.083  7133  7145 D SubscriptionManager: getSimStateForSlotIdx: simState=1 slotIndex=0
01-16 21:21:47.086  2396  4620 D SubscriptionController: [getAllSubInfoList]+
01-16 21:21:47.104  2396  4620 D SubscriptionController: [getAllSubInfoList]- no info return
01-16 21:21:47.120  2396  4620 D SubscriptionController: [getSlotId]- dummy subId -2
01-16 21:21:47.128  2396  4620 D SubscriptionController: getSimStateForSlotIndex:  simState=ABSENT ordinal=1 slotIndex=0
01-16 21:21:47.129  7133  7145 D SubscriptionManager: getSimStateForSlotIdx: simState=1 slotIndex=0
01-16 21:21:47.131  2396  4620 D SubscriptionController: [getAllSubInfoList]+
01-16 21:21:47.140  2396  4620 D SubscriptionController: [getAllSubInfoList]- no info return
01-16 21:21:47.169  2396  4620 D SubscriptionController: [getAllSubInfoList]+
01-16 21:21:47.174  2396  4620 D SubscriptionController: [getAllSubInfoList]- no info return
01-16 21:21:47.260  2396  7778 D SmsApplication: onPackageChanged: run
01-16 21:21:47.268  2396  7778 D SmsApplication: onPackageChanged: end
01-16 21:21:47.442  2396  4620 D SubscriptionController: getSimStateForSlotIndex:  simState=ABSENT ordinal=1 slotIndex=0
01-16 21:21:47.443  5298  5322 D SubscriptionManager: getSimStateForSlotIdx: simState=1 slotIndex=0
01-16 21:21:47.454  2396  4620 D SubscriptionController: getSimStateForSlotIndex: phone == null simState=UNKNOWN ordinal=0 slotIndex=1
01-16 21:21:47.455  5298  5322 D SubscriptionManager: getSimStateForSlotIdx: simState=0 slotIndex=1
01-16 21:21:47.470  2396  4620 D SubscriptionController: getSimStateForSlotIndex:  simState=ABSENT ordinal=1 slotIndex=0
01-16 21:21:47.470  5298  5322 D SubscriptionManager: getSimStateForSlotIdx: simState=1 slotIndex=0
01-16 21:21:47.475  2396  4620 D SubscriptionController: getSimStateForSlotIndex: phone == null simState=UNKNOWN ordinal=0 slotIndex=1
01-16 21:21:47.475  5298  5322 D SubscriptionManager: getSimStateForSlotIdx: simState=0 slotIndex=1
01-16 21:21:47.958  2396  2396 D TelephonyNetworkFactory[0]: got request NetworkRequest [ TRACK_DEFAULT id=37, [ Capabilities: INTERNET&NOT_RESTRICTED&TRUSTED Unwanted:  Uid: 10176] ] with score 0
01-16 21:21:47.958  2396  2396 D TelephonyNetworkFactory[0]:   my score=50, my filter=[ Transports: CELLULAR Capabilities: MMS&SUPL&DUN&FOTA&IMS&CBS&IA&RCS&XCAP&EIMS&INTERNET&NOT_RESTRICTED&TRUSTED&NOT_VPN&ENT1&FOC&MCX&BIP Unwanted:  Specifier: <-2>]
01-16 21:21:47.958  2396  2396 D TelephonyNetworkFactory[0]: evalRequest
01-16 21:21:47.958  2396  2396 D TelephonyNetworkFactory[0]:   needNetworkFor
01-16 21:21:47.958  2396  2396 D DDS-PhoneSwitcher: handleMessage msg={ when=0 what=103 obj=NetworkRequest [ TRACK_DEFAULT id=37, [ Capabilities: INTERNET&NOT_RESTRICTED&TRUSTED Unwanted:  Uid: 10176] ] target=com.android.internal.telephony.PhoneSwitcher }
01-16 21:21:47.958  2396  2396 D DDS-PhoneSwitcher: evaluating due to netRequest
01-16 21:21:47.958  2396  2396 D TelephonyNetworkFactory[0]: handleMessage msg={ when=-1ms what=4 obj=NetworkRequest [ TRACK_DEFAULT id=37, [ Capabilities: INTERNET&NOT_RESTRICTED&TRUSTED Unwanted:  Uid: 10176] ] target=com.android.internal.telephony.dataconnection.TelephonyNetworkFactory$InternalHandler }
01-16 21:21:47.958  2396  2396 D TelephonyNetworkFactory[0]: not acting - isApp=false, isAct=false NetworkRequest [ TRACK_DEFAULT id=37, [ Capabilities: INTERNET&NOT_RESTRICTED&TRUSTED Unwanted:  Uid: 10176] ]
01-16 21:21:48.191  2396  3453 D SubscriptionController: [getPhoneId]- dummy subId -2
01-16 21:21:48.226  2396  4620 D SubscriptionController: [getActiveSubInfoList] Sub Controller not ready
01-16 21:21:48.366  1012  1589 E Multi-Client: OemClientReceiver::Process:
01-16 21:21:48.366  1012  1589 E Multi-Client: OemClientReceiver::Process: fd=9
01-16 21:21:48.366  1012  1589 E Multi-Client: OemClient::Process:
01-16 21:21:48.366  1012  1589 E Multi-Client: ProcessBuffer:
01-16 21:21:48.366  1012  1589 E Multi-Client: OemClient::ProcessBuffer() request[0x3B] from [/system/bin/connfwexe], token[1], datalen[57]
01-16 21:21:48.367  1012  1589 E Multi-Client: SetFd: mServerSock=7
01-16 21:21:48.367  1012  1589 E Multi-Client: SetFd: fd=9
01-16 21:21:48.367  1012  1589 E Multi-Client: SetFd: fd=8
01-16 21:21:48.367  1012  1589 E Multi-Client: OemClientReceiver::SetMaxFd: maxfd=9
01-16 21:21:48.368  1012  1092 E Multi-Client: Oem OnRequestComplete:
01-16 21:21:48.369   994  1690 D RILClient: processUnsolicited(): resp_id (11010), len(53)
01-16 21:21:48.370  4128  4239 D RILS    : processUnsolicited : 11010
01-16 21:21:48.371  2396  2599 D RILJ    : Unsol response received; Sending ack to ril.cpp [SUB0]
01-16 21:21:48.372  2396  2599 D RILJ    : [UNSL]< UNSOL_AM [SUB0]
01-16 21:21:48.495  2396  2396 D TelephonyNetworkFactory[0]: got request NetworkRequest [ TRACK_DEFAULT id=38, [ Capabilities: INTERNET&NOT_RESTRICTED&TRUSTED Unwanted:  Uid: 10176] ] with score 0
01-16 21:21:48.495  2396  2396 D TelephonyNetworkFactory[0]:   my score=50, my filter=[ Transports: CELLULAR Capabilities: MMS&SUPL&DUN&FOTA&IMS&CBS&IA&RCS&XCAP&EIMS&INTERNET&NOT_RESTRICTED&TRUSTED&NOT_VPN&ENT1&FOC&MCX&BIP Unwanted:  Specifier: <-2>]
01-16 21:21:48.495  2396  2396 D TelephonyNetworkFactory[0]: evalRequest
01-16 21:21:48.495  2396  2396 D TelephonyNetworkFactory[0]:   needNetworkFor
01-16 21:21:48.495  2396  2396 D TelephonyNetworkFactory[0]: handleMessage msg={ when=0 what=4 obj=NetworkRequest [ TRACK_DEFAULT id=38, [ Capabilities: INTERNET&NOT_RESTRICTED&TRUSTED Unwanted:  Uid: 10176] ] target=com.android.internal.telephony.dataconnection.TelephonyNetworkFactory$InternalHandler }
01-16 21:21:48.495  2396  2396 D TelephonyNetworkFactory[0]: not acting - isApp=false, isAct=false NetworkRequest [ TRACK_DEFAULT id=38, [ Capabilities: INTERNET&NOT_RESTRICTED&TRUSTED Unwanted:  Uid: 10176] ]
01-16 21:21:48.498  2396  2396 D DDS-PhoneSwitcher: handleMessage msg={ when=0 what=103 obj=NetworkRequest [ TRACK_DEFAULT id=38, [ Capabilities: INTERNET&NOT_RESTRICTED&TRUSTED Unwanted:  Uid: 10176] ] target=com.android.internal.telephony.PhoneSwitcher }
01-16 21:21:48.498  2396  2396 D DDS-PhoneSwitcher: evaluating due to netRequest
01-16 21:21:48.775  2396  4620 D SubscriptionController: [getActiveSubInfoList] Sub Controller not ready
01-16 21:21:49.440  2396  2396 D TelephonyNetworkFactory[0]: handleMessage msg={ when=0 what=5 obj=NetworkRequest [ TRACK_DEFAULT id=34, [ Capabilities: INTERNET&NOT_RESTRICTED&TRUSTED Unwanted:  Uid: 10154] ] target=com.android.internal.telephony.dataconnection.TelephonyNetworkFactory$InternalHandler }
01-16 21:21:49.440  2396  2396 D TelephonyNetworkFactory[0]: not releasing - isApp=false, isAct=false NetworkRequest [ TRACK_DEFAULT id=34, [ Capabilities: INTERNET&NOT_RESTRICTED&TRUSTED Unwanted:  Uid: 10154] ]
01-16 21:21:49.441  2396  2396 D DDS-PhoneSwitcher: handleMessage msg={ when=0 what=104 obj=NetworkRequest [ TRACK_DEFAULT id=34, [ Capabilities: INTERNET&NOT_RESTRICTED&TRUSTED Unwanted:  Uid: 10154] ] target=com.android.internal.telephony.PhoneSwitcher }
01-16 21:21:49.441  2396  2396 D DDS-PhoneSwitcher: evaluating due to netReleased
01-16 21:21:49.473  7996  7996 D ATD     : SERIALNO: R58J4309R8V,20170413,
01-16 21:21:49.473  7996  7996 D ATD     : ril.serialnumber: R58J4309R8V
01-16 21:21:49.473  7996  7996 D ATD     : ril.manufacturedate: 20170413
01-16 21:21:49.474  7996  7996 D ATD     : gUartPath = /dev/ttyHS8
01-16 21:21:49.475  7996  7996 D ATD     : UART ttyHS8 is not used by console
01-16 21:21:49.475  7996  7996 D ATD     : MakeLocalServer(): AirCmdService Communication: Server_socket 5
01-16 21:21:49.475  7996  7996 D ATD     : InitSocketAcceptHandler(): AirCmdService, id(6), fd(5)
01-16 21:21:49.475  7996  7996 D ATD     : MakeLocalServer(): FactoryClientRecv Communication: Server_socket 6
01-16 21:21:49.475  7996  7996 D ATD     : InitSocketAcceptHandler(): FactoryClientRecv, id(0), fd(6)
01-16 21:21:49.475  7996  7996 D ATD     : MakeLocalServer(): FactoryClientSend Communication: Server_socket 7
01-16 21:21:49.475  7996  7996 D ATD     : InitSocketAcceptHandler(): FactoryClientSend, id(1), fd(7)
01-16 21:21:49.475  7996  7996 D ATD     : MakeLocalServer(): ATDMultiClient Communication: Server_socket 8
01-16 21:21:49.475  7996  7996 D ATD     : InitSocketAcceptHandler(): ATDMultiClient, id(5), fd(8)
01-16 21:21:49.475  7996  7996 D ATD     : MakeLocalServer(): SatsService Communication: Server_socket 9
01-16 21:21:49.475  7996  7996 D ATD     : InitSocketAcceptHandler(): SatsService, id(10), fd(9)
01-16 21:21:49.475  7996  7996 D ATD     : MakeLocalServer(): DiagApp Communication: Server_socket 10
01-16 21:21:49.475  7996  7996 D ATD     : InitSocketAcceptHandler(): DiagApp, id(2), fd(10)
01-16 21:21:49.475  7996  7996 D ATD     : at_d restarted
01-16 21:21:49.476  7996  7996 D ATD     : IsUartUsingAP is AP
01-16 21:21:49.476  7996  7996 D ATD     : IsConnectedToAirCmdService() : false
01-16 21:21:49.476  7996  7996 D ATD     : ConnectToUart()
01-16 21:21:49.476  7996  7996 D ATD     : Transport file name: /dev/ttyHS8
01-16 21:21:49.476  7996  7996 D ATD     : connect to local socket fd : 11, bardrate: 115200
01-16 21:21:49.476  7996  7996 D ATD     : InitSocketMessageHandler(): UART, id(3), fd(11)
01-16 21:21:49.476  7996  7996 D ATD     : ConnectToRil()
01-16 21:21:49.476  7996  7996 D ATD     : try to connect RIL
01-16 21:21:49.477  1012  1589 E Multi-Client: Accept() START
01-16 21:21:49.477  1012  1589 E Multi-Client: new oem client connection=10
01-16 21:21:49.477  1012  1589 E Multi-Client: OemClientReceiver::Process:
01-16 21:21:49.477  1012  1589 E Multi-Client: SetFd: mServerSock=7
01-16 21:21:49.477  1012  1589 E Multi-Client: SetFd: fd=9
01-16 21:21:49.477  1012  1589 E Multi-Client: SetFd: fd=8
01-16 21:21:49.477  1012  1589 E Multi-Client: SetFd: fd=10
01-16 21:21:49.477  1012  1589 E Multi-Client: OemClientReceiver::SetMaxFd: maxfd=10
01-16 21:21:49.477  7996  7996 D RILClient: Connect_RILD: Success to connect
01-16 21:21:49.477  7996  7996 D ATD     : connection success RIL
01-16 21:21:49.477  7996  7996 D ATD     : Send Msg [ATD > RIL] 4 bytes <>
01-16 21:21:49.478  1012  1589 E Multi-Client: OemClientReceiver::Process:
01-16 21:21:49.478  1012  1589 E Multi-Client: OemClientReceiver::Process: fd=10
01-16 21:21:49.478  1012  1589 E Multi-Client: OemClient::Process:
01-16 21:21:49.478  1012  1589 E Multi-Client: SetFd: mServerSock=7
01-16 21:21:49.478  1012  1589 E Multi-Client: SetFd: fd=9
01-16 21:21:49.478  1012  1589 E Multi-Client: SetFd: fd=8
01-16 21:21:49.478  1012  1589 E Multi-Client: SetFd: fd=10
01-16 21:21:49.478  1012  1589 E Multi-Client: OemClientReceiver::SetMaxFd: maxfd=10
01-16 21:21:49.478  1012  1589 E Multi-Client: OemClientReceiver::Process:
01-16 21:21:49.478  1012  1589 E Multi-Client: OemClientReceiver::Process: fd=10
01-16 21:21:49.478  1012  1589 E Multi-Client: OemClient::Process:
01-16 21:21:49.478  1012  1589 E Multi-Client: ProcessBuffer:
01-16 21:21:49.478  1012  1589 E Multi-Client: OemClient::ProcessBuffer() request[0x3B] from [/system/bin/at_distributor], token[1], datalen[4]
01-16 21:21:49.478  1012  1589 E Multi-Client: SetFd: mServerSock=7
01-16 21:21:49.478  1012  1589 E Multi-Client: SetFd: fd=9
01-16 21:21:49.478  1012  1589 E Multi-Client: SetFd: fd=8
01-16 21:21:49.478  1012  1589 E Multi-Client: SetFd: fd=10
01-16 21:21:49.478  1012  1589 E Multi-Client: OemClientReceiver::SetMaxFd: maxfd=10
01-16 21:21:49.478  7996  7996 D ATD     : IsConnectedToAirCmdService() : false
01-16 21:21:49.478  7996  7996 D ATD     : Send Msg [ATD > UART] 15 bytes <(\r)(\n)+UART READY(\r)(\n)>
01-16 21:21:49.478  7996  7996 D ATD     : InitSocketMessageHandler(): DDEXE, id(9), fd(15)
01-16 21:21:49.480  1012  1092 E Multi-Client: Oem OnRequestComplete:
01-16 21:21:49.516  2396  2396 D SmsDispatchersController: EVENT_GET_SMSC_DONE_EXTEND
01-16 21:21:49.517  2396  2396 D RILJ    : [0112]> RIL_REQUEST_GET_SMSC_ADDRESS [SUB0]
01-16 21:21:49.518  2396  2396 E SmsDispatchersController: retryGetSmsc count = 6
01-16 21:21:49.518  1033  1577 E RILD    : DoGetSmscAddress():__
01-16 21:21:49.520  1033  1318 E RILD    : QMI_WMS_GET_SMSC_ADDRESS_RESP received with error 52
01-16 21:21:49.520  1033  1577 E RILD    : OnGetSmscAddressDone():__
01-16 21:21:49.520  1033  1577 E RILD    : OnGetSmscAddressDone: failed. (7)
01-16 21:21:49.521  2396  2599 D RILJ    : [0112]< RIL_REQUEST_GET_SMSC_ADDRESS error 38 [SUB0]
01-16 21:21:49.521  2396  2599 D RilRequest: [0112]< RIL_REQUEST_GET_SMSC_ADDRESS error: com.android.internal.telephony.CommandException: INTERNAL_ERR ret=
01-16 21:21:50.300  2396  3453 D SubscriptionController: [getSlotId]- dummy subId -2
01-16 21:21:50.300  2396  3453 D SubscriptionController: getSimStateForSlotIndex:  simState=ABSENT ordinal=1 slotIndex=0
01-16 21:21:50.301  1519  2029 D SubscriptionManager: getSimStateForSlotIdx: simState=1 slotIndex=0
01-16 21:21:50.695  2396  3453 D SubscriptionController: getSimStateForSlotIndex:  simState=ABSENT ordinal=1 slotIndex=0
01-16 21:21:50.696  2802  2827 D SubscriptionManager: getSimStateForSlotIdx: simState=1 slotIndex=0
01-16 21:21:50.699  2396  4620 D SubscriptionController: getSimStateForSlotIndex:  simState=ABSENT ordinal=1 slotIndex=0
01-16 21:21:50.700  2802  2827 D SubscriptionManager: getSimStateForSlotIdx: simState=1 slotIndex=0
01-16 21:21:51.455  2396  3453 D SubscriptionController: [getPhoneId]- dummy subId -2
01-16 21:21:51.479  7996  7996 D ATD     : write ATD_SOCKET_ID to DDEXE
01-16 21:21:51.480  7996  7996 D ATD     : SetAtdStatus(), 2_0_0
01-16 21:21:51.481  7996  7996 E ATD     : Permission of /efs/00000000.authtokcont: 664
01-16 21:21:51.481  7996  7996 D ATD     : ListenFD()
01-16 21:21:52.075  1033  1577 E RILC    : currentSignalStrengthInd: Using vendor specific codes to proceed it
01-16 21:21:52.080  1519  2487 D TelephonyRegistry: idMatch: Check dummy subId=-2 rSubId=-2
01-16 21:21:52.080  1519  2487 D TelephonyRegistry: idMatch: Check dummy subId=-2 rSubId=2147483647
01-16 21:21:52.080  1519  2487 I chatty  : uid=1000(system) Binder:1519_9 identical 6 lines
01-16 21:21:52.080  1519  2487 D TelephonyRegistry: idMatch: Check dummy subId=-2 rSubId=2147483647
01-16 21:21:52.155  2396  3453 D SubscriptionController: [getPhoneId]- dummy subId -2
01-16 21:21:52.220  2396  3453 D SubscriptionController: [getSlotId]- dummy subId -2
01-16 21:21:52.221  2396  3453 D SubscriptionController: getSimStateForSlotIndex:  simState=ABSENT ordinal=1 slotIndex=0
01-16 21:21:52.222  7133  8186 D SubscriptionManager: getSimStateForSlotIdx: simState=1 slotIndex=0
01-16 21:21:52.507  2396  2396 D DDS-PhoneSwitcher: handleMessage msg={ when=0 what=103 obj=NetworkRequest [ TRACK_DEFAULT id=40, [ Capabilities: INTERNET&NOT_RESTRICTED&TRUSTED Unwanted:  Uid: 10158] ] target=com.android.internal.telephony.PhoneSwitcher }
01-16 21:21:52.507  2396  2396 D DDS-PhoneSwitcher: evaluating due to netRequest
01-16 21:21:52.508  2396  2396 D TelephonyNetworkFactory[0]: got request NetworkRequest [ TRACK_DEFAULT id=40, [ Capabilities: INTERNET&NOT_RESTRICTED&TRUSTED Unwanted:  Uid: 10158] ] with score 0
01-16 21:21:52.508  2396  2396 D TelephonyNetworkFactory[0]:   my score=50, my filter=[ Transports: CELLULAR Capabilities: MMS&SUPL&DUN&FOTA&IMS&CBS&IA&RCS&XCAP&EIMS&INTERNET&NOT_RESTRICTED&TRUSTED&NOT_VPN&ENT1&FOC&MCX&BIP Unwanted:  Specifier: <-2>]
01-16 21:21:52.508  2396  2396 D TelephonyNetworkFactory[0]: evalRequest
01-16 21:21:52.508  2396  2396 D TelephonyNetworkFactory[0]:   needNetworkFor
01-16 21:21:52.508  2396  2396 D TelephonyNetworkFactory[0]: handleMessage msg={ when=0 what=4 obj=NetworkRequest [ TRACK_DEFAULT id=40, [ Capabilities: INTERNET&NOT_RESTRICTED&TRUSTED Unwanted:  Uid: 10158] ] target=com.android.internal.telephony.dataconnection.TelephonyNetworkFactory$InternalHandler }
01-16 21:21:52.508  2396  2396 D TelephonyNetworkFactory[0]: not acting - isApp=false, isAct=false NetworkRequest [ TRACK_DEFAULT id=40, [ Capabilities: INTERNET&NOT_RESTRICTED&TRUSTED Unwanted:  Uid: 10158] ]
01-16 21:21:53.620  2396  2396 D DDS-PhoneSwitcher: handleMessage msg={ when=0 what=104 obj=NetworkRequest [ TRACK_DEFAULT id=31, [ Capabilities: INTERNET&NOT_RESTRICTED&TRUSTED Unwanted:  Uid: 10064] ] target=com.android.internal.telephony.PhoneSwitcher }
01-16 21:21:53.620  2396  2396 D DDS-PhoneSwitcher: evaluating due to netReleased
01-16 21:21:53.620  2396  2396 D TelephonyNetworkFactory[0]: handleMessage msg={ when=0 what=5 obj=NetworkRequest [ TRACK_DEFAULT id=31, [ Capabilities: INTERNET&NOT_RESTRICTED&TRUSTED Unwanted:  Uid: 10064] ] target=com.android.internal.telephony.dataconnection.TelephonyNetworkFactory$InternalHandler }
01-16 21:21:53.621  2396  2396 D TelephonyNetworkFactory[0]: not releasing - isApp=false, isAct=false NetworkRequest [ TRACK_DEFAULT id=31, [ Capabilities: INTERNET&NOT_RESTRICTED&TRUSTED Unwanted:  Uid: 10064] ]
01-16 21:21:53.981  2396  2396 D TelephonyNetworkFactory[0]: handleMessage msg={ when=0 what=5 obj=NetworkRequest [ TRACK_DEFAULT id=35, [ Capabilities: INTERNET&NOT_RESTRICTED&TRUSTED Unwanted:  Uid: 10064] ] target=com.android.internal.telephony.dataconnection.TelephonyNetworkFactory$InternalHandler }
01-16 21:21:53.981  2396  2396 D TelephonyNetworkFactory[0]: not releasing - isApp=false, isAct=false NetworkRequest [ TRACK_DEFAULT id=35, [ Capabilities: INTERNET&NOT_RESTRICTED&TRUSTED Unwanted:  Uid: 10064] ]
01-16 21:21:53.981  2396  2396 D DDS-PhoneSwitcher: handleMessage msg={ when=-1ms what=104 obj=NetworkRequest [ TRACK_DEFAULT id=35, [ Capabilities: INTERNET&NOT_RESTRICTED&TRUSTED Unwanted:  Uid: 10064] ] target=com.android.internal.telephony.PhoneSwitcher }
01-16 21:21:53.981  2396  2396 D DDS-PhoneSwitcher: evaluating due to netReleased
01-16 21:21:54.522  2396  2396 D SmsDispatchersController: EVENT_GET_SMSC_DONE_EXTEND
01-16 21:21:54.806  2396  4620 D SubscriptionController: [getPhoneId]- dummy subId -2
01-16 21:21:55.356  2396  2396 D TelephonyNetworkFactory[0]: got request NetworkRequest [ TRACK_DEFAULT id=42, [ Capabilities: INTERNET&NOT_RESTRICTED&TRUSTED Unwanted:  Uid: 10203] ] with score 0
01-16 21:21:55.356  2396  2396 D TelephonyNetworkFactory[0]:   my score=50, my filter=[ Transports: CELLULAR Capabilities: MMS&SUPL&DUN&FOTA&IMS&CBS&IA&RCS&XCAP&EIMS&INTERNET&NOT_RESTRICTED&TRUSTED&NOT_VPN&ENT1&FOC&MCX&BIP Unwanted:  Specifier: <-2>]
01-16 21:21:55.356  2396  2396 D TelephonyNetworkFactory[0]: evalRequest
01-16 21:21:55.356  2396  2396 D TelephonyNetworkFactory[0]:   needNetworkFor
01-16 21:21:55.357  2396  2396 D TelephonyNetworkFactory[0]: handleMessage msg={ when=0 what=4 obj=NetworkRequest [ TRACK_DEFAULT id=42, [ Capabilities: INTERNET&NOT_RESTRICTED&TRUSTED Unwanted:  Uid: 10203] ] target=com.android.internal.telephony.dataconnection.TelephonyNetworkFactory$InternalHandler }
01-16 21:21:55.357  2396  2396 D TelephonyNetworkFactory[0]: not acting - isApp=false, isAct=false NetworkRequest [ TRACK_DEFAULT id=42, [ Capabilities: INTERNET&NOT_RESTRICTED&TRUSTED Unwanted:  Uid: 10203] ]
01-16 21:21:55.358  2396  2396 D DDS-PhoneSwitcher: handleMessage msg={ when=-1ms what=103 obj=NetworkRequest [ TRACK_DEFAULT id=42, [ Capabilities: INTERNET&NOT_RESTRICTED&TRUSTED Unwanted:  Uid: 10203] ] target=com.android.internal.telephony.PhoneSwitcher }
01-16 21:21:55.358  2396  2396 D DDS-PhoneSwitcher: evaluating due to netRequest
01-16 21:21:55.431  2396  2396 D TelephonyNetworkFactory[0]: got request NetworkRequest [ TRACK_DEFAULT id=44, [ Capabilities: INTERNET&NOT_RESTRICTED&TRUSTED Unwanted:  Uid: 10203] ] with score 0
01-16 21:21:55.431  2396  2396 D TelephonyNetworkFactory[0]:   my score=50, my filter=[ Transports: CELLULAR Capabilities: MMS&SUPL&DUN&FOTA&IMS&CBS&IA&RCS&XCAP&EIMS&INTERNET&NOT_RESTRICTED&TRUSTED&NOT_VPN&ENT1&FOC&MCX&BIP Unwanted:  Specifier: <-2>]
01-16 21:21:55.431  2396  2396 D TelephonyNetworkFactory[0]: evalRequest
01-16 21:21:55.431  2396  2396 D TelephonyNetworkFactory[0]:   needNetworkFor
01-16 21:21:55.431  2396  2396 D TelephonyNetworkFactory[0]: handleMessage msg={ when=0 what=4 obj=NetworkRequest [ TRACK_DEFAULT id=44, [ Capabilities: INTERNET&NOT_RESTRICTED&TRUSTED Unwanted:  Uid: 10203] ] target=com.android.internal.telephony.dataconnection.TelephonyNetworkFactory$InternalHandler }
01-16 21:21:55.432  2396  2396 D TelephonyNetworkFactory[0]: not acting - isApp=false, isAct=false NetworkRequest [ TRACK_DEFAULT id=44, [ Capabilities: INTERNET&NOT_RESTRICTED&TRUSTED Unwanted:  Uid: 10203] ]
01-16 21:21:55.432  2396  2396 D DDS-PhoneSwitcher: handleMessage msg={ when=0 what=103 obj=NetworkRequest [ TRACK_DEFAULT id=44, [ Capabilities: INTERNET&NOT_RESTRICTED&TRUSTED Unwanted:  Uid: 10203] ] target=com.android.internal.telephony.PhoneSwitcher }
01-16 21:21:55.432  2396  2396 D DDS-PhoneSwitcher: evaluating due to netRequest
01-16 21:21:55.529  2396  4620 D SubscriptionController: [getPhoneId] asked for default subId=-2
01-16 21:21:55.529  2396  4620 D SubscriptionController: [getPhoneId]- dummy subId -2
01-16 21:21:55.561  2396  4620 I chatty  : uid=1001(radio) Binder:2396_9 identical 2 lines
01-16 21:21:55.567  2396  4620 D SubscriptionController: [getPhoneId]- dummy subId -2
01-16 21:21:55.740  2396  2396 D TelephonyNetworkFactory[0]: got request NetworkRequest [ TRACK_DEFAULT id=45, [ Capabilities: INTERNET&NOT_RESTRICTED&TRUSTED Unwanted:  Uid: 10203] ] with score 0
01-16 21:21:55.740  2396  2396 D TelephonyNetworkFactory[0]:   my score=50, my filter=[ Transports: CELLULAR Capabilities: MMS&SUPL&DUN&FOTA&IMS&CBS&IA&RCS&XCAP&EIMS&INTERNET&NOT_RESTRICTED&TRUSTED&NOT_VPN&ENT1&FOC&MCX&BIP Unwanted:  Specifier: <-2>]
01-16 21:21:55.740  2396  2396 D TelephonyNetworkFactory[0]: evalRequest
01-16 21:21:55.740  2396  2396 D TelephonyNetworkFactory[0]:   needNetworkFor
01-16 21:21:55.740  2396  2396 D DDS-PhoneSwitcher: handleMessage msg={ when=0 what=103 obj=NetworkRequest [ TRACK_DEFAULT id=45, [ Capabilities: INTERNET&NOT_RESTRICTED&TRUSTED Unwanted:  Uid: 10203] ] target=com.android.internal.telephony.PhoneSwitcher }
01-16 21:21:55.740  2396  2396 D DDS-PhoneSwitcher: evaluating due to netRequest
01-16 21:21:55.741  2396  2396 D TelephonyNetworkFactory[0]: handleMessage msg={ when=0 what=4 obj=NetworkRequest [ TRACK_DEFAULT id=45, [ Capabilities: INTERNET&NOT_RESTRICTED&TRUSTED Unwanted:  Uid: 10203] ] target=com.android.internal.telephony.dataconnection.TelephonyNetworkFactory$InternalHandler }
01-16 21:21:55.741  2396  2396 D TelephonyNetworkFactory[0]: not acting - isApp=false, isAct=false NetworkRequest [ TRACK_DEFAULT id=45, [ Capabilities: INTERNET&NOT_RESTRICTED&TRUSTED Unwanted:  Uid: 10203] ]
01-16 21:21:56.050  2396  4620 D SubscriptionController: [getPhoneId]- dummy subId -2
01-16 21:21:56.095  2396  2632 D SubscriptionController: [getPhoneId]- dummy subId -2
01-16 21:21:56.193  2396  2396 D TelephonyNetworkFactory[0]: got request NetworkRequest [ TRACK_DEFAULT id=46, [ Capabilities: INTERNET&NOT_RESTRICTED&TRUSTED Unwanted:  Uid: 10203] ] with score 0
01-16 21:21:56.193  2396  2396 D TelephonyNetworkFactory[0]:   my score=50, my filter=[ Transports: CELLULAR Capabilities: MMS&SUPL&DUN&FOTA&IMS&CBS&IA&RCS&XCAP&EIMS&INTERNET&NOT_RESTRICTED&TRUSTED&NOT_VPN&ENT1&FOC&MCX&BIP Unwanted:  Specifier: <-2>]
01-16 21:21:56.193  2396  2396 D TelephonyNetworkFactory[0]: evalRequest
01-16 21:21:56.193  2396  2396 D TelephonyNetworkFactory[0]:   needNetworkFor
01-16 21:21:56.193  2396  2396 D TelephonyNetworkFactory[0]: handleMessage msg={ when=0 what=4 obj=NetworkRequest [ TRACK_DEFAULT id=46, [ Capabilities: INTERNET&NOT_RESTRICTED&TRUSTED Unwanted:  Uid: 10203] ] target=com.android.internal.telephony.dataconnection.TelephonyNetworkFactory$InternalHandler }
01-16 21:21:56.194  2396  2396 D TelephonyNetworkFactory[0]: not acting - isApp=false, isAct=false NetworkRequest [ TRACK_DEFAULT id=46, [ Capabilities: INTERNET&NOT_RESTRICTED&TRUSTED Unwanted:  Uid: 10203] ]
01-16 21:21:56.194  2396  2396 D DDS-PhoneSwitcher: handleMessage msg={ when=0 what=103 obj=NetworkRequest [ TRACK_DEFAULT id=46, [ Capabilities: INTERNET&NOT_RESTRICTED&TRUSTED Unwanted:  Uid: 10203] ] target=com.android.internal.telephony.PhoneSwitcher }
01-16 21:21:56.194  2396  2396 D DDS-PhoneSwitcher: evaluating due to netRequest
01-16 21:21:56.450  2396  2632 D SubscriptionController: [getPhoneId]- dummy subId -2
01-16 21:21:56.792  2396  2396 D DDS-PhoneSwitcher: handleMessage msg={ when=0 what=103 obj=NetworkRequest [ TRACK_DEFAULT id=47, [ Capabilities: INTERNET&NOT_RESTRICTED&TRUSTED Unwanted:  Uid: 10064] ] target=com.android.internal.telephony.PhoneSwitcher }
01-16 21:21:56.792  2396  2396 D DDS-PhoneSwitcher: evaluating due to netRequest
01-16 21:21:56.792  2396  2396 D TelephonyNetworkFactory[0]: got request NetworkRequest [ TRACK_DEFAULT id=47, [ Capabilities: INTERNET&NOT_RESTRICTED&TRUSTED Unwanted:  Uid: 10064] ] with score 0
01-16 21:21:56.792  2396  2396 D TelephonyNetworkFactory[0]:   my score=50, my filter=[ Transports: CELLULAR Capabilities: MMS&SUPL&DUN&FOTA&IMS&CBS&IA&RCS&XCAP&EIMS&INTERNET&NOT_RESTRICTED&TRUSTED&NOT_VPN&ENT1&FOC&MCX&BIP Unwanted:  Specifier: <-2>]
01-16 21:21:56.792  2396  2396 D TelephonyNetworkFactory[0]: evalRequest
01-16 21:21:56.793  2396  2396 D TelephonyNetworkFactory[0]:   needNetworkFor
01-16 21:21:56.793  2396  2396 D TelephonyNetworkFactory[0]: handleMessage msg={ when=0 what=4 obj=NetworkRequest [ TRACK_DEFAULT id=47, [ Capabilities: INTERNET&NOT_RESTRICTED&TRUSTED Unwanted:  Uid: 10064] ] target=com.android.internal.telephony.dataconnection.TelephonyNetworkFactory$InternalHandler }
01-16 21:21:56.793  2396  2396 D TelephonyNetworkFactory[0]: not acting - isApp=false, isAct=false NetworkRequest [ TRACK_DEFAULT id=47, [ Capabilities: INTERNET&NOT_RESTRICTED&TRUSTED Unwanted:  Uid: 10064] ]
01-16 21:21:56.971  2396  2632 D SubscriptionController: [getActiveSubInfoList] Sub Controller not ready
01-16 21:21:56.986  2396  2632 D SubscriptionController: [getSlotId]- dummy subId -2
01-16 21:21:56.993  2396  2632 D SubscriptionController: getSimStateForSlotIndex:  simState=ABSENT ordinal=1 slotIndex=0
01-16 21:21:56.993  8598  8628 D SubscriptionManager: getSimStateForSlotIdx: simState=1 slotIndex=0
01-16 21:21:57.156  2396  2632 D SubscriptionController: [getSlotId]- dummy subId -2
01-16 21:21:57.158  2396  2632 D SubscriptionController: getSimStateForSlotIndex:  simState=ABSENT ordinal=1 slotIndex=0
01-16 21:21:57.158  8598  8633 D SubscriptionManager: getSimStateForSlotIdx: simState=1 slotIndex=0
01-16 21:21:57.183  2396  2396 D TelephonyNetworkFactory[0]: got request NetworkRequest [ TRACK_DEFAULT id=50, [ Capabilities: INTERNET&NOT_RESTRICTED&TRUSTED Unwanted:  Uid: 10147] ] with score 0
01-16 21:21:57.183  2396  2396 D TelephonyNetworkFactory[0]:   my score=50, my filter=[ Transports: CELLULAR Capabilities: MMS&SUPL&DUN&FOTA&IMS&CBS&IA&RCS&XCAP&EIMS&INTERNET&NOT_RESTRICTED&TRUSTED&NOT_VPN&ENT1&FOC&MCX&BIP Unwanted:  Specifier: <-2>]
01-16 21:21:57.183  2396  2396 D TelephonyNetworkFactory[0]: evalRequest
01-16 21:21:57.183  2396  2396 D TelephonyNetworkFactory[0]:   needNetworkFor
01-16 21:21:57.184  2396  2396 D TelephonyNetworkFactory[0]: handleMessage msg={ when=0 what=4 obj=NetworkRequest [ TRACK_DEFAULT id=50, [ Capabilities: INTERNET&NOT_RESTRICTED&TRUSTED Unwanted:  Uid: 10147] ] target=com.android.internal.telephony.dataconnection.TelephonyNetworkFactory$InternalHandler }
01-16 21:21:57.184  2396  2396 D TelephonyNetworkFactory[0]: not acting - isApp=false, isAct=false NetworkRequest [ TRACK_DEFAULT id=50, [ Capabilities: INTERNET&NOT_RESTRICTED&TRUSTED Unwanted:  Uid: 10147] ]
01-16 21:21:57.184  2396  2396 D DDS-PhoneSwitcher: handleMessage msg={ when=0 what=103 obj=NetworkRequest [ TRACK_DEFAULT id=50, [ Capabilities: INTERNET&NOT_RESTRICTED&TRUSTED Unwanted:  Uid: 10147] ] target=com.android.internal.telephony.PhoneSwitcher }
01-16 21:21:57.184  2396  2396 D DDS-PhoneSwitcher: evaluating due to netRequest
01-16 21:21:57.283  2396  2632 D SubscriptionController: [getPhoneId]- dummy subId -2
01-16 21:21:57.479  2396  2632 D SubscriptionController: [getSlotId]- dummy subId -2
01-16 21:21:57.486  2396  2632 D SubscriptionController: getSimStateForSlotIndex:  simState=ABSENT ordinal=1 slotIndex=0
01-16 21:21:57.486  8598  8679 D SubscriptionManager: getSimStateForSlotIdx: simState=1 slotIndex=0
01-16 21:21:57.509  2396  2632 D SubscriptionController: [getSlotId]- dummy subId -2
01-16 21:21:57.509  2396  2632 D SubscriptionController: getSimStateForSlotIndex:  simState=ABSENT ordinal=1 slotIndex=0
01-16 21:21:57.509  8598  8631 D SubscriptionManager: getSimStateForSlotIdx: simState=1 slotIndex=0
01-16 21:21:57.629  2396  2632 D SubscriptionController: [getActiveSubInfoList] Sub Controller not ready
01-16 21:21:57.858  2396  2632 D SubscriptionController: [getActiveSubInfoList] Sub Controller not ready
01-16 21:21:57.887  2396  4620 D SubscriptionController: [getSlotId]- dummy subId -2
01-16 21:21:57.888  2396  2632 D SubscriptionController: getSimStateForSlotIndex:  simState=ABSENT ordinal=1 slotIndex=0
01-16 21:21:57.888  3126  7788 D SubscriptionManager: getSimStateForSlotIdx: simState=1 slotIndex=0
01-16 21:21:57.899  8886  8886 D use-Rlog/RLOG-QC_RIL_OEM_HOOK: Starting QcrilMsgTunnel Service
01-16 21:21:57.902  8886  8886 D use-Rlog/RLOG-QC_RIL_OEM_HOOK: Attempt to bind service returned with: false
01-16 21:21:57.903  8886  8886 D use-Rlog/RLOG-QC_RIL_OEM_HOOK: Registering for intent ACTION_UNSOL_RESPONSE_OEM_HOOK_RAW
01-16 21:21:57.943  2396  2396 D RILJ    : [0113]> OEM_HOOK_RAW[520D000801000000] [SUB0]
01-16 21:21:57.952  2396  4620 D SubscriptionController: [getPhoneId]- dummy subId -2
01-16 21:21:57.955  2396  4620 D SubscriptionController: [getSlotId]- dummy subId -2
01-16 21:21:57.955  2396  2599 D RILJ    : [0113]< OEM_HOOK_RAW [B@be90ab8 [SUB0]
01-16 21:21:57.957  2396  2632 D SubscriptionController: getSimStateForSlotIndex:  simState=ABSENT ordinal=1 slotIndex=0
01-16 21:21:57.957  8598  8631 D SubscriptionManager: getSimStateForSlotIdx: simState=1 slotIndex=0
01-16 21:21:57.987  2396  2632 D SubscriptionController: [getSlotId]- dummy subId -2
01-16 21:21:57.998  2396  2632 D SubscriptionController: [getSlotId]- dummy subId -2
01-16 21:21:58.106  7996  7996 D ATD     : Send Msg [DDEXE > ATD] 17 bytes <AT+SYSDUMP=1,0,1(\r)>
01-16 21:21:58.106  7996  7996 E ATD     : SOCK_DDEXE: AT+SYSDUMP=1,0,1
01-16 21:21:58.106  7996  7996 E ATD     : HandleMessageFromClients() : AT+SYSDUMP=1,0,1 command is not process in atd
01-16 21:21:58.106  7996  7996 D ATD     : Send Msg [ATD > DDEXE] 2 bytes <NA>
01-16 21:21:58.536  2396  2396 D TelephonyNetworkFactory[0]: handleMessage msg={ when=0 what=5 obj=NetworkRequest [ TRACK_DEFAULT id=38, [ Capabilities: INTERNET&NOT_RESTRICTED&TRUSTED Unwanted:  Uid: 10176] ] target=com.android.internal.telephony.dataconnection.TelephonyNetworkFactory$InternalHandler }
01-16 21:21:58.537  2396  2396 D TelephonyNetworkFactory[0]: not releasing - isApp=false, isAct=false NetworkRequest [ TRACK_DEFAULT id=38, [ Capabilities: INTERNET&NOT_RESTRICTED&TRUSTED Unwanted:  Uid: 10176] ]
01-16 21:21:58.537  2396  2396 D DDS-PhoneSwitcher: handleMessage msg={ when=0 what=104 obj=NetworkRequest [ TRACK_DEFAULT id=38, [ Capabilities: INTERNET&NOT_RESTRICTED&TRUSTED Unwanted:  Uid: 10176] ] target=com.android.internal.telephony.PhoneSwitcher }
01-16 21:21:58.537  2396  2396 D DDS-PhoneSwitcher: evaluating due to netReleased
01-16 21:21:58.544  2396  2396 D TelephonyNetworkFactory[0]: handleMessage msg={ when=0 what=5 obj=NetworkRequest [ TRACK_DEFAULT id=37, [ Capabilities: INTERNET&NOT_RESTRICTED&TRUSTED Unwanted:  Uid: 10176] ] target=com.android.internal.telephony.dataconnection.TelephonyNetworkFactory$InternalHandler }
01-16 21:21:58.544  2396  2396 D TelephonyNetworkFactory[0]: not releasing - isApp=false, isAct=false NetworkRequest [ TRACK_DEFAULT id=37, [ Capabilities: INTERNET&NOT_RESTRICTED&TRUSTED Unwanted:  Uid: 10176] ]
01-16 21:21:58.545  2396  2396 D DDS-PhoneSwitcher: handleMessage msg={ when=0 what=104 obj=NetworkRequest [ TRACK_DEFAULT id=37, [ Capabilities: INTERNET&NOT_RESTRICTED&TRUSTED Unwanted:  Uid: 10176] ] target=com.android.internal.telephony.PhoneSwitcher }
01-16 21:21:58.545  2396  2396 D DDS-PhoneSwitcher: evaluating due to netReleased
01-16 21:21:59.029  2396  2632 D SubscriptionController: [getPhoneId]- dummy subId -2
01-16 21:22:00.486  2396  2632 D SubscriptionController: [getActiveSubInfoList] Sub Controller not ready
01-16 21:22:00.487  2396  2632 D SubscriptionController: [getActiveSubscriptionInfoForSimSlotIndex]+ subList=null
01-16 21:22:00.507  2396  2396 D TelephonyNetworkFactory[0]: got request NetworkRequest [ TRACK_DEFAULT id=53, [ Capabilities: INTERNET&NOT_RESTRICTED&TRUSTED Unwanted:  Uid: 10064] ] with score 0
01-16 21:22:00.507  2396  2396 D TelephonyNetworkFactory[0]:   my score=50, my filter=[ Transports: CELLULAR Capabilities: MMS&SUPL&DUN&FOTA&IMS&CBS&IA&RCS&XCAP&EIMS&INTERNET&NOT_RESTRICTED&TRUSTED&NOT_VPN&ENT1&FOC&MCX&BIP Unwanted:  Specifier: <-2>]
01-16 21:22:00.507  2396  2396 D TelephonyNetworkFactory[0]: evalRequest
01-16 21:22:00.507  2396  2396 D TelephonyNetworkFactory[0]:   needNetworkFor
01-16 21:22:00.508  2396  2396 D TelephonyNetworkFactory[0]: handleMessage msg={ when=0 what=4 obj=NetworkRequest [ TRACK_DEFAULT id=53, [ Capabilities: INTERNET&NOT_RESTRICTED&TRUSTED Unwanted:  Uid: 10064] ] target=com.android.internal.telephony.dataconnection.TelephonyNetworkFactory$InternalHandler }
01-16 21:22:00.508  2396  2396 D TelephonyNetworkFactory[0]: not acting - isApp=false, isAct=false NetworkRequest [ TRACK_DEFAULT id=53, [ Capabilities: INTERNET&NOT_RESTRICTED&TRUSTED Unwanted:  Uid: 10064] ]
01-16 21:22:00.508  2396  2396 D DDS-PhoneSwitcher: handleMessage msg={ when=-1ms what=103 obj=NetworkRequest [ TRACK_DEFAULT id=53, [ Capabilities: INTERNET&NOT_RESTRICTED&TRUSTED Unwanted:  Uid: 10064] ] target=com.android.internal.telephony.PhoneSwitcher }
01-16 21:22:00.508  2396  2396 D DDS-PhoneSwitcher: evaluating due to netRequest
01-16 21:22:02.820  2396  4620 D SubscriptionController: [getPhoneId]- dummy subId -2
01-16 21:22:03.137  2396  2396 D TelephonyNetworkFactory[0]: handleMessage msg={ when=0 what=5 obj=NetworkRequest [ TRACK_DEFAULT id=40, [ Capabilities: INTERNET&NOT_RESTRICTED&TRUSTED Unwanted:  Uid: 10158] ] target=com.android.internal.telephony.dataconnection.TelephonyNetworkFactory$InternalHandler }
01-16 21:22:03.137  2396  2396 D TelephonyNetworkFactory[0]: not releasing - isApp=false, isAct=false NetworkRequest [ TRACK_DEFAULT id=40, [ Capabilities: INTERNET&NOT_RESTRICTED&TRUSTED Unwanted:  Uid: 10158] ]
01-16 21:22:03.137  2396  2396 D DDS-PhoneSwitcher: handleMessage msg={ when=0 what=104 obj=NetworkRequest [ TRACK_DEFAULT id=40, [ Capabilities: INTERNET&NOT_RESTRICTED&TRUSTED Unwanted:  Uid: 10158] ] target=com.android.internal.telephony.PhoneSwitcher }
01-16 21:22:03.137  2396  2396 D DDS-PhoneSwitcher: evaluating due to netReleased
01-16 21:22:03.226  2396  4620 D SubscriptionController: [getSlotId]- dummy subId -2
01-16 21:22:03.227  2396  4620 D SubscriptionController: getSimStateForSlotIndex:  simState=ABSENT ordinal=1 slotIndex=0
01-16 21:22:03.227  9430  9430 D SubscriptionManager: getSimStateForSlotIdx: simState=1 slotIndex=0
01-16 21:22:03.299  2396  4620 D SubscriptionController: [getSlotId]- dummy subId -2
01-16 21:22:03.299  2396  4620 D SubscriptionController: getSimStateForSlotIndex:  simState=ABSENT ordinal=1 slotIndex=0
01-16 21:22:03.299  9430  9430 D SubscriptionManager: getSimStateForSlotIdx: simState=1 slotIndex=0
01-16 21:22:03.449  2396  4620 D SubscriptionController: [getSlotId]- dummy subId -2
01-16 21:22:03.450  2396  4620 D SubscriptionController: getSimStateForSlotIndex:  simState=ABSENT ordinal=1 slotIndex=0
01-16 21:22:03.450  9430  9430 D SubscriptionManager: getSimStateForSlotIdx: simState=1 slotIndex=0
01-16 21:22:03.452  2396  4620 D SubscriptionController: [getSlotId]- dummy subId -2
01-16 21:22:03.453  2396  4620 D SubscriptionController: getSimStateForSlotIndex:  simState=ABSENT ordinal=1 slotIndex=0
01-16 21:22:03.453  9430  9430 D SubscriptionManager: getSimStateForSlotIdx: simState=1 slotIndex=0
01-16 21:22:03.464  2396  4620 D SubscriptionController: [getSlotId]- dummy subId -2
01-16 21:22:03.464  2396  4620 D SubscriptionController: getSimStateForSlotIndex:  simState=ABSENT ordinal=1 slotIndex=0
01-16 21:22:03.465  9430  9430 D SubscriptionManager: getSimStateForSlotIdx: simState=1 slotIndex=0
01-16 21:22:03.902  1012  1589 E Multi-Client: Accept() START
01-16 21:22:03.902  1012  1589 E Multi-Client: new oem client connection=11
01-16 21:22:03.902  1012  1589 E Multi-Client: OemClientReceiver::Process:
01-16 21:22:03.902  1012  1589 E Multi-Client: SetFd: mServerSock=7
01-16 21:22:03.902  1012  1589 E Multi-Client: SetFd: fd=9
01-16 21:22:03.902  1012  1589 E Multi-Client: SetFd: fd=8
01-16 21:22:03.902  1012  1589 E Multi-Client: SetFd: fd=10
01-16 21:22:03.902  1012  1589 E Multi-Client: SetFd: fd=11
