01-16 21:21:20.302  2396  2396 D IPF     : [IP]- ImsPhone: constructor {0}
01-16 21:21:20.302  2396  2396 D CallManager: registerPhone(ImsPhone Handler (com.android.internal.telephony.imsphone.ImsPhone) {34943d4})
01-16 21:21:20.302  2396  2396 I ImsManager: Creating ImsService
01-16 21:21:20.302  2396  2434 D SubscriptionController: [getActiveSubInfoList] Sub Controller not ready
01-16 21:21:20.302  2396  2434 D SubscriptionController: [getActiveSubscriptionInfoForSimSlotIndex]+ subList=null
01-16 21:21:20.303  2396  2396 D use-Rlog/RLOG-IMS-IIL: ImsIilManager: SimIntentReceiver: received action com.android.ims.IMS_SERVICE_UP
01-16 21:21:20.303  2396  2396 D use-Rlog/RLOG-IMS-IIL: ImsIilManager: phoneId: 0
01-16 21:21:20.303  2396  2775 D use-Rlog/RLOG-IMS-IIL: ImsIilManager: handleMessage: event 12
01-16 21:21:20.304  2396  2396 D SubscriptionController: [getPhoneId]- dummy subId -2
01-16 21:21:20.306  2396  2775 D use-Rlog/RLOG-IMS-IIL: ImsIilManager: UpdateImsPreference: SmsFormat=3GPP
01-16 21:21:20.309  2396  2775 D use-Rlog/RLOG-IMS-IIL: ImsSmsManager: setDefaultSmsFallback : false
01-16 21:21:20.314  2396  2396 D ImsPhoneCallTracker: [0] handleMessage what=23
01-16 21:21:20.314  2396  2396 D ImsPhoneCallTracker: [0] onDataEnabledChanged: enabled=true, reason=0
01-16 21:21:20.314  2396  2396 D ImsPhoneCallTracker: [0] Ignore data enabled - carrier policy indicates that data is not metered for ViLTE calls.
01-16 21:21:20.314  2396  2396 D ImsManager: Connector: getImsService
01-16 21:21:20.314  2396  2396 D ImsManager: Status Changed: 2
01-16 21:21:20.314  2396  2396 D IPF     : [IPCT]< ConnectorListener.connectionReady {com.android.ims.SecImsManager@5e0c940}
01-16 21:21:20.314  2396  2396 D ImsPhoneCallTracker: [0] startListeningForCalls
01-16 21:21:20.314  2396  2396 D IPF     : [IPCT]> open {}
01-16 21:21:20.317  2396  2396 D IPF     : [IPCT]> addRegistrationCallback {}
01-16 21:21:20.318  2396  2396 D ImsManager: Registration Callback registered.
01-16 21:21:20.318  2396  2396 D IPF     : [IPCT]> addCapabilitiesCallback {}
01-16 21:21:20.318  2396  2396 D ImsManager: Capability Callback registered.
01-16 21:21:20.318  2396  2396 D IPF     : [IPCT]> setConfigListener {}
01-16 21:21:20.318  2396  2396 D IPF     : [IPCT]> addConfigCallback {}
01-16 21:21:20.319  2396  2396 D ImsConfig: addConfigCallback: com.android.internal.telephony.imsphone.ImsPhoneCallTracker$9@e148b35
01-16 21:21:20.319  2396  2396 D IPF     : [IPCT]> setEcbmStateListener {}
01-16 21:21:20.319  2396  2396 D ImsEcbm : ImsEcbm created
01-16 21:21:20.320  2396  2396 D IPF     : [IPCT]> setUiTTYMode {0}
01-16 21:21:20.321  2396  2396 D ImsMultiEndpoint: ImsMultiEndpoint created
01-16 21:21:20.321  2396  2396 D IPF     : [IPCT]> setExternalCallStateListener {}
01-16 21:21:20.321  2396  2396 D ImsMultiEndpoint: setExternalCallStateListener
01-16 21:21:20.323  2396  2396 D IPF     : [IPCT]> registerForSuppServiceIndication {}
01-16 21:21:20.329  2396  2396 D ImsPhone: [0] handleMessage what=127
01-16 21:21:20.329  2396  2396 D ImsPhone: [0] EVENT_DEFAULT_PHONE_DATA_STATE_CHANGED
01-16 21:21:20.329  2396  2396 D ImsPhone: [0] updateDataServiceState: defSs = {mVoiceRegState=2(EMERGENCY_ONLY), mDataRegState=1(OUT_OF_SERVICE), mChannelNumber=0, duplexMode()=0, mCellBandwidths=[], mVoiceRoamingType=home, mDataRoamingType=home, isManualNetworkSelection=false(automatic), mRilVoiceRadioTechnology=0(Unknown), mRilDataRadioTechnology=0(Unknown), mCssIndicator=unsupported, mCdmaRoamingIndicator=0, mCdmaDefaultRoamingIndicator=0, VoiceRegType=0, ImsVoiceAvail=0, IsEbSupport=1, IsEaBarred=2, Snap=0, MobileVoice=EMERGENCY_ONLY, MobileVoiceRat=Unknown, MobileData=OUT_OF_SERVICE, MobileDataRoamingType=home, MobileDataRat=Unknown PsOnly=false FemtocellInd=0 EndcStatus=0 RestrictDcnr=0 NrBearerStatus=0, mIsEmergencyOnly=true, mIsDataRoamingFromRegistration=false, mIsUsingCarrierAggregation=false, mLteEarfcnRsrpBoost=0, mNetworkRegistrationStates=[NetworkRegistrationState{transportType=1 domain=PS regState=NOT_REG_SEARCHING accessNetworkTechnology=UNKNOWN reasonForDenial=0 emergencyEnabled=true supportedServices=[I@e875936 cellIdentity=null voiceSpecificStates=null dataSpecificStates=DataSpecificRegistrationStates { mMaxDataCalls=4 mLac=0 mCid=0 mTac=29447 mSnapshotStatus=0 mMobileState=12 mMobileRat=0 mMobileOptionalRat=0}}, NetworkRegistrationState{transportType=1 domain=CS regState=NOT_REG_SEARCHING accessNetworkTechnology=UNKNOWN reasonForDenial=0 emergencyEnabled=true supportedServices=[I@293a037 cellIdentity=null voiceSpecificStates=VoiceSpecificRegistrationStates { mCssSupported=false mRoamingIndicator=0 mSystemIsInPrl=0 mDefaultRoamingIndicator=0 mLac=29447 mCid=139589640 mPsVoiceSupport0 mImsEmergencyCallSupport1 mImsEmergencyCallBarring2 mMobileState12 mMobileRat0 mIsPsOnlyRegfalse} dataSpecificStates=null}]} imsSs = {mVoiceRegState=1(OUT_OF_SERVICE), mDataRegState=1(OUT_OF_SERVICE), mChannelNumber=-1, duplexMode()=0, mCellBandwidths=[], mVoiceRoamingType=home, mDataRoamingType=home, isManualNetworkSelection=false(automatic), mRilVoiceRadioTechnology=0(Unknown), mRilDataRadioTechnology=0(Unknown), mCssIndicator=unsupported, mCdmaRoamingIndicator=-1, mCdmaDefaultRoamingIndicator=-1, VoiceRegType=0, ImsVoiceAvail=0, IsEbSupport=0, IsEaBarred=0, Snap=0, MobileVoice=POWER_OFF, MobileVoiceRat=Unknown, MobileData=POWER_OFF, MobileDataRoamingType=home, MobileDataRat=Unknown PsOnly=false FemtocellInd=0 EndcStatus=0 RestrictDcnr=0 NrBearerStatus=0, mIsEmergencyOnly=false, mIsDataRoamingFromRegistration=false, mIsUsingCarrierAggregation=false, mLteEarfcnRsrpBoost=0, mNetworkRegistrationStates=[]}
01-16 21:21:20.329  2396  2396 D SST     : [0] EVENT_IMS_SERVICE_STATE_CHANGED
01-16 21:21:20.330  2396  2396 D DefaultPhoneNotifier: nofityServiceState: mRegistry=com.android.internal.telephony.ITelephonyRegistry$Stub$Proxy@36ca309 ss={mVoiceRegState=2(EMERGENCY_ONLY), mDataRegState=1(OUT_OF_SERVICE), mChannelNumber=0, duplexMode()=0, mCellBandwidths=[], mVoiceRoamingType=home, mDataRoamingType=home, isManualNetworkSelection=false(automatic), mRilVoiceRadioTechnology=0(Unknown), mRilDataRadioTechnology=0(Unknown), mCssIndicator=unsupported, mCdmaRoamingIndicator=0, mCdmaDefaultRoamingIndicator=0, VoiceRegType=0, ImsVoiceAvail=0, IsEbSupport=1, IsEaBarred=2, Snap=0, MobileVoice=EMERGENCY_ONLY, MobileVoiceRat=Unknown, MobileData=OUT_OF_SERVICE, MobileDataRoamingType=home, MobileDataRat=Unknown PsOnly=false FemtocellInd=0 EndcStatus=0 RestrictDcnr=0 NrBearerStatus=0, mIsEmergencyOnly=true, mIsDataRoamingFromRegistration=false, mIsUsingCarrierAggregation=false, mLteEarfcnRsrpBoost=0, mNetworkRegistrationStates=[NetworkRegistrationState{transportType=1 domain=PS regState=NOT_REG_SEARCHING accessNetworkTechnology=UNKNOWN reasonForDenial=0 emergencyEnabled=true supportedServices=[I@e875936 cellIdentity=null voiceSpecificStates=null dataSpecificStates=DataSpecificRegistrationStates { mMaxDataCalls=4 mLac=0 mCid=0 mTac=29447 mSnapshotStatus=0 mMobileState=12 mMobileRat=0 mMobileOptionalRat=0}}, NetworkRegistrationState{transportType=1 domain=CS regState=NOT_REG_SEARCHING accessNetworkTechnology=UNKNOWN reasonForDenial=0 emergencyEnabled=true supportedServices=[I@293a037 cellIdentity=null voiceSpecificStates=VoiceSpecificRegistrationStates { mCssSupported=false mRoamingIndicator=0 mSystemIsInPrl=0 mDefaultRoamingIndicator=0 mLac=29447 mCid=139589640 mPsVoiceSupport0 mImsEmergencyCallSupport1 mImsEmergencyCallBarring2 mMobileState12 mMobileRat0 mIsPsOnlyRegfalse} dataSpecificStates=null}]} sender=Handler (com.android.internal.telephony.GsmCdmaPhone) {42a2b6f} phondId=0 subId=-2
01-16 21:21:20.330  1519  2018 D TelephonyRegistry: idMatch: Check dummy subId=-2 rSubId=-2
01-16 21:21:20.330  1519  2018 D TelephonyRegistry: idMatch: Check dummy subId=-2 rSubId=2147483647
01-16 21:21:20.330  1519  2018 I chatty  : uid=1000(system) Binder:1519_3 identical 6 lines
01-16 21:21:20.330  1519  2018 D TelephonyRegistry: idMatch: Check dummy subId=-2 rSubId=2147483647
01-16 21:21:20.331  2396  2396 D SubscriptionController: [getSlotId]- dummy subId -2
01-16 21:21:20.331  2396  2396 D SubscriptionController: getSimStateForSlotIndex:  simState=ABSENT ordinal=1 slotIndex=0
01-16 21:21:20.331  1519  2018 D SubscriptionManager: getSimStateForSlotIdx: simState=1 slotIndex=0
01-16 21:21:20.332  2396  2396 D GsmCdmaPhone: [0] Event EVENT_SERVICE_STATE_CHANGED Received (For emergnecy number)
01-16 21:21:20.332  2396  2396 D SubscriptionController: getSimStateForSlotIndex:  simState=ABSENT ordinal=1 slotIndex=0
01-16 21:21:20.332  2396  2396 D SubscriptionManager: getSimStateForSlotIdx: simState=1 slotIndex=0
01-16 21:21:20.332  2396  2396 D GsmCdmaPhone: [0] setEmergencyNumbers: state=1 for PhoneId:0
01-16 21:21:20.332  2396  2396 D GsmCdmaPhone: [0] setEmergencyNumbers - withSIM: false, simState: 1, emergencyNumbersForOperator: 112,911,999,000,110,118,119,911,112,08,000,110,118,119,999
01-16 21:21:20.332  2396  2396 D GsmCdmaPhone: [0] setEmergencyNumbers - emergency number is not changed
01-16 21:21:20.332  2396  2396 D ImsPhone: [0] handleMessage what=128
01-16 21:21:20.334  2396  2434 D SubscriptionController: [getPhoneId]- dummy subId -2
01-16 21:21:20.348  2396  2775 D use-Rlog/RLOG-IMS-IIL: ImsIilManager: setForceSsPolicy: success slotId=0 value: 1 propVal=1
01-16 21:21:20.348  2396  2775 D use-Rlog/RLOG-IMS-IIL: IilIpcMessage: smsFormat 0 enableSmsOverIms 1 enableSmsWriteUicc 0 enableSmsFallback 0 eutranDomain 3 utranDomain 1 ssDomain 0 ussdDomain 2 eccPreference 0 ssCsfb 0 imsSupportType 0 srvccVersion 10 supportVolteRoaming 1NotiType : 2
01-16 21:21:20.348  2396  2775 D use-Rlog/RLOG-IMS-IIL: IpcDispatcher: [Tx]: (M)IPC_IIL_CMD (S)IPC_IIL_PREFERENCE (T)NOTI l:0
01-16 21:21:20.349  2396  2776 D use-Rlog/RLOG-IMS-IIL: IpcDispatcher: ImsModemSender(): send
01-16 21:21:20.349  1033  1577 E RILC    : imsNetworkStateChangedInd: Using vendor specific codes to proceed it
01-16 21:21:20.350  2396  2599 D RILJ    : Unsol response received; Sending ack to ril.cpp [SUB0]
01-16 21:21:20.350  2396  2599 D RILJ    : [UNSL]< UNSOL_RESPONSE_IMS_NETWORK_STATE_CHANGED {0, 1, 0, 0, -1, -1, 0} [SUB0]
01-16 21:21:20.351  2396  2599 D RILJ    : Unsol response received; Sending ack to ril.cpp [SUB0]
01-16 21:21:20.351  2396  2599 D RILJ    : [UNSL]< UNSOL_IMS_PREFERENCE_CHANGED {1, 1, 0, 3, 0, 0, 2, 0, 0, 0, 1, 1, 1} [SUB0]
01-16 21:21:20.352  2396  2434 D SubscriptionController: [getSlotId]- dummy subId -2
01-16 21:21:20.352  2396  2434 D SubscriptionController: getSimStateForSlotIndex:  simState=ABSENT ordinal=1 slotIndex=0
01-16 21:21:20.353  2802  2802 D SubscriptionManager: getSimStateForSlotIdx: simState=1 slotIndex=0
01-16 21:21:20.353  2396  2396 D RILJ    : [0082]> IMS_REGISTRATION_STATE [SUB0]
01-16 21:21:20.353  2396  2396 D RILJ    : [0083]> IMS_REGISTRATION_STATE [SUB0]
01-16 21:21:20.353  2396  2599 D RILJ    : [0082]< IMS_REGISTRATION_STATE {0, 1, 0, 0, -1, -1, 0} [SUB0]
01-16 21:21:20.353  2396  2396 D SST     : EVENT_IMS_STATE_CHANGED
01-16 21:21:20.353  2396  2396 D ImsRegi : Mobile: NOT_REGISTERED(-), Wifi: NOT_REGISTERED(-), EpdgState: -1, FeatureTag: (-)
01-16 21:21:20.354  2396  2396 D Phone   : EVENT_IMS_PREFERENCE_CHANGED
01-16 21:21:20.354  2396  2396 D ImsPreference: mImsSupportType: 0, supportVolteRoaming: true, supportSrvcc: true, smsFormat: 1, sms: true, smsWriteUicc: false, volteEutranPref: 3, volteUtranPref: 0, ssDomainPref: 0, ussdDomainPref: 2, emerDomainPref: 0, ssCsfb: false, callwaitingPathPref: 1
01-16 21:21:20.354  2396  2599 D RILJ    : [0083]< IMS_REGISTRATION_STATE {0, 1, 0, 0, -1, -1, 0} [SUB0]
01-16 21:21:20.354  2396  2396 D DCT-0/1 : EVENT_IMS_PREFERENCE_CHANGED
01-16 21:21:20.354  2396  2396 D DCT-0/1 : EVENT_IMS_PREFERENCE_CHANGED - mSupportVolteRoaming: true, supportVolteRoaming: true
01-16 21:21:20.354  2396  2396 D SmsDispatchersController: IMS registration state: false format: 3gpp mPrevVolteRegi: false
01-16 21:21:20.402  2396  2434 D SubscriptionController: [getActiveSubInfoList] Sub Controller not ready
01-16 21:21:20.402  2396  2434 D SubscriptionController: [getActiveSubInfoList] Sub Controller not ready
01-16 21:21:20.409  2396  2434 D SubscriptionController: [getSlotId]- dummy subId -2
01-16 21:21:20.409  2396  2434 D SubscriptionController: getSimStateForSlotIndex:  simState=ABSENT ordinal=1 slotIndex=0
01-16 21:21:20.409  2133  2133 D SubscriptionManager: getSimStateForSlotIdx: simState=1 slotIndex=0
01-16 21:21:20.472  2396  2434 D SubscriptionController: [getSlotId]- dummy subId -2
01-16 21:21:20.472  2396  2434 D SubscriptionController: getSimStateForSlotIndex:  simState=ABSENT ordinal=1 slotIndex=0
01-16 21:21:20.472  2133  2133 D SubscriptionManager: getSimStateForSlotIdx: simState=1 slotIndex=0
01-16 21:21:20.630  2396  2434 D SubscriptionController: [getActiveSubInfoList] Sub Controller not ready
01-16 21:21:20.631  2396  2434 D SubscriptionController: [getActiveSubInfoList] Sub Controller not ready
01-16 21:21:20.701  2396  2396 D TransferDevState: Intent : android.hardware.usb.action.USB_STATE
01-16 21:21:20.702  2396  2396 D TransferDevState: USB version is : 0210
01-16 21:21:20.763  2396  2396 D TransferDevState: Intent : android.hardware.usb.action.USB_STATE
01-16 21:21:20.763  2396  2396 D TransferDevState: USB version is : 0210
01-16 21:21:20.852  2396  2396 D ImsManager: Connector: getImsService
01-16 21:21:20.852  2396  2396 D ImsManager: Status Changed: 2
01-16 21:21:20.852  2396  2396 D ImsSmsDispatcher: ImsManager: connection ready.
01-16 21:21:20.852  2396  2396 D ImsManager: Registration Callback registered.
01-16 21:21:20.852  2396  2396 D ImsManager: Capability Callback registered.
01-16 21:21:21.048  2396  2886 D SubscriptionController: getSimStateForSlotIndex:  simState=ABSENT ordinal=1 slotIndex=0
01-16 21:21:21.048  1519  1519 D SubscriptionManager: getSimStateForSlotIdx: simState=1 slotIndex=0
01-16 21:21:21.363  1033  1577 E RILC    : currentSignalStrengthInd: Using vendor specific codes to proceed it
01-16 21:21:21.364  1519  2334 D TelephonyRegistry: idMatch: Check dummy subId=-2 rSubId=-2
01-16 21:21:21.365  1519  2334 D TelephonyRegistry: idMatch: Check dummy subId=-2 rSubId=2147483647
01-16 21:21:21.365  1519  2334 I chatty  : uid=1000(system) Binder:1519_7 identical 3 lines
01-16 21:21:21.365  1519  2334 D TelephonyRegistry: idMatch: Check dummy subId=-2 rSubId=2147483647
01-16 21:21:21.776  1012  1589 E Multi-Client: OemClientReceiver::Process:
01-16 21:21:21.776  1012  1589 E Multi-Client: OemClientReceiver::Process: fd=8
01-16 21:21:21.776  1012  1589 E Multi-Client: OemClient::Process:
01-16 21:21:21.776  1012  1589 E Multi-Client: OemClient::Process(): EOS. oem client(8), errno:11
01-16 21:21:21.776  1012  1589 E Multi-Client: SetFd: mServerSock=7
01-16 21:21:21.776  1012  1589 E Multi-Client: SetFd: fd=9
01-16 21:21:21.776  1012  1589 E Multi-Client: OemClientReceiver::SetMaxFd: maxfd=9
01-16 21:21:21.819  2396  2618 D CellBroadcastHandler: mWakeLock released
01-16 21:21:21.821  2396  2614 D GsmCellBroadcastHandler: mWakeLock released
01-16 21:21:21.837  2396  2629 D CdmaServiceCategoryProgramHandler: mWakeLock released
01-16 21:21:22.027  2396  2434 D SubscriptionController: [getSlotId]- dummy subId -2
01-16 21:21:22.053  2396  2434 D SubscriptionController: [getSlotId]- dummy subId -2
01-16 21:21:22.057  2396  2434 D SubscriptionController: getSimStateForSlotIndex:  simState=ABSENT ordinal=1 slotIndex=0
01-16 21:21:22.057  3181  3321 D SubscriptionManager: getSimStateForSlotIdx: simState=1 slotIndex=0
01-16 21:21:22.063  2396  2434 D SubscriptionController: [getPhoneId] asked for default subId=-2
01-16 21:21:22.063  2396  2434 D SubscriptionController: [getPhoneId]- dummy subId -2
01-16 21:21:22.071  2396  2434 D SubscriptionController: [getSlotId]- dummy subId -2
01-16 21:21:22.073  2396  2434 D SubscriptionController: getSimStateForSlotIndex:  simState=ABSENT ordinal=1 slotIndex=0
01-16 21:21:22.073  3181  3282 D SubscriptionManager: getSimStateForSlotIdx: simState=1 slotIndex=0
01-16 21:21:22.141  2396  2434 D SubscriptionController: [getPhoneId] asked for default subId=-2
01-16 21:21:22.141  2396  2434 D SubscriptionController: [getPhoneId]- dummy subId -2
01-16 21:21:22.255  2396  2434 D SubscriptionController: [getPhoneId] asked for default subId=-2
01-16 21:21:22.255  2396  2434 D SubscriptionController: [getPhoneId]- dummy subId -2
01-16 21:21:22.273  2396  2396 D TransferDevState: Intent : android.hardware.usb.action.USB_STATE
01-16 21:21:22.273  2396  2396 D TransferDevState: USB version is : 0210
01-16 21:21:22.276  2396  2396 D WAP PUSH: Received broadcast android.intent.action.USER_UNLOCKED
01-16 21:21:22.276  2396  2396 D WAP PUSH: Received broadcast android.intent.action.USER_UNLOCKED
01-16 21:21:22.276  2396  2396 D SmsBroadcastUndelivered: Received broadcast android.intent.action.USER_UNLOCKED
01-16 21:21:22.289  2396  2886 D SubscriptionController: [getActiveSubInfoList] Sub Controller not ready
01-16 21:21:22.298  2396  2886 D SubscriptionController: [getActiveSubscriptionInfoForSimSlotIndex]+ subList=null
01-16 21:21:22.299  2396  2433 D SubscriptionController: [getPhoneId]- no sims, returning default phoneId=0
01-16 21:21:22.311  2396  2396 D SAT     : [0]onSimAbsent, reset activation state to UNKNOWN
01-16 21:21:22.311  2396  2396 D SAT     : [0]setVoiceActivationState=0
01-16 21:21:22.312  2396  3431 E WAP PUSH: bindService() for wappush manager failed
01-16 21:21:22.313  2396  2434 D SubscriptionController: [getSlotId]- dummy subId -2
01-16 21:21:22.313  2396  3430 E WAP PUSH: bindService() for wappush manager failed
01-16 21:21:22.314  2396  2396 D SAT     : [0]setDataActivationState=0
01-16 21:21:22.315  2396  2632 D SubscriptionController: [getSlotId]- dummy subId -2
01-16 21:21:22.316  2396  2396 D SmsDispatchersController: simState = ABSENT
01-16 21:21:22.316  2396  2396 D SST     : [0] Intent: android.intent.action.SIM_STATE_CHANGED
01-16 21:21:22.318  2396  2396 D DCT-0/1 : mReceiver action: android.intent.action.SIM_STATE_CHANGED
01-16 21:21:22.319  2396  2396 D DCT-0/1 : SimState changed to ABSENT for phoneId : 0, initialize mCarrierConfigLoaded
01-16 21:21:22.320  2396  2886 D SubscriptionController: [getSlotId]- dummy subId -2
01-16 21:21:22.322  2396  2886 D SubscriptionController: getSimStateForSlotIndex:  simState=ABSENT ordinal=1 slotIndex=0
01-16 21:21:22.323  2364  2656 D SubscriptionManager: getSimStateForSlotIdx: simState=1 slotIndex=0
01-16 21:21:22.333  2396  3453 D SubscriptionController: [getSlotId]- dummy subId -2
01-16 21:21:22.335  2396  3453 D SubscriptionController: getSimStateForSlotIndex:  simState=ABSENT ordinal=1 slotIndex=0
01-16 21:21:22.335  1519  2029 D SubscriptionManager: getSimStateForSlotIdx: simState=1 slotIndex=0
01-16 21:21:22.335  2396  2396 D use-Rlog/RLOG-IMS-IIL: ImsIilManager: onReady
01-16 21:21:22.335  2396  2396 D use-Rlog/RLOG-IMS-IIL: ImsIilManager: SimIntentReceiver: received action android.intent.action.SIM_STATE_CHANGED
01-16 21:21:22.335  2396  2396 D use-Rlog/RLOG-IMS-IIL: ImsIilManager: phoneId: 0
01-16 21:21:22.338  2396  2775 D use-Rlog/RLOG-IMS-IIL: ImsIilManager: handleMessage: event 6
01-16 21:21:22.338  2396  2775 D use-Rlog/RLOG-IMS-IIL: ImsIilManager: onReceiveImsSettingRefresh
01-16 21:21:22.348  2396  3453 D SubscriptionController: [getPhoneId]- dummy subId -2
01-16 21:21:22.350  2396  3453 D SubscriptionController: [getActiveSubInfoList] Sub Controller not ready
01-16 21:21:22.350  2396  3453 D SubscriptionController: [getActiveSubscriptionInfoForSimSlotIndex]+ subList=null
01-16 21:21:22.429  2396  3453 D SubscriptionController: [getActiveSubInfoList] Sub Controller not ready
01-16 21:21:22.429  2396  3453 D SubscriptionController: [getActiveSubscriptionInfoForSimSlotIndex]+ subList=null
01-16 21:21:22.432  2396  3453 D SubscriptionController: [getPhoneId]- no sims, returning default phoneId=0
01-16 21:21:22.437  2889  2933 D SubscriptionManager: [getActiveSubscriptionInfoForSimSlotIndex]- invalid slotIndex
01-16 21:21:22.439  2396  3453 D SubscriptionController: [getPhoneId]- no sims, returning default phoneId=0
01-16 21:21:22.443  2396  3453 D SubscriptionController: [getActiveSubInfoList] Sub Controller not ready
01-16 21:21:22.444  2396  2886 D SubscriptionController: [getPhoneId]- dummy subId -2
01-16 21:21:22.445  2396  3453 D SubscriptionController: [getActiveSubInfoList] Sub Controller not ready
01-16 21:21:22.445  2396  3453 D SubscriptionController: [getActiveSubscriptionInfoForSimSlotIndex]+ subList=null
01-16 21:21:22.451  2396  3453 D SubscriptionController: [getPhoneId]- no sims, returning default phoneId=0
01-16 21:21:22.457  2396  3453 D SubscriptionController: [getActiveSubInfoList] Sub Controller not ready
01-16 21:21:22.457  2396  3453 D SubscriptionController: [getActiveSubscriptionInfoForSimSlotIndex]+ subList=null
01-16 21:21:22.457  2396  2775 D use-Rlog/RLOG-IMS-IIL: ImsIilManager: UpdateImsPreference: SmsFormat=3GPP
01-16 21:21:22.458  2396  3453 D SubscriptionController: [getActiveSubInfoList] Sub Controller not ready
01-16 21:21:22.458  2396  3453 D SubscriptionController: [getActiveSubscriptionInfoForSimSlotIndex]+ subList=null
01-16 21:21:22.461  2396  3453 D SubscriptionController: [getActiveSubInfoList] Sub Controller not ready
01-16 21:21:22.461  2396  3453 D SubscriptionController: [getActiveSubscriptionInfoForSimSlotIndex]+ subList=null
01-16 21:21:22.461  2889  2933 D SubscriptionManager: [getActiveSubscriptionInfoForSimSlotIndex]- invalid slotIndex
01-16 21:21:22.463  2396  2632 D SubscriptionController: [getPhoneId]- no sims, returning default phoneId=0
01-16 21:21:22.466  2396  3453 D SubscriptionController: getSimStateForSlotIndex:  simState=ABSENT ordinal=1 slotIndex=0
01-16 21:21:22.467  2889  2933 D SubscriptionManager: getSimStateForSlotIdx: simState=1 slotIndex=0
01-16 21:21:22.471  2396  3453 D SubscriptionController: getSimStateForSlotIndex: phone == null simState=UNKNOWN ordinal=0 slotIndex=1
01-16 21:21:22.471  2889  2933 D SubscriptionManager: getSimStateForSlotIdx: simState=0 slotIndex=1
01-16 21:21:22.474  2396  2632 D SubscriptionController: [getActiveSubInfoList] Sub Controller not ready
01-16 21:21:22.475  2396  2632 D SubscriptionController: [getActiveSubscriptionInfoForSimSlotIndex]+ subList=null
01-16 21:21:22.477  2396  2886 D SubscriptionController: [getPhoneId] asked for default subId=-2
01-16 21:21:22.477  2396  3453 D SubscriptionController: [getPhoneId]- no sims, returning default phoneId=0
01-16 21:21:22.477  2396  2886 D SubscriptionController: [getPhoneId]- dummy subId -2
01-16 21:21:22.487  2889  2933 D SubscriptionManager: [getActiveSubscriptionInfoForSimSlotIndex]- invalid slotIndex
01-16 21:21:22.501  1033  1587 E RILD    : Reader: TIMEOUT
01-16 21:21:22.501  2396  3453 D SubscriptionController: [getPhoneId]- no sims, returning default phoneId=0
01-16 21:21:22.504  2396  3453 D SubscriptionController: [getActiveSubInfoList] Sub Controller not ready
01-16 21:21:22.504  2396  2775 D use-Rlog/RLOG-IMS-IIL: ImsSmsManager: setDefaultSmsFallback : false
01-16 21:21:22.508  2396  3453 D SubscriptionController: [getActiveSubInfoList] Sub Controller not ready
01-16 21:21:22.508  2396  3453 D SubscriptionController: [getActiveSubscriptionInfoForSimSlotIndex]+ subList=null
01-16 21:21:22.512  2396  3453 D SubscriptionController: [getPhoneId]- no sims, returning default phoneId=0
01-16 21:21:22.516  2889  2933 D SubscriptionManager: [getActiveSubscriptionInfoForSimSlotIndex]- invalid slotIndex
01-16 21:21:22.516  2396  3453 D SubscriptionController: [getPhoneId]- no sims, returning default phoneId=0
01-16 21:21:22.522  2396  3453 D SubscriptionController: getSimStateForSlotIndex:  simState=ABSENT ordinal=1 slotIndex=0
01-16 21:21:22.522  2889  2933 D SubscriptionManager: getSimStateForSlotIdx: simState=1 slotIndex=0
01-16 21:21:22.524  2396  3453 D SubscriptionController: getSimStateForSlotIndex: phone == null simState=UNKNOWN ordinal=0 slotIndex=1
01-16 21:21:22.525  2889  2933 D SubscriptionManager: getSimStateForSlotIdx: simState=0 slotIndex=1
01-16 21:21:22.599  2396  3453 D SubscriptionController: [getActiveSubInfoList] Sub Controller not ready
01-16 21:21:22.599  2396  3453 D SubscriptionController: [getActiveSubscriptionInfoForSimSlotIndex]+ subList=null
01-16 21:21:22.695  2396  3453 D SubscriptionController: [getSlotId]- dummy subId -2
01-16 21:21:22.698  2396  3453 D SubscriptionController: getSimStateForSlotIndex:  simState=ABSENT ordinal=1 slotIndex=0
01-16 21:21:22.698  2133  2133 D SubscriptionManager: getSimStateForSlotIdx: simState=1 slotIndex=0
01-16 21:21:22.749  2396  3453 D SubscriptionController: [getSlotId]- dummy subId -2
01-16 21:21:22.749  2396  3453 D SubscriptionController: getSimStateForSlotIndex:  simState=ABSENT ordinal=1 slotIndex=0
01-16 21:21:22.749  2133  2133 D SubscriptionManager: getSimStateForSlotIdx: simState=1 slotIndex=0
01-16 21:21:22.793  2396  2775 D use-Rlog/RLOG-IMS-IIL: IilIpcMessage: smsFormat 0 enableSmsOverIms 1 enableSmsWriteUicc 0 enableSmsFallback 0 eutranDomain 3 utranDomain 1 ssDomain 0 ussdDomain 2 eccPreference 0 ssCsfb 0 imsSupportType 0 srvccVersion 10 supportVolteRoaming 1NotiType : 1
01-16 21:21:22.793  2396  2775 D use-Rlog/RLOG-IMS-IIL: IpcDispatcher: [Tx]: (M)IPC_IIL_CMD (S)IPC_IIL_PREFERENCE (T)NOTI l:0
01-16 21:21:22.794  2396  2775 D use-Rlog/RLOG-IMS-IIL: ImsIilManager: handleMessage: event 9
01-16 21:21:22.794  2396  2776 D use-Rlog/RLOG-IMS-IIL: IpcDispatcher: ImsModemSender(): send
01-16 21:21:22.794  2396  2775 D use-Rlog/RLOG-IMS-IIL: ImsIilManager: onReceiveSimStateChange() : simState=ABSENT
01-16 21:21:22.794  2396  2775 D use-Rlog/RLOG-IMS-IIL: ImsIilManager: onReceiveImsSettingRefresh
01-16 21:21:22.794  1033  1577 E RILC    : imsNetworkStateChangedInd: Using vendor specific codes to proceed it
01-16 21:21:22.797  2396  2599 D RILJ    : Unsol response received; Sending ack to ril.cpp [SUB0]
01-16 21:21:22.797  2396  2599 D RILJ    : [UNSL]< UNSOL_RESPONSE_IMS_NETWORK_STATE_CHANGED {0, 1, 0, 0, -1, -1, 0} [SUB0]
01-16 21:21:22.798  2396  2599 D RILJ    : Unsol response received; Sending ack to ril.cpp [SUB0]
01-16 21:21:22.798  2396  2599 D RILJ    : [UNSL]< UNSOL_IMS_PREFERENCE_CHANGED {1, 1, 0, 3, 0, 0, 2, 0, 0, 0, 1, 1, 1} [SUB0]
01-16 21:21:22.799  2396  2396 D RILJ    : [0086]> IMS_REGISTRATION_STATE [SUB0]
01-16 21:21:22.800  2396  2396 D RILJ    : [0087]> IMS_REGISTRATION_STATE [SUB0]
01-16 21:21:22.800  2396  2396 D SST     : EVENT_IMS_STATE_CHANGED
01-16 21:21:22.800  2396  2396 D ImsRegi : Mobile: NOT_REGISTERED(-), Wifi: NOT_REGISTERED(-), EpdgState: -1, FeatureTag: (-)
01-16 21:21:22.800  2396  2396 D Phone   : EVENT_IMS_PREFERENCE_CHANGED
01-16 21:21:22.800  2396  2396 D ImsPreference: mImsSupportType: 0, supportVolteRoaming: true, supportSrvcc: true, smsFormat: 1, sms: true, smsWriteUicc: false, volteEutranPref: 3, volteUtranPref: 0, ssDomainPref: 0, ussdDomainPref: 2, emerDomainPref: 0, ssCsfb: false, callwaitingPathPref: 1
01-16 21:21:22.800  2396  2775 D use-Rlog/RLOG-IMS-IIL: ImsIilManager: UpdateImsPreference: SmsFormat=3GPP
01-16 21:21:22.800  2396  2396 D DCT-0/1 : EVENT_IMS_PREFERENCE_CHANGED
01-16 21:21:22.800  2396  2396 D DCT-0/1 : EVENT_IMS_PREFERENCE_CHANGED - mSupportVolteRoaming: true, supportVolteRoaming: true
01-16 21:21:22.801  2396  2599 D RILJ    : [0086]< IMS_REGISTRATION_STATE {0, 1, 0, 0, -1, -1, 0} [SUB0]
01-16 21:21:22.801  2396  2396 D SmsDispatchersController: IMS registration state: false format: 3gpp mPrevVolteRegi: false
01-16 21:21:22.801  2396  2599 D RILJ    : [0087]< IMS_REGISTRATION_STATE {0, 1, 0, 0, -1, -1, 0} [SUB0]
01-16 21:21:22.810  2396  2775 D use-Rlog/RLOG-IMS-IIL: ImsSmsManager: setDefaultSmsFallback : false
01-16 21:21:22.872  2396  3453 D SubscriptionController: [getActiveSubInfoList] Sub Controller not ready
01-16 21:21:22.872  2396  3453 D SubscriptionController: [getActiveSubscriptionInfoForSimSlotIndex]+ subList=null
01-16 21:21:22.961  2396  2775 D use-Rlog/RLOG-IMS-IIL: IilIpcMessage: smsFormat 0 enableSmsOverIms 1 enableSmsWriteUicc 0 enableSmsFallback 0 eutranDomain 3 utranDomain 1 ssDomain 0 ussdDomain 2 eccPreference 0 ssCsfb 0 imsSupportType 0 srvccVersion 10 supportVolteRoaming 1NotiType : 1
01-16 21:21:22.961  2396  2775 D use-Rlog/RLOG-IMS-IIL: IpcDispatcher: [Tx]: (M)IPC_IIL_CMD (S)IPC_IIL_PREFERENCE (T)NOTI l:0
01-16 21:21:22.961  2396  2776 D use-Rlog/RLOG-IMS-IIL: IpcDispatcher: ImsModemSender(): send
01-16 21:21:22.962  1033  1577 E RILC    : imsNetworkStateChangedInd: Using vendor specific codes to proceed it
01-16 21:21:22.964  2396  2599 D RILJ    : Unsol response received; Sending ack to ril.cpp [SUB0]
01-16 21:21:22.964  2396  2599 D RILJ    : [UNSL]< UNSOL_RESPONSE_IMS_NETWORK_STATE_CHANGED {0, 1, 0, 0, -1, -1, 0} [SUB0]
01-16 21:21:22.966  2396  2396 D RILJ    : [0090]> IMS_REGISTRATION_STATE [SUB0]
01-16 21:21:22.967  2396  2396 D RILJ    : [0091]> IMS_REGISTRATION_STATE [SUB0]
01-16 21:21:22.967  2396  2396 D SST     : EVENT_IMS_STATE_CHANGED
01-16 21:21:22.967  2396  2396 D ImsRegi : Mobile: NOT_REGISTERED(-), Wifi: NOT_REGISTERED(-), EpdgState: -1, FeatureTag: (-)
01-16 21:21:22.982  2396  2599 D RILJ    : Unsol response received; Sending ack to ril.cpp [SUB0]
01-16 21:21:22.982  2396  2599 D RILJ    : [UNSL]< UNSOL_IMS_PREFERENCE_CHANGED {1, 1, 0, 3, 0, 0, 2, 0, 0, 0, 1, 1, 1} [SUB0]
01-16 21:21:22.982  2396  2599 D RILJ    : [0090]< IMS_REGISTRATION_STATE {0, 1, 0, 0, -1, -1, 0} [SUB0]
01-16 21:21:22.982  2396  2599 D RILJ    : [0091]< IMS_REGISTRATION_STATE {0, 1, 0, 0, -1, -1, 0} [SUB0]
01-16 21:21:22.982  2396  2396 D Phone   : EVENT_IMS_PREFERENCE_CHANGED
01-16 21:21:22.982  2396  2396 D ImsPreference: mImsSupportType: 0, supportVolteRoaming: true, supportSrvcc: true, smsFormat: 1, sms: true, smsWriteUicc: false, volteEutranPref: 3, volteUtranPref: 0, ssDomainPref: 0, ussdDomainPref: 2, emerDomainPref: 0, ssCsfb: false, callwaitingPathPref: 1
01-16 21:21:22.983  2396  2396 D DCT-0/1 : EVENT_IMS_PREFERENCE_CHANGED
01-16 21:21:22.983  2396  2396 D DCT-0/1 : EVENT_IMS_PREFERENCE_CHANGED - mSupportVolteRoaming: true, supportVolteRoaming: true
01-16 21:21:22.983  2396  2396 D SmsDispatchersController: IMS registration state: false format: 3gpp mPrevVolteRegi: false
01-16 21:21:23.659  2396  3453 D SubscriptionController: getSimStateForSlotIndex:  simState=ABSENT ordinal=1 slotIndex=0
01-16 21:21:23.659  1519  1519 D SubscriptionManager: getSimStateForSlotIdx: simState=1 slotIndex=0
01-16 21:21:23.667  2396  3453 D SubscriptionController: getSimStateForSlotIndex: phone == null simState=UNKNOWN ordinal=0 slotIndex=1
01-16 21:21:23.667  1519  1519 D SubscriptionManager: getSimStateForSlotIdx: simState=0 slotIndex=1
01-16 21:21:23.678  2396  3453 D SubscriptionController: [getPhoneId]- dummy subId -2
01-16 21:21:23.696  2396  3453 D SubscriptionController: [getSlotId]- dummy subId -2
01-16 21:21:23.698  2396  3453 D SubscriptionController: getSimStateForSlotIndex:  simState=ABSENT ordinal=1 slotIndex=0
01-16 21:21:23.698  1519  1519 D SubscriptionManager: getSimStateForSlotIdx: simState=1 slotIndex=0
01-16 21:21:23.704  2396  3453 D SubscriptionController: [getSlotId]- dummy subId -2
01-16 21:21:23.706  2396  3453 D SubscriptionController: getSimStateForSlotIndex:  simState=ABSENT ordinal=1 slotIndex=0
01-16 21:21:23.706  1519  1519 D SubscriptionManager: getSimStateForSlotIdx: simState=1 slotIndex=0
01-16 21:21:23.710  2396  3453 D SubscriptionController: getSimStateForSlotIndex:  simState=ABSENT ordinal=1 slotIndex=0
01-16 21:21:23.711  1519  1519 D SubscriptionManager: getSimStateForSlotIdx: simState=1 slotIndex=0
01-16 21:21:23.712  2396  3453 D SubscriptionController: getSimStateForSlotIndex: phone == null simState=UNKNOWN ordinal=0 slotIndex=1
01-16 21:21:23.716  1519  1519 D SubscriptionManager: getSimStateForSlotIdx: simState=0 slotIndex=1
01-16 21:21:23.716  2396  3453 D SubscriptionController: getSimStateForSlotIndex:  simState=ABSENT ordinal=1 slotIndex=0
01-16 21:21:23.716  1519  2029 D SubscriptionManager: getSimStateForSlotIdx: simState=1 slotIndex=0
01-16 21:21:23.720  2396  2632 D SubscriptionController: getSimStateForSlotIndex: phone == null simState=UNKNOWN ordinal=0 slotIndex=1
01-16 21:21:23.720  1519  2029 D SubscriptionManager: getSimStateForSlotIdx: simState=0 slotIndex=1
01-16 21:21:23.728  2396  3453 D SubscriptionController: [getSlotId]- dummy subId -2
01-16 21:21:23.732  2396  3453 D SubscriptionController: getSimStateForSlotIndex:  simState=ABSENT ordinal=1 slotIndex=0
01-16 21:21:23.732  1519  2092 D SubscriptionManager: getSimStateForSlotIdx: simState=1 slotIndex=0
01-16 21:21:23.901  1033  1577 E RILC    : currentSignalStrengthInd: Using vendor specific codes to proceed it
01-16 21:21:23.904  2396  2632 D SubscriptionController: [getPhoneId]- dummy subId -2
01-16 21:21:23.907  1519  1532 D TelephonyRegistry: idMatch: Check dummy subId=-2 rSubId=-2
01-16 21:21:23.907  1519  1532 D TelephonyRegistry: idMatch: Check dummy subId=-2 rSubId=2147483647
01-16 21:21:23.907  1519  1532 I chatty  : uid=1000(system) Binder:1519_2 identical 5 lines
01-16 21:21:23.907  1519  1532 D TelephonyRegistry: idMatch: Check dummy subId=-2 rSubId=2147483647
01-16 21:21:24.288  2396  2886 D SubscriptionController: [getPhoneId]- dummy subId -2
01-16 21:21:24.357  2396  3453 D SubscriptionController: [getPhoneId]- dummy subId -2
01-16 21:21:24.360  2396  2886 D SubscriptionController: [getPhoneId]- dummy subId -2
01-16 21:21:24.415  4128  4128 D RILS    : support Unsolicited message
01-16 21:21:24.422  2396  2886 D SubscriptionController: [getPhoneId]- dummy subId -2
01-16 21:21:24.426  4128  4128 I RILS    : onBind()
01-16 21:21:24.428  4128  4239 I RILS    : swVer : G955USQU7DTF4
01-16 21:21:24.429  4128  4239 I RILS    : Secril is ready
01-16 21:21:24.429  4128  4239 I RILS    : start connect to 'Multiclient' socket, TID: 298
01-16 21:21:24.431  1012  1589 E Multi-Client: Accept() START
01-16 21:21:24.431  1012  1589 E Multi-Client: new oem client connection=8
01-16 21:21:24.431  1012  1589 E Multi-Client: OemClientReceiver::Process:
01-16 21:21:24.431  1012  1589 E Multi-Client: SetFd: mServerSock=7
01-16 21:21:24.431  1012  1589 E Multi-Client: SetFd: fd=9
01-16 21:21:24.431  1012  1589 E Multi-Client: SetFd: fd=8
01-16 21:21:24.431  1012  1589 E Multi-Client: OemClientReceiver::SetMaxFd: maxfd=9
01-16 21:21:24.449  2396  3453 D SubscriptionController: [getPhoneId]- dummy subId -2
01-16 21:21:24.466  2396  2396 D SmsDispatchersController: EVENT_GET_SMSC_DONE_EXTEND
01-16 21:21:24.469  2396  2396 D RILJ    : [0092]> RIL_REQUEST_GET_SMSC_ADDRESS [SUB0]
01-16 21:21:24.469  2396  2396 E SmsDispatchersController: retryGetSmsc count = 1
01-16 21:21:24.469  1033  1577 E RILD    : DoGetSmscAddress():__
01-16 21:21:24.472  1033  1318 E RILD    : QMI_WMS_GET_SMSC_ADDRESS_RESP received with error 52
01-16 21:21:24.473  1033  1577 E RILD    : OnGetSmscAddressDone():__
01-16 21:21:24.473  1033  1577 E RILD    : OnGetSmscAddressDone: failed. (7)
01-16 21:21:24.473  2396  2599 D RILJ    : [0092]< RIL_REQUEST_GET_SMSC_ADDRESS error 38 [SUB0]
01-16 21:21:24.473  2396  2599 D RilRequest: [0092]< RIL_REQUEST_GET_SMSC_ADDRESS error: com.android.internal.telephony.CommandException: INTERNAL_ERR ret=
01-16 21:21:24.485  2396  2886 D SubscriptionController: [getPhoneId]- dummy subId -2
01-16 21:21:24.566  2396  3453 D SubscriptionController: [getPhoneId] asked for default subId=-2
01-16 21:21:24.566  2396  3453 D SubscriptionController: [getPhoneId]- dummy subId -2
01-16 21:21:24.576  2396  3453 D SubscriptionController: [getActiveSubInfoList] Sub Controller not ready
01-16 21:21:24.637  2396  3453 D SubscriptionController: [getActiveSubInfoList] Sub Controller not ready
01-16 21:21:24.761  1033  1583 E RILD    : Reader: TIMEOUT
01-16 21:21:24.779  2396  3453 D SubscriptionController: [getPhoneId] asked for default subId=-2
01-16 21:21:24.779  2396  3453 D SubscriptionController: [getPhoneId]- dummy subId -2
01-16 21:21:25.556  2396  2785 D SubscriptionController: [getPhoneId] asked for default subId=-2
01-16 21:21:25.556  2396  2785 D SubscriptionController: [getPhoneId]- dummy subId -2
01-16 21:21:25.558  2396  2785 D SubscriptionController: [getPhoneId] asked for default subId=-2
01-16 21:21:25.558  2396  2785 D SubscriptionController: [getPhoneId]- dummy subId -2
01-16 21:21:25.686  2396  2396 D SubscriptionController: getSimStateForSlotIndex:  simState=ABSENT ordinal=1 slotIndex=0
01-16 21:21:25.686  2396  2396 D SubscriptionManager: getSimStateForSlotIdx: simState=1 slotIndex=0
01-16 21:21:25.693  2396  2396 D SubscriptionController: getSimStateForSlotIndex: phone == null simState=UNKNOWN ordinal=0 slotIndex=1
01-16 21:21:25.693  2396  2396 D SubscriptionManager: getSimStateForSlotIdx: simState=0 slotIndex=1
01-16 21:21:26.532  2396  2396 D TelephonyNetworkFactory[0]: got request NetworkRequest [ TRACK_DEFAULT id=21, [ Capabilities: INTERNET&NOT_RESTRICTED&TRUSTED Unwanted:  Uid: 10064] ] with score 0
01-16 21:21:26.532  2396  2396 D TelephonyNetworkFactory[0]:   my score=50, my filter=[ Transports: CELLULAR Capabilities: MMS&SUPL&DUN&FOTA&IMS&CBS&IA&RCS&XCAP&EIMS&INTERNET&NOT_RESTRICTED&TRUSTED&NOT_VPN&ENT1&FOC&MCX&BIP Unwanted:  Specifier: <-2>]
01-16 21:21:26.532  2396  2396 D TelephonyNetworkFactory[0]: evalRequest
01-16 21:21:26.532  2396  2396 D TelephonyNetworkFactory[0]:   needNetworkFor
01-16 21:21:26.532  2396  2396 D DDS-PhoneSwitcher: handleMessage msg={ when=0 what=103 obj=NetworkRequest [ TRACK_DEFAULT id=21, [ Capabilities: INTERNET&NOT_RESTRICTED&TRUSTED Unwanted:  Uid: 10064] ] target=com.android.internal.telephony.PhoneSwitcher }
01-16 21:21:26.532  2396  2396 D DDS-PhoneSwitcher: evaluating due to netRequest
01-16 21:21:26.533  2396  2396 D TelephonyNetworkFactory[0]: handleMessage msg={ when=0 what=4 obj=NetworkRequest [ TRACK_DEFAULT id=21, [ Capabilities: INTERNET&NOT_RESTRICTED&TRUSTED Unwanted:  Uid: 10064] ] target=com.android.internal.telephony.dataconnection.TelephonyNetworkFactory$InternalHandler }
01-16 21:21:26.534  2396  2396 D TelephonyNetworkFactory[0]: not acting - isApp=false, isAct=false NetworkRequest [ TRACK_DEFAULT id=21, [ Capabilities: INTERNET&NOT_RESTRICTED&TRUSTED Unwanted:  Uid: 10064] ]
01-16 21:21:26.731  2396  4620 D SubscriptionController: [getSlotId]- dummy subId -2
01-16 21:21:26.734  2396  4620 D SubscriptionController: getSimStateForSlotIndex:  simState=ABSENT ordinal=1 slotIndex=0
01-16 21:21:26.734  4474  4561 D SubscriptionManager: getSimStateForSlotIdx: simState=1 slotIndex=0
01-16 21:21:26.746  2396  4620 D SubscriptionController: [getPhoneId]- dummy subId -2
01-16 21:21:26.873  2396  4620 D SubscriptionController: [getSlotId]- dummy subId -2
01-16 21:21:26.875  2396  2632 D SubscriptionController: getSimStateForSlotIndex:  simState=ABSENT ordinal=1 slotIndex=0
01-16 21:21:26.876  4474  4603 D SubscriptionManager: getSimStateForSlotIdx: simState=1 slotIndex=0
01-16 21:21:26.940  2396  4620 D SubscriptionController: [getSlotId]- dummy subId -2
01-16 21:21:26.942  2396  4620 D SubscriptionController: getSimStateForSlotIndex:  simState=ABSENT ordinal=1 slotIndex=0
01-16 21:21:26.942  4474  4563 D SubscriptionManager: getSimStateForSlotIdx: simState=1 slotIndex=0
01-16 21:21:27.075  2396  4620 D SubscriptionController: [getSlotId]- dummy subId -2
01-16 21:21:27.082  2396  4620 D SubscriptionController: getSimStateForSlotIndex:  simState=ABSENT ordinal=1 slotIndex=0
01-16 21:21:27.142  4474  4564 D SubscriptionManager: getSimStateForSlotIdx: simState=1 slotIndex=0
01-16 21:21:27.306  2396  2396 D TelephonyNetworkFactory[0]: got request NetworkRequest [ TRACK_DEFAULT id=23, [ Capabilities: INTERNET&NOT_RESTRICTED&TRUSTED Unwanted:  Uid: 10105] ] with score 0
01-16 21:21:27.306  2396  2396 D TelephonyNetworkFactory[0]:   my score=50, my filter=[ Transports: CELLULAR Capabilities: MMS&SUPL&DUN&FOTA&IMS&CBS&IA&RCS&XCAP&EIMS&INTERNET&NOT_RESTRICTED&TRUSTED&NOT_VPN&ENT1&FOC&MCX&BIP Unwanted:  Specifier: <-2>]
01-16 21:21:27.306  2396  2396 D TelephonyNetworkFactory[0]: evalRequest
01-16 21:21:27.306  2396  2396 D TelephonyNetworkFactory[0]:   needNetworkFor
01-16 21:21:27.306  2396  2396 D TelephonyNetworkFactory[0]: handleMessage msg={ when=0 what=4 obj=NetworkRequest [ TRACK_DEFAULT id=23, [ Capabilities: INTERNET&NOT_RESTRICTED&TRUSTED Unwanted:  Uid: 10105] ] target=com.android.internal.telephony.dataconnection.TelephonyNetworkFactory$InternalHandler }
01-16 21:21:27.306  2396  2396 D TelephonyNetworkFactory[0]: not acting - isApp=false, isAct=false NetworkRequest [ TRACK_DEFAULT id=23, [ Capabilities: INTERNET&NOT_RESTRICTED&TRUSTED Unwanted:  Uid: 10105] ]
01-16 21:21:27.306  2396  2396 D DDS-PhoneSwitcher: handleMessage msg={ when=0 what=103 obj=NetworkRequest [ TRACK_DEFAULT id=23, [ Capabilities: INTERNET&NOT_RESTRICTED&TRUSTED Unwanted:  Uid: 10105] ] target=com.android.internal.telephony.PhoneSwitcher }
01-16 21:21:27.307  2396  2396 D DDS-PhoneSwitcher: evaluating due to netRequest
01-16 21:21:27.631  2396  2396 D TelephonyNetworkFactory[0]: got request NetworkRequest [ TRACK_DEFAULT id=25, [ Capabilities: INTERNET&NOT_RESTRICTED&TRUSTED Unwanted:  Uid: 10105] ] with score 0
01-16 21:21:27.631  2396  2396 D TelephonyNetworkFactory[0]:   my score=50, my filter=[ Transports: CELLULAR Capabilities: MMS&SUPL&DUN&FOTA&IMS&CBS&IA&RCS&XCAP&EIMS&INTERNET&NOT_RESTRICTED&TRUSTED&NOT_VPN&ENT1&FOC&MCX&BIP Unwanted:  Specifier: <-2>]
01-16 21:21:27.631  2396  2396 D TelephonyNetworkFactory[0]: evalRequest
01-16 21:21:27.631  2396  2396 D TelephonyNetworkFactory[0]:   needNetworkFor
01-16 21:21:27.631  2396  2396 D DDS-PhoneSwitcher: handleMessage msg={ when=0 what=103 obj=NetworkRequest [ TRACK_DEFAULT id=25, [ Capabilities: INTERNET&NOT_RESTRICTED&TRUSTED Unwanted:  Uid: 10105] ] target=com.android.internal.telephony.PhoneSwitcher }
01-16 21:21:27.631  2396  2396 D DDS-PhoneSwitcher: evaluating due to netRequest
01-16 21:21:27.631  2396  2396 D TelephonyNetworkFactory[0]: handleMessage msg={ when=-1ms what=4 obj=NetworkRequest [ TRACK_DEFAULT id=25, [ Capabilities: INTERNET&NOT_RESTRICTED&TRUSTED Unwanted:  Uid: 10105] ] target=com.android.internal.telephony.dataconnection.TelephonyNetworkFactory$InternalHandler }
01-16 21:21:27.631  2396  2396 D TelephonyNetworkFactory[0]: not acting - isApp=false, isAct=false NetworkRequest [ TRACK_DEFAULT id=25, [ Capabilities: INTERNET&NOT_RESTRICTED&TRUSTED Unwanted:  Uid: 10105] ]
01-16 21:21:27.704  2396  2632 D SubscriptionController: [getSlotId]- dummy subId -2
01-16 21:21:27.705  2396  2632 D SubscriptionController: getSimStateForSlotIndex:  simState=ABSENT ordinal=1 slotIndex=0
01-16 21:21:27.705  3890  4696 D SubscriptionManager: getSimStateForSlotIdx: simState=1 slotIndex=0
01-16 21:21:27.710  2396  2632 D SubscriptionController: [getPhoneId]- dummy subId -2
01-16 21:21:27.720  2396  2632 D SubscriptionController: [getSlotId]- dummy subId -2
01-16 21:21:27.725  2396  2632 D SubscriptionController: getSimStateForSlotIndex:  simState=ABSENT ordinal=1 slotIndex=0
01-16 21:21:27.726  3890  4696 D SubscriptionManager: getSimStateForSlotIdx: simState=1 slotIndex=0
01-16 21:21:27.845  2396  2632 D SubscriptionController: [getSlotId]- dummy subId -2
01-16 21:21:27.846  2396  2632 D SubscriptionController: getSimStateForSlotIndex:  simState=ABSENT ordinal=1 slotIndex=0
01-16 21:21:27.847  4474  4563 D SubscriptionManager: getSimStateForSlotIdx: simState=1 slotIndex=0
01-16 21:21:27.936  2396  2639 D SubscriptionController: [getPhoneId]- dummy subId -2
01-16 21:21:28.055  2396  2396 D DDS-PhoneSwitcher: handleMessage msg={ when=0 what=103 obj=NetworkRequest [ TRACK_DEFAULT id=26, [ Capabilities: INTERNET&NOT_RESTRICTED&TRUSTED Unwanted:  Uid: 10052] ] target=com.android.internal.telephony.PhoneSwitcher }
01-16 21:21:28.057  2396  2396 D DDS-PhoneSwitcher: evaluating due to netRequest
01-16 21:21:28.057  2396  2396 D TelephonyNetworkFactory[0]: got request NetworkRequest [ TRACK_DEFAULT id=26, [ Capabilities: INTERNET&NOT_RESTRICTED&TRUSTED Unwanted:  Uid: 10052] ] with score 0
01-16 21:21:28.057  2396  2396 D TelephonyNetworkFactory[0]:   my score=50, my filter=[ Transports: CELLULAR Capabilities: MMS&SUPL&DUN&FOTA&IMS&CBS&IA&RCS&XCAP&EIMS&INTERNET&NOT_RESTRICTED&TRUSTED&NOT_VPN&ENT1&FOC&MCX&BIP Unwanted:  Specifier: <-2>]
01-16 21:21:28.057  2396  2396 D TelephonyNetworkFactory[0]: evalRequest
01-16 21:21:28.057  2396  2396 D TelephonyNetworkFactory[0]:   needNetworkFor
01-16 21:21:28.057  2396  2396 D TelephonyNetworkFactory[0]: handleMessage msg={ when=0 what=4 obj=NetworkRequest [ TRACK_DEFAULT id=26, [ Capabilities: INTERNET&NOT_RESTRICTED&TRUSTED Unwanted:  Uid: 10052] ] target=com.android.internal.telephony.dataconnection.TelephonyNetworkFactory$InternalHandler }
01-16 21:21:28.057  2396  2396 D TelephonyNetworkFactory[0]: not acting - isApp=false, isAct=false NetworkRequest [ TRACK_DEFAULT id=26, [ Capabilities: INTERNET&NOT_RESTRICTED&TRUSTED Unwanted:  Uid: 10052] ]
01-16 21:21:28.262  2396  2639 D SubscriptionController: [getPhoneId] asked for default subId=-2
01-16 21:21:28.262  2396  2639 D SubscriptionController: [getPhoneId]- dummy subId -2
01-16 21:21:28.297  2396  2639 D SubscriptionController: [getSlotId]- dummy subId -2
01-16 21:21:28.299  2396  2639 D SubscriptionController: getSimStateForSlotIndex:  simState=ABSENT ordinal=1 slotIndex=0
01-16 21:21:28.299  4904  4904 D SubscriptionManager: getSimStateForSlotIdx: simState=1 slotIndex=0
01-16 21:21:28.301  2396  2639 D SubscriptionController: [getSlotId]- dummy subId -2
01-16 21:21:28.321  2396  2639 I chatty  : uid=1001(radio) Binder:2396_4 identical 1 line
01-16 21:21:28.327  2396  2639 D SubscriptionController: [getSlotId]- dummy subId -2
01-16 21:21:28.328  2396  2639 D SubscriptionController: getSimStateForSlotIndex:  simState=ABSENT ordinal=1 slotIndex=0
01-16 21:21:28.328  4904  4904 D SubscriptionManager: getSimStateForSlotIdx: simState=1 slotIndex=0
01-16 21:21:28.416  2396  2639 D SubscriptionController: [getSlotId]- dummy subId -2
01-16 21:21:28.418  2396  2639 D SubscriptionController: getSimStateForSlotIndex:  simState=ABSENT ordinal=1 slotIndex=0
01-16 21:21:28.419  4904  4904 D SubscriptionManager: getSimStateForSlotIdx: simState=1 slotIndex=0
01-16 21:21:28.421  2396  2639 D SubscriptionController: [getSlotId]- dummy subId -2
01-16 21:21:28.428  2396  2639 D SubscriptionController: [getSlotId]- dummy subId -2
01-16 21:21:28.430  2396  2639 D SubscriptionController: getSimStateForSlotIndex:  simState=ABSENT ordinal=1 slotIndex=0
01-16 21:21:28.430  4904  4904 D SubscriptionManager: getSimStateForSlotIdx: simState=1 slotIndex=0
01-16 21:21:28.673  2396  2639 D SubscriptionController: [getPhoneId] asked for default subId=-2
01-16 21:21:28.673  2396  2639 D SubscriptionController: [getPhoneId]- dummy subId -2
01-16 21:21:28.757  2396  2396 D TelephonyNetworkFactory[0]: handleMessage msg={ when=0 what=5 obj=NetworkRequest [ TRACK_DEFAULT id=26, [ Capabilities: INTERNET&NOT_RESTRICTED&TRUSTED Unwanted:  Uid: 10052] ] target=com.android.internal.telephony.dataconnection.TelephonyNetworkFactory$InternalHandler }
01-16 21:21:28.757  2396  2396 D TelephonyNetworkFactory[0]: not releasing - isApp=false, isAct=false NetworkRequest [ TRACK_DEFAULT id=26, [ Capabilities: INTERNET&NOT_RESTRICTED&TRUSTED Unwanted:  Uid: 10052] ]
01-16 21:21:28.757  2396  2396 D DDS-PhoneSwitcher: handleMessage msg={ when=0 what=104 obj=NetworkRequest [ TRACK_DEFAULT id=26, [ Capabilities: INTERNET&NOT_RESTRICTED&TRUSTED Unwanted:  Uid: 10052] ] target=com.android.internal.telephony.PhoneSwitcher }
01-16 21:21:28.758  2396  2396 D DDS-PhoneSwitcher: evaluating due to netReleased
01-16 21:21:28.778  2396  3453 D SubscriptionController: [getPhoneId]- dummy subId -2
01-16 21:21:28.981  2396  3453 D SmsApplication: No PackageName Pattern : com.google.android.googlequicksearchbox
01-16 21:21:29.027  1033  1577 E RILC    : currentSignalStrengthInd: Using vendor specific codes to proceed it
01-16 21:21:29.029  1519  2334 D TelephonyRegistry: idMatch: Check dummy subId=-2 rSubId=-2
01-16 21:21:29.029  1519  2334 D TelephonyRegistry: idMatch: Check dummy subId=-2 rSubId=2147483647
01-16 21:21:29.029  1519  2334 I chatty  : uid=1000(system) Binder:1519_7 identical 5 lines
01-16 21:21:29.029  1519  2334 D TelephonyRegistry: idMatch: Check dummy subId=-2 rSubId=2147483647
01-16 21:21:29.030  2396  2396 D SST     : [0] SignalStrength: 99 99 -120 -160 -120 -160 -1 17 -119 -20 -88 2147483647 0 2147483647 99 255 2147483647 0x1000 P gsm|lte use_rsrp_and_rssnr_for_lte_level  [-128, -118, -108, -98] [-115, -105, -95, -85]
01-16 21:21:29.141  2396  3453 D SubscriptionController: [getSlotId]- dummy subId -2
01-16 21:21:29.142  2396  3453 D SubscriptionController: getSimStateForSlotIndex:  simState=ABSENT ordinal=1 slotIndex=0
01-16 21:21:29.142  4872  4872 D SubscriptionManager: getSimStateForSlotIdx: simState=1 slotIndex=0
01-16 21:21:29.475  2396  2396 D SmsDispatchersController: EVENT_GET_SMSC_DONE_EXTEND
01-16 21:21:29.480  2396  2396 D RILJ    : [0093]> RIL_REQUEST_GET_SMSC_ADDRESS [SUB0]
01-16 21:21:29.480  2396  2396 E SmsDispatchersController: retryGetSmsc count = 2
01-16 21:21:29.482  1033  1577 E RILD    : DoGetSmscAddress():__
01-16 21:21:29.485  1033  1318 E RILD    : QMI_WMS_GET_SMSC_ADDRESS_RESP received with error 52
01-16 21:21:29.485  1033  1577 E RILD    : OnGetSmscAddressDone():__
01-16 21:21:29.485  1033  1577 E RILD    : OnGetSmscAddressDone: failed. (7)
01-16 21:21:29.485  2396  2599 D RILJ    : [0093]< RIL_REQUEST_GET_SMSC_ADDRESS error 38 [SUB0]
01-16 21:21:29.486  2396  2599 D RilRequest: [0093]< RIL_REQUEST_GET_SMSC_ADDRESS error: com.android.internal.telephony.CommandException: INTERNAL_ERR ret=
