01-16 21:22:03.902  1012  1589 E Multi-Client: OemClientReceiver::SetMaxFd: maxfd=11
01-16 21:22:03.902  9649  9649 D use-Rlog/RLOG-RILClient: Connect_RILD: Success to connect
01-16 21:22:03.939  1012  1589 E Multi-Client: OemClientReceiver::Process:
01-16 21:22:03.940  1012  1589 E Multi-Client: OemClientReceiver::Process: fd=11
01-16 21:22:03.940  1012  1589 E Multi-Client: OemClient::Process:
01-16 21:22:03.940  1012  1589 E Multi-Client: SetFd: mServerSock=7
01-16 21:22:03.940  1012  1589 E Multi-Client: SetFd: fd=9
01-16 21:22:03.940  1012  1589 E Multi-Client: SetFd: fd=8
01-16 21:22:03.940  1012  1589 E Multi-Client: SetFd: fd=10
01-16 21:22:03.940  1012  1589 E Multi-Client: SetFd: fd=11
01-16 21:22:03.940  1012  1589 E Multi-Client: OemClientReceiver::SetMaxFd: maxfd=11
01-16 21:22:03.940  1012  1589 E Multi-Client: OemClientReceiver::Process:
01-16 21:22:03.940  1012  1589 E Multi-Client: OemClientReceiver::Process: fd=11
01-16 21:22:03.940  1012  1589 E Multi-Client: OemClient::Process:
01-16 21:22:03.940  1012  1589 E Multi-Client: ProcessBuffer:
01-16 21:22:03.940  1012  1589 E Multi-Client: OemClient::ProcessBuffer() request[0x3B] from [com.samsung.android.ipsgeofence], token[1], datalen[6]
01-16 21:22:03.940  1012  1589 E Multi-Client: SetFd: mServerSock=7
01-16 21:22:03.940  1012  1589 E Multi-Client: SetFd: fd=9
01-16 21:22:03.940  1012  1589 E Multi-Client: SetFd: fd=8
01-16 21:22:03.940  1012  1589 E Multi-Client: SetFd: fd=10
01-16 21:22:03.940  1012  1589 E Multi-Client: SetFd: fd=11
01-16 21:22:03.940  1012  1589 E Multi-Client: OemClientReceiver::SetMaxFd: maxfd=11
01-16 21:22:03.949  1012  1092 E Multi-Client: Oem OnRequestComplete:
01-16 21:22:03.958  1033  1581 E RILD    : ProcessSingleIpcMessageReceived() - There is no IpcHistoryRecord
01-16 21:22:03.958  7996  8016 D RILClient: processUnsolicited(): resp_id (11010), len(158)
01-16 21:22:03.959  4128  4239 D RILS    : processUnsolicited : 11010
01-16 21:22:03.961  2396  2599 D RILJ    : Unsol response received; Sending ack to ril.cpp [SUB0]
01-16 21:22:03.961  2396  2599 D RILJ    : [UNSL]< UNSOL_AM [SUB0]
01-16 21:22:03.961   994  1690 D RILClient: processUnsolicited(): resp_id (11010), len(158)
01-16 21:22:03.966  2396  2396 D TelephonyNetworkFactory[0]: got request NetworkRequest [ TRACK_DEFAULT id=54, [ Capabilities: INTERNET&NOT_RESTRICTED&TRUSTED Unwanted:  Uid: 10052] ] with score 0
01-16 21:22:03.966  2396  2396 D TelephonyNetworkFactory[0]:   my score=50, my filter=[ Transports: CELLULAR Capabilities: MMS&SUPL&DUN&FOTA&IMS&CBS&IA&RCS&XCAP&EIMS&INTERNET&NOT_RESTRICTED&TRUSTED&NOT_VPN&ENT1&FOC&MCX&BIP Unwanted:  Specifier: <-2>]
01-16 21:22:03.966  2396  2396 D TelephonyNetworkFactory[0]: evalRequest
01-16 21:22:03.966  2396  2396 D TelephonyNetworkFactory[0]:   needNetworkFor
01-16 21:22:03.967  2396  2396 D TelephonyNetworkFactory[0]: handleMessage msg={ when=0 what=4 obj=NetworkRequest [ TRACK_DEFAULT id=54, [ Capabilities: INTERNET&NOT_RESTRICTED&TRUSTED Unwanted:  Uid: 10052] ] target=com.android.internal.telephony.dataconnection.TelephonyNetworkFactory$InternalHandler }
01-16 21:22:03.967  2396  2396 D TelephonyNetworkFactory[0]: not acting - isApp=false, isAct=false NetworkRequest [ TRACK_DEFAULT id=54, [ Capabilities: INTERNET&NOT_RESTRICTED&TRUSTED Unwanted:  Uid: 10052] ]
01-16 21:22:03.967  2396  2396 D DDS-PhoneSwitcher: handleMessage msg={ when=-1ms what=103 obj=NetworkRequest [ TRACK_DEFAULT id=54, [ Capabilities: INTERNET&NOT_RESTRICTED&TRUSTED Unwanted:  Uid: 10052] ] target=com.android.internal.telephony.PhoneSwitcher }
01-16 21:22:03.967  2396  2396 D DDS-PhoneSwitcher: evaluating due to netRequest
01-16 21:22:03.969  9649  9704 D use-Rlog/RLOG-RILClient: processUnsolicited(): resp_id (11010), len(158)
01-16 21:22:04.277  2396  2396 D TelephonyNetworkFactory[0]: handleMessage msg={ when=0 what=5 obj=NetworkRequest [ TRACK_DEFAULT id=54, [ Capabilities: INTERNET&NOT_RESTRICTED&TRUSTED Unwanted:  Uid: 10052] ] target=com.android.internal.telephony.dataconnection.TelephonyNetworkFactory$InternalHandler }
01-16 21:22:04.277  2396  2396 D TelephonyNetworkFactory[0]: not releasing - isApp=false, isAct=false NetworkRequest [ TRACK_DEFAULT id=54, [ Capabilities: INTERNET&NOT_RESTRICTED&TRUSTED Unwanted:  Uid: 10052] ]
01-16 21:22:04.279  2396  2396 D DDS-PhoneSwitcher: handleMessage msg={ when=-1ms what=104 obj=NetworkRequest [ TRACK_DEFAULT id=54, [ Capabilities: INTERNET&NOT_RESTRICTED&TRUSTED Unwanted:  Uid: 10052] ] target=com.android.internal.telephony.PhoneSwitcher }
01-16 21:22:04.279  2396  2396 D DDS-PhoneSwitcher: evaluating due to netReleased
01-16 21:22:04.443  2396  2396 D TelephonyNetworkFactory[0]: handleMessage msg={ when=0 what=5 obj=NetworkRequest [ TRACK_DEFAULT id=45, [ Capabilities: INTERNET&NOT_RESTRICTED&TRUSTED Unwanted:  Uid: 10203] ] target=com.android.internal.telephony.dataconnection.TelephonyNetworkFactory$InternalHandler }
01-16 21:22:04.444  2396  2396 D TelephonyNetworkFactory[0]: not releasing - isApp=false, isAct=false NetworkRequest [ TRACK_DEFAULT id=45, [ Capabilities: INTERNET&NOT_RESTRICTED&TRUSTED Unwanted:  Uid: 10203] ]
01-16 21:22:04.447  2396  2396 D DDS-PhoneSwitcher: handleMessage msg={ when=0 what=104 obj=NetworkRequest [ TRACK_DEFAULT id=45, [ Capabilities: INTERNET&NOT_RESTRICTED&TRUSTED Unwanted:  Uid: 10203] ] target=com.android.internal.telephony.PhoneSwitcher }
01-16 21:22:04.447  2396  2396 D DDS-PhoneSwitcher: evaluating due to netReleased
01-16 21:22:04.447  2396  2396 D DDS-PhoneSwitcher: handleMessage msg={ when=-1ms what=104 obj=NetworkRequest [ TRACK_DEFAULT id=42, [ Capabilities: INTERNET&NOT_RESTRICTED&TRUSTED Unwanted:  Uid: 10203] ] target=com.android.internal.telephony.PhoneSwitcher }
01-16 21:22:04.447  2396  2396 D DDS-PhoneSwitcher: evaluating due to netReleased
01-16 21:22:04.447  2396  2396 D TelephonyNetworkFactory[0]: handleMessage msg={ when=-1ms what=5 obj=NetworkRequest [ TRACK_DEFAULT id=42, [ Capabilities: INTERNET&NOT_RESTRICTED&TRUSTED Unwanted:  Uid: 10203] ] target=com.android.internal.telephony.dataconnection.TelephonyNetworkFactory$InternalHandler }
01-16 21:22:04.447  2396  2396 D TelephonyNetworkFactory[0]: not releasing - isApp=false, isAct=false NetworkRequest [ TRACK_DEFAULT id=42, [ Capabilities: INTERNET&NOT_RESTRICTED&TRUSTED Unwanted:  Uid: 10203] ]
01-16 21:22:04.447  2396  2396 D TelephonyNetworkFactory[0]: handleMessage msg={ when=-1ms what=5 obj=NetworkRequest [ TRACK_DEFAULT id=44, [ Capabilities: INTERNET&NOT_RESTRICTED&TRUSTED Unwanted:  Uid: 10203] ] target=com.android.internal.telephony.dataconnection.TelephonyNetworkFactory$InternalHandler }
01-16 21:22:04.447  2396  2396 D TelephonyNetworkFactory[0]: not releasing - isApp=false, isAct=false NetworkRequest [ TRACK_DEFAULT id=44, [ Capabilities: INTERNET&NOT_RESTRICTED&TRUSTED Unwanted:  Uid: 10203] ]
01-16 21:22:04.447  2396  2396 D DDS-PhoneSwitcher: handleMessage msg={ when=-1ms what=104 obj=NetworkRequest [ TRACK_DEFAULT id=44, [ Capabilities: INTERNET&NOT_RESTRICTED&TRUSTED Unwanted:  Uid: 10203] ] target=com.android.internal.telephony.PhoneSwitcher }
01-16 21:22:04.448  2396  2396 D DDS-PhoneSwitcher: evaluating due to netReleased
01-16 21:22:04.448  2396  2396 D TelephonyNetworkFactory[0]: handleMessage msg={ when=-1ms what=5 obj=NetworkRequest [ TRACK_DEFAULT id=46, [ Capabilities: INTERNET&NOT_RESTRICTED&TRUSTED Unwanted:  Uid: 10203] ] target=com.android.internal.telephony.dataconnection.TelephonyNetworkFactory$InternalHandler }
01-16 21:22:04.448  2396  2396 D TelephonyNetworkFactory[0]: not releasing - isApp=false, isAct=false NetworkRequest [ TRACK_DEFAULT id=46, [ Capabilities: INTERNET&NOT_RESTRICTED&TRUSTED Unwanted:  Uid: 10203] ]
01-16 21:22:04.448  2396  2396 D DDS-PhoneSwitcher: handleMessage msg={ when=0 what=104 obj=NetworkRequest [ TRACK_DEFAULT id=46, [ Capabilities: INTERNET&NOT_RESTRICTED&TRUSTED Unwanted:  Uid: 10203] ] target=com.android.internal.telephony.PhoneSwitcher }
01-16 21:22:04.449  2396  2396 D DDS-PhoneSwitcher: evaluating due to netReleased
01-16 21:22:05.073  2396  2639 D SubscriptionController: [getActiveSubInfoList] Sub Controller not ready
01-16 21:22:05.098  2396  2639 D SubscriptionController: [getActiveSubInfoList] Sub Controller not ready
01-16 21:22:05.098  2396  2639 D SubscriptionController: [getActiveSubscriptionInfoForSimSlotIndex]+ subList=null
01-16 21:22:05.099  2396  2639 D SubscriptionController: [getPhoneId]- no sims, returning default phoneId=0
01-16 21:22:05.206  2396  2632 D SubscriptionController: [getSlotId]- dummy subId -2
01-16 21:22:05.208  2396  2639 D SubscriptionController: getSimStateForSlotIndex:  simState=ABSENT ordinal=1 slotIndex=0
01-16 21:22:05.208  9430  9430 D SubscriptionManager: getSimStateForSlotIdx: simState=1 slotIndex=0
01-16 21:22:05.208  2396  2632 D SubscriptionController: [getActiveSubInfoList] Sub Controller not ready
01-16 21:22:05.208  2396  2632 D SubscriptionController: [getActiveSubscriptionInfoForSimSlotIndex]+ subList=null
01-16 21:22:05.211  2396  2639 D SubscriptionController: [getActiveSubInfoList] Sub Controller not ready
01-16 21:22:05.212  2396  2639 D SubscriptionController: [getActiveSubscriptionInfoForSimSlotIndex]+ subList=null
01-16 21:22:05.212  2396  2632 D SubscriptionController: [getActiveSubInfoList] Sub Controller not ready
01-16 21:22:05.212  2396  2632 D SubscriptionController: [getActiveSubscriptionInfoForSimSlotIndex]+ subList=null
01-16 21:22:05.215  2396  3453 D SubscriptionController: [getActiveSubInfoList] Sub Controller not ready
01-16 21:22:05.215  2396  3453 D SubscriptionController: [getActiveSubscriptionInfoForSimSlotIndex]+ subList=null
01-16 21:22:05.219  2396  2632 D SubscriptionController: [getPhoneId]- no sims, returning default phoneId=0
01-16 21:22:05.220  2396  3453 D SubscriptionController: [getPhoneId] asked for default subId=-2
01-16 21:22:05.220  9849  9886 D SubscriptionManager: [getActiveSubscriptionInfoForSimSlotIndex]- invalid slotIndex
01-16 21:22:05.221  2396  3453 D SubscriptionController: [getPhoneId]- dummy subId -2
01-16 21:22:05.224  2396  3453 D SubscriptionController: [getPhoneId]- no sims, returning default phoneId=0
01-16 21:22:05.227  2396  2639 D SubscriptionController: [getActiveSubInfoList] Sub Controller not ready
01-16 21:22:05.228  2396  3453 D SubscriptionController: [getPhoneId]- dummy subId -2
01-16 21:22:05.229  2396  2632 D SubscriptionController: [getActiveSubInfoList] Sub Controller not ready
01-16 21:22:05.230  2396  2632 D SubscriptionController: [getActiveSubscriptionInfoForSimSlotIndex]+ subList=null
01-16 21:22:05.231  2396  2632 D SubscriptionController: [getPhoneId]- no sims, returning default phoneId=0
01-16 21:22:05.233  9849  9886 D SubscriptionManager: [getActiveSubscriptionInfoForSimSlotIndex]- invalid slotIndex
01-16 21:22:05.234  2396  2632 D SubscriptionController: [getPhoneId]- no sims, returning default phoneId=0
01-16 21:22:05.237  2396  3453 D SubscriptionController: getSimStateForSlotIndex:  simState=ABSENT ordinal=1 slotIndex=0
01-16 21:22:05.237  9849  9886 D SubscriptionManager: getSimStateForSlotIdx: simState=1 slotIndex=0
01-16 21:22:05.240  2396  2632 D SubscriptionController: getSimStateForSlotIndex: phone == null simState=UNKNOWN ordinal=0 slotIndex=1
01-16 21:22:05.240  9849  9886 D SubscriptionManager: getSimStateForSlotIdx: simState=0 slotIndex=1
01-16 21:22:05.249  2396  3453 D SubscriptionController: [getActiveSubInfoList] Sub Controller not ready
01-16 21:22:05.250  2396  3453 D SubscriptionController: [getActiveSubscriptionInfoForSimSlotIndex]+ subList=null
01-16 21:22:05.252  2396  3453 D SubscriptionController: [getPhoneId]- no sims, returning default phoneId=0
01-16 21:22:05.253  9849  9886 D SubscriptionManager: [getActiveSubscriptionInfoForSimSlotIndex]- invalid slotIndex
01-16 21:22:05.254  2396  3453 D SubscriptionController: [getPhoneId]- no sims, returning default phoneId=0
01-16 21:22:05.255  2396  3453 D SubscriptionController: [getActiveSubInfoList] Sub Controller not ready
01-16 21:22:05.256  2396  3453 D SubscriptionController: [getActiveSubInfoList] Sub Controller not ready
01-16 21:22:05.256  2396  3453 D SubscriptionController: [getActiveSubscriptionInfoForSimSlotIndex]+ subList=null
01-16 21:22:05.262  2396  3453 D SubscriptionController: [getPhoneId]- no sims, returning default phoneId=0
01-16 21:22:05.264  9849  9886 D SubscriptionManager: [getActiveSubscriptionInfoForSimSlotIndex]- invalid slotIndex
01-16 21:22:05.264  2396  3453 D SubscriptionController: [getPhoneId]- no sims, returning default phoneId=0
01-16 21:22:05.269  2396  3453 D SubscriptionController: getSimStateForSlotIndex:  simState=ABSENT ordinal=1 slotIndex=0
01-16 21:22:05.269  9849  9886 D SubscriptionManager: getSimStateForSlotIdx: simState=1 slotIndex=0
01-16 21:22:05.270  2396  3453 D SubscriptionController: getSimStateForSlotIndex: phone == null simState=UNKNOWN ordinal=0 slotIndex=1
01-16 21:22:05.271  9849  9886 D SubscriptionManager: getSimStateForSlotIdx: simState=0 slotIndex=1
01-16 21:22:05.286  2396  3453 D SubscriptionController: [getActiveSubInfoList] Sub Controller not ready
01-16 21:22:05.286  2396  3453 D SubscriptionController: [getActiveSubscriptionInfoForSimSlotIndex]+ subList=null
01-16 21:22:05.302  2396  3453 D SubscriptionController: [getActiveSubInfoList] Sub Controller not ready
01-16 21:22:05.303  2396  3453 D SubscriptionController: [getActiveSubscriptionInfoForSimSlotIndex]+ subList=null
01-16 21:22:05.303  9849  9889 D SmsManager: [CB] In getCbConfig
01-16 21:22:05.311  2396  3453 D SubscriptionController: [getActiveSubInfoList] Sub Controller not ready
01-16 21:22:05.312  2396  3453 D SubscriptionController: [getActiveSubscriptionInfoForSimSlotIndex]+ subList=null
01-16 21:22:05.313  2396  3453 D SubscriptionController: [getActiveSubInfoList] Sub Controller not ready
01-16 21:22:05.314  2396  3453 D SubscriptionController: [getActiveSubscriptionInfoForSimSlotIndex]+ subList=null
01-16 21:22:05.317  2396  3453 D SubscriptionController: [getPhoneId]- no sims, returning default phoneId=0
01-16 21:22:05.317  2396  3453 D SubscriptionController: [getPhoneId]- no sims, returning default phoneId=0
01-16 21:22:05.328  2396  3453 D RILJ    : [0115]> RIL_REQUEST_GSM_SET_BROADCAST_CONFIG with 1 configs :  [SUB0]
01-16 21:22:05.328  2396  3453 D RILJ    : SmsBroadcastConfigInfo: Id [0,999] Code [0,255] DISABLED [SUB0]
01-16 21:22:05.336  1033  1577 E RILD    : DoGsmSetBroadcastSmsConfig():
01-16 21:22:05.337  1033  1577 E RILD    : enableCb: 2, cbSelectionId: 0x02
01-16 21:22:05.346  2396  2599 D RILJ    : [0115]< RIL_REQUEST_GSM_SET_BROADCAST_CONFIG  [SUB0]
01-16 21:22:05.347  2396  3453 D IccSmsInterfaceManager: Removed GSM cell broadcast subscription for MID range 0 to 999 from client com.samsung.android.messaging PhoneId : [0]
01-16 21:22:05.350  2396  3453 D RILJ    : [0116]> RIL_REQUEST_GSM_BROADCAST_ACTIVATION activate = false [SUB0]
01-16 21:22:05.351  1033  1577 E RILD    : DoGsmSetCBActivation: CBEnable: 0
01-16 21:22:05.352  1033  1577 E RILD    : DoGsmSetCBActivation: enableCb: 2
01-16 21:22:05.355  1033  1577 E RILD    : OnGsmSetCBActivationDone():__
01-16 21:22:05.355  2396  2599 D RILJ    : [0116]< RIL_REQUEST_GSM_BROADCAST_ACTIVATION  [SUB0]
01-16 21:22:05.358  2396  3453 D SubscriptionController: [getActiveSubInfoList] Sub Controller not ready
01-16 21:22:05.358  2396  3453 D SubscriptionController: [getActiveSubscriptionInfoForSimSlotIndex]+ subList=null
01-16 21:22:05.362  2396  3453 D SubscriptionController: [getPhoneId]- no sims, returning default phoneId=0
01-16 21:22:05.363  2396  3453 D SubscriptionController: [getPhoneId]- no sims, returning default phoneId=0
01-16 21:22:05.365  2396  3453 D RILJ    : [0117]> RIL_REQUEST_GSM_SET_BROADCAST_CONFIG with 1 configs :  [SUB0]
01-16 21:22:05.365  2396  3453 D RILJ    : SmsBroadcastConfigInfo: Id [4370,4370] Code [0,255] ENABLED [SUB0]
01-16 21:22:05.367  1033  1577 E RILD    : DoGsmSetBroadcastSmsConfig():
01-16 21:22:05.367  1033  1577 E RILD    : enableCb: 1, cbSelectionId: 0x80
01-16 21:22:05.374  2396  2599 D RILJ    : [0117]< RIL_REQUEST_GSM_SET_BROADCAST_CONFIG  [SUB0]
01-16 21:22:05.375  2396  3453 D IccSmsInterfaceManager: Added GSM cell broadcast subscription for MID range 4370 to 4370 from client com.samsung.android.messaging PhoneId : [0]
01-16 21:22:05.391  2396  3453 D RILJ    : [0118]> RIL_REQUEST_GSM_BROADCAST_ACTIVATION activate = true [SUB0]
01-16 21:22:05.392  1033  1577 E RILD    : DoGsmSetCBActivation: CBEnable: 1
01-16 21:22:05.392  1033  1577 E RILD    : DoGsmSetCBActivation: enableCb: 1
01-16 21:22:05.395  1033  1577 E RILD    : OnGsmSetCBActivationDone():__
01-16 21:22:05.396  2396  2599 D RILJ    : [0118]< RIL_REQUEST_GSM_BROADCAST_ACTIVATION  [SUB0]
01-16 21:22:05.399  2396  3453 D SubscriptionController: [getPhoneId]- no sims, returning default phoneId=0
01-16 21:22:05.399  2396  3453 D SubscriptionController: [getPhoneId]- no sims, returning default phoneId=0
01-16 21:22:05.401  2396  3453 D RILJ    : [0119]> RIL_REQUEST_GSM_SET_BROADCAST_CONFIG with 2 configs :  [SUB0]
01-16 21:22:05.401  2396  3453 D RILJ    : SmsBroadcastConfigInfo: Id [4370,4370] Code [0,255] ENABLED [SUB0]
01-16 21:22:05.401  2396  3453 D RILJ    : SmsBroadcastConfigInfo: Id [4379,4379] Code [0,255] ENABLED [SUB0]
01-16 21:22:05.402  1033  1577 E RILD    : DoGsmSetBroadcastSmsConfig():
01-16 21:22:05.402  1033  1577 E RILD    : enableCb: 1, cbSelectionId: 0x80
01-16 21:22:05.409  2396  2599 D RILJ    : [0119]< RIL_REQUEST_GSM_SET_BROADCAST_CONFIG  [SUB0]
01-16 21:22:05.410  2396  3453 D IccSmsInterfaceManager: Added GSM cell broadcast subscription for MID range 4379 to 4379 from client com.samsung.android.messaging PhoneId : [0]
01-16 21:22:05.411  2396  3453 D RILJ    : [0120]> RIL_REQUEST_GSM_BROADCAST_ACTIVATION activate = true [SUB0]
01-16 21:22:05.412  1033  1577 E RILD    : DoGsmSetCBActivation: CBEnable: 1
01-16 21:22:05.412  1033  1577 E RILD    : DoGsmSetCBActivation: enableCb: 1
01-16 21:22:05.413  1033  1577 E RILD    : OnGsmSetCBActivationDone():__
01-16 21:22:05.414  2396  2599 D RILJ    : [0120]< RIL_REQUEST_GSM_BROADCAST_ACTIVATION  [SUB0]
01-16 21:22:05.415  2396  3453 D SubscriptionController: [getPhoneId]- no sims, returning default phoneId=0
01-16 21:22:05.416  2396  3453 D SubscriptionController: [getPhoneId]- no sims, returning default phoneId=0
01-16 21:22:05.416  2396  3453 D IccSmsInterfaceManager_FAIL: Failed to remove GSM cell broadcast subscription for MID range 4383 to 4383 from client com.samsung.android.messaging PhoneId : [0]
01-16 21:22:05.418  2396  3453 D SubscriptionController: [getPhoneId]- no sims, returning default phoneId=0
01-16 21:22:05.418  2396  3453 D SubscriptionController: [getPhoneId]- no sims, returning default phoneId=0
01-16 21:22:05.419  2396  3453 D IccSmsInterfaceManager_FAIL: Failed to remove GSM cell broadcast subscription for MID range 4392 to 4392 from client com.samsung.android.messaging PhoneId : [0]
01-16 21:22:05.420  2396  3453 D SubscriptionController: [getPhoneId]- no sims, returning default phoneId=0
01-16 21:22:05.420  2396  3453 D SubscriptionController: [getPhoneId]- no sims, returning default phoneId=0
01-16 21:22:05.421  2396  3453 D IccSmsInterfaceManager_FAIL: Failed to remove GSM cell broadcast subscription for MID range 4384 to 4385 from client com.samsung.android.messaging PhoneId : [0]
01-16 21:22:05.422  2396  2632 D SubscriptionController: [getPhoneId]- no sims, returning default phoneId=0
01-16 21:22:05.423  2396  2632 D SubscriptionController: [getPhoneId]- no sims, returning default phoneId=0
01-16 21:22:05.425  2396  2632 D IccSmsInterfaceManager_FAIL: Failed to remove GSM cell broadcast subscription for MID range 4380 to 4382 from client com.samsung.android.messaging PhoneId : [0]
01-16 21:22:05.426  2396  2632 D SubscriptionController: [getPhoneId]- no sims, returning default phoneId=0
01-16 21:22:05.427  2396  2632 D SubscriptionController: [getPhoneId]- no sims, returning default phoneId=0
01-16 21:22:05.427  2396  2632 D IccSmsInterfaceManager_FAIL: Failed to remove GSM cell broadcast subscription for MID range 4393 to 4395 from client com.samsung.android.messaging PhoneId : [0]
01-16 21:22:05.428  2396  2632 D SubscriptionController: [getPhoneId]- no sims, returning default phoneId=0
01-16 21:22:05.429  2396  2632 D SubscriptionController: [getPhoneId]- no sims, returning default phoneId=0
01-16 21:22:05.429  2396  2632 D IccSmsInterfaceManager_FAIL: Failed to remove GSM cell broadcast subscription for MID range 4386 to 4391 from client com.samsung.android.messaging PhoneId : [0]
01-16 21:22:05.430  2396  2632 D SubscriptionController: [getPhoneId]- no sims, returning default phoneId=0
01-16 21:22:05.430  2396  2632 D SubscriptionController: [getPhoneId]- no sims, returning default phoneId=0
01-16 21:22:05.433  2396  2632 D RILJ    : [0121]> RIL_REQUEST_GSM_SET_BROADCAST_CONFIG with 3 configs :  [SUB0]
01-16 21:22:05.433  2396  2632 D RILJ    : SmsBroadcastConfigInfo: Id [4370,4370] Code [0,255] ENABLED [SUB0]
01-16 21:22:05.433  2396  2632 D RILJ    : SmsBroadcastConfigInfo: Id [4379,4379] Code [0,255] ENABLED [SUB0]
01-16 21:22:05.433  2396  2632 D RILJ    : SmsBroadcastConfigInfo: Id [4371,4372] Code [0,255] ENABLED [SUB0]
01-16 21:22:05.434  1033  1577 E RILD    : DoGsmSetBroadcastSmsConfig():
01-16 21:22:05.435  1033  1577 E RILD    : enableCb: 1, cbSelectionId: 0x80
01-16 21:22:05.443  2396  2599 D RILJ    : [0121]< RIL_REQUEST_GSM_SET_BROADCAST_CONFIG  [SUB0]
01-16 21:22:05.444  2396  2632 D IccSmsInterfaceManager: Added GSM cell broadcast subscription for MID range 4371 to 4372 from client com.samsung.android.messaging PhoneId : [0]
01-16 21:22:05.447  2396  2632 D RILJ    : [0122]> RIL_REQUEST_GSM_BROADCAST_ACTIVATION activate = true [SUB0]
01-16 21:22:05.447  1033  1577 E RILD    : DoGsmSetCBActivation: CBEnable: 1
01-16 21:22:05.447  1033  1577 E RILD    : DoGsmSetCBActivation: enableCb: 1
01-16 21:22:05.448  1033  1577 E RILD    : OnGsmSetCBActivationDone():__
01-16 21:22:05.449  2396  2599 D RILJ    : [0122]< RIL_REQUEST_GSM_BROADCAST_ACTIVATION  [SUB0]
01-16 21:22:05.450  2396  2632 D SubscriptionController: [getPhoneId]- no sims, returning default phoneId=0
01-16 21:22:05.451  2396  2632 D SubscriptionController: [getPhoneId]- no sims, returning default phoneId=0
01-16 21:22:05.453  2396  2632 D RILJ    : [0123]> RIL_REQUEST_GSM_SET_BROADCAST_CONFIG with 3 configs :  [SUB0]
01-16 21:22:05.453  2396  2632 D RILJ    : SmsBroadcastConfigInfo: Id [4370,4372] Code [0,255] ENABLED [SUB0]
01-16 21:22:05.453  2396  2632 D RILJ    : SmsBroadcastConfigInfo: Id [4379,4379] Code [0,255] ENABLED [SUB0]
01-16 21:22:05.453  2396  2632 D RILJ    : SmsBroadcastConfigInfo: Id [4373,4378] Code [0,255] ENABLED [SUB0]
01-16 21:22:05.454  1033  1577 E RILD    : DoGsmSetBroadcastSmsConfig():
01-16 21:22:05.454  1033  1577 E RILD    : enableCb: 1, cbSelectionId: 0x80
01-16 21:22:05.464  2396  2599 D RILJ    : [0123]< RIL_REQUEST_GSM_SET_BROADCAST_CONFIG  [SUB0]
01-16 21:22:05.464  2396  2632 D IccSmsInterfaceManager: Added GSM cell broadcast subscription for MID range 4373 to 4378 from client com.samsung.android.messaging PhoneId : [0]
01-16 21:22:05.466  2396  2632 D RILJ    : [0124]> RIL_REQUEST_GSM_BROADCAST_ACTIVATION activate = true [SUB0]
01-16 21:22:05.466  1033  1577 E RILD    : DoGsmSetCBActivation: CBEnable: 1
01-16 21:22:05.466  1033  1577 E RILD    : DoGsmSetCBActivation: enableCb: 1
01-16 21:22:05.467  1033  1577 E RILD    : OnGsmSetCBActivationDone():__
01-16 21:22:05.467  2396  2599 D RILJ    : [0124]< RIL_REQUEST_GSM_BROADCAST_ACTIVATION  [SUB0]
01-16 21:22:06.239  2396  2396 D TelephonyNetworkFactory[0]: got request NetworkRequest [ TRACK_DEFAULT id=56, [ Capabilities: INTERNET&NOT_RESTRICTED&TRUSTED Unwanted:  Uid: 5017] ] with score 0
01-16 21:22:06.239  2396  2396 D TelephonyNetworkFactory[0]:   my score=50, my filter=[ Transports: CELLULAR Capabilities: MMS&SUPL&DUN&FOTA&IMS&CBS&IA&RCS&XCAP&EIMS&INTERNET&NOT_RESTRICTED&TRUSTED&NOT_VPN&ENT1&FOC&MCX&BIP Unwanted:  Specifier: <-2>]
01-16 21:22:06.239  2396  2396 D TelephonyNetworkFactory[0]: evalRequest
01-16 21:22:06.239  2396  2396 D TelephonyNetworkFactory[0]:   needNetworkFor
01-16 21:22:06.239  2396  2396 D DDS-PhoneSwitcher: handleMessage msg={ when=0 what=103 obj=NetworkRequest [ TRACK_DEFAULT id=56, [ Capabilities: INTERNET&NOT_RESTRICTED&TRUSTED Unwanted:  Uid: 5017] ] target=com.android.internal.telephony.PhoneSwitcher }
01-16 21:22:06.239  2396  2396 D DDS-PhoneSwitcher: evaluating due to netRequest
01-16 21:22:06.239  2396  2396 D TelephonyNetworkFactory[0]: handleMessage msg={ when=-1ms what=4 obj=NetworkRequest [ TRACK_DEFAULT id=56, [ Capabilities: INTERNET&NOT_RESTRICTED&TRUSTED Unwanted:  Uid: 5017] ] target=com.android.internal.telephony.dataconnection.TelephonyNetworkFactory$InternalHandler }
01-16 21:22:06.239  2396  2396 D TelephonyNetworkFactory[0]: not acting - isApp=false, isAct=false NetworkRequest [ TRACK_DEFAULT id=56, [ Capabilities: INTERNET&NOT_RESTRICTED&TRUSTED Unwanted:  Uid: 5017] ]
01-16 21:22:06.455  2396  7778 D SmsApplication: onPackageChanged: run
01-16 21:22:06.464  2396  7778 D SmsApplication: onPackageChanged: end
01-16 21:22:06.486  2396  7778 D SmsApplication: onPackageChanged: run
01-16 21:22:06.497  2396  7778 D SmsApplication: onPackageChanged: end
01-16 21:22:06.535  2396  3453 D SubscriptionController: getSimStateForSlotIndex:  simState=ABSENT ordinal=1 slotIndex=0
01-16 21:22:06.535  5298  5322 D SubscriptionManager: getSimStateForSlotIdx: simState=1 slotIndex=0
01-16 21:22:06.540  2396  3453 D SubscriptionController: getSimStateForSlotIndex: phone == null simState=UNKNOWN ordinal=0 slotIndex=1
01-16 21:22:06.540  5298  5322 D SubscriptionManager: getSimStateForSlotIdx: simState=0 slotIndex=1
01-16 21:22:06.551  2396  3453 D SubscriptionController: getSimStateForSlotIndex:  simState=ABSENT ordinal=1 slotIndex=0
01-16 21:22:06.551  5298  5322 D SubscriptionManager: getSimStateForSlotIdx: simState=1 slotIndex=0
01-16 21:22:06.556  2396  3453 D SubscriptionController: getSimStateForSlotIndex: phone == null simState=UNKNOWN ordinal=0 slotIndex=1
01-16 21:22:06.556  5298  5322 D SubscriptionManager: getSimStateForSlotIdx: simState=0 slotIndex=1
01-16 21:22:06.731  2396  3453 D SubscriptionController: getSimStateForSlotIndex:  simState=ABSENT ordinal=1 slotIndex=0
01-16 21:22:06.731  5298  5322 D SubscriptionManager: getSimStateForSlotIdx: simState=1 slotIndex=0
01-16 21:22:06.736  2396  3453 D SubscriptionController: getSimStateForSlotIndex: phone == null simState=UNKNOWN ordinal=0 slotIndex=1
01-16 21:22:06.736  5298  5322 D SubscriptionManager: getSimStateForSlotIdx: simState=0 slotIndex=1
01-16 21:22:06.749  2396  3453 D SubscriptionController: getSimStateForSlotIndex:  simState=ABSENT ordinal=1 slotIndex=0
01-16 21:22:06.749  5298  5322 D SubscriptionManager: getSimStateForSlotIdx: simState=1 slotIndex=0
01-16 21:22:06.753  2396  3453 D SubscriptionController: getSimStateForSlotIndex: phone == null simState=UNKNOWN ordinal=0 slotIndex=1
01-16 21:22:06.753  5298  5322 D SubscriptionManager: getSimStateForSlotIdx: simState=0 slotIndex=1
01-16 21:22:07.104  2396  2396 D TelephonyNetworkFactory[0]: handleMessage msg={ when=0 what=5 obj=NetworkRequest [ TRACK_DEFAULT id=53, [ Capabilities: INTERNET&NOT_RESTRICTED&TRUSTED Unwanted:  Uid: 10064] ] target=com.android.internal.telephony.dataconnection.TelephonyNetworkFactory$InternalHandler }
01-16 21:22:07.104  2396  2396 D TelephonyNetworkFactory[0]: not releasing - isApp=false, isAct=false NetworkRequest [ TRACK_DEFAULT id=53, [ Capabilities: INTERNET&NOT_RESTRICTED&TRUSTED Unwanted:  Uid: 10064] ]
01-16 21:22:07.104  2396  2396 D DDS-PhoneSwitcher: handleMessage msg={ when=-1ms what=104 obj=NetworkRequest [ TRACK_DEFAULT id=53, [ Capabilities: INTERNET&NOT_RESTRICTED&TRUSTED Unwanted:  Uid: 10064] ] target=com.android.internal.telephony.PhoneSwitcher }
01-16 21:22:07.104  2396  2396 D DDS-PhoneSwitcher: evaluating due to netReleased
01-16 21:22:07.235  2396  2396 D DDS-PhoneSwitcher: handleMessage msg={ when=0 what=104 obj=NetworkRequest [ TRACK_DEFAULT id=47, [ Capabilities: INTERNET&NOT_RESTRICTED&TRUSTED Unwanted:  Uid: 10064] ] target=com.android.internal.telephony.PhoneSwitcher }
01-16 21:22:07.235  2396  2396 D DDS-PhoneSwitcher: evaluating due to netReleased
01-16 21:22:07.236  2396  2396 D TelephonyNetworkFactory[0]: handleMessage msg={ when=0 what=5 obj=NetworkRequest [ TRACK_DEFAULT id=47, [ Capabilities: INTERNET&NOT_RESTRICTED&TRUSTED Unwanted:  Uid: 10064] ] target=com.android.internal.telephony.dataconnection.TelephonyNetworkFactory$InternalHandler }
01-16 21:22:07.236  2396  2396 D TelephonyNetworkFactory[0]: not releasing - isApp=false, isAct=false NetworkRequest [ TRACK_DEFAULT id=47, [ Capabilities: INTERNET&NOT_RESTRICTED&TRUSTED Unwanted:  Uid: 10064] ]
01-16 21:22:11.162  2396  2396 D SubscriptionController: getSimStateForSlotIndex:  simState=ABSENT ordinal=1 slotIndex=0
01-16 21:22:11.162  2396  2396 D SubscriptionManager: getSimStateForSlotIdx: simState=1 slotIndex=0
01-16 21:22:11.163  2396  2396 D SubscriptionController: getSimStateForSlotIndex: phone == null simState=UNKNOWN ordinal=0 slotIndex=1
01-16 21:22:11.163  2396  2396 D SubscriptionManager: getSimStateForSlotIdx: simState=0 slotIndex=1
01-16 21:22:11.321  1012  1589 E Multi-Client: OemClientReceiver::Process:
01-16 21:22:11.322  1012  1589 E Multi-Client: OemClientReceiver::Process: fd=11
01-16 21:22:11.322  1012  1589 E Multi-Client: OemClient::Process:
01-16 21:22:11.322  1012  1589 E Multi-Client: OemClient::Process(): EOS. oem client(11), errno:11
01-16 21:22:11.323  1012  1589 E Multi-Client: SetFd: mServerSock=7
01-16 21:22:11.323  1012  1589 E Multi-Client: SetFd: fd=9
01-16 21:22:11.323  1012  1589 E Multi-Client: SetFd: fd=8
01-16 21:22:11.323  1012  1589 E Multi-Client: SetFd: fd=10
01-16 21:22:11.323  1012  1589 E Multi-Client: OemClientReceiver::SetMaxFd: maxfd=10
01-16 21:22:11.369  2396  2396 D DDS-PhoneSwitcher: handleMessage msg={ when=0 what=104 obj=NetworkRequest [ TRACK_DEFAULT id=50, [ Capabilities: INTERNET&NOT_RESTRICTED&TRUSTED Unwanted:  Uid: 10147] ] target=com.android.internal.telephony.PhoneSwitcher }
01-16 21:22:11.370  2396  2396 D DDS-PhoneSwitcher: evaluating due to netReleased
01-16 21:22:11.370  2396  2396 D TelephonyNetworkFactory[0]: handleMessage msg={ when=-1ms what=5 obj=NetworkRequest [ TRACK_DEFAULT id=50, [ Capabilities: INTERNET&NOT_RESTRICTED&TRUSTED Unwanted:  Uid: 10147] ] target=com.android.internal.telephony.dataconnection.TelephonyNetworkFactory$InternalHandler }
01-16 21:22:11.370  2396  2396 D TelephonyNetworkFactory[0]: not releasing - isApp=false, isAct=false NetworkRequest [ TRACK_DEFAULT id=50, [ Capabilities: INTERNET&NOT_RESTRICTED&TRUSTED Unwanted:  Uid: 10147] ]
01-16 21:22:13.602  2396  3453 D SubscriptionController: [getActiveSubInfoList] Sub Controller not ready
01-16 21:22:13.603  2396  3453 D SubscriptionController: [getActiveSubscriptionInfoForSimSlotIndex]+ subList=null
01-16 21:22:14.765  2396  2396 D TelephonyNetworkFactory[0]: handleMessage msg={ when=0 what=5 obj=NetworkRequest [ TRACK_DEFAULT id=56, [ Capabilities: INTERNET&NOT_RESTRICTED&TRUSTED Unwanted:  Uid: 5017] ] target=com.android.internal.telephony.dataconnection.TelephonyNetworkFactory$InternalHandler }
01-16 21:22:14.765  2396  2396 D TelephonyNetworkFactory[0]: not releasing - isApp=false, isAct=false NetworkRequest [ TRACK_DEFAULT id=56, [ Capabilities: INTERNET&NOT_RESTRICTED&TRUSTED Unwanted:  Uid: 5017] ]
01-16 21:22:14.765  2396  2396 D DDS-PhoneSwitcher: handleMessage msg={ when=0 what=104 obj=NetworkRequest [ TRACK_DEFAULT id=56, [ Capabilities: INTERNET&NOT_RESTRICTED&TRUSTED Unwanted:  Uid: 5017] ] target=com.android.internal.telephony.PhoneSwitcher }
01-16 21:22:14.765  2396  2396 D DDS-PhoneSwitcher: evaluating due to netReleased
01-16 21:22:14.795  2396  2639 D SubscriptionController: [getPhoneId]- dummy subId -2
01-16 21:22:14.834  2396  2639 D SubscriptionController: [getSlotId]- dummy subId -2
01-16 21:22:14.834  2396  2639 D SubscriptionController: getSimStateForSlotIndex:  simState=ABSENT ordinal=1 slotIndex=0
01-16 21:22:14.834 10660 10713 D SubscriptionManager: getSimStateForSlotIdx: simState=1 slotIndex=0
01-16 21:22:14.858  2396  2396 D TelephonyNetworkFactory[0]: got request NetworkRequest [ TRACK_DEFAULT id=58, [ Capabilities: INTERNET&NOT_RESTRICTED&TRUSTED Unwanted:  Uid: 10064] ] with score 0
01-16 21:22:14.859  2396  2396 D TelephonyNetworkFactory[0]:   my score=50, my filter=[ Transports: CELLULAR Capabilities: MMS&SUPL&DUN&FOTA&IMS&CBS&IA&RCS&XCAP&EIMS&INTERNET&NOT_RESTRICTED&TRUSTED&NOT_VPN&ENT1&FOC&MCX&BIP Unwanted:  Specifier: <-2>]
01-16 21:22:14.859  2396  2396 D TelephonyNetworkFactory[0]: evalRequest
01-16 21:22:14.859  2396  2396 D TelephonyNetworkFactory[0]:   needNetworkFor
01-16 21:22:14.859  2396  2396 D TelephonyNetworkFactory[0]: handleMessage msg={ when=-1ms what=4 obj=NetworkRequest [ TRACK_DEFAULT id=58, [ Capabilities: INTERNET&NOT_RESTRICTED&TRUSTED Unwanted:  Uid: 10064] ] target=com.android.internal.telephony.dataconnection.TelephonyNetworkFactory$InternalHandler }
01-16 21:22:14.860  2396  2396 D TelephonyNetworkFactory[0]: not acting - isApp=false, isAct=false NetworkRequest [ TRACK_DEFAULT id=58, [ Capabilities: INTERNET&NOT_RESTRICTED&TRUSTED Unwanted:  Uid: 10064] ]
01-16 21:22:14.860  2396  2396 D DDS-PhoneSwitcher: handleMessage msg={ when=0 what=103 obj=NetworkRequest [ TRACK_DEFAULT id=58, [ Capabilities: INTERNET&NOT_RESTRICTED&TRUSTED Unwanted:  Uid: 10064] ] target=com.android.internal.telephony.PhoneSwitcher }
01-16 21:22:14.860  2396  2396 D DDS-PhoneSwitcher: evaluating due to netRequest
01-16 21:22:15.009  2396  3453 D SubscriptionController: [getSlotId]- dummy subId -2
01-16 21:22:15.009  2396  3453 D SubscriptionController: getSimStateForSlotIndex:  simState=ABSENT ordinal=1 slotIndex=0
01-16 21:22:15.010 10660 10714 D SubscriptionManager: getSimStateForSlotIdx: simState=1 slotIndex=0
01-16 21:22:15.067  2396  3453 D SubscriptionController: [getSlotId]- dummy subId -2
01-16 21:22:15.068  2396  3453 D SubscriptionController: getSimStateForSlotIndex:  simState=ABSENT ordinal=1 slotIndex=0
01-16 21:22:15.068 10660 10733 D SubscriptionManager: getSimStateForSlotIdx: simState=1 slotIndex=0
01-16 21:22:15.117  2396  3453 D SubscriptionController: [getSlotId]- dummy subId -2
01-16 21:22:15.117  2396  3453 D SubscriptionController: getSimStateForSlotIndex:  simState=ABSENT ordinal=1 slotIndex=0
01-16 21:22:15.119 10660 10715 D SubscriptionManager: getSimStateForSlotIdx: simState=1 slotIndex=0
01-16 21:22:15.345  2396  3453 D SubscriptionController: [getSlotId]- dummy subId -2
01-16 21:22:15.347  2396  3453 D SubscriptionController: getSimStateForSlotIndex:  simState=ABSENT ordinal=1 slotIndex=0
01-16 21:22:15.347 10660 10714 D SubscriptionManager: getSimStateForSlotIdx: simState=1 slotIndex=0
01-16 21:22:15.404  2396  2396 D TelephonyNetworkFactory[0]: got request NetworkRequest [ TRACK_DEFAULT id=60, [ Capabilities: INTERNET&NOT_RESTRICTED&TRUSTED Unwanted:  Uid: 10217] ] with score 0
01-16 21:22:15.404  2396  2396 D TelephonyNetworkFactory[0]:   my score=50, my filter=[ Transports: CELLULAR Capabilities: MMS&SUPL&DUN&FOTA&IMS&CBS&IA&RCS&XCAP&EIMS&INTERNET&NOT_RESTRICTED&TRUSTED&NOT_VPN&ENT1&FOC&MCX&BIP Unwanted:  Specifier: <-2>]
01-16 21:22:15.404  2396  2396 D TelephonyNetworkFactory[0]: evalRequest
01-16 21:22:15.404  2396  2396 D TelephonyNetworkFactory[0]:   needNetworkFor
01-16 21:22:15.404  2396  2396 D TelephonyNetworkFactory[0]: handleMessage msg={ when=0 what=4 obj=NetworkRequest [ TRACK_DEFAULT id=60, [ Capabilities: INTERNET&NOT_RESTRICTED&TRUSTED Unwanted:  Uid: 10217] ] target=com.android.internal.telephony.dataconnection.TelephonyNetworkFactory$InternalHandler }
01-16 21:22:15.404  2396  2396 D TelephonyNetworkFactory[0]: not acting - isApp=false, isAct=false NetworkRequest [ TRACK_DEFAULT id=60, [ Capabilities: INTERNET&NOT_RESTRICTED&TRUSTED Unwanted:  Uid: 10217] ]
01-16 21:22:15.404  2396  2396 D DDS-PhoneSwitcher: handleMessage msg={ when=0 what=103 obj=NetworkRequest [ TRACK_DEFAULT id=60, [ Capabilities: INTERNET&NOT_RESTRICTED&TRUSTED Unwanted:  Uid: 10217] ] target=com.android.internal.telephony.PhoneSwitcher }
01-16 21:22:15.405  2396  2396 D DDS-PhoneSwitcher: evaluating due to netRequest
01-16 21:22:15.474  2396  2396 D TelephonyNetworkFactory[0]: got request NetworkRequest [ TRACK_DEFAULT id=61, [ Capabilities: INTERNET&NOT_RESTRICTED&TRUSTED Unwanted:  Uid: 10217] ] with score 0
01-16 21:22:15.474  2396  2396 D TelephonyNetworkFactory[0]:   my score=50, my filter=[ Transports: CELLULAR Capabilities: MMS&SUPL&DUN&FOTA&IMS&CBS&IA&RCS&XCAP&EIMS&INTERNET&NOT_RESTRICTED&TRUSTED&NOT_VPN&ENT1&FOC&MCX&BIP Unwanted:  Specifier: <-2>]
01-16 21:22:15.474  2396  2396 D TelephonyNetworkFactory[0]: evalRequest
01-16 21:22:15.474  2396  2396 D TelephonyNetworkFactory[0]:   needNetworkFor
01-16 21:22:15.474  2396  2396 D DDS-PhoneSwitcher: handleMessage msg={ when=-1ms what=103 obj=NetworkRequest [ TRACK_DEFAULT id=61, [ Capabilities: INTERNET&NOT_RESTRICTED&TRUSTED Unwanted:  Uid: 10217] ] target=com.android.internal.telephony.PhoneSwitcher }
01-16 21:22:15.474  2396  2396 D DDS-PhoneSwitcher: evaluating due to netRequest
01-16 21:22:15.474  2396  2396 D TelephonyNetworkFactory[0]: handleMessage msg={ when=0 what=4 obj=NetworkRequest [ TRACK_DEFAULT id=61, [ Capabilities: INTERNET&NOT_RESTRICTED&TRUSTED Unwanted:  Uid: 10217] ] target=com.android.internal.telephony.dataconnection.TelephonyNetworkFactory$InternalHandler }
01-16 21:22:15.474  2396  2396 D TelephonyNetworkFactory[0]: not acting - isApp=false, isAct=false NetworkRequest [ TRACK_DEFAULT id=61, [ Capabilities: INTERNET&NOT_RESTRICTED&TRUSTED Unwanted:  Uid: 10217] ]
01-16 21:22:16.458  2396  2639 D SubscriptionController: [getPhoneId]- dummy subId -2
01-16 21:22:16.585  2396  2396 D TelephonyNetworkFactory[0]: got request NetworkRequest [ TRACK_DEFAULT id=62, [ Capabilities: INTERNET&NOT_RESTRICTED&TRUSTED Unwanted:  Uid: 10064] ] with score 0
01-16 21:22:16.585  2396  2396 D TelephonyNetworkFactory[0]:   my score=50, my filter=[ Transports: CELLULAR Capabilities: MMS&SUPL&DUN&FOTA&IMS&CBS&IA&RCS&XCAP&EIMS&INTERNET&NOT_RESTRICTED&TRUSTED&NOT_VPN&ENT1&FOC&MCX&BIP Unwanted:  Specifier: <-2>]
01-16 21:22:16.585  2396  2396 D TelephonyNetworkFactory[0]: evalRequest
01-16 21:22:16.585  2396  2396 D TelephonyNetworkFactory[0]:   needNetworkFor
01-16 21:22:16.585  2396  2396 D TelephonyNetworkFactory[0]: handleMessage msg={ when=0 what=4 obj=NetworkRequest [ TRACK_DEFAULT id=62, [ Capabilities: INTERNET&NOT_RESTRICTED&TRUSTED Unwanted:  Uid: 10064] ] target=com.android.internal.telephony.dataconnection.TelephonyNetworkFactory$InternalHandler }
01-16 21:22:16.585  2396  2396 D TelephonyNetworkFactory[0]: not acting - isApp=false, isAct=false NetworkRequest [ TRACK_DEFAULT id=62, [ Capabilities: INTERNET&NOT_RESTRICTED&TRUSTED Unwanted:  Uid: 10064] ]
01-16 21:22:16.585  2396  2396 D DDS-PhoneSwitcher: handleMessage msg={ when=-1ms what=103 obj=NetworkRequest [ TRACK_DEFAULT id=62, [ Capabilities: INTERNET&NOT_RESTRICTED&TRUSTED Unwanted:  Uid: 10064] ] target=com.android.internal.telephony.PhoneSwitcher }
01-16 21:22:16.585  2396  2396 D DDS-PhoneSwitcher: evaluating due to netRequest
01-16 21:22:18.917  2396  2396 D TelephonyNetworkFactory[0]: got request NetworkRequest [ TRACK_DEFAULT id=63, [ Capabilities: INTERNET&NOT_RESTRICTED&TRUSTED Unwanted:  Uid: 10216] ] with score 0
01-16 21:22:18.917  2396  2396 D TelephonyNetworkFactory[0]:   my score=50, my filter=[ Transports: CELLULAR Capabilities: MMS&SUPL&DUN&FOTA&IMS&CBS&IA&RCS&XCAP&EIMS&INTERNET&NOT_RESTRICTED&TRUSTED&NOT_VPN&ENT1&FOC&MCX&BIP Unwanted:  Specifier: <-2>]
01-16 21:22:18.917  2396  2396 D TelephonyNetworkFactory[0]: evalRequest
01-16 21:22:18.917  2396  2396 D TelephonyNetworkFactory[0]:   needNetworkFor
01-16 21:22:18.917  2396  2396 D TelephonyNetworkFactory[0]: handleMessage msg={ when=0 what=4 obj=NetworkRequest [ TRACK_DEFAULT id=63, [ Capabilities: INTERNET&NOT_RESTRICTED&TRUSTED Unwanted:  Uid: 10216] ] target=com.android.internal.telephony.dataconnection.TelephonyNetworkFactory$InternalHandler }
01-16 21:22:18.918  2396  2396 D TelephonyNetworkFactory[0]: not acting - isApp=false, isAct=false NetworkRequest [ TRACK_DEFAULT id=63, [ Capabilities: INTERNET&NOT_RESTRICTED&TRUSTED Unwanted:  Uid: 10216] ]
01-16 21:22:18.918  2396  2396 D DDS-PhoneSwitcher: handleMessage msg={ when=-1ms what=103 obj=NetworkRequest [ TRACK_DEFAULT id=63, [ Capabilities: INTERNET&NOT_RESTRICTED&TRUSTED Unwanted:  Uid: 10216] ] target=com.android.internal.telephony.PhoneSwitcher }
01-16 21:22:18.918  2396  2396 D DDS-PhoneSwitcher: evaluating due to netRequest
01-16 21:22:21.228  2396  2396 D TelephonyNetworkFactory[0]: got request NetworkRequest [ TRACK_DEFAULT id=65, [ Capabilities: INTERNET&NOT_RESTRICTED&TRUSTED Unwanted:  Uid: 10221] ] with score 0
01-16 21:22:21.228  2396  2396 D TelephonyNetworkFactory[0]:   my score=50, my filter=[ Transports: CELLULAR Capabilities: MMS&SUPL&DUN&FOTA&IMS&CBS&IA&RCS&XCAP&EIMS&INTERNET&NOT_RESTRICTED&TRUSTED&NOT_VPN&ENT1&FOC&MCX&BIP Unwanted:  Specifier: <-2>]
01-16 21:22:21.228  2396  2396 D TelephonyNetworkFactory[0]: evalRequest
01-16 21:22:21.228  2396  2396 D TelephonyNetworkFactory[0]:   needNetworkFor
01-16 21:22:21.228  2396  2396 D TelephonyNetworkFactory[0]: handleMessage msg={ when=0 what=4 obj=NetworkRequest [ TRACK_DEFAULT id=65, [ Capabilities: INTERNET&NOT_RESTRICTED&TRUSTED Unwanted:  Uid: 10221] ] target=com.android.internal.telephony.dataconnection.TelephonyNetworkFactory$InternalHandler }
01-16 21:22:21.229  2396  2396 D TelephonyNetworkFactory[0]: not acting - isApp=false, isAct=false NetworkRequest [ TRACK_DEFAULT id=65, [ Capabilities: INTERNET&NOT_RESTRICTED&TRUSTED Unwanted:  Uid: 10221] ]
01-16 21:22:21.229  2396  2396 D DDS-PhoneSwitcher: handleMessage msg={ when=0 what=103 obj=NetworkRequest [ TRACK_DEFAULT id=65, [ Capabilities: INTERNET&NOT_RESTRICTED&TRUSTED Unwanted:  Uid: 10221] ] target=com.android.internal.telephony.PhoneSwitcher }
01-16 21:22:21.229  2396  2396 D DDS-PhoneSwitcher: evaluating due to netRequest
01-16 21:22:21.282  2396  3453 D SubscriptionController: [getSlotId]- dummy subId -2
01-16 21:22:21.283  2396  3453 D SubscriptionController: getSimStateForSlotIndex:  simState=ABSENT ordinal=1 slotIndex=0
01-16 21:22:21.283 11049 11049 D SubscriptionManager: getSimStateForSlotIdx: simState=1 slotIndex=0
01-16 21:22:21.376  2396  3453 D SubscriptionController: [getSlotId]- dummy subId -2
01-16 21:22:21.377  2396  3453 D SubscriptionController: getSimStateForSlotIndex:  simState=ABSENT ordinal=1 slotIndex=0
01-16 21:22:21.377 11049 11049 D SubscriptionManager: getSimStateForSlotIdx: simState=1 slotIndex=0
01-16 21:22:21.383  2396  3453 D SubscriptionController: [getSlotId]- dummy subId -2
01-16 21:22:21.384  2396  3453 D SubscriptionController: getSimStateForSlotIndex:  simState=ABSENT ordinal=1 slotIndex=0
01-16 21:22:21.384 11049 11049 D SubscriptionManager: getSimStateForSlotIdx: simState=1 slotIndex=0
01-16 21:22:22.115  2396  2396 D TelephonyNetworkFactory[0]: got request NetworkRequest [ TRACK_DEFAULT id=66, [ Capabilities: INTERNET&NOT_RESTRICTED&TRUSTED Unwanted:  Uid: 10221] ] with score 0
01-16 21:22:22.115  2396  2396 D TelephonyNetworkFactory[0]:   my score=50, my filter=[ Transports: CELLULAR Capabilities: MMS&SUPL&DUN&FOTA&IMS&CBS&IA&RCS&XCAP&EIMS&INTERNET&NOT_RESTRICTED&TRUSTED&NOT_VPN&ENT1&FOC&MCX&BIP Unwanted:  Specifier: <-2>]
01-16 21:22:22.115  2396  2396 D TelephonyNetworkFactory[0]: evalRequest
01-16 21:22:22.115  2396  2396 D TelephonyNetworkFactory[0]:   needNetworkFor
01-16 21:22:22.115  2396  2396 D DDS-PhoneSwitcher: handleMessage msg={ when=0 what=103 obj=NetworkRequest [ TRACK_DEFAULT id=66, [ Capabilities: INTERNET&NOT_RESTRICTED&TRUSTED Unwanted:  Uid: 10221] ] target=com.android.internal.telephony.PhoneSwitcher }
01-16 21:22:22.116  2396  2396 D DDS-PhoneSwitcher: evaluating due to netRequest
01-16 21:22:22.116  2396  2396 D TelephonyNetworkFactory[0]: handleMessage msg={ when=-1ms what=4 obj=NetworkRequest [ TRACK_DEFAULT id=66, [ Capabilities: INTERNET&NOT_RESTRICTED&TRUSTED Unwanted:  Uid: 10221] ] target=com.android.internal.telephony.dataconnection.TelephonyNetworkFactory$InternalHandler }
01-16 21:22:22.116  2396  2396 D TelephonyNetworkFactory[0]: not acting - isApp=false, isAct=false NetworkRequest [ TRACK_DEFAULT id=66, [ Capabilities: INTERNET&NOT_RESTRICTED&TRUSTED Unwanted:  Uid: 10221] ]
01-16 21:22:22.334  4128  4128 D RILS    : handleMessage(): { when=-1ms what=13 target=com.sec.phone.SecPhoneService$1 }
01-16 21:22:22.337  2396  2639 D SubscriptionController: [getPhoneId]- dummy subId -2
01-16 21:22:22.338  4128  4128 D RILS    : [0001]> OEM_HOOK_RAW[510d0004]
01-16 21:22:22.349  1012  1589 E Multi-Client: OemClientReceiver::Process:
01-16 21:22:22.350  1012  1589 E Multi-Client: OemClientReceiver::Process: fd=8
01-16 21:22:22.350  1012  1589 E Multi-Client: OemClient::Process:
01-16 21:22:22.350  1012  1589 E Multi-Client: ProcessBuffer:
01-16 21:22:22.350  1012  1589 E Multi-Client: OemClient::ProcessBuffer() request[0x3B] from [com.sec.phone], token[1], datalen[4]
01-16 21:22:22.350  1012  1589 E Multi-Client: SetFd: mServerSock=7
01-16 21:22:22.350  1012  1589 E Multi-Client: SetFd: fd=9
01-16 21:22:22.350  1012  1589 E Multi-Client: SetFd: fd=8
01-16 21:22:22.350  1012  1589 E Multi-Client: SetFd: fd=10
01-16 21:22:22.350  1012  1589 E Multi-Client: OemClientReceiver::SetMaxFd: maxfd=10
01-16 21:22:22.359  1012  1092 E Multi-Client: Oem OnRequestComplete:
01-16 21:22:22.359  4128  4239 D RILS    : processSolicited(): mResult - { when=-1m21s408ms barrier=0 }
01-16 21:22:22.360  4128  4239 D RILS    : processSolicited(): reply - { when=-1m21s408ms barrier=0 }
01-16 21:22:22.360  4128  4239 D RILS    : [0001]< OEM_HOOK_RAW { when=-1m21s408ms barrier=0 }
01-16 21:22:23.258  2396  2639 D SubscriptionController: [getSlotId]- dummy subId -2
01-16 21:22:23.258  2396  2639 D SubscriptionController: getSimStateForSlotIndex:  simState=ABSENT ordinal=1 slotIndex=0
01-16 21:22:23.259 11049 11049 D SubscriptionManager: getSimStateForSlotIdx: simState=1 slotIndex=0
01-16 21:22:24.055  4128  4128 D RILS    : handleMessage(): { when=-1ms what=1012 target=com.sec.phone.SecPhoneService$1 }
01-16 21:22:24.061  4128  4128 D RILS    : [0002]> OEM_HOOK_RAW[0709000801101515]
01-16 21:22:24.063  1012  1589 E Multi-Client: OemClientReceiver::Process:
01-16 21:22:24.063  1012  1589 E Multi-Client: OemClientReceiver::Process: fd=8
01-16 21:22:24.063  1012  1589 E Multi-Client: OemClient::Process:
01-16 21:22:24.063  1012  1589 E Multi-Client: ProcessBuffer:
01-16 21:22:24.063  1012  1589 E Multi-Client: OemClient::ProcessBuffer() request[0x3B] from [com.sec.phone], token[2], datalen[8]
01-16 21:22:24.063  1012  1589 E Multi-Client: SetFd: mServerSock=7
01-16 21:22:24.063  1012  1589 E Multi-Client: SetFd: fd=9
01-16 21:22:24.063  1012  1589 E Multi-Client: SetFd: fd=8
01-16 21:22:24.063  1012  1589 E Multi-Client: SetFd: fd=10
01-16 21:22:24.063  1012  1589 E Multi-Client: OemClientReceiver::SetMaxFd: maxfd=10
01-16 21:22:24.065  1012  1092 E Multi-Client: Oem OnRequestComplete:
01-16 21:22:24.065  4128  4239 D RILS    : processSolicited(): mResult - { when=-1m23s113ms barrier=0 }
01-16 21:22:24.065  4128  4239 D RILS    : processSolicited(): reply - { when=-1m23s113ms barrier=0 }
01-16 21:22:24.065  4128  4239 D RILS    : [0002]< OEM_HOOK_RAW error: 38
