01-16 21:40:42.604  2396  2396 D TelephonyNetworkFactory[0]: got request NetworkRequest [ TRACK_DEFAULT id=121, [ Capabilities: INTERNET&NOT_RESTRICTED&TRUSTED Unwanted:  Uid: 10176] ] with score 60
01-16 21:40:42.604  2396  2396 D TelephonyNetworkFactory[0]:   my score=50, my filter=[ Transports: CELLULAR Capabilities: MMS&SUPL&DUN&FOTA&IMS&CBS&IA&RCS&XCAP&EIMS&INTERNET&NOT_RESTRICTED&TRUSTED&NOT_VPN&ENT1&FOC&MCX&BIP Unwanted:  Specifier: <-2>]
01-16 21:40:42.604  2396  2396 D TelephonyNetworkFactory[0]: evalRequest
01-16 21:40:42.604  2396  2396 D TelephonyNetworkFactory[0]:   done
01-16 21:40:42.604  2396  2396 D DDS-PhoneSwitcher: handleMessage msg={ when=0 what=103 obj=NetworkRequest [ TRACK_DEFAULT id=121, [ Capabilities: INTERNET&NOT_RESTRICTED&TRUSTED Unwanted:  Uid: 10176] ] target=com.android.internal.telephony.PhoneSwitcher }
01-16 21:40:42.604  2396  2396 D DDS-PhoneSwitcher: evaluating due to netRequest
01-16 21:40:44.364  2396  2886 D SubscriptionController: [getPhoneId]- dummy subId -2
01-16 21:40:44.819  2396  4620 D SubscriptionController: [getPhoneId]- dummy subId -2
01-16 21:40:45.216  2396  2396 D TelephonyNetworkFactory[0]: got request NetworkRequest [ TRACK_DEFAULT id=123, [ Capabilities: INTERNET&NOT_RESTRICTED&TRUSTED Unwanted:  Uid: 10158] ] with score 60
01-16 21:40:45.216  2396  2396 D TelephonyNetworkFactory[0]:   my score=50, my filter=[ Transports: CELLULAR Capabilities: MMS&SUPL&DUN&FOTA&IMS&CBS&IA&RCS&XCAP&EIMS&INTERNET&NOT_RESTRICTED&TRUSTED&NOT_VPN&ENT1&FOC&MCX&BIP Unwanted:  Specifier: <-2>]
01-16 21:40:45.216  2396  2396 D TelephonyNetworkFactory[0]: evalRequest
01-16 21:40:45.216  2396  2396 D TelephonyNetworkFactory[0]:   done
01-16 21:40:45.216  2396  2396 D DDS-PhoneSwitcher: handleMessage msg={ when=0 what=103 obj=NetworkRequest [ TRACK_DEFAULT id=123, [ Capabilities: INTERNET&NOT_RESTRICTED&TRUSTED Unwanted:  Uid: 10158] ] target=com.android.internal.telephony.PhoneSwitcher }
01-16 21:40:45.216  2396  2396 D DDS-PhoneSwitcher: evaluating due to netRequest
01-16 21:40:45.420  2396  2396 D TelephonyNetworkFactory[0]: got request NetworkRequest [ TRACK_DEFAULT id=125, [ Capabilities: INTERNET&NOT_RESTRICTED&TRUSTED Unwanted:  Uid: 10203] ] with score 60
01-16 21:40:45.420  2396  2396 D TelephonyNetworkFactory[0]:   my score=50, my filter=[ Transports: CELLULAR Capabilities: MMS&SUPL&DUN&FOTA&IMS&CBS&IA&RCS&XCAP&EIMS&INTERNET&NOT_RESTRICTED&TRUSTED&NOT_VPN&ENT1&FOC&MCX&BIP Unwanted:  Specifier: <-2>]
01-16 21:40:45.420  2396  2396 D TelephonyNetworkFactory[0]: evalRequest
01-16 21:40:45.420  2396  2396 D TelephonyNetworkFactory[0]:   done
01-16 21:40:45.420  2396  2396 D DDS-PhoneSwitcher: handleMessage msg={ when=0 what=103 obj=NetworkRequest [ TRACK_DEFAULT id=125, [ Capabilities: INTERNET&NOT_RESTRICTED&TRUSTED Unwanted:  Uid: 10203] ] target=com.android.internal.telephony.PhoneSwitcher }
01-16 21:40:45.421  2396  2396 D DDS-PhoneSwitcher: evaluating due to netRequest
01-16 21:40:45.682  2396  2396 D DDS-PhoneSwitcher: handleMessage msg={ when=0 what=103 obj=NetworkRequest [ TRACK_DEFAULT id=127, [ Capabilities: INTERNET&NOT_RESTRICTED&TRUSTED Unwanted:  Uid: 10203] ] target=com.android.internal.telephony.PhoneSwitcher }
01-16 21:40:45.683  2396  2396 D DDS-PhoneSwitcher: evaluating due to netRequest
01-16 21:40:45.683  2396  2396 D TelephonyNetworkFactory[0]: got request NetworkRequest [ TRACK_DEFAULT id=127, [ Capabilities: INTERNET&NOT_RESTRICTED&TRUSTED Unwanted:  Uid: 10203] ] with score 60
01-16 21:40:45.683  2396  2396 D TelephonyNetworkFactory[0]:   my score=50, my filter=[ Transports: CELLULAR Capabilities: MMS&SUPL&DUN&FOTA&IMS&CBS&IA&RCS&XCAP&EIMS&INTERNET&NOT_RESTRICTED&TRUSTED&NOT_VPN&ENT1&FOC&MCX&BIP Unwanted:  Specifier: <-2>]
01-16 21:40:45.683  2396  2396 D TelephonyNetworkFactory[0]: evalRequest
01-16 21:40:45.683  2396  2396 D TelephonyNetworkFactory[0]:   done
01-16 21:40:45.810  2396  2886 D SubscriptionController: [getPhoneId] asked for default subId=-2
01-16 21:40:45.810  2396  2886 D SubscriptionController: [getPhoneId]- dummy subId -2
01-16 21:40:45.814  2396  3453 D SubscriptionController: [getPhoneId]- dummy subId -2
01-16 21:40:45.816  2396  2886 D SubscriptionController: [getPhoneId]- dummy subId -2
01-16 21:40:45.978  2396  2886 D SubscriptionController: [getPhoneId]- dummy subId -2
01-16 21:40:46.047  2396  2396 D TelephonyNetworkFactory[0]: got request NetworkRequest [ TRACK_DEFAULT id=128, [ Capabilities: INTERNET&NOT_RESTRICTED&TRUSTED Unwanted:  Uid: 10203] ] with score 60
01-16 21:40:46.047  2396  2396 D TelephonyNetworkFactory[0]:   my score=50, my filter=[ Transports: CELLULAR Capabilities: MMS&SUPL&DUN&FOTA&IMS&CBS&IA&RCS&XCAP&EIMS&INTERNET&NOT_RESTRICTED&TRUSTED&NOT_VPN&ENT1&FOC&MCX&BIP Unwanted:  Specifier: <-2>]
01-16 21:40:46.047  2396  2396 D TelephonyNetworkFactory[0]: evalRequest
01-16 21:40:46.047  2396  2396 D TelephonyNetworkFactory[0]:   done
01-16 21:40:46.047  2396  2396 D DDS-PhoneSwitcher: handleMessage msg={ when=0 what=103 obj=NetworkRequest [ TRACK_DEFAULT id=128, [ Capabilities: INTERNET&NOT_RESTRICTED&TRUSTED Unwanted:  Uid: 10203] ] target=com.android.internal.telephony.PhoneSwitcher }
01-16 21:40:46.048  2396  2396 D DDS-PhoneSwitcher: evaluating due to netRequest
01-16 21:40:46.344  2396  2396 D TelephonyNetworkFactory[0]: got request NetworkRequest [ TRACK_DEFAULT id=129, [ Capabilities: INTERNET&NOT_RESTRICTED&TRUSTED Unwanted:  Uid: 10203] ] with score 60
01-16 21:40:46.344  2396  2396 D TelephonyNetworkFactory[0]:   my score=50, my filter=[ Transports: CELLULAR Capabilities: MMS&SUPL&DUN&FOTA&IMS&CBS&IA&RCS&XCAP&EIMS&INTERNET&NOT_RESTRICTED&TRUSTED&NOT_VPN&ENT1&FOC&MCX&BIP Unwanted:  Specifier: <-2>]
01-16 21:40:46.344  2396  2396 D TelephonyNetworkFactory[0]: evalRequest
01-16 21:40:46.344  2396  2396 D TelephonyNetworkFactory[0]:   done
01-16 21:40:46.345  2396  2396 D DDS-PhoneSwitcher: handleMessage msg={ when=0 what=103 obj=NetworkRequest [ TRACK_DEFAULT id=129, [ Capabilities: INTERNET&NOT_RESTRICTED&TRUSTED Unwanted:  Uid: 10203] ] target=com.android.internal.telephony.PhoneSwitcher }
01-16 21:40:46.345  2396  2396 D DDS-PhoneSwitcher: evaluating due to netRequest
01-16 21:40:47.329  2396  2396 D TelephonyNetworkFactory[0]: got request NetworkRequest [ TRACK_DEFAULT id=131, [ Capabilities: INTERNET&NOT_RESTRICTED&TRUSTED Unwanted:  Uid: 10147] ] with score 60
01-16 21:40:47.329  2396  2396 D TelephonyNetworkFactory[0]:   my score=50, my filter=[ Transports: CELLULAR Capabilities: MMS&SUPL&DUN&FOTA&IMS&CBS&IA&RCS&XCAP&EIMS&INTERNET&NOT_RESTRICTED&TRUSTED&NOT_VPN&ENT1&FOC&MCX&BIP Unwanted:  Specifier: <-2>]
01-16 21:40:47.329  2396  2396 D TelephonyNetworkFactory[0]: evalRequest
01-16 21:40:47.329  2396  2396 D TelephonyNetworkFactory[0]:   done
01-16 21:40:47.329  2396  2396 D DDS-PhoneSwitcher: handleMessage msg={ when=0 what=103 obj=NetworkRequest [ TRACK_DEFAULT id=131, [ Capabilities: INTERNET&NOT_RESTRICTED&TRUSTED Unwanted:  Uid: 10147] ] target=com.android.internal.telephony.PhoneSwitcher }
01-16 21:40:47.329  2396  2396 D DDS-PhoneSwitcher: evaluating due to netRequest
01-16 21:40:47.503  2396  2396 D DDS-PhoneSwitcher: handleMessage msg={ when=0 what=104 obj=NetworkRequest [ TRACK_DEFAULT id=62, [ Capabilities: INTERNET&NOT_RESTRICTED&TRUSTED Unwanted:  Uid: 10064] ] target=com.android.internal.telephony.PhoneSwitcher }
01-16 21:40:47.503  2396  2396 D DDS-PhoneSwitcher: evaluating due to netReleased
01-16 21:40:47.504  2396  2396 D DDS-PhoneSwitcher: handleMessage msg={ when=0 what=104 obj=NetworkRequest [ TRACK_DEFAULT id=86, [ Capabilities: INTERNET&NOT_RESTRICTED&TRUSTED Unwanted:  Uid: 10064] ] target=com.android.internal.telephony.PhoneSwitcher }
01-16 21:40:47.504  2396  2396 D DDS-PhoneSwitcher: evaluating due to netReleased
01-16 21:40:48.094  2396  2396 D DDS-PhoneSwitcher: handleMessage msg={ when=0 what=104 obj=NetworkRequest [ TRACK_DEFAULT id=58, [ Capabilities: INTERNET&NOT_RESTRICTED&TRUSTED Unwanted:  Uid: 10064] ] target=com.android.internal.telephony.PhoneSwitcher }
01-16 21:40:48.094  2396  2396 D DDS-PhoneSwitcher: evaluating due to netReleased
01-16 21:40:49.739  2396  2886 D SubscriptionController: [getPhoneId]- dummy subId -2
01-16 21:40:50.184  2396  2396 D TelephonyNetworkFactory[0]: got request NetworkRequest [ TRACK_DEFAULT id=134, [ Capabilities: INTERNET&NOT_RESTRICTED&TRUSTED Unwanted:  Uid: 10217] ] with score 60
01-16 21:40:50.184  2396  2396 D TelephonyNetworkFactory[0]:   my score=50, my filter=[ Transports: CELLULAR Capabilities: MMS&SUPL&DUN&FOTA&IMS&CBS&IA&RCS&XCAP&EIMS&INTERNET&NOT_RESTRICTED&TRUSTED&NOT_VPN&ENT1&FOC&MCX&BIP Unwanted:  Specifier: <-2>]
01-16 21:40:50.184  2396  2396 D TelephonyNetworkFactory[0]: evalRequest
01-16 21:40:50.184  2396  2396 D TelephonyNetworkFactory[0]:   done
01-16 21:40:50.184  2396  2396 D DDS-PhoneSwitcher: handleMessage msg={ when=0 what=103 obj=NetworkRequest [ TRACK_DEFAULT id=134, [ Capabilities: INTERNET&NOT_RESTRICTED&TRUSTED Unwanted:  Uid: 10217] ] target=com.android.internal.telephony.PhoneSwitcher }
01-16 21:40:50.185  2396  2396 D DDS-PhoneSwitcher: evaluating due to netRequest
01-16 21:40:50.917  2396  3453 D SubscriptionController: [getPhoneId]- dummy subId -2
01-16 21:40:51.359  2396  2396 D TelephonyNetworkFactory[0]: got request NetworkRequest [ TRACK_DEFAULT id=135, [ Capabilities: INTERNET&NOT_RESTRICTED&TRUSTED Unwanted:  Uid: 10216] ] with score 60
01-16 21:40:51.359  2396  2396 D TelephonyNetworkFactory[0]:   my score=50, my filter=[ Transports: CELLULAR Capabilities: MMS&SUPL&DUN&FOTA&IMS&CBS&IA&RCS&XCAP&EIMS&INTERNET&NOT_RESTRICTED&TRUSTED&NOT_VPN&ENT1&FOC&MCX&BIP Unwanted:  Specifier: <-2>]
01-16 21:40:51.359  2396  2396 D TelephonyNetworkFactory[0]: evalRequest
01-16 21:40:51.359  2396  2396 D TelephonyNetworkFactory[0]:   done
01-16 21:40:51.359  2396  2396 D DDS-PhoneSwitcher: handleMessage msg={ when=0 what=103 obj=NetworkRequest [ TRACK_DEFAULT id=135, [ Capabilities: INTERNET&NOT_RESTRICTED&TRUSTED Unwanted:  Uid: 10216] ] target=com.android.internal.telephony.PhoneSwitcher }
01-16 21:40:51.360  2396  2396 D DDS-PhoneSwitcher: evaluating due to netRequest
01-16 21:40:52.366  2396  2396 D TelephonyNetworkFactory[0]: got request NetworkRequest [ TRACK_DEFAULT id=136, [ Capabilities: INTERNET&NOT_RESTRICTED&TRUSTED Unwanted:  Uid: 10215] ] with score 60
01-16 21:40:52.366  2396  2396 D TelephonyNetworkFactory[0]:   my score=50, my filter=[ Transports: CELLULAR Capabilities: MMS&SUPL&DUN&FOTA&IMS&CBS&IA&RCS&XCAP&EIMS&INTERNET&NOT_RESTRICTED&TRUSTED&NOT_VPN&ENT1&FOC&MCX&BIP Unwanted:  Specifier: <-2>]
01-16 21:40:52.366  2396  2396 D TelephonyNetworkFactory[0]: evalRequest
01-16 21:40:52.366  2396  2396 D TelephonyNetworkFactory[0]:   done
01-16 21:40:52.366  2396  2396 D DDS-PhoneSwitcher: handleMessage msg={ when=0 what=103 obj=NetworkRequest [ TRACK_DEFAULT id=136, [ Capabilities: INTERNET&NOT_RESTRICTED&TRUSTED Unwanted:  Uid: 10215] ] target=com.android.internal.telephony.PhoneSwitcher }
01-16 21:40:52.366  2396  2396 D DDS-PhoneSwitcher: evaluating due to netRequest
01-16 21:40:52.686  2396  2396 D TelephonyNetworkFactory[0]: got request NetworkRequest [ TRACK_DEFAULT id=137, [ Capabilities: INTERNET&NOT_RESTRICTED&TRUSTED Unwanted:  Uid: 10064] ] with score 60
01-16 21:40:52.686  2396  2396 D TelephonyNetworkFactory[0]:   my score=50, my filter=[ Transports: CELLULAR Capabilities: MMS&SUPL&DUN&FOTA&IMS&CBS&IA&RCS&XCAP&EIMS&INTERNET&NOT_RESTRICTED&TRUSTED&NOT_VPN&ENT1&FOC&MCX&BIP Unwanted:  Specifier: <-2>]
01-16 21:40:52.686  2396  2396 D TelephonyNetworkFactory[0]: evalRequest
01-16 21:40:52.686  2396  2396 D TelephonyNetworkFactory[0]:   done
01-16 21:40:52.686  2396  2396 D DDS-PhoneSwitcher: handleMessage msg={ when=0 what=103 obj=NetworkRequest [ TRACK_DEFAULT id=137, [ Capabilities: INTERNET&NOT_RESTRICTED&TRUSTED Unwanted:  Uid: 10064] ] target=com.android.internal.telephony.PhoneSwitcher }
01-16 21:40:52.686  2396  2396 D DDS-PhoneSwitcher: evaluating due to netRequest
01-16 21:40:52.752  2396  3453 D SubscriptionController: [getSlotId]- dummy subId -2
01-16 21:40:52.753  2396  3453 D SubscriptionController: getSimStateForSlotIndex:  simState=ABSENT ordinal=1 slotIndex=0
01-16 21:40:52.753 23774 23811 D SubscriptionManager: getSimStateForSlotIdx: simState=1 slotIndex=0
01-16 21:40:52.843  2396  3453 D SubscriptionController: [getSlotId]- dummy subId -2
01-16 21:40:52.846  2396  3453 D SubscriptionController: getSimStateForSlotIndex:  simState=ABSENT ordinal=1 slotIndex=0
01-16 21:40:52.846 23774 23809 D SubscriptionManager: getSimStateForSlotIdx: simState=1 slotIndex=0
01-16 21:40:52.865  2396  3453 D SubscriptionController: [getSlotId]- dummy subId -2
01-16 21:40:52.866  2396  2886 D SubscriptionController: getSimStateForSlotIndex:  simState=ABSENT ordinal=1 slotIndex=0
01-16 21:40:52.867 23774 23871 D SubscriptionManager: getSimStateForSlotIdx: simState=1 slotIndex=0
01-16 21:40:52.951  2396  2886 D SubscriptionController: [getSlotId]- dummy subId -2
01-16 21:40:52.952  2396  2886 D SubscriptionController: getSimStateForSlotIndex:  simState=ABSENT ordinal=1 slotIndex=0
01-16 21:40:52.952 23774 23808 D SubscriptionManager: getSimStateForSlotIdx: simState=1 slotIndex=0
01-16 21:40:53.245  2396  2886 D SubscriptionController: [getSlotId]- dummy subId -2
01-16 21:40:53.247  2396  2886 D SubscriptionController: getSimStateForSlotIndex:  simState=ABSENT ordinal=1 slotIndex=0
01-16 21:40:53.247 23774 23810 D SubscriptionManager: getSimStateForSlotIdx: simState=1 slotIndex=0
01-16 21:40:53.974  2396  2396 D TelephonyNetworkFactory[0]: got request NetworkRequest [ TRACK_DEFAULT id=139, [ Capabilities: INTERNET&NOT_RESTRICTED&TRUSTED Unwanted:  Uid: 10221] ] with score 60
01-16 21:40:53.974  2396  2396 D TelephonyNetworkFactory[0]:   my score=50, my filter=[ Transports: CELLULAR Capabilities: MMS&SUPL&DUN&FOTA&IMS&CBS&IA&RCS&XCAP&EIMS&INTERNET&NOT_RESTRICTED&TRUSTED&NOT_VPN&ENT1&FOC&MCX&BIP Unwanted:  Specifier: <-2>]
01-16 21:40:53.974  2396  2396 D TelephonyNetworkFactory[0]: evalRequest
01-16 21:40:53.974  2396  2396 D TelephonyNetworkFactory[0]:   done
01-16 21:40:53.974  2396  2396 D DDS-PhoneSwitcher: handleMessage msg={ when=0 what=103 obj=NetworkRequest [ TRACK_DEFAULT id=139, [ Capabilities: INTERNET&NOT_RESTRICTED&TRUSTED Unwanted:  Uid: 10221] ] target=com.android.internal.telephony.PhoneSwitcher }
01-16 21:40:53.974  2396  2396 D DDS-PhoneSwitcher: evaluating due to netRequest
01-16 21:40:54.179  2396  2396 D TelephonyNetworkFactory[0]: got request NetworkRequest [ TRACK_DEFAULT id=140, [ Capabilities: INTERNET&NOT_RESTRICTED&TRUSTED Unwanted:  Uid: 10064] ] with score 60
01-16 21:40:54.179  2396  2396 D TelephonyNetworkFactory[0]:   my score=50, my filter=[ Transports: CELLULAR Capabilities: MMS&SUPL&DUN&FOTA&IMS&CBS&IA&RCS&XCAP&EIMS&INTERNET&NOT_RESTRICTED&TRUSTED&NOT_VPN&ENT1&FOC&MCX&BIP Unwanted:  Specifier: <-2>]
01-16 21:40:54.179  2396  2396 D TelephonyNetworkFactory[0]: evalRequest
01-16 21:40:54.179  2396  2396 D TelephonyNetworkFactory[0]:   done
01-16 21:40:54.179  2396  2396 D DDS-PhoneSwitcher: handleMessage msg={ when=0 what=103 obj=NetworkRequest [ TRACK_DEFAULT id=140, [ Capabilities: INTERNET&NOT_RESTRICTED&TRUSTED Unwanted:  Uid: 10064] ] target=com.android.internal.telephony.PhoneSwitcher }
01-16 21:40:54.180  2396  2396 D DDS-PhoneSwitcher: evaluating due to netRequest
01-16 21:40:54.288  4128  4128 D RILS    : handleMessage(): { when=-1ms what=13 target=com.sec.phone.SecPhoneService$1 }
01-16 21:40:54.295  4128  4128 D RILS    : [0005]> OEM_HOOK_RAW[510d0004]
01-16 21:40:54.310  1012  1589 E Multi-Client: OemClientReceiver::Process:
01-16 21:40:54.310  1012  1589 E Multi-Client: OemClientReceiver::Process: fd=8
01-16 21:40:54.310  1012  1589 E Multi-Client: OemClient::Process:
01-16 21:40:54.310  1012  1589 E Multi-Client: ProcessBuffer:
01-16 21:40:54.310  1012  1589 E Multi-Client: OemClient::ProcessBuffer() request[0x3B] from [com.sec.phone], token[5], datalen[4]
01-16 21:40:54.312  1012  1589 E Multi-Client: SetFd: mServerSock=7
01-16 21:40:54.312  1012  1589 E Multi-Client: SetFd: fd=9
01-16 21:40:54.312  1012  1589 E Multi-Client: SetFd: fd=8
01-16 21:40:54.312  1012  1589 E Multi-Client: SetFd: fd=10
01-16 21:40:54.312  1012  1589 E Multi-Client: OemClientReceiver::SetMaxFd: maxfd=10
01-16 21:40:54.320  1012  1092 E Multi-Client: Oem OnRequestComplete:
01-16 21:40:54.321  4128  4239 D RILS    : processSolicited(): mResult - { when=-19m52s661ms barrier=0 }
01-16 21:40:54.321  4128  4239 D RILS    : processSolicited(): reply - { when=-19m52s661ms barrier=0 }
01-16 21:40:54.321  4128  4239 D RILS    : [0005]< OEM_HOOK_RAW { when=-19m52s661ms barrier=0 }
01-16 21:40:54.909  2396  2396 D DDS-PhoneSwitcher: handleMessage msg={ when=0 what=104 obj=NetworkRequest [ TRACK_DEFAULT id=121, [ Capabilities: INTERNET&NOT_RESTRICTED&TRUSTED Unwanted:  Uid: 10176] ] target=com.android.internal.telephony.PhoneSwitcher }
01-16 21:40:54.909  2396  2396 D DDS-PhoneSwitcher: evaluating due to netReleased
01-16 21:40:54.910  2396  2396 D DDS-PhoneSwitcher: handleMessage msg={ when=0 what=104 obj=NetworkRequest [ TRACK_DEFAULT id=120, [ Capabilities: INTERNET&NOT_RESTRICTED&TRUSTED Unwanted:  Uid: 10176] ] target=com.android.internal.telephony.PhoneSwitcher }
01-16 21:40:54.910  2396  2396 D DDS-PhoneSwitcher: evaluating due to netReleased
01-16 21:40:54.982  2396  2396 D DDS-PhoneSwitcher: handleMessage msg={ when=0 what=104 obj=NetworkRequest [ TRACK_DEFAULT id=123, [ Capabilities: INTERNET&NOT_RESTRICTED&TRUSTED Unwanted:  Uid: 10158] ] target=com.android.internal.telephony.PhoneSwitcher }
01-16 21:40:54.982  2396  2396 D DDS-PhoneSwitcher: evaluating due to netReleased
01-16 21:41:08.627  2396  2886 D SubscriptionController: [getPhoneId]- dummy subId -2
01-16 21:41:22.554  2396  3453 D SubscriptionController: [getPhoneId]- dummy subId -2
01-16 21:41:22.592  2396  2396 D TelephonyNetworkFactory[0]: got request NetworkRequest [ TRACK_DEFAULT id=142, [ Capabilities: INTERNET&NOT_RESTRICTED&TRUSTED Unwanted:  Uid: 10158] ] with score 60
01-16 21:41:22.592  2396  2396 D TelephonyNetworkFactory[0]:   my score=50, my filter=[ Transports: CELLULAR Capabilities: MMS&SUPL&DUN&FOTA&IMS&CBS&IA&RCS&XCAP&EIMS&INTERNET&NOT_RESTRICTED&TRUSTED&NOT_VPN&ENT1&FOC&MCX&BIP Unwanted:  Specifier: <-2>]
01-16 21:41:22.592  2396  2396 D TelephonyNetworkFactory[0]: evalRequest
01-16 21:41:22.592  2396  2396 D TelephonyNetworkFactory[0]:   done
01-16 21:41:22.593  2396  2396 D DDS-PhoneSwitcher: handleMessage msg={ when=0 what=103 obj=NetworkRequest [ TRACK_DEFAULT id=142, [ Capabilities: INTERNET&NOT_RESTRICTED&TRUSTED Unwanted:  Uid: 10158] ] target=com.android.internal.telephony.PhoneSwitcher }
01-16 21:41:22.593  2396  2396 D DDS-PhoneSwitcher: evaluating due to netRequest
01-16 21:41:27.451  1033  1583 E RILD    : Reader: TIMEOUT
01-16 21:41:51.132  2396  7778 D SmsApplication: onPackageChanged: run
01-16 21:41:51.139  2396  7778 D SmsApplication: onPackageChanged: end
01-16 21:41:51.342  2396  3453 D SubscriptionController: getSimStateForSlotIndex:  simState=ABSENT ordinal=1 slotIndex=0
01-16 21:41:51.342  5298  5322 D SubscriptionManager: getSimStateForSlotIdx: simState=1 slotIndex=0
01-16 21:41:51.357  2396  3453 D SubscriptionController: getSimStateForSlotIndex: phone == null simState=UNKNOWN ordinal=0 slotIndex=1
01-16 21:41:51.358  5298  5322 D SubscriptionManager: getSimStateForSlotIdx: simState=0 slotIndex=1
01-16 21:41:51.366  2396  3453 D SubscriptionController: getSimStateForSlotIndex:  simState=ABSENT ordinal=1 slotIndex=0
01-16 21:41:51.366  5298  5322 D SubscriptionManager: getSimStateForSlotIdx: simState=1 slotIndex=0
01-16 21:41:51.371  2396  2886 D SubscriptionController: getSimStateForSlotIndex: phone == null simState=UNKNOWN ordinal=0 slotIndex=1
01-16 21:41:51.371  5298  5322 D SubscriptionManager: getSimStateForSlotIdx: simState=0 slotIndex=1
01-16 21:41:51.374  2396  2886 D SubscriptionController: [getPhoneId]- dummy subId -2
01-16 21:42:29.724  2396  2396 D DDS-PhoneSwitcher: handleMessage msg={ when=0 what=104 obj=NetworkRequest [ TRACK_DEFAULT id=128, [ Capabilities: INTERNET&NOT_RESTRICTED&TRUSTED Unwanted:  Uid: 10203] ] target=com.android.internal.telephony.PhoneSwitcher }
01-16 21:42:29.724  2396  2396 D DDS-PhoneSwitcher: evaluating due to netReleased
01-16 21:42:29.724  2396  2396 D DDS-PhoneSwitcher: handleMessage msg={ when=-1ms what=104 obj=NetworkRequest [ TRACK_DEFAULT id=127, [ Capabilities: INTERNET&NOT_RESTRICTED&TRUSTED Unwanted:  Uid: 10203] ] target=com.android.internal.telephony.PhoneSwitcher }
01-16 21:42:29.724  2396  2396 D DDS-PhoneSwitcher: evaluating due to netReleased
01-16 21:42:29.724  2396  2396 D DDS-PhoneSwitcher: handleMessage msg={ when=-1ms what=104 obj=NetworkRequest [ TRACK_DEFAULT id=125, [ Capabilities: INTERNET&NOT_RESTRICTED&TRUSTED Unwanted:  Uid: 10203] ] target=com.android.internal.telephony.PhoneSwitcher }
01-16 21:42:29.725  2396  2396 D DDS-PhoneSwitcher: evaluating due to netReleased
01-16 21:42:29.725  2396  2396 D DDS-PhoneSwitcher: handleMessage msg={ when=-1ms what=104 obj=NetworkRequest [ TRACK_DEFAULT id=129, [ Capabilities: INTERNET&NOT_RESTRICTED&TRUSTED Unwanted:  Uid: 10203] ] target=com.android.internal.telephony.PhoneSwitcher }
01-16 21:42:29.725  2396  2396 D DDS-PhoneSwitcher: evaluating due to netReleased
01-16 21:43:45.183  2396  2780 D SST     : [0] SST.getAllCellInfo(): CallingUid = 1000, CallingPid = 3313
01-16 21:43:45.192  2396  2780 D RILJ    : [0183]> RIL_REQUEST_GET_CELL_INFO_LIST [SUB0]
01-16 21:43:45.201  1033  1577 E RIL-QMI : Serving cell rsrp: -1151. rsrq: -169. rssi: -807. srxlev: 10. signal Strength: 17
01-16 21:43:45.222  2396  2599 D RILJ    : [0183]< RIL_REQUEST_GET_CELL_INFO_LIST  [SUB0]
01-16 21:44:12.120  2396  2434 D SubscriptionController: [getSlotId]- dummy subId -2
01-16 21:44:12.121  2396  2434 D SubscriptionController: getSimStateForSlotIndex:  simState=ABSENT ordinal=1 slotIndex=0
01-16 21:44:12.121 24496 24521 D SubscriptionManager: getSimStateForSlotIdx: simState=1 slotIndex=0
01-16 21:44:12.125  2396  2434 D SubscriptionController: [getPhoneId] asked for default subId=-2
01-16 21:44:12.125  2396  2434 D SubscriptionController: [getPhoneId]- dummy subId -2
01-16 21:44:12.132  2396  2434 D SubscriptionController: [getSlotId]- dummy subId -2
01-16 21:44:12.132  2396  2434 D SubscriptionController: getSimStateForSlotIndex:  simState=ABSENT ordinal=1 slotIndex=0
01-16 21:44:12.132 24496 24517 D SubscriptionManager: getSimStateForSlotIdx: simState=1 slotIndex=0
01-16 21:48:23.262  2396  2434 D SubscriptionController: [getPhoneId]- dummy subId -2
01-16 21:50:27.543  2396  2434 D SubscriptionController: [getPhoneId]- dummy subId -2
01-16 21:51:42.418  2396  2396 D DCT-0/1 : Screens all off
01-16 21:51:42.760  2396  2434 D SubscriptionController: [getPhoneId]- dummy subId -2
01-16 21:51:44.908  2396  2396 D DCT-0/1 : Screens all off
01-16 21:51:52.131  2396  2396 I chatty  : uid=1001(radio) com.android.phone identical 1 line
01-16 21:51:52.254  2396  2396 D DCT-0/1 : Screens all off
01-16 21:52:00.476  2396  2396 D RILJ    : [0184]> RIL_REQUEST_GET_ACTIVITY_INFO [SUB0]
01-16 21:52:00.482  2396  2599 D RILJ    : [0184]< RIL_REQUEST_GET_ACTIVITY_INFO ModemActivityInfo{ mTimestamp=1859531 mSleepTimeMs=668747 mIdleTimeMs=1963 mTxTimeMs[]=[0, 0, 0, 0, 0] mRxTimeMs=36885 mEnergyUsed=0} [SUB0]
01-16 21:52:00.528  2396  2639 D SubscriptionController: [getPhoneId]- dummy subId -2
01-16 21:52:00.892  2396  2785 D SubscriptionController: [getPhoneId]- dummy subId -2
01-16 21:52:03.087  2396  2785 D SubscriptionController: [getPhoneId]- dummy subId -2
01-16 21:53:04.095  1033  1577 E RILD    : [sqos] TrafficControl(): success to connect to sock on boot : 9
01-16 21:53:04.095  1033  1577 I chatty  : uid=1001(radio) /vendor/bin/hw/rild identical 3 lines
01-16 21:53:04.095  1033  1577 E RILD    : [sqos] TrafficControl(): success to connect to sock on boot : 9
01-16 21:53:04.096  1033  1577 E RILD    : [sqos] connectToServer(): Failed to connect to qosd: Try again, retry : 0
01-16 21:53:04.199  1033  1577 E RILD    : [sqos] TrafficControl(): success to connect to sock on boot : 9
01-16 21:53:04.201  1033  1577 I chatty  : uid=1001(radio) /vendor/bin/hw/rild identical 3 lines
01-16 21:53:04.201  1033  1577 E RILD    : [sqos] TrafficControl(): success to connect to sock on boot : 9
01-16 22:02:23.647  2396  2396 D DCT-0/1 : Screens all off
01-16 22:02:33.818  2396  2396 I chatty  : uid=1001(radio) com.android.phone identical 2 lines
01-16 22:02:33.950  2396  2396 D DCT-0/1 : Screens all off
01-16 22:06:41.755  2396  2396 D TelephonyNetworkFactory[0]: got request NetworkRequest [ TRACK_DEFAULT id=144, [ Capabilities: INTERNET&NOT_RESTRICTED&TRUSTED Unwanted:  Uid: 10105] ] with score 60
01-16 22:06:41.755  2396  2396 D TelephonyNetworkFactory[0]:   my score=50, my filter=[ Transports: CELLULAR Capabilities: MMS&SUPL&DUN&FOTA&IMS&CBS&IA&RCS&XCAP&EIMS&INTERNET&NOT_RESTRICTED&TRUSTED&NOT_VPN&ENT1&FOC&MCX&BIP Unwanted:  Specifier: <-2>]
01-16 22:06:41.755  2396  2396 D TelephonyNetworkFactory[0]: evalRequest
01-16 22:06:41.755  2396  2396 D TelephonyNetworkFactory[0]:   done
01-16 22:06:41.755  2396  2396 D DDS-PhoneSwitcher: handleMessage msg={ when=0 what=103 obj=NetworkRequest [ TRACK_DEFAULT id=144, [ Capabilities: INTERNET&NOT_RESTRICTED&TRUSTED Unwanted:  Uid: 10105] ] target=com.android.internal.telephony.PhoneSwitcher }
01-16 22:06:41.757  2396  2396 D DDS-PhoneSwitcher: evaluating due to netRequest
01-16 22:06:41.988  2396 24644 D SubscriptionController: [getPhoneId]- dummy subId -2
01-16 22:06:42.239  2396 24644 D SubscriptionController: [getPhoneId]- dummy subId -2
01-16 22:06:42.386  2396  2396 D RILJ    : [0185]> RIL_REQUEST_GET_ACTIVITY_INFO [SUB0]
01-16 22:06:42.391  2396  2599 D RILJ    : [0185]< RIL_REQUEST_GET_ACTIVITY_INFO ModemActivityInfo{ mTimestamp=2741439 mSleepTimeMs=839104 mIdleTimeMs=1336 mTxTimeMs[]=[0, 0, 0, 0, 0] mRxTimeMs=41468 mEnergyUsed=0} [SUB0]
01-16 22:06:45.605  2396  2639 D SubscriptionController: [getPhoneId]- dummy subId -2
01-16 22:06:48.035  2396  2396 D DDS-PhoneSwitcher: handleMessage msg={ when=0 what=104 obj=NetworkRequest [ TRACK_DEFAULT id=131, [ Capabilities: INTERNET&NOT_RESTRICTED&TRUSTED Unwanted:  Uid: 10147] ] target=com.android.internal.telephony.PhoneSwitcher }
01-16 22:06:48.035  2396  2396 D DDS-PhoneSwitcher: evaluating due to netReleased
01-16 22:06:50.546  2396 24644 D SubscriptionController: [getPhoneId]- dummy subId -2
01-16 22:06:51.301  2396  2396 D DDS-PhoneSwitcher: handleMessage msg={ when=0 what=104 obj=NetworkRequest [ TRACK_DEFAULT id=134, [ Capabilities: INTERNET&NOT_RESTRICTED&TRUSTED Unwanted:  Uid: 10217] ] target=com.android.internal.telephony.PhoneSwitcher }
01-16 22:06:51.301  2396  2396 D DDS-PhoneSwitcher: evaluating due to netReleased
01-16 22:11:29.916  1033  1577 E RILD    : [sqos] TrafficControl(): success to connect to sock on boot : 9
01-16 22:11:29.923  1033  1577 I chatty  : uid=1001(radio) /vendor/bin/hw/rild identical 8 lines
01-16 22:11:29.923  1033  1577 E RILD    : [sqos] TrafficControl(): success to connect to sock on boot : 9
01-16 22:20:32.126  1033  1577 E RILD    : [sqos] TrafficControl(): success to connect to sock on boot : 9
01-16 22:20:32.128  1033  1577 I chatty  : uid=1001(radio) /vendor/bin/hw/rild identical 6 lines
01-16 22:20:32.128  1033  1577 E RILD    : [sqos] TrafficControl(): success to connect to sock on boot : 9
01-16 22:20:32.130  1033  1577 E RILD    : [sqos] connectToServer(): Failed to connect to qosd: Try again, retry : 0
01-16 22:20:32.232  1033  1577 E RILD    : [sqos] TrafficControl(): success to connect to sock on boot : 9
01-16 22:20:32.233  1033  1577 E RILD    : [sqos] TrafficControl(): success to connect to sock on boot : 9
01-16 22:22:16.700  2396 24643 D SubscriptionController: [getPhoneId]- dummy subId -2
01-16 22:22:16.862  2396  2396 D RILJ    : [0186]> RIL_REQUEST_GET_ACTIVITY_INFO [SUB0]
01-16 22:22:16.866  2396  2599 D RILJ    : [0186]< RIL_REQUEST_GET_ACTIVITY_INFO ModemActivityInfo{ mTimestamp=3675915 mSleepTimeMs=866990 mIdleTimeMs=1523 mTxTimeMs[]=[0, 0, 0, 0, 0] mRxTimeMs=65963 mEnergyUsed=0} [SUB0]
01-16 22:22:16.898  2396  2396 D DDS-PhoneSwitcher: handleMessage msg={ when=0 what=104 obj=NetworkRequest [ TRACK_DEFAULT id=136, [ Capabilities: INTERNET&NOT_RESTRICTED&TRUSTED Unwanted:  Uid: 10215] ] target=com.android.internal.telephony.PhoneSwitcher }
01-16 22:22:16.898  2396  2396 D DDS-PhoneSwitcher: evaluating due to netReleased
01-16 22:23:21.026  2396  7778 D SmsApplication: onPackageChanged: run
01-16 22:23:21.038  2396  7778 D SmsApplication: onPackageChanged: end
01-16 22:23:21.087  2396  7778 D SmsApplication: onPackageChanged: run
01-16 22:23:21.095  2396  7778 D SmsApplication: onPackageChanged: end
01-16 22:23:21.126  2396  7778 D SmsApplication: onPackageChanged: run
01-16 22:23:21.136  2396  7778 D SmsApplication: onPackageChanged: end
01-16 22:23:21.264  2396  3453 D SubscriptionController: getSimStateForSlotIndex:  simState=ABSENT ordinal=1 slotIndex=0
01-16 22:23:21.264  5298  5322 D SubscriptionManager: getSimStateForSlotIdx: simState=1 slotIndex=0
01-16 22:23:21.276  2396  3453 D SubscriptionController: getSimStateForSlotIndex: phone == null simState=UNKNOWN ordinal=0 slotIndex=1
01-16 22:23:21.316  5298  5322 D SubscriptionManager: getSimStateForSlotIdx: simState=0 slotIndex=1
01-16 22:23:21.583  2396  3453 D SubscriptionController: getSimStateForSlotIndex:  simState=ABSENT ordinal=1 slotIndex=0
01-16 22:23:21.584  5298  5322 D SubscriptionManager: getSimStateForSlotIdx: simState=1 slotIndex=0
01-16 22:23:21.612  2396  3453 D SubscriptionController: [getPhoneId]- dummy subId -2
01-16 22:23:21.744  2396  3453 D SubscriptionController: getSimStateForSlotIndex: phone == null simState=UNKNOWN ordinal=0 slotIndex=1
01-16 22:23:21.774  5298  5322 D SubscriptionManager: getSimStateForSlotIdx: simState=0 slotIndex=1
01-16 22:23:32.380  1033  1577 E RILD    : [sqos] TrafficControl(): success to connect to sock on boot : 9
01-16 22:23:32.382  1033  1577 I chatty  : uid=1001(radio) /vendor/bin/hw/rild identical 8 lines
01-16 22:23:32.382  1033  1577 E RILD    : [sqos] TrafficControl(): success to connect to sock on boot : 9
01-16 22:23:50.113  2396  3453 D SubscriptionController: getSimStateForSlotIndex:  simState=ABSENT ordinal=1 slotIndex=0
01-16 22:23:50.114  5298  5322 D SubscriptionManager: getSimStateForSlotIdx: simState=1 slotIndex=0
01-16 22:23:50.154  2396  3453 D SubscriptionController: getSimStateForSlotIndex: phone == null simState=UNKNOWN ordinal=0 slotIndex=1
01-16 22:23:50.154  5298  5322 D SubscriptionManager: getSimStateForSlotIdx: simState=0 slotIndex=1
01-16 22:23:50.160  2396  3453 D SubscriptionController: getSimStateForSlotIndex:  simState=ABSENT ordinal=1 slotIndex=0
01-16 22:23:50.160  5298  5322 D SubscriptionManager: getSimStateForSlotIdx: simState=1 slotIndex=0
01-16 22:23:50.173  2396  3453 D SubscriptionController: getSimStateForSlotIndex: phone == null simState=UNKNOWN ordinal=0 slotIndex=1
01-16 22:23:50.173  5298  5322 D SubscriptionManager: getSimStateForSlotIdx: simState=0 slotIndex=1
01-16 22:23:50.551  2396  3453 D SubscriptionController: getSimStateForSlotIndex:  simState=ABSENT ordinal=1 slotIndex=0
01-16 22:23:50.552  5298  5322 D SubscriptionManager: getSimStateForSlotIdx: simState=1 slotIndex=0
01-16 22:23:50.558  2396  3453 D SubscriptionController: getSimStateForSlotIndex: phone == null simState=UNKNOWN ordinal=0 slotIndex=1
01-16 22:23:50.558  5298  5322 D SubscriptionManager: getSimStateForSlotIdx: simState=0 slotIndex=1
01-16 22:23:50.612  2396  3453 D SubscriptionController: getSimStateForSlotIndex:  simState=ABSENT ordinal=1 slotIndex=0
01-16 22:23:50.613  5298  5322 D SubscriptionManager: getSimStateForSlotIdx: simState=1 slotIndex=0
01-16 22:23:50.675  2396  3453 D SubscriptionController: getSimStateForSlotIndex: phone == null simState=UNKNOWN ordinal=0 slotIndex=1
01-16 22:23:50.694  5298  5322 D SubscriptionManager: getSimStateForSlotIdx: simState=0 slotIndex=1
01-16 22:24:38.036  2396  2396 D DCT-0/1 : Screens all off
01-16 22:25:01.490  2396  2396 I chatty  : uid=1001(radio) com.android.phone identical 8 lines
01-16 22:25:01.617  2396  2396 D DCT-0/1 : Screens all off
01-16 22:25:05.920  2396  3453 D SubscriptionController: [getPhoneId]- dummy subId -2
01-16 22:25:06.353  2396  2396 D TransferDevState: Intent : com.samsung.server.BatteryService.action.SEC_BATTERY_EVENT
01-16 22:25:06.360  2396  2396 D RILJ    : [0187]> OEM_HOOK_RAW[118200090100000400] [SUB0]
01-16 22:25:06.365  2396  2396 D RILJ    : [0188]> RIL_REQUEST_GET_ACTIVITY_INFO [SUB0]
01-16 22:25:06.368  2396  2599 D RILJ    : [0187]< OEM_HOOK_RAW [B@935237c [SUB0]
01-16 22:25:06.384  2396  2639 D SubscriptionController: [getPhoneId]- dummy subId -2
01-16 22:25:06.388  2396  2599 D RILJ    : [0188]< RIL_REQUEST_GET_ACTIVITY_INFO ModemActivityInfo{ mTimestamp=3845437 mSleepTimeMs=154416 mIdleTimeMs=368 mTxTimeMs[]=[0, 0, 0, 0, 0] mRxTimeMs=14723 mEnergyUsed=0} [SUB0]
01-16 22:25:06.746  2396  2396 D TransferDevState: Intent : android.hardware.usb.action.USB_STATE
01-16 22:25:06.748  2396  2396 D TransferDevState: USB version is : 0210
01-16 22:25:06.794  2396  2639 D SubscriptionController: [getPhoneId]- dummy subId -2
01-16 22:25:06.875  2396  2396 D DCT-0/1 : Screens all off
01-16 22:25:06.886  2396  2639 D SubscriptionController: [getPhoneId]- dummy subId -2
01-16 22:25:07.751  2396  2396 D DDS-PhoneSwitcher: handleMessage msg={ when=0 what=104 obj=NetworkRequest [ TRACK_DEFAULT id=139, [ Capabilities: INTERNET&NOT_RESTRICTED&TRUSTED Unwanted:  Uid: 10221] ] target=com.android.internal.telephony.PhoneSwitcher }
01-16 22:25:07.752  2396  2396 D DDS-PhoneSwitcher: evaluating due to netReleased
01-16 22:25:07.788  2396  2396 D DDS-PhoneSwitcher: handleMessage msg={ when=0 what=104 obj=NetworkRequest [ TRACK_DEFAULT id=142, [ Capabilities: INTERNET&NOT_RESTRICTED&TRUSTED Unwanted:  Uid: 10158] ] target=com.android.internal.telephony.PhoneSwitcher }
01-16 22:25:07.788  2396  2396 D DDS-PhoneSwitcher: evaluating due to netReleased
01-16 22:25:08.354  2396  2396 D TelephonyNetworkFactory[0]: got request NetworkRequest [ TRACK_DEFAULT id=146, [ Capabilities: INTERNET&NOT_RESTRICTED&TRUSTED Unwanted:  Uid: 10176] ] with score 60
01-16 22:25:08.354  2396  2396 D TelephonyNetworkFactory[0]:   my score=50, my filter=[ Transports: CELLULAR Capabilities: MMS&SUPL&DUN&FOTA&IMS&CBS&IA&RCS&XCAP&EIMS&INTERNET&NOT_RESTRICTED&TRUSTED&NOT_VPN&ENT1&FOC&MCX&BIP Unwanted:  Specifier: <-2>]
01-16 22:25:08.354  2396  2396 D TelephonyNetworkFactory[0]: evalRequest
01-16 22:25:08.354  2396  2396 D TelephonyNetworkFactory[0]:   done
01-16 22:25:08.354  2396  2396 D DDS-PhoneSwitcher: handleMessage msg={ when=0 what=103 obj=NetworkRequest [ TRACK_DEFAULT id=146, [ Capabilities: INTERNET&NOT_RESTRICTED&TRUSTED Unwanted:  Uid: 10176] ] target=com.android.internal.telephony.PhoneSwitcher }
01-16 22:25:08.355  2396  2396 D DDS-PhoneSwitcher: evaluating due to netRequest
01-16 22:25:08.735  2396  2396 D TelephonyNetworkFactory[0]: got request NetworkRequest [ TRACK_DEFAULT id=147, [ Capabilities: INTERNET&NOT_RESTRICTED&TRUSTED Unwanted:  Uid: 10176] ] with score 60
01-16 22:25:08.735  2396  2396 D TelephonyNetworkFactory[0]:   my score=50, my filter=[ Transports: CELLULAR Capabilities: MMS&SUPL&DUN&FOTA&IMS&CBS&IA&RCS&XCAP&EIMS&INTERNET&NOT_RESTRICTED&TRUSTED&NOT_VPN&ENT1&FOC&MCX&BIP Unwanted:  Specifier: <-2>]
01-16 22:25:08.735  2396  2396 D TelephonyNetworkFactory[0]: evalRequest
01-16 22:25:08.735  2396  2396 D TelephonyNetworkFactory[0]:   done
01-16 22:25:08.735  2396  2396 D DDS-PhoneSwitcher: handleMessage msg={ when=0 what=103 obj=NetworkRequest [ TRACK_DEFAULT id=147, [ Capabilities: INTERNET&NOT_RESTRICTED&TRUSTED Unwanted:  Uid: 10176] ] target=com.android.internal.telephony.PhoneSwitcher }
01-16 22:25:08.736  2396  2396 D DDS-PhoneSwitcher: evaluating due to netRequest
01-16 22:25:08.991  2396  2396 D DCT-0/1 : Screens all off
01-16 22:25:09.409  2396  2396 I chatty  : uid=1001(radio) com.android.phone identical 2 lines
01-16 22:25:09.508  2396  2396 D DCT-0/1 : Screens all off
01-16 22:25:09.572  2396  2639 D SubscriptionController: [getPhoneId]- dummy subId -2
01-16 22:25:09.682  2396  2396 D DCT-0/1 : Screens all off
01-16 22:25:09.748  2396  2396 D DCT-0/1 : Screens all off
01-16 22:25:09.816  2396  2396 D TelephonyNetworkFactory[0]: got request NetworkRequest [ TRACK_DEFAULT id=149, [ Capabilities: INTERNET&NOT_RESTRICTED&TRUSTED Unwanted:  Uid: 10215] ] with score 60
01-16 22:25:09.817  2396  2396 D TelephonyNetworkFactory[0]:   my score=50, my filter=[ Transports: CELLULAR Capabilities: MMS&SUPL&DUN&FOTA&IMS&CBS&IA&RCS&XCAP&EIMS&INTERNET&NOT_RESTRICTED&TRUSTED&NOT_VPN&ENT1&FOC&MCX&BIP Unwanted:  Specifier: <-2>]
01-16 22:25:09.817  2396  2396 D TelephonyNetworkFactory[0]: evalRequest
01-16 22:25:09.817  2396  2396 D TelephonyNetworkFactory[0]:   done
01-16 22:25:09.817  2396  2396 D DDS-PhoneSwitcher: handleMessage msg={ when=0 what=103 obj=NetworkRequest [ TRACK_DEFAULT id=149, [ Capabilities: INTERNET&NOT_RESTRICTED&TRUSTED Unwanted:  Uid: 10215] ] target=com.android.internal.telephony.PhoneSwitcher }
01-16 22:25:09.817  2396  2396 D DDS-PhoneSwitcher: evaluating due to netRequest
01-16 22:25:09.998  2396  2396 D DCT-0/1 : Screens all off
01-16 22:25:10.251  2396  2396 D DDS-PhoneSwitcher: handleMessage msg={ when=0 what=104 obj=NetworkRequest [ TRACK_DEFAULT id=140, [ Capabilities: INTERNET&NOT_RESTRICTED&TRUSTED Unwanted:  Uid: 10064] ] target=com.android.internal.telephony.PhoneSwitcher }
01-16 22:25:10.252  2396  2396 D DDS-PhoneSwitcher: evaluating due to netReleased
01-16 22:25:10.852  2396  2396 D DCT-0/1 : Screens all off
01-16 22:25:11.121  2396  2396 D TelephonyNetworkFactory[0]: got request NetworkRequest [ TRACK_DEFAULT id=150, [ Capabilities: INTERNET&NOT_RESTRICTED&TRUSTED Unwanted:  Uid: 10221] ] with score 60
01-16 22:25:11.121  2396  2396 D TelephonyNetworkFactory[0]:   my score=50, my filter=[ Transports: CELLULAR Capabilities: MMS&SUPL&DUN&FOTA&IMS&CBS&IA&RCS&XCAP&EIMS&INTERNET&NOT_RESTRICTED&TRUSTED&NOT_VPN&ENT1&FOC&MCX&BIP Unwanted:  Specifier: <-2>]
01-16 22:25:11.121  2396  2396 D TelephonyNetworkFactory[0]: evalRequest
01-16 22:25:11.121  2396  2396 D TelephonyNetworkFactory[0]:   done
01-16 22:25:11.121  2396  2396 D DDS-PhoneSwitcher: handleMessage msg={ when=0 what=103 obj=NetworkRequest [ TRACK_DEFAULT id=150, [ Capabilities: INTERNET&NOT_RESTRICTED&TRUSTED Unwanted:  Uid: 10221] ] target=com.android.internal.telephony.PhoneSwitcher }
01-16 22:25:11.122  2396  2396 D DDS-PhoneSwitcher: evaluating due to netRequest
01-16 22:25:11.281  2396  2396 D TelephonyNetworkFactory[0]: got request NetworkRequest [ TRACK_DEFAULT id=151, [ Capabilities: INTERNET&NOT_RESTRICTED&TRUSTED Unwanted:  Uid: 10221] ] with score 60
01-16 22:25:11.281  2396  2396 D TelephonyNetworkFactory[0]:   my score=50, my filter=[ Transports: CELLULAR Capabilities: MMS&SUPL&DUN&FOTA&IMS&CBS&IA&RCS&XCAP&EIMS&INTERNET&NOT_RESTRICTED&TRUSTED&NOT_VPN&ENT1&FOC&MCX&BIP Unwanted:  Specifier: <-2>]
01-16 22:25:11.281  2396  2396 D TelephonyNetworkFactory[0]: evalRequest
01-16 22:25:11.281  2396  2396 D TelephonyNetworkFactory[0]:   done
01-16 22:25:11.281  2396  2396 D DDS-PhoneSwitcher: handleMessage msg={ when=0 what=103 obj=NetworkRequest [ TRACK_DEFAULT id=151, [ Capabilities: INTERNET&NOT_RESTRICTED&TRUSTED Unwanted:  Uid: 10221] ] target=com.android.internal.telephony.PhoneSwitcher }
01-16 22:25:11.281  2396  2396 D DDS-PhoneSwitcher: evaluating due to netRequest
01-16 22:25:11.282  2396  2396 D DCT-0/1 : Screens all off
01-16 22:25:11.419  4128  4128 D RILS    : handleMessage(): { when=0 what=13 target=com.sec.phone.SecPhoneService$1 }
01-16 22:25:11.421  4128  4128 D RILS    : [0006]> OEM_HOOK_RAW[510d0004]
01-16 22:25:11.424  1012  1589 E Multi-Client: OemClientReceiver::Process:
01-16 22:25:11.424  1012  1589 E Multi-Client: OemClientReceiver::Process: fd=8
01-16 22:25:11.424  1012  1589 E Multi-Client: OemClient::Process:
01-16 22:25:11.424  1012  1589 E Multi-Client: ProcessBuffer:
01-16 22:25:11.424  1012  1589 E Multi-Client: OemClient::ProcessBuffer() request[0x3B] from [com.sec.phone], token[6], datalen[4]
01-16 22:25:11.424  1012  1589 E Multi-Client: SetFd: mServerSock=7
01-16 22:25:11.424  1012  1589 E Multi-Client: SetFd: fd=9
01-16 22:25:11.424  1012  1589 E Multi-Client: SetFd: fd=8
01-16 22:25:11.424  1012  1589 E Multi-Client: SetFd: fd=10
01-16 22:25:11.424  1012  1589 E Multi-Client: OemClientReceiver::SetMaxFd: maxfd=10
01-16 22:25:11.429  1012  1092 E Multi-Client: Oem OnRequestComplete:
01-16 22:25:11.429  4128  4239 D RILS    : processSolicited(): mResult - { when=-24m13s214ms barrier=0 }
01-16 22:25:11.429  4128  4239 D RILS    : processSolicited(): reply - { when=-24m13s214ms barrier=0 }
01-16 22:25:11.429  4128  4239 D RILS    : [0006]< OEM_HOOK_RAW { when=-24m13s214ms barrier=0 }
01-16 22:25:11.498  2396  2396 D DCT-0/1 : Screens all off
01-16 22:25:12.295  2396  2396 D TelephonyNetworkFactory[0]: got request NetworkRequest [ TRACK_DEFAULT id=153, [ Capabilities: INTERNET&NOT_RESTRICTED&TRUSTED Unwanted:  Uid: 10217] ] with score 60
01-16 22:25:12.295  2396  2396 D TelephonyNetworkFactory[0]:   my score=50, my filter=[ Transports: CELLULAR Capabilities: MMS&SUPL&DUN&FOTA&IMS&CBS&IA&RCS&XCAP&EIMS&INTERNET&NOT_RESTRICTED&TRUSTED&NOT_VPN&ENT1&FOC&MCX&BIP Unwanted:  Specifier: <-2>]
01-16 22:25:12.295  2396  2396 D TelephonyNetworkFactory[0]: evalRequest
01-16 22:25:12.295  2396  2396 D TelephonyNetworkFactory[0]:   done
01-16 22:25:12.295  2396  2396 D DDS-PhoneSwitcher: handleMessage msg={ when=0 what=103 obj=NetworkRequest [ TRACK_DEFAULT id=153, [ Capabilities: INTERNET&NOT_RESTRICTED&TRUSTED Unwanted:  Uid: 10217] ] target=com.android.internal.telephony.PhoneSwitcher }
01-16 22:25:12.296  2396  2396 D DDS-PhoneSwitcher: evaluating due to netRequest
01-16 22:25:12.564  2396  2639 D SubscriptionController: [getPhoneId]- dummy subId -2
01-16 22:25:13.349  2396  2785 D SubscriptionController: [getPhoneId]- dummy subId -2
01-16 22:25:14.121  2396  2396 D DCT-0/1 : Screens all off
01-16 22:25:14.858  2396  2396 D DCT-0/1 : Screens all off
01-16 22:25:14.957  2396  2396 D DCT-0/1 : Screen BUILT_IN on
01-16 22:25:14.959  2396  2396 D DCT-0/1 : stopNetStatPoll
01-16 22:25:14.959  1519  6829 D TelephonyRegistry: idMatch: Check dummy subId=-2 rSubId=-2
01-16 22:25:14.959  1519  6829 D TelephonyRegistry: idMatch: Check dummy subId=-2 rSubId=2147483647
01-16 22:25:14.959  1519  6829 D TelephonyRegistry: idMatch: Check dummy subId=-2 rSubId=2147483647
01-16 22:25:14.962  1519  4976 D TelephonyRegistry: idMatch: Check dummy subId=-2 rSubId=-2
01-16 22:25:14.962  1519  4976 D TelephonyRegistry: idMatch: Check dummy subId=-2 rSubId=2147483647
01-16 22:25:14.962  1519  4976 D TelephonyRegistry: idMatch: Check dummy subId=-2 rSubId=2147483647
01-16 22:25:14.965  2396  2396 D DCT-0/1 : notifyDataConnection: reason=SCREEN_ON
01-16 22:25:14.966  2396  2785 D SubscriptionController: [getPhoneId]- dummy subId -2
01-16 22:25:14.967  2396  2396 D DCT-0/1 : notifyOffApnsOfAvailability, subId : -2, dds : -2, apnType : emergency, reason : SCREEN_ON
01-16 22:25:14.967  2396  2396 D DefaultPhoneNotifier: subId = -2, DDS = -1
01-16 22:25:14.972  2396  2396 D DCT-0/1 : isEmergency: result=false
01-16 22:25:14.978  2396  2396 D SubscriptionController: [getPhoneId]- dummy subId -2
01-16 22:25:14.978  1519  1531 D TelephonyRegistry: idMatch: Check dummy subId=-2 rSubId=-2
01-16 22:25:14.980  2396  2396 D DCT-0/1 : notifyOffApnsOfAvailability, subId : -2, dds : -2, apnType : default, reason : SCREEN_ON
01-16 22:25:14.980  2396  2396 D DefaultPhoneNotifier: subId = -2, DDS = -1
01-16 22:25:14.985  2396  2396 D DCT-0/1 : isEmergency: result=false
01-16 22:25:14.991  2396  2396 D SubscriptionController: [getPhoneId]- dummy subId -2
01-16 22:25:14.991  1519  4976 D TelephonyRegistry: idMatch: Check dummy subId=-2 rSubId=-2
01-16 22:25:14.994  2396  2396 D SST     : [0] Intent: android.intent.action.ANY_DATA_STATE
01-16 22:25:14.997  2396  2396 D RILJ    : [0189]> RIL_REQUEST_SEND_DEVICE_STATE 2:false [SUB0]
01-16 22:25:14.999  2396  2396 D RILJ    : [0190]> RIL_REQUEST_SET_UNSOLICITED_RESPONSE_FILTER 31 [SUB0]
01-16 22:25:14.999  2396  2599 D RILJ    : [0189]< RIL_REQUEST_SEND_DEVICE_STATE  [SUB0]
01-16 22:25:15.000  2396  2396 D SST     : [0] Intent: android.intent.action.ANY_DATA_STATE
01-16 22:25:15.002  1033  1581 E RILD    : ProcessSingleIpcMessageReceived() - There is no IpcHistoryRecord
01-16 22:25:15.017  1033  1577 E RIL-QMI : UpdateVoiceRte: [CS] 1x reg [0], gsm reg [2], wcdma reg [2], lte reg [12], hdr reg [0], Td reg [2]
01-16 22:25:15.017  1033  1577 E RIL-QMI : UpdateVoiceRte: mVoiceRte(5), Confidence(2), mReportedLteSmsStatus(0)
01-16 22:25:15.017  1033  1577 E RIL-QMI : UpdateDataRte: [PS] 1x reg [0], gsm reg [2], wcdma reg [2], lte reg [12], hdr reg [0], Td reg [2], pref_data_tech(0), radio_tech_flag(1)
01-16 22:25:15.017  1033  1577 E RIL-QMI : UpdateDataRte: mDataRte(5), Confidence(2)
01-16 22:25:15.017  1033  1577 E RIL-QMI : UpdateImsRte: mImsRte(0), Confidence(4)
01-16 22:25:15.023  1033  1577 E RIL-QMI : UpdateVoiceRte: [CS] 1x reg [0], gsm reg [2], wcdma reg [2], lte reg [12], hdr reg [0], Td reg [2]
01-16 22:25:15.023  1033  1577 E RIL-QMI : UpdateVoiceRte: mVoiceRte(5), Confidence(2), mReportedLteSmsStatus(0)
01-16 22:25:15.023  1033  1577 E RIL-QMI : UpdateDataRte: [PS] 1x reg [0], gsm reg [2], wcdma reg [2], lte reg [12], hdr reg [0], Td reg [2], pref_data_tech(0), radio_tech_flag(1)
01-16 22:25:15.023  1033  1577 E RIL-QMI : UpdateDataRte: mDataRte(5), Confidence(2)
01-16 22:25:15.023  1033  1577 E RIL-QMI : UpdateImsRte: mImsRte(0), Confidence(4)
01-16 22:25:15.027  1033  1577 E RILC    : currentSignalStrengthInd: Using vendor specific codes to proceed it
01-16 22:25:15.027  1033  1577 E RILC    : currentSignalStrengthInd: Using vendor specific codes to proceed it
01-16 22:25:15.083  2396  2599 D RILJ    : Unsol response received; Sending ack to ril.cpp [SUB0]
01-16 22:25:15.083  2396  2599 D RILJ    : [UNSL]< UNSOL_RESPONSE_NETWORK_STATE_CHANGED [SUB0]
01-16 22:25:15.083  2396  2599 D RILJ    : [0190]< RIL_REQUEST_SET_UNSOLICITED_RESPONSE_FILTER  [SUB0]
01-16 22:25:15.084  2396  2693 D NetworkRegistrationManager: onNetworkStateChanged
01-16 22:25:15.088  2396  2599 D RILJ    : Unsol response received; Sending ack to ril.cpp [SUB0]
01-16 22:25:15.088  2396  2599 D RILJ    : [UNSL]< UNSOL_RESPONSE_NETWORK_STATE_CHANGED [SUB0]
01-16 22:25:15.089  2396  2693 D NetworkRegistrationManager: onNetworkStateChanged
01-16 22:25:15.295  2396  2785 D SubscriptionController: [getSlotId]- dummy subId -2
01-16 22:25:15.333  2396  2396 D SST     : [0] pollState: modemTriggered=true, RadioState: RADIO_ON
01-16 22:25:15.334  2396  2396 D RILJ    : [0193]> OPERATOR [SUB0]
01-16 22:25:15.334  2396  2396 D NetworkRegistrationManager: getNetworkRegistrationState domain 2
01-16 22:25:15.335  2396  2396 D NetworkRegistrationManager: getNetworkRegistrationState domain 1
01-16 22:25:15.335  2396  2396 D RILJ    : [0194]> QUERY_NETWORK_SELECTION_MODE [SUB0]
01-16 22:25:15.336  2396  2693 D RILJ    : [0195]> DATA_REGISTRATION_STATE [SUB0]
01-16 22:25:15.336  2396  2396 D SST     : [0] pollState: modemTriggered=true, RadioState: RADIO_ON
01-16 22:25:15.336  2396  2396 D RILJ    : [0196]> OPERATOR [SUB0]
01-16 22:25:15.336  2396  2396 D NetworkRegistrationManager: getNetworkRegistrationState domain 2
01-16 22:25:15.336  2396  2396 D NetworkRegistrationManager: getNetworkRegistrationState domain 1
01-16 22:25:15.336  2396  2693 D RILJ    : [0197]> VOICE_REGISTRATION_STATE [SUB0]
01-16 22:25:15.337  2396  2396 D RILJ    : [0198]> QUERY_NETWORK_SELECTION_MODE [SUB0]
01-16 22:25:15.337  2396  2599 D RILJ    : [0193]< OPERATOR  [SUB0]
01-16 22:25:15.337  2396  2693 D RILJ    : [0199]> DATA_REGISTRATION_STATE [SUB0]
01-16 22:25:15.337  2396  2599 D RILJ    : [0194]< QUERY_NETWORK_SELECTION_MODE {0} [SUB0]
01-16 22:25:15.337  2396  2693 D RILJ    : [0200]> VOICE_REGISTRATION_STATE [SUB0]
01-16 22:25:15.339  1519  9078 D TelephonyRegistry: idMatch: Check dummy subId=-2 rSubId=-2
01-16 22:25:15.339  1519  9078 D TelephonyRegistry: idMatch: Check dummy subId=-2 rSubId=2147483647
01-16 22:25:15.339  1519  9078 I chatty  : uid=1000(system) Binder:1519_20 identical 6 lines
01-16 22:25:15.339  1519  9078 D TelephonyRegistry: idMatch: Check dummy subId=-2 rSubId=2147483647
01-16 22:25:15.339  2396  2396 D SST     : [0] SignalStrength: 99 99 -120 -160 -120 -160 -1 17 -114 -14 6 2147483647 0 2147483647 99 255 2147483647 0x2000 P gsm|lte use_rsrp_and_rssnr_for_lte_level  [-128, -118, -108, -98] [-115, -105, -95, -85]
01-16 22:25:15.341  1033  1577 E RIL-QMI : UpdateVoiceRte: [CS] 1x reg [0], gsm reg [2], wcdma reg [2], lte reg [12], hdr reg [0], Td reg [2]
01-16 22:25:15.341  1033  1577 E RIL-QMI : UpdateVoiceRte: mVoiceRte(5), Confidence(2), mReportedLteSmsStatus(0)
01-16 22:25:15.341  1033  1577 E RIL-QMI : UpdateDataRte: [PS] 1x reg [0], gsm reg [2], wcdma reg [2], lte reg [12], hdr reg [0], Td reg [2], pref_data_tech(0), radio_tech_flag(1)
01-16 22:25:15.341  1033  1577 E RIL-QMI : UpdateDataRte: mDataRte(5), Confidence(2)
01-16 22:25:15.341  1033  1577 E RIL-QMI : UpdateImsRte: mImsRte(0), Confidence(4)
01-16 22:25:15.349  2396  2396 D SST     : [0] EVENT_POLL_STATE_NETWORK_SELECTION_MODE
