01-16 21:22:05.328  2396  3453 D RILJ    : SmsBroadcastConfigInfo: Id [0,999] Code [0,255] DISABLED [SUB0]
01-16 21:22:05.336  1033  1577 E RILD    : DoGsmSetBroadcastSmsConfig():
01-16 21:22:05.337  1033  1577 E RILD    : enableCb: 2, cbSelectionId: 0x02
01-16 21:22:05.346  2396  2599 D RILJ    : [0115]< RIL_REQUEST_GSM_SET_BROADCAST_CONFIG  [SUB0]
01-16 21:22:05.347  2396  3453 D IccSmsInterfaceManager: Removed GSM cell broadcast subscription for MID range 0 to 999 from client com.samsung.android.messaging PhoneId : [0]
01-16 21:22:05.350  2396  3453 D RILJ    : [0116]> RIL_REQUEST_GSM_BROADCAST_ACTIVATION activate = false [SUB0]
01-16 21:22:05.351  1033  1577 E RILD    : DoGsmSetCBActivation: CBEnable: 0
01-16 21:22:05.352  1033  1577 E RILD    : DoGsmSetCBActivation: enableCb: 2
01-16 21:22:05.355  1033  1577 E RILD    : OnGsmSetCBActivationDone():__
01-16 21:22:05.355  2396  2599 D RILJ    : [0116]< RIL_REQUEST_GSM_BROADCAST_ACTIVATION  [SUB0]
01-16 21:22:05.358  2396  3453 D SubscriptionController: [getActiveSubInfoList] Sub Controller not ready
01-16 21:22:05.358  2396  3453 D SubscriptionController: [getActiveSubscriptionInfoForSimSlotIndex]+ subList=null
01-16 21:22:05.362  2396  3453 D SubscriptionController: [getPhoneId]- no sims, returning default phoneId=0
01-16 21:22:05.363  2396  3453 D SubscriptionController: [getPhoneId]- no sims, returning default phoneId=0
01-16 21:22:05.365  2396  3453 D RILJ    : [0117]> RIL_REQUEST_GSM_SET_BROADCAST_CONFIG with 1 configs :  [SUB0]
01-16 21:22:05.365  2396  3453 D RILJ    : SmsBroadcastConfigInfo: Id [4370,4370] Code [0,255] ENABLED [SUB0]
01-16 21:22:05.367  1033  1577 E RILD    : DoGsmSetBroadcastSmsConfig():
01-16 21:22:05.367  1033  1577 E RILD    : enableCb: 1, cbSelectionId: 0x80
01-16 21:22:05.374  2396  2599 D RILJ    : [0117]< RIL_REQUEST_GSM_SET_BROADCAST_CONFIG  [SUB0]
01-16 21:22:05.375  2396  3453 D IccSmsInterfaceManager: Added GSM cell broadcast subscription for MID range 4370 to 4370 from client com.samsung.android.messaging PhoneId : [0]
01-16 21:22:05.391  2396  3453 D RILJ    : [0118]> RIL_REQUEST_GSM_BROADCAST_ACTIVATION activate = true [SUB0]
01-16 21:22:05.392  1033  1577 E RILD    : DoGsmSetCBActivation: CBEnable: 1
01-16 21:22:05.392  1033  1577 E RILD    : DoGsmSetCBActivation: enableCb: 1
01-16 21:22:05.395  1033  1577 E RILD    : OnGsmSetCBActivationDone():__
01-16 21:22:05.396  2396  2599 D RILJ    : [0118]< RIL_REQUEST_GSM_BROADCAST_ACTIVATION  [SUB0]
01-16 21:22:05.399  2396  3453 D SubscriptionController: [getPhoneId]- no sims, returning default phoneId=0
01-16 21:22:05.399  2396  3453 D SubscriptionController: [getPhoneId]- no sims, returning default phoneId=0
01-16 21:22:05.401  2396  3453 D RILJ    : [0119]> RIL_REQUEST_GSM_SET_BROADCAST_CONFIG with 2 configs :  [SUB0]
01-16 21:22:05.401  2396  3453 D RILJ    : SmsBroadcastConfigInfo: Id [4370,4370] Code [0,255] ENABLED [SUB0]
01-16 21:22:05.401  2396  3453 D RILJ    : SmsBroadcastConfigInfo: Id [4379,4379] Code [0,255] ENABLED [SUB0]
01-16 21:22:05.402  1033  1577 E RILD    : DoGsmSetBroadcastSmsConfig():
01-16 21:22:05.402  1033  1577 E RILD    : enableCb: 1, cbSelectionId: 0x80
01-16 21:22:05.409  2396  2599 D RILJ    : [0119]< RIL_REQUEST_GSM_SET_BROADCAST_CONFIG  [SUB0]
01-16 21:22:05.410  2396  3453 D IccSmsInterfaceManager: Added GSM cell broadcast subscription for MID range 4379 to 4379 from client com.samsung.android.messaging PhoneId : [0]
01-16 21:22:05.411  2396  3453 D RILJ    : [0120]> RIL_REQUEST_GSM_BROADCAST_ACTIVATION activate = true [SUB0]
01-16 21:22:05.412  1033  1577 E RILD    : DoGsmSetCBActivation: CBEnable: 1
01-16 21:22:05.412  1033  1577 E RILD    : DoGsmSetCBActivation: enableCb: 1
01-16 21:22:05.413  1033  1577 E RILD    : OnGsmSetCBActivationDone():__
01-16 21:22:05.414  2396  2599 D RILJ    : [0120]< RIL_REQUEST_GSM_BROADCAST_ACTIVATION  [SUB0]
01-16 21:22:05.415  2396  3453 D SubscriptionController: [getPhoneId]- no sims, returning default phoneId=0
01-16 21:22:05.416  2396  3453 D SubscriptionController: [getPhoneId]- no sims, returning default phoneId=0
01-16 21:22:05.416  2396  3453 D IccSmsInterfaceManager_FAIL: Failed to remove GSM cell broadcast subscription for MID range 4383 to 4383 from client com.samsung.android.messaging PhoneId : [0]
01-16 21:22:05.418  2396  3453 D SubscriptionController: [getPhoneId]- no sims, returning default phoneId=0
01-16 21:22:05.418  2396  3453 D SubscriptionController: [getPhoneId]- no sims, returning default phoneId=0
01-16 21:22:05.419  2396  3453 D IccSmsInterfaceManager_FAIL: Failed to remove GSM cell broadcast subscription for MID range 4392 to 4392 from client com.samsung.android.messaging PhoneId : [0]
01-16 21:22:05.420  2396  3453 D SubscriptionController: [getPhoneId]- no sims, returning default phoneId=0
01-16 21:22:05.420  2396  3453 D SubscriptionController: [getPhoneId]- no sims, returning default phoneId=0
01-16 21:22:05.421  2396  3453 D IccSmsInterfaceManager_FAIL: Failed to remove GSM cell broadcast subscription for MID range 4384 to 4385 from client com.samsung.android.messaging PhoneId : [0]
01-16 21:22:05.422  2396  2632 D SubscriptionController: [getPhoneId]- no sims, returning default phoneId=0
01-16 21:22:05.423  2396  2632 D SubscriptionController: [getPhoneId]- no sims, returning default phoneId=0
01-16 21:22:05.425  2396  2632 D IccSmsInterfaceManager_FAIL: Failed to remove GSM cell broadcast subscription for MID range 4380 to 4382 from client com.samsung.android.messaging PhoneId : [0]
01-16 21:22:05.426  2396  2632 D SubscriptionController: [getPhoneId]- no sims, returning default phoneId=0
01-16 21:22:05.427  2396  2632 D SubscriptionController: [getPhoneId]- no sims, returning default phoneId=0
01-16 21:22:05.427  2396  2632 D IccSmsInterfaceManager_FAIL: Failed to remove GSM cell broadcast subscription for MID range 4393 to 4395 from client com.samsung.android.messaging PhoneId : [0]
01-16 21:22:05.428  2396  2632 D SubscriptionController: [getPhoneId]- no sims, returning default phoneId=0
01-16 21:22:05.429  2396  2632 D SubscriptionController: [getPhoneId]- no sims, returning default phoneId=0
01-16 21:22:05.429  2396  2632 D IccSmsInterfaceManager_FAIL: Failed to remove GSM cell broadcast subscription for MID range 4386 to 4391 from client com.samsung.android.messaging PhoneId : [0]
01-16 21:22:05.430  2396  2632 D SubscriptionController: [getPhoneId]- no sims, returning default phoneId=0
01-16 21:22:05.430  2396  2632 D SubscriptionController: [getPhoneId]- no sims, returning default phoneId=0
01-16 21:22:05.433  2396  2632 D RILJ    : [0121]> RIL_REQUEST_GSM_SET_BROADCAST_CONFIG with 3 configs :  [SUB0]
01-16 21:22:05.433  2396  2632 D RILJ    : SmsBroadcastConfigInfo: Id [4370,4370] Code [0,255] ENABLED [SUB0]
01-16 21:22:05.433  2396  2632 D RILJ    : SmsBroadcastConfigInfo: Id [4379,4379] Code [0,255] ENABLED [SUB0]
01-16 21:22:05.433  2396  2632 D RILJ    : SmsBroadcastConfigInfo: Id [4371,4372] Code [0,255] ENABLED [SUB0]
01-16 21:22:05.434  1033  1577 E RILD    : DoGsmSetBroadcastSmsConfig():
01-16 21:22:05.435  1033  1577 E RILD    : enableCb: 1, cbSelectionId: 0x80
01-16 21:22:05.443  2396  2599 D RILJ    : [0121]< RIL_REQUEST_GSM_SET_BROADCAST_CONFIG  [SUB0]
01-16 21:22:05.444  2396  2632 D IccSmsInterfaceManager: Added GSM cell broadcast subscription for MID range 4371 to 4372 from client com.samsung.android.messaging PhoneId : [0]
01-16 21:22:05.447  2396  2632 D RILJ    : [0122]> RIL_REQUEST_GSM_BROADCAST_ACTIVATION activate = true [SUB0]
01-16 21:22:05.447  1033  1577 E RILD    : DoGsmSetCBActivation: CBEnable: 1
01-16 21:22:05.447  1033  1577 E RILD    : DoGsmSetCBActivation: enableCb: 1
01-16 21:22:05.448  1033  1577 E RILD    : OnGsmSetCBActivationDone():__
01-16 21:22:05.449  2396  2599 D RILJ    : [0122]< RIL_REQUEST_GSM_BROADCAST_ACTIVATION  [SUB0]
01-16 21:22:05.450  2396  2632 D SubscriptionController: [getPhoneId]- no sims, returning default phoneId=0
01-16 21:22:05.451  2396  2632 D SubscriptionController: [getPhoneId]- no sims, returning default phoneId=0
01-16 21:22:05.453  2396  2632 D RILJ    : [0123]> RIL_REQUEST_GSM_SET_BROADCAST_CONFIG with 3 configs :  [SUB0]
01-16 21:22:05.453  2396  2632 D RILJ    : SmsBroadcastConfigInfo: Id [4370,4372] Code [0,255] ENABLED [SUB0]
01-16 21:22:05.453  2396  2632 D RILJ    : SmsBroadcastConfigInfo: Id [4379,4379] Code [0,255] ENABLED [SUB0]
01-16 21:22:05.453  2396  2632 D RILJ    : SmsBroadcastConfigInfo: Id [4373,4378] Code [0,255] ENABLED [SUB0]
01-16 21:22:05.454  1033  1577 E RILD    : DoGsmSetBroadcastSmsConfig():
01-16 21:22:05.454  1033  1577 E RILD    : enableCb: 1, cbSelectionId: 0x80
01-16 21:22:05.464  2396  2599 D RILJ    : [0123]< RIL_REQUEST_GSM_SET_BROADCAST_CONFIG  [SUB0]
01-16 21:22:05.464  2396  2632 D IccSmsInterfaceManager: Added GSM cell broadcast subscription for MID range 4373 to 4378 from client com.samsung.android.messaging PhoneId : [0]
01-16 21:22:05.466  2396  2632 D RILJ    : [0124]> RIL_REQUEST_GSM_BROADCAST_ACTIVATION activate = true [SUB0]
01-16 21:22:05.466  1033  1577 E RILD    : DoGsmSetCBActivation: CBEnable: 1
01-16 21:22:05.466  1033  1577 E RILD    : DoGsmSetCBActivation: enableCb: 1
01-16 21:22:05.467  1033  1577 E RILD    : OnGsmSetCBActivationDone():__
01-16 21:22:05.467  2396  2599 D RILJ    : [0124]< RIL_REQUEST_GSM_BROADCAST_ACTIVATION  [SUB0]
01-16 21:22:06.239  2396  2396 D TelephonyNetworkFactory[0]: got request NetworkRequest [ TRACK_DEFAULT id=56, [ Capabilities: INTERNET&NOT_RESTRICTED&TRUSTED Unwanted:  Uid: 5017] ] with score 0
01-16 21:22:06.239  2396  2396 D TelephonyNetworkFactory[0]:   my score=50, my filter=[ Transports: CELLULAR Capabilities: MMS&SUPL&DUN&FOTA&IMS&CBS&IA&RCS&XCAP&EIMS&INTERNET&NOT_RESTRICTED&TRUSTED&NOT_VPN&ENT1&FOC&MCX&BIP Unwanted:  Specifier: <-2>]
01-16 21:22:06.239  2396  2396 D TelephonyNetworkFactory[0]: evalRequest
01-16 21:22:06.239  2396  2396 D TelephonyNetworkFactory[0]:   needNetworkFor
01-16 21:22:06.239  2396  2396 D DDS-PhoneSwitcher: handleMessage msg={ when=0 what=103 obj=NetworkRequest [ TRACK_DEFAULT id=56, [ Capabilities: INTERNET&NOT_RESTRICTED&TRUSTED Unwanted:  Uid: 5017] ] target=com.android.internal.telephony.PhoneSwitcher }
01-16 21:22:06.239  2396  2396 D DDS-PhoneSwitcher: evaluating due to netRequest
01-16 21:22:06.239  2396  2396 D TelephonyNetworkFactory[0]: handleMessage msg={ when=-1ms what=4 obj=NetworkRequest [ TRACK_DEFAULT id=56, [ Capabilities: INTERNET&NOT_RESTRICTED&TRUSTED Unwanted:  Uid: 5017] ] target=com.android.internal.telephony.dataconnection.TelephonyNetworkFactory$InternalHandler }
01-16 21:22:06.239  2396  2396 D TelephonyNetworkFactory[0]: not acting - isApp=false, isAct=false NetworkRequest [ TRACK_DEFAULT id=56, [ Capabilities: INTERNET&NOT_RESTRICTED&TRUSTED Unwanted:  Uid: 5017] ]
01-16 21:22:06.455  2396  7778 D SmsApplication: onPackageChanged: run
01-16 21:22:06.464  2396  7778 D SmsApplication: onPackageChanged: end
01-16 21:22:06.486  2396  7778 D SmsApplication: onPackageChanged: run
01-16 21:22:06.497  2396  7778 D SmsApplication: onPackageChanged: end
01-16 21:22:06.535  2396  3453 D SubscriptionController: getSimStateForSlotIndex:  simState=ABSENT ordinal=1 slotIndex=0
01-16 21:22:06.535  5298  5322 D SubscriptionManager: getSimStateForSlotIdx: simState=1 slotIndex=0
01-16 21:22:06.540  2396  3453 D SubscriptionController: getSimStateForSlotIndex: phone == null simState=UNKNOWN ordinal=0 slotIndex=1
01-16 21:22:06.540  5298  5322 D SubscriptionManager: getSimStateForSlotIdx: simState=0 slotIndex=1
01-16 21:22:06.551  2396  3453 D SubscriptionController: getSimStateForSlotIndex:  simState=ABSENT ordinal=1 slotIndex=0
01-16 21:22:06.551  5298  5322 D SubscriptionManager: getSimStateForSlotIdx: simState=1 slotIndex=0
01-16 21:22:06.556  2396  3453 D SubscriptionController: getSimStateForSlotIndex: phone == null simState=UNKNOWN ordinal=0 slotIndex=1
01-16 21:22:06.556  5298  5322 D SubscriptionManager: getSimStateForSlotIdx: simState=0 slotIndex=1
01-16 21:22:06.731  2396  3453 D SubscriptionController: getSimStateForSlotIndex:  simState=ABSENT ordinal=1 slotIndex=0
01-16 21:22:06.731  5298  5322 D SubscriptionManager: getSimStateForSlotIdx: simState=1 slotIndex=0
01-16 21:22:06.736  2396  3453 D SubscriptionController: getSimStateForSlotIndex: phone == null simState=UNKNOWN ordinal=0 slotIndex=1
01-16 21:22:06.736  5298  5322 D SubscriptionManager: getSimStateForSlotIdx: simState=0 slotIndex=1
01-16 21:22:06.749  2396  3453 D SubscriptionController: getSimStateForSlotIndex:  simState=ABSENT ordinal=1 slotIndex=0
01-16 21:22:06.749  5298  5322 D SubscriptionManager: getSimStateForSlotIdx: simState=1 slotIndex=0
01-16 21:22:06.753  2396  3453 D SubscriptionController: getSimStateForSlotIndex: phone == null simState=UNKNOWN ordinal=0 slotIndex=1
01-16 21:22:06.753  5298  5322 D SubscriptionManager: getSimStateForSlotIdx: simState=0 slotIndex=1
01-16 21:22:07.104  2396  2396 D TelephonyNetworkFactory[0]: handleMessage msg={ when=0 what=5 obj=NetworkRequest [ TRACK_DEFAULT id=53, [ Capabilities: INTERNET&NOT_RESTRICTED&TRUSTED Unwanted:  Uid: 10064] ] target=com.android.internal.telephony.dataconnection.TelephonyNetworkFactory$InternalHandler }
01-16 21:22:07.104  2396  2396 D TelephonyNetworkFactory[0]: not releasing - isApp=false, isAct=false NetworkRequest [ TRACK_DEFAULT id=53, [ Capabilities: INTERNET&NOT_RESTRICTED&TRUSTED Unwanted:  Uid: 10064] ]
01-16 21:22:07.104  2396  2396 D DDS-PhoneSwitcher: handleMessage msg={ when=-1ms what=104 obj=NetworkRequest [ TRACK_DEFAULT id=53, [ Capabilities: INTERNET&NOT_RESTRICTED&TRUSTED Unwanted:  Uid: 10064] ] target=com.android.internal.telephony.PhoneSwitcher }
01-16 21:22:07.104  2396  2396 D DDS-PhoneSwitcher: evaluating due to netReleased
01-16 21:22:07.235  2396  2396 D DDS-PhoneSwitcher: handleMessage msg={ when=0 what=104 obj=NetworkRequest [ TRACK_DEFAULT id=47, [ Capabilities: INTERNET&NOT_RESTRICTED&TRUSTED Unwanted:  Uid: 10064] ] target=com.android.internal.telephony.PhoneSwitcher }
01-16 21:22:07.235  2396  2396 D DDS-PhoneSwitcher: evaluating due to netReleased
01-16 21:22:07.236  2396  2396 D TelephonyNetworkFactory[0]: handleMessage msg={ when=0 what=5 obj=NetworkRequest [ TRACK_DEFAULT id=47, [ Capabilities: INTERNET&NOT_RESTRICTED&TRUSTED Unwanted:  Uid: 10064] ] target=com.android.internal.telephony.dataconnection.TelephonyNetworkFactory$InternalHandler }
01-16 21:22:07.236  2396  2396 D TelephonyNetworkFactory[0]: not releasing - isApp=false, isAct=false NetworkRequest [ TRACK_DEFAULT id=47, [ Capabilities: INTERNET&NOT_RESTRICTED&TRUSTED Unwanted:  Uid: 10064] ]
01-16 21:22:11.162  2396  2396 D SubscriptionController: getSimStateForSlotIndex:  simState=ABSENT ordinal=1 slotIndex=0
01-16 21:22:11.162  2396  2396 D SubscriptionManager: getSimStateForSlotIdx: simState=1 slotIndex=0
01-16 21:22:11.163  2396  2396 D SubscriptionController: getSimStateForSlotIndex: phone == null simState=UNKNOWN ordinal=0 slotIndex=1
01-16 21:22:11.163  2396  2396 D SubscriptionManager: getSimStateForSlotIdx: simState=0 slotIndex=1
01-16 21:22:11.321  1012  1589 E Multi-Client: OemClientReceiver::Process:
01-16 21:22:11.322  1012  1589 E Multi-Client: OemClientReceiver::Process: fd=11
01-16 21:22:11.322  1012  1589 E Multi-Client: OemClient::Process:
01-16 21:22:11.322  1012  1589 E Multi-Client: OemClient::Process(): EOS. oem client(11), errno:11
01-16 21:22:11.323  1012  1589 E Multi-Client: SetFd: mServerSock=7
01-16 21:22:11.323  1012  1589 E Multi-Client: SetFd: fd=9
01-16 21:22:11.323  1012  1589 E Multi-Client: SetFd: fd=8
01-16 21:22:11.323  1012  1589 E Multi-Client: SetFd: fd=10
01-16 21:22:11.323  1012  1589 E Multi-Client: OemClientReceiver::SetMaxFd: maxfd=10
01-16 21:22:11.369  2396  2396 D DDS-PhoneSwitcher: handleMessage msg={ when=0 what=104 obj=NetworkRequest [ TRACK_DEFAULT id=50, [ Capabilities: INTERNET&NOT_RESTRICTED&TRUSTED Unwanted:  Uid: 10147] ] target=com.android.internal.telephony.PhoneSwitcher }
01-16 21:22:11.370  2396  2396 D DDS-PhoneSwitcher: evaluating due to netReleased
01-16 21:22:11.370  2396  2396 D TelephonyNetworkFactory[0]: handleMessage msg={ when=-1ms what=5 obj=NetworkRequest [ TRACK_DEFAULT id=50, [ Capabilities: INTERNET&NOT_RESTRICTED&TRUSTED Unwanted:  Uid: 10147] ] target=com.android.internal.telephony.dataconnection.TelephonyNetworkFactory$InternalHandler }
01-16 21:22:11.370  2396  2396 D TelephonyNetworkFactory[0]: not releasing - isApp=false, isAct=false NetworkRequest [ TRACK_DEFAULT id=50, [ Capabilities: INTERNET&NOT_RESTRICTED&TRUSTED Unwanted:  Uid: 10147] ]
01-16 21:22:13.602  2396  3453 D SubscriptionController: [getActiveSubInfoList] Sub Controller not ready
01-16 21:22:13.603  2396  3453 D SubscriptionController: [getActiveSubscriptionInfoForSimSlotIndex]+ subList=null
01-16 21:22:14.765  2396  2396 D TelephonyNetworkFactory[0]: handleMessage msg={ when=0 what=5 obj=NetworkRequest [ TRACK_DEFAULT id=56, [ Capabilities: INTERNET&NOT_RESTRICTED&TRUSTED Unwanted:  Uid: 5017] ] target=com.android.internal.telephony.dataconnection.TelephonyNetworkFactory$InternalHandler }
01-16 21:22:14.765  2396  2396 D TelephonyNetworkFactory[0]: not releasing - isApp=false, isAct=false NetworkRequest [ TRACK_DEFAULT id=56, [ Capabilities: INTERNET&NOT_RESTRICTED&TRUSTED Unwanted:  Uid: 5017] ]
01-16 21:22:14.765  2396  2396 D DDS-PhoneSwitcher: handleMessage msg={ when=0 what=104 obj=NetworkRequest [ TRACK_DEFAULT id=56, [ Capabilities: INTERNET&NOT_RESTRICTED&TRUSTED Unwanted:  Uid: 5017] ] target=com.android.internal.telephony.PhoneSwitcher }
01-16 21:22:14.765  2396  2396 D DDS-PhoneSwitcher: evaluating due to netReleased
01-16 21:22:14.795  2396  2639 D SubscriptionController: [getPhoneId]- dummy subId -2
01-16 21:22:14.834  2396  2639 D SubscriptionController: [getSlotId]- dummy subId -2
01-16 21:22:14.834  2396  2639 D SubscriptionController: getSimStateForSlotIndex:  simState=ABSENT ordinal=1 slotIndex=0
01-16 21:22:14.834 10660 10713 D SubscriptionManager: getSimStateForSlotIdx: simState=1 slotIndex=0
01-16 21:22:14.858  2396  2396 D TelephonyNetworkFactory[0]: got request NetworkRequest [ TRACK_DEFAULT id=58, [ Capabilities: INTERNET&NOT_RESTRICTED&TRUSTED Unwanted:  Uid: 10064] ] with score 0
01-16 21:22:14.859  2396  2396 D TelephonyNetworkFactory[0]:   my score=50, my filter=[ Transports: CELLULAR Capabilities: MMS&SUPL&DUN&FOTA&IMS&CBS&IA&RCS&XCAP&EIMS&INTERNET&NOT_RESTRICTED&TRUSTED&NOT_VPN&ENT1&FOC&MCX&BIP Unwanted:  Specifier: <-2>]
01-16 21:22:14.859  2396  2396 D TelephonyNetworkFactory[0]: evalRequest
01-16 21:22:14.859  2396  2396 D TelephonyNetworkFactory[0]:   needNetworkFor
01-16 21:22:14.859  2396  2396 D TelephonyNetworkFactory[0]: handleMessage msg={ when=-1ms what=4 obj=NetworkRequest [ TRACK_DEFAULT id=58, [ Capabilities: INTERNET&NOT_RESTRICTED&TRUSTED Unwanted:  Uid: 10064] ] target=com.android.internal.telephony.dataconnection.TelephonyNetworkFactory$InternalHandler }
01-16 21:22:14.860  2396  2396 D TelephonyNetworkFactory[0]: not acting - isApp=false, isAct=false NetworkRequest [ TRACK_DEFAULT id=58, [ Capabilities: INTERNET&NOT_RESTRICTED&TRUSTED Unwanted:  Uid: 10064] ]
01-16 21:22:14.860  2396  2396 D DDS-PhoneSwitcher: handleMessage msg={ when=0 what=103 obj=NetworkRequest [ TRACK_DEFAULT id=58, [ Capabilities: INTERNET&NOT_RESTRICTED&TRUSTED Unwanted:  Uid: 10064] ] target=com.android.internal.telephony.PhoneSwitcher }
01-16 21:22:14.860  2396  2396 D DDS-PhoneSwitcher: evaluating due to netRequest
01-16 21:22:15.009  2396  3453 D SubscriptionController: [getSlotId]- dummy subId -2
01-16 21:22:15.009  2396  3453 D SubscriptionController: getSimStateForSlotIndex:  simState=ABSENT ordinal=1 slotIndex=0
01-16 21:22:15.010 10660 10714 D SubscriptionManager: getSimStateForSlotIdx: simState=1 slotIndex=0
01-16 21:22:15.067  2396  3453 D SubscriptionController: [getSlotId]- dummy subId -2
01-16 21:22:15.068  2396  3453 D SubscriptionController: getSimStateForSlotIndex:  simState=ABSENT ordinal=1 slotIndex=0
01-16 21:22:15.068 10660 10733 D SubscriptionManager: getSimStateForSlotIdx: simState=1 slotIndex=0
01-16 21:22:15.117  2396  3453 D SubscriptionController: [getSlotId]- dummy subId -2
01-16 21:22:15.117  2396  3453 D SubscriptionController: getSimStateForSlotIndex:  simState=ABSENT ordinal=1 slotIndex=0
01-16 21:22:15.119 10660 10715 D SubscriptionManager: getSimStateForSlotIdx: simState=1 slotIndex=0
01-16 21:22:15.345  2396  3453 D SubscriptionController: [getSlotId]- dummy subId -2
01-16 21:22:15.347  2396  3453 D SubscriptionController: getSimStateForSlotIndex:  simState=ABSENT ordinal=1 slotIndex=0
01-16 21:22:15.347 10660 10714 D SubscriptionManager: getSimStateForSlotIdx: simState=1 slotIndex=0
01-16 21:22:15.404  2396  2396 D TelephonyNetworkFactory[0]: got request NetworkRequest [ TRACK_DEFAULT id=60, [ Capabilities: INTERNET&NOT_RESTRICTED&TRUSTED Unwanted:  Uid: 10217] ] with score 0
01-16 21:22:15.404  2396  2396 D TelephonyNetworkFactory[0]:   my score=50, my filter=[ Transports: CELLULAR Capabilities: MMS&SUPL&DUN&FOTA&IMS&CBS&IA&RCS&XCAP&EIMS&INTERNET&NOT_RESTRICTED&TRUSTED&NOT_VPN&ENT1&FOC&MCX&BIP Unwanted:  Specifier: <-2>]
01-16 21:22:15.404  2396  2396 D TelephonyNetworkFactory[0]: evalRequest
01-16 21:22:15.404  2396  2396 D TelephonyNetworkFactory[0]:   needNetworkFor
01-16 21:22:15.404  2396  2396 D TelephonyNetworkFactory[0]: handleMessage msg={ when=0 what=4 obj=NetworkRequest [ TRACK_DEFAULT id=60, [ Capabilities: INTERNET&NOT_RESTRICTED&TRUSTED Unwanted:  Uid: 10217] ] target=com.android.internal.telephony.dataconnection.TelephonyNetworkFactory$InternalHandler }
01-16 21:22:15.404  2396  2396 D TelephonyNetworkFactory[0]: not acting - isApp=false, isAct=false NetworkRequest [ TRACK_DEFAULT id=60, [ Capabilities: INTERNET&NOT_RESTRICTED&TRUSTED Unwanted:  Uid: 10217] ]
01-16 21:22:15.404  2396  2396 D DDS-PhoneSwitcher: handleMessage msg={ when=0 what=103 obj=NetworkRequest [ TRACK_DEFAULT id=60, [ Capabilities: INTERNET&NOT_RESTRICTED&TRUSTED Unwanted:  Uid: 10217] ] target=com.android.internal.telephony.PhoneSwitcher }
01-16 21:22:15.405  2396  2396 D DDS-PhoneSwitcher: evaluating due to netRequest
01-16 21:22:15.474  2396  2396 D TelephonyNetworkFactory[0]: got request NetworkRequest [ TRACK_DEFAULT id=61, [ Capabilities: INTERNET&NOT_RESTRICTED&TRUSTED Unwanted:  Uid: 10217] ] with score 0
01-16 21:22:15.474  2396  2396 D TelephonyNetworkFactory[0]:   my score=50, my filter=[ Transports: CELLULAR Capabilities: MMS&SUPL&DUN&FOTA&IMS&CBS&IA&RCS&XCAP&EIMS&INTERNET&NOT_RESTRICTED&TRUSTED&NOT_VPN&ENT1&FOC&MCX&BIP Unwanted:  Specifier: <-2>]
01-16 21:22:15.474  2396  2396 D TelephonyNetworkFactory[0]: evalRequest
01-16 21:22:15.474  2396  2396 D TelephonyNetworkFactory[0]:   needNetworkFor
01-16 21:22:15.474  2396  2396 D DDS-PhoneSwitcher: handleMessage msg={ when=-1ms what=103 obj=NetworkRequest [ TRACK_DEFAULT id=61, [ Capabilities: INTERNET&NOT_RESTRICTED&TRUSTED Unwanted:  Uid: 10217] ] target=com.android.internal.telephony.PhoneSwitcher }
01-16 21:22:15.474  2396  2396 D DDS-PhoneSwitcher: evaluating due to netRequest
01-16 21:22:15.474  2396  2396 D TelephonyNetworkFactory[0]: handleMessage msg={ when=0 what=4 obj=NetworkRequest [ TRACK_DEFAULT id=61, [ Capabilities: INTERNET&NOT_RESTRICTED&TRUSTED Unwanted:  Uid: 10217] ] target=com.android.internal.telephony.dataconnection.TelephonyNetworkFactory$InternalHandler }
01-16 21:22:15.474  2396  2396 D TelephonyNetworkFactory[0]: not acting - isApp=false, isAct=false NetworkRequest [ TRACK_DEFAULT id=61, [ Capabilities: INTERNET&NOT_RESTRICTED&TRUSTED Unwanted:  Uid: 10217] ]
01-16 21:22:16.458  2396  2639 D SubscriptionController: [getPhoneId]- dummy subId -2
01-16 21:22:16.585  2396  2396 D TelephonyNetworkFactory[0]: got request NetworkRequest [ TRACK_DEFAULT id=62, [ Capabilities: INTERNET&NOT_RESTRICTED&TRUSTED Unwanted:  Uid: 10064] ] with score 0
01-16 21:22:16.585  2396  2396 D TelephonyNetworkFactory[0]:   my score=50, my filter=[ Transports: CELLULAR Capabilities: MMS&SUPL&DUN&FOTA&IMS&CBS&IA&RCS&XCAP&EIMS&INTERNET&NOT_RESTRICTED&TRUSTED&NOT_VPN&ENT1&FOC&MCX&BIP Unwanted:  Specifier: <-2>]
01-16 21:22:16.585  2396  2396 D TelephonyNetworkFactory[0]: evalRequest
01-16 21:22:16.585  2396  2396 D TelephonyNetworkFactory[0]:   needNetworkFor
01-16 21:22:16.585  2396  2396 D TelephonyNetworkFactory[0]: handleMessage msg={ when=0 what=4 obj=NetworkRequest [ TRACK_DEFAULT id=62, [ Capabilities: INTERNET&NOT_RESTRICTED&TRUSTED Unwanted:  Uid: 10064] ] target=com.android.internal.telephony.dataconnection.TelephonyNetworkFactory$InternalHandler }
01-16 21:22:16.585  2396  2396 D TelephonyNetworkFactory[0]: not acting - isApp=false, isAct=false NetworkRequest [ TRACK_DEFAULT id=62, [ Capabilities: INTERNET&NOT_RESTRICTED&TRUSTED Unwanted:  Uid: 10064] ]
01-16 21:22:16.585  2396  2396 D DDS-PhoneSwitcher: handleMessage msg={ when=-1ms what=103 obj=NetworkRequest [ TRACK_DEFAULT id=62, [ Capabilities: INTERNET&NOT_RESTRICTED&TRUSTED Unwanted:  Uid: 10064] ] target=com.android.internal.telephony.PhoneSwitcher }
01-16 21:22:16.585  2396  2396 D DDS-PhoneSwitcher: evaluating due to netRequest
01-16 21:22:18.917  2396  2396 D TelephonyNetworkFactory[0]: got request NetworkRequest [ TRACK_DEFAULT id=63, [ Capabilities: INTERNET&NOT_RESTRICTED&TRUSTED Unwanted:  Uid: 10216] ] with score 0
01-16 21:22:18.917  2396  2396 D TelephonyNetworkFactory[0]:   my score=50, my filter=[ Transports: CELLULAR Capabilities: MMS&SUPL&DUN&FOTA&IMS&CBS&IA&RCS&XCAP&EIMS&INTERNET&NOT_RESTRICTED&TRUSTED&NOT_VPN&ENT1&FOC&MCX&BIP Unwanted:  Specifier: <-2>]
01-16 21:22:18.917  2396  2396 D TelephonyNetworkFactory[0]: evalRequest
01-16 21:22:18.917  2396  2396 D TelephonyNetworkFactory[0]:   needNetworkFor
01-16 21:22:18.917  2396  2396 D TelephonyNetworkFactory[0]: handleMessage msg={ when=0 what=4 obj=NetworkRequest [ TRACK_DEFAULT id=63, [ Capabilities: INTERNET&NOT_RESTRICTED&TRUSTED Unwanted:  Uid: 10216] ] target=com.android.internal.telephony.dataconnection.TelephonyNetworkFactory$InternalHandler }
01-16 21:22:18.918  2396  2396 D TelephonyNetworkFactory[0]: not acting - isApp=false, isAct=false NetworkRequest [ TRACK_DEFAULT id=63, [ Capabilities: INTERNET&NOT_RESTRICTED&TRUSTED Unwanted:  Uid: 10216] ]
01-16 21:22:18.918  2396  2396 D DDS-PhoneSwitcher: handleMessage msg={ when=-1ms what=103 obj=NetworkRequest [ TRACK_DEFAULT id=63, [ Capabilities: INTERNET&NOT_RESTRICTED&TRUSTED Unwanted:  Uid: 10216] ] target=com.android.internal.telephony.PhoneSwitcher }
01-16 21:22:18.918  2396  2396 D DDS-PhoneSwitcher: evaluating due to netRequest
01-16 21:22:21.228  2396  2396 D TelephonyNetworkFactory[0]: got request NetworkRequest [ TRACK_DEFAULT id=65, [ Capabilities: INTERNET&NOT_RESTRICTED&TRUSTED Unwanted:  Uid: 10221] ] with score 0
01-16 21:22:21.228  2396  2396 D TelephonyNetworkFactory[0]:   my score=50, my filter=[ Transports: CELLULAR Capabilities: MMS&SUPL&DUN&FOTA&IMS&CBS&IA&RCS&XCAP&EIMS&INTERNET&NOT_RESTRICTED&TRUSTED&NOT_VPN&ENT1&FOC&MCX&BIP Unwanted:  Specifier: <-2>]
01-16 21:22:21.228  2396  2396 D TelephonyNetworkFactory[0]: evalRequest
01-16 21:22:21.228  2396  2396 D TelephonyNetworkFactory[0]:   needNetworkFor
01-16 21:22:21.228  2396  2396 D TelephonyNetworkFactory[0]: handleMessage msg={ when=0 what=4 obj=NetworkRequest [ TRACK_DEFAULT id=65, [ Capabilities: INTERNET&NOT_RESTRICTED&TRUSTED Unwanted:  Uid: 10221] ] target=com.android.internal.telephony.dataconnection.TelephonyNetworkFactory$InternalHandler }
01-16 21:22:21.229  2396  2396 D TelephonyNetworkFactory[0]: not acting - isApp=false, isAct=false NetworkRequest [ TRACK_DEFAULT id=65, [ Capabilities: INTERNET&NOT_RESTRICTED&TRUSTED Unwanted:  Uid: 10221] ]
01-16 21:22:21.229  2396  2396 D DDS-PhoneSwitcher: handleMessage msg={ when=0 what=103 obj=NetworkRequest [ TRACK_DEFAULT id=65, [ Capabilities: INTERNET&NOT_RESTRICTED&TRUSTED Unwanted:  Uid: 10221] ] target=com.android.internal.telephony.PhoneSwitcher }
01-16 21:22:21.229  2396  2396 D DDS-PhoneSwitcher: evaluating due to netRequest
01-16 21:22:21.282  2396  3453 D SubscriptionController: [getSlotId]- dummy subId -2
01-16 21:22:21.283  2396  3453 D SubscriptionController: getSimStateForSlotIndex:  simState=ABSENT ordinal=1 slotIndex=0
01-16 21:22:21.283 11049 11049 D SubscriptionManager: getSimStateForSlotIdx: simState=1 slotIndex=0
01-16 21:22:21.376  2396  3453 D SubscriptionController: [getSlotId]- dummy subId -2
01-16 21:22:21.377  2396  3453 D SubscriptionController: getSimStateForSlotIndex:  simState=ABSENT ordinal=1 slotIndex=0
01-16 21:22:21.377 11049 11049 D SubscriptionManager: getSimStateForSlotIdx: simState=1 slotIndex=0
01-16 21:22:21.383  2396  3453 D SubscriptionController: [getSlotId]- dummy subId -2
01-16 21:22:21.384  2396  3453 D SubscriptionController: getSimStateForSlotIndex:  simState=ABSENT ordinal=1 slotIndex=0
01-16 21:22:21.384 11049 11049 D SubscriptionManager: getSimStateForSlotIdx: simState=1 slotIndex=0
01-16 21:22:22.115  2396  2396 D TelephonyNetworkFactory[0]: got request NetworkRequest [ TRACK_DEFAULT id=66, [ Capabilities: INTERNET&NOT_RESTRICTED&TRUSTED Unwanted:  Uid: 10221] ] with score 0
01-16 21:22:22.115  2396  2396 D TelephonyNetworkFactory[0]:   my score=50, my filter=[ Transports: CELLULAR Capabilities: MMS&SUPL&DUN&FOTA&IMS&CBS&IA&RCS&XCAP&EIMS&INTERNET&NOT_RESTRICTED&TRUSTED&NOT_VPN&ENT1&FOC&MCX&BIP Unwanted:  Specifier: <-2>]
01-16 21:22:22.115  2396  2396 D TelephonyNetworkFactory[0]: evalRequest
01-16 21:22:22.115  2396  2396 D TelephonyNetworkFactory[0]:   needNetworkFor
01-16 21:22:22.115  2396  2396 D DDS-PhoneSwitcher: handleMessage msg={ when=0 what=103 obj=NetworkRequest [ TRACK_DEFAULT id=66, [ Capabilities: INTERNET&NOT_RESTRICTED&TRUSTED Unwanted:  Uid: 10221] ] target=com.android.internal.telephony.PhoneSwitcher }
01-16 21:22:22.116  2396  2396 D DDS-PhoneSwitcher: evaluating due to netRequest
01-16 21:22:22.116  2396  2396 D TelephonyNetworkFactory[0]: handleMessage msg={ when=-1ms what=4 obj=NetworkRequest [ TRACK_DEFAULT id=66, [ Capabilities: INTERNET&NOT_RESTRICTED&TRUSTED Unwanted:  Uid: 10221] ] target=com.android.internal.telephony.dataconnection.TelephonyNetworkFactory$InternalHandler }
01-16 21:22:22.116  2396  2396 D TelephonyNetworkFactory[0]: not acting - isApp=false, isAct=false NetworkRequest [ TRACK_DEFAULT id=66, [ Capabilities: INTERNET&NOT_RESTRICTED&TRUSTED Unwanted:  Uid: 10221] ]
01-16 21:22:22.334  4128  4128 D RILS    : handleMessage(): { when=-1ms what=13 target=com.sec.phone.SecPhoneService$1 }
01-16 21:22:22.337  2396  2639 D SubscriptionController: [getPhoneId]- dummy subId -2
01-16 21:22:22.338  4128  4128 D RILS    : [0001]> OEM_HOOK_RAW[510d0004]
01-16 21:22:22.349  1012  1589 E Multi-Client: OemClientReceiver::Process:
01-16 21:22:22.350  1012  1589 E Multi-Client: OemClientReceiver::Process: fd=8
01-16 21:22:22.350  1012  1589 E Multi-Client: OemClient::Process:
01-16 21:22:22.350  1012  1589 E Multi-Client: ProcessBuffer:
01-16 21:22:22.350  1012  1589 E Multi-Client: OemClient::ProcessBuffer() request[0x3B] from [com.sec.phone], token[1], datalen[4]
01-16 21:22:22.350  1012  1589 E Multi-Client: SetFd: mServerSock=7
01-16 21:22:22.350  1012  1589 E Multi-Client: SetFd: fd=9
01-16 21:22:22.350  1012  1589 E Multi-Client: SetFd: fd=8
01-16 21:22:22.350  1012  1589 E Multi-Client: SetFd: fd=10
01-16 21:22:22.350  1012  1589 E Multi-Client: OemClientReceiver::SetMaxFd: maxfd=10
01-16 21:22:22.359  1012  1092 E Multi-Client: Oem OnRequestComplete:
01-16 21:22:22.359  4128  4239 D RILS    : processSolicited(): mResult - { when=-1m21s408ms barrier=0 }
01-16 21:22:22.360  4128  4239 D RILS    : processSolicited(): reply - { when=-1m21s408ms barrier=0 }
01-16 21:22:22.360  4128  4239 D RILS    : [0001]< OEM_HOOK_RAW { when=-1m21s408ms barrier=0 }
01-16 21:22:23.258  2396  2639 D SubscriptionController: [getSlotId]- dummy subId -2
01-16 21:22:23.258  2396  2639 D SubscriptionController: getSimStateForSlotIndex:  simState=ABSENT ordinal=1 slotIndex=0
01-16 21:22:23.259 11049 11049 D SubscriptionManager: getSimStateForSlotIdx: simState=1 slotIndex=0
01-16 21:22:24.055  4128  4128 D RILS    : handleMessage(): { when=-1ms what=1012 target=com.sec.phone.SecPhoneService$1 }
01-16 21:22:24.061  4128  4128 D RILS    : [0002]> OEM_HOOK_RAW[0709000801101515]
01-16 21:22:24.063  1012  1589 E Multi-Client: OemClientReceiver::Process:
01-16 21:22:24.063  1012  1589 E Multi-Client: OemClientReceiver::Process: fd=8
01-16 21:22:24.063  1012  1589 E Multi-Client: OemClient::Process:
01-16 21:22:24.063  1012  1589 E Multi-Client: ProcessBuffer:
01-16 21:22:24.063  1012  1589 E Multi-Client: OemClient::ProcessBuffer() request[0x3B] from [com.sec.phone], token[2], datalen[8]
01-16 21:22:24.063  1012  1589 E Multi-Client: SetFd: mServerSock=7
01-16 21:22:24.063  1012  1589 E Multi-Client: SetFd: fd=9
01-16 21:22:24.063  1012  1589 E Multi-Client: SetFd: fd=8
01-16 21:22:24.063  1012  1589 E Multi-Client: SetFd: fd=10
01-16 21:22:24.063  1012  1589 E Multi-Client: OemClientReceiver::SetMaxFd: maxfd=10
01-16 21:22:24.065  1012  1092 E Multi-Client: Oem OnRequestComplete:
01-16 21:22:24.065  4128  4239 D RILS    : processSolicited(): mResult - { when=-1m23s113ms barrier=0 }
01-16 21:22:24.065  4128  4239 D RILS    : processSolicited(): reply - { when=-1m23s113ms barrier=0 }
01-16 21:22:24.065  4128  4239 D RILS    : [0002]< OEM_HOOK_RAW error: 38
01-16 21:22:24.244  4128  4128 D RILS    : handleMessage(): { when=0 what=1014 target=com.sec.phone.SecPhoneService$1 }
01-16 21:22:24.248  4128  4128 D RILS    : [0003]> OEM_HOOK_RAW[0712000500]
01-16 21:22:24.252  1012  1589 E Multi-Client: OemClientReceiver::Process:
01-16 21:22:24.252  1012  1589 E Multi-Client: OemClientReceiver::Process: fd=8
01-16 21:22:24.252  1012  1589 E Multi-Client: OemClient::Process:
01-16 21:22:24.252  1012  1589 E Multi-Client: ProcessBuffer:
01-16 21:22:24.252  1012  1589 E Multi-Client: OemClient::ProcessBuffer() request[0x3B] from [com.sec.phone], token[3], datalen[5]
01-16 21:22:24.252  1012  1589 E Multi-Client: SetFd: mServerSock=7
01-16 21:22:24.252  1012  1589 E Multi-Client: SetFd: fd=9
01-16 21:22:24.252  1012  1589 E Multi-Client: SetFd: fd=8
01-16 21:22:24.252  1012  1589 E Multi-Client: SetFd: fd=10
01-16 21:22:24.252  1012  1589 E Multi-Client: OemClientReceiver::SetMaxFd: maxfd=10
01-16 21:22:24.252  1033  1577 E RILD    : SetTimeoutCountLimit(): mTimeoutCountLimit = 100
01-16 21:22:24.256  1033  1318 E RILD    : QCNv::InitNvOffset: can't open a phone image from () / No such file or directory.
01-16 21:22:24.260  1033  1318 E RILD    : SetLogLevel: Log level is 1.
01-16 21:22:24.262  2396  3453 D SubscriptionController: [getSlotId]- dummy subId -2
01-16 21:22:24.336  1033  1318 E RILD    : SecCloseFd: CloseFd 203
01-16 21:22:24.338  1033  1318 E RILD    : QCNv::InitNvOffset: can't open a phone image from () / No such file or directory.
01-16 21:22:24.339  1033  1318 E RILD    : SetLogLevel: Log level is 1.
01-16 21:22:24.341  1033  1318 E RILD    : SecCloseFd: CloseFd 203
01-16 21:22:24.343  1033  1318 E RILD    : QCNv::InitNvOffset: can't open a phone image from () / No such file or directory.
01-16 21:22:24.344  1033  1318 E RILD    : SetLogLevel: Log level is 1.
01-16 21:22:24.353  1033  1318 E RILD    : SecCloseFd: CloseFd 203
01-16 21:22:24.354  1033  1318 E RILD    : QCNv::InitNvOffset: can't open a phone image from () / No such file or directory.
01-16 21:22:24.355  1033  1318 E RILD    : SetLogLevel: Log level is 1.
01-16 21:22:24.358  1033  1318 E RILD    : SecCloseFd: CloseFd 203
01-16 21:22:24.369  1033  1318 E RILD    : QCNv::InitNvOffset: can't open a phone image from () / No such file or directory.
01-16 21:22:24.370  1033  1318 E RILD    : SetLogLevel: Log level is 1.
01-16 21:22:24.393  1033  1318 E RILD    : SecCloseFd: CloseFd 203
01-16 21:22:24.394  1033  1318 E RILD    : QCNv::InitNvOffset: can't open a phone image from () / No such file or directory.
01-16 21:22:24.397  1033  1318 E RILD    : SetLogLevel: Log level is 1.
01-16 21:22:24.422  1033  1318 E RILD    : SecCloseFd: CloseFd 203
01-16 21:22:24.424  1033  1318 E RILD    : QCNv::InitNvOffset: can't open a phone image from () / No such file or directory.
01-16 21:22:24.427  1033  1318 E RILD    : SetLogLevel: Log level is 1.
01-16 21:22:24.452  1033  1318 E RILD    : SecCloseFd: CloseFd 203
01-16 21:22:24.454  1033  1318 E RILD    : QCNv::InitNvOffset: can't open a phone image from () / No such file or directory.
01-16 21:22:24.455  1033  1318 E RILD    : SetLogLevel: Log level is 1.
01-16 21:22:24.472  1033  1318 E RILD    : SecCloseFd: CloseFd 203
01-16 21:22:24.473  1033  1318 E RILD    : QCNv::InitNvOffset: can't open a phone image from () / No such file or directory.
01-16 21:22:24.476  1033  1318 E RILD    : SetLogLevel: Log level is 1.
01-16 21:22:24.486  1033  1318 E RILD    : QCNv::InitNvOffset: can't open a phone image from () / No such file or directory.
01-16 21:22:24.491  1033  1318 E RILD    : SetLogLevel: Log level is 1.
01-16 21:22:24.567  2396  7778 D SmsApplication: onPackageChanged: run
01-16 21:22:24.570  1033  1318 E RILD    : SecCloseFd: CloseFd 204
01-16 21:22:24.571  1033  1318 E RILD    : QCNv::InitNvOffset: can't open a phone image from () / No such file or directory.
01-16 21:22:24.574  1033  1318 E RILD    : SetLogLevel: Log level is 1.
01-16 21:22:24.575  2396  7778 D SmsApplication: onPackageChanged: end
01-16 21:22:24.579  1033  1318 E RILD    : SecCloseFd: CloseFd 204
01-16 21:22:24.581  1033  1318 E RILD    : QCNv::InitNvOffset: can't open a phone image from () / No such file or directory.
01-16 21:22:24.585  1033  1318 E RILD    : SetLogLevel: Log level is 1.
01-16 21:22:24.604  2396  7778 D SmsApplication: onPackageChanged: run
01-16 21:22:24.609  2396  7778 D SmsApplication: onPackageChanged: end
01-16 21:22:24.653  1033  1318 E RILD    : SecCloseFd: CloseFd 204
01-16 21:22:24.655  1033  1318 E RILD    : QCNv::InitNvOffset: can't open a phone image from () / No such file or directory.
01-16 21:22:24.659  1033  1318 E RILD    : SetLogLevel: Log level is 1.
01-16 21:22:24.661  1033  1318 E RILD    : SecCloseFd: CloseFd 204
01-16 21:22:24.663  1033  1318 E RILD    : QCNv::InitNvOffset: can't open a phone image from () / No such file or directory.
01-16 21:22:24.665  1033  1318 E RILD    : SetLogLevel: Log level is 1.
01-16 21:22:24.685  1033  1318 E RILD    : SecCloseFd: CloseFd 204
01-16 21:22:24.686  1033  1318 E RILD    : QCNv::InitNvOffset: can't open a phone image from () / No such file or directory.
01-16 21:22:24.690  1033  1318 E RILD    : SetLogLevel: Log level is 1.
01-16 21:22:24.738  2396  3453 D SubscriptionController: [getPhoneId]- dummy subId -2
01-16 21:22:24.739  2396  2639 D SubscriptionController: getSimStateForSlotIndex:  simState=ABSENT ordinal=1 slotIndex=0
01-16 21:22:24.739  5298  5322 D SubscriptionManager: getSimStateForSlotIdx: simState=1 slotIndex=0
01-16 21:22:24.747  2396  3453 D SubscriptionController: getSimStateForSlotIndex: phone == null simState=UNKNOWN ordinal=0 slotIndex=1
01-16 21:22:24.748  5298  5322 D SubscriptionManager: getSimStateForSlotIdx: simState=0 slotIndex=1
01-16 21:22:24.755  2396  3453 D SubscriptionController: [getPhoneId]- dummy subId -2
01-16 21:22:24.769  2396  3453 D SubscriptionController: getSimStateForSlotIndex:  simState=ABSENT ordinal=1 slotIndex=0
01-16 21:22:24.769  5298  5322 D SubscriptionManager: getSimStateForSlotIdx: simState=1 slotIndex=0
01-16 21:22:24.770  2396  3453 D SubscriptionController: [getPhoneId]- dummy subId -2
01-16 21:22:24.782  2396  3453 D SubscriptionController: getSimStateForSlotIndex: phone == null simState=UNKNOWN ordinal=0 slotIndex=1
01-16 21:22:24.782  5298  5322 D SubscriptionManager: getSimStateForSlotIdx: simState=0 slotIndex=1
01-16 21:22:24.844  2396  3453 D SubscriptionController: [getPhoneId]- dummy subId -2
01-16 21:22:24.894  1033  1318 E RILD    : SecCloseFd: CloseFd 204
01-16 21:22:24.896  1033  1318 E RILD    : QCNv::InitNvOffset: can't open a phone image from () / No such file or directory.
01-16 21:22:24.900  1033  1318 E RILD    : SetLogLevel: Log level is 1.
01-16 21:22:24.909  1033  1318 E RILD    : SecCloseFd: CloseFd 204
01-16 21:22:24.910  1033  1318 E RILD    : QCNv::InitNvOffset: can't open a phone image from () / No such file or directory.
01-16 21:22:24.916  1033  1318 E RILD    : SetLogLevel: Log level is 1.
01-16 21:22:24.918  2396  3453 D SubscriptionController: getSimStateForSlotIndex:  simState=ABSENT ordinal=1 slotIndex=0
01-16 21:22:24.918  5298  5322 D SubscriptionManager: getSimStateForSlotIdx: simState=1 slotIndex=0
01-16 21:22:24.924  2396  3453 D SubscriptionController: getSimStateForSlotIndex: phone == null simState=UNKNOWN ordinal=0 slotIndex=1
01-16 21:22:24.924  5298  5322 D SubscriptionManager: getSimStateForSlotIdx: simState=0 slotIndex=1
01-16 21:22:24.937  1033  1318 E RILD    : SecCloseFd: CloseFd 204
01-16 21:22:24.938  1033  1318 E RILD    : QCNv::InitNvOffset: can't open a phone image from () / No such file or directory.
01-16 21:22:24.942  2396  3453 D SubscriptionController: getSimStateForSlotIndex:  simState=ABSENT ordinal=1 slotIndex=0
01-16 21:22:24.942  5298  5322 D SubscriptionManager: getSimStateForSlotIdx: simState=1 slotIndex=0
01-16 21:22:24.943  1033  1318 E RILD    : SetLogLevel: Log level is 1.
01-16 21:22:24.947  2396  3453 D SubscriptionController: getSimStateForSlotIndex: phone == null simState=UNKNOWN ordinal=0 slotIndex=1
01-16 21:22:24.948  5298  5322 D SubscriptionManager: getSimStateForSlotIdx: simState=0 slotIndex=1
01-16 21:22:24.959  1033  1318 E RILD    : SecCloseFd: CloseFd 204
01-16 21:22:24.961  1033  1318 E RILD    : QCNv::InitNvOffset: can't open a phone image from () / No such file or directory.
01-16 21:22:24.966  1033  1318 E RILD    : SetLogLevel: Log level is 1.
01-16 21:22:24.970  1033  1318 E RILD    : SecCloseFd: CloseFd 204
01-16 21:22:24.973  1033  1318 E RILD    : QCNv::InitNvOffset: can't open a phone image from () / No such file or directory.
01-16 21:22:24.975  1033  1318 E RILD    : SetLogLevel: Log level is 1.
01-16 21:22:24.982  1033  1318 E RILD    : SecCloseFd: CloseFd 204
01-16 21:22:24.983  1033  1318 E RILD    : QCNv::InitNvOffset: can't open a phone image from () / No such file or directory.
01-16 21:22:24.988  1033  1318 E RILD    : SetLogLevel: Log level is 1.
01-16 21:22:24.995  1033  1318 E RILD    : SecCloseFd: CloseFd 204
01-16 21:22:24.998  1033  1318 E RILD    : QCNv::InitNvOffset: can't open a phone image from () / No such file or directory.
01-16 21:22:25.003  1033  1318 E RILD    : SetLogLevel: Log level is 1.
01-16 21:22:25.006  1033  1318 E RILD    : SecCloseFd: CloseFd 204
01-16 21:22:25.009  2396  3453 D SubscriptionController: [getPhoneId]- dummy subId -2
01-16 21:22:25.011  1033  1318 E RILD    : QCNv::InitNvOffset: can't open a phone image from () / No such file or directory.
01-16 21:22:25.012  1033  1318 E RILD    : SetLogLevel: Log level is 1.
01-16 21:22:25.014  1033  1318 E RILD    : SecCloseFd: CloseFd 204
01-16 21:22:25.018  1033  1318 E RILD    : QCNv::InitNvOffset: can't open a phone image from () / No such file or directory.
01-16 21:22:25.021  1033  1318 E RILD    : SetLogLevel: Log level is 1.
01-16 21:22:25.024  1033  1318 E RILD    : SecCloseFd: CloseFd 204
01-16 21:22:25.026  1033  1318 E RILD    : QCNv::InitNvOffset: can't open a phone image from () / No such file or directory.
01-16 21:22:25.027  1033  1318 E RILD    : SetLogLevel: Log level is 1.
01-16 21:22:25.030  1033  1318 E RILD    : SecCloseFd: CloseFd 204
01-16 21:22:25.031  1033  1318 E RILD    : QCNv::InitNvOffset: can't open a phone image from () / No such file or directory.
01-16 21:22:25.033  1033  1318 E RILD    : SetLogLevel: Log level is 1.
01-16 21:22:25.041  1033  1318 E RILD    : SecCloseFd: CloseFd 204
01-16 21:22:25.042  1033  1318 E RILD    : QCNv::InitNvOffset: can't open a phone image from () / No such file or directory.
01-16 21:22:25.043  1033  1318 E RILD    : SetLogLevel: Log level is 1.
01-16 21:22:25.048  1033  1318 E RILD    : SecCloseFd: CloseFd 204
01-16 21:22:25.049  1033  1318 E RILD    : QCNv::InitNvOffset: can't open a phone image from () / No such file or directory.
01-16 21:22:25.051  1033  1318 E RILD    : SetLogLevel: Log level is 1.
01-16 21:22:25.055  1033  1318 E RILD    : SecCloseFd: CloseFd 204
01-16 21:22:25.056  1033  1318 E RILD    : QCNv::InitNvOffset: can't open a phone image from () / No such file or directory.
01-16 21:22:25.057  1033  1318 E RILD    : SetLogLevel: Log level is 1.
01-16 21:22:25.060  1033  1318 E RILD    : SecCloseFd: CloseFd 204
01-16 21:22:25.061  1033  1318 E RILD    : QCNv::InitNvOffset: can't open a phone image from () / No such file or directory.
01-16 21:22:25.062  1033  1318 E RILD    : SetLogLevel: Log level is 1.
01-16 21:22:25.074  1033  1318 E RILD    : SecCloseFd: CloseFd 204
01-16 21:22:25.075  1033  1318 E RILD    : QCNv::InitNvOffset: can't open a phone image from () / No such file or directory.
01-16 21:22:25.076  1033  1318 E RILD    : SetLogLevel: Log level is 1.
01-16 21:22:25.079  1033  1318 E RILD    : SecCloseFd: CloseFd 204
01-16 21:22:25.081  1033  1318 E RILD    : QCNv::InitNvOffset: can't open a phone image from () / No such file or directory.
01-16 21:22:25.087  1033  1318 E RILD    : SetLogLevel: Log level is 1.
01-16 21:22:25.090  1033  1318 E RILD    : SecCloseFd: CloseFd 204
01-16 21:22:25.091  1033  1318 E RILD    : QCNv::InitNvOffset: can't open a phone image from () / No such file or directory.
01-16 21:22:25.096  1033  1318 E RILD    : SetLogLevel: Log level is 1.
01-16 21:22:25.098  1033  1318 E RILD    : SecCloseFd: CloseFd 204
01-16 21:22:25.100  1033  1318 E RILD    : QCNv::InitNvOffset: can't open a phone image from () / No such file or directory.
01-16 21:22:25.101  1033  1318 E RILD    : SetLogLevel: Log level is 1.
01-16 21:22:25.104  1033  1318 E RILD    : SecCloseFd: CloseFd 204
01-16 21:22:25.104  1033  1318 E RILD    : QCNv::InitNvOffset: can't open a phone image from () / No such file or directory.
01-16 21:22:25.107  1033  1318 E RILD    : SetLogLevel: Log level is 1.
01-16 21:22:25.109  1033  1318 E RILD    : SecCloseFd: CloseFd 204
01-16 21:22:25.110  1033  1318 E RILD    : QCNv::InitNvOffset: can't open a phone image from () / No such file or directory.
01-16 21:22:25.114  1033  1318 E RILD    : SetLogLevel: Log level is 1.
01-16 21:22:25.121  1033  1318 E RILD    : SecCloseFd: CloseFd 204
01-16 21:22:25.122  1033  1318 E RILD    : QCNv::InitNvOffset: can't open a phone image from () / No such file or directory.
01-16 21:22:25.132  1033  1318 E RILD    : SetLogLevel: Log level is 1.
01-16 21:22:25.139  1033  1318 E RILD    : SecCloseFd: CloseFd 204
01-16 21:22:25.142  1033  1318 E RILD    : QCNv::InitNvOffset: can't open a phone image from () / No such file or directory.
01-16 21:22:25.151  2396  3453 D SubscriptionController: [getPhoneId] asked for default subId=-2
01-16 21:22:25.151  2396  3453 D SubscriptionController: [getPhoneId]- dummy subId -2
01-16 21:22:25.154  1033  1318 E RILD    : SetLogLevel: Log level is 1.
01-16 21:22:25.162  1033  1318 E RILD    : SecCloseFd: CloseFd 204
01-16 21:22:25.169  1033  1318 E RILD    : SecCloseFd: CloseFd 203
01-16 21:22:25.173  1033  1318 E RILD    : QCNv::InitNvOffset: can't open a phone image from () / No such file or directory.
01-16 21:22:25.176  1033  1318 E RILD    : SetLogLevel: Log level is 1.
01-16 21:22:25.178  1033  1318 E RILD    : SecCloseFd: CloseFd 203
01-16 21:22:25.182  1033  1318 E RILD    : QCNv::InitNvOffset: can't open a phone image from () / No such file or directory.
01-16 21:22:25.184  1033  1318 E RILD    : SetLogLevel: Log level is 1.
01-16 21:22:25.194  1033  1318 E RILD    : SecCloseFd: CloseFd 203
01-16 21:22:25.203  1033  1318 E RILD    : QCNv::InitNvOffset: can't open a phone image from () / No such file or directory.
01-16 21:22:25.207  1033  1318 E RILD    : SetLogLevel: Log level is 1.
01-16 21:22:25.208  2396  3453 D SubscriptionController: [getPhoneId]- dummy subId -2
01-16 21:22:25.211  1033  1318 E RILD    : SecCloseFd: CloseFd 203
01-16 21:22:25.215  1033  1318 E RILD    : QCNv::InitNvOffset: can't open a phone image from () / No such file or directory.
01-16 21:22:25.218  1033  1318 E RILD    : SetLogLevel: Log level is 1.
01-16 21:22:25.222  1033  1318 E RILD    : SecCloseFd: CloseFd 203
01-16 21:22:25.225  1033  1318 E RILD    : QCNv::InitNvOffset: can't open a phone image from () / No such file or directory.
01-16 21:22:25.227  1033  1318 E RILD    : SetLogLevel: Log level is 1.
01-16 21:22:25.230  1033  1318 E RILD    : SecCloseFd: CloseFd 203
01-16 21:22:25.239  1033  1318 E RILD    : QCNv::InitNvOffset: can't open a phone image from () / No such file or directory.
01-16 21:22:25.240  1033  1318 E RILD    : SetLogLevel: Log level is 1.
01-16 21:22:25.242  1033  1318 E RILD    : SecCloseFd: CloseFd 203
01-16 21:22:25.294  1033  1318 E RILD    : QCNv::InitNvOffset: can't open a phone image from () / No such file or directory.
01-16 21:22:25.295  1033  1318 E RILD    : SetLogLevel: Log level is 1.
01-16 21:22:25.301  2396  3453 D SubscriptionController: [getPhoneId]- dummy subId -2
01-16 21:22:25.526  2396  3453 D SubscriptionController: [getPhoneId]- dummy subId -2
01-16 21:22:25.817  2396  2396 D TelephonyNetworkFactory[0]: got request NetworkRequest [ TRACK_DEFAULT id=68, [ Capabilities: INTERNET&NOT_RESTRICTED&TRUSTED Unwanted:  Uid: 10052] ] with score 0
01-16 21:22:25.817  2396  2396 D TelephonyNetworkFactory[0]:   my score=50, my filter=[ Transports: CELLULAR Capabilities: MMS&SUPL&DUN&FOTA&IMS&CBS&IA&RCS&XCAP&EIMS&INTERNET&NOT_RESTRICTED&TRUSTED&NOT_VPN&ENT1&FOC&MCX&BIP Unwanted:  Specifier: <-2>]
01-16 21:22:25.817  2396  2396 D TelephonyNetworkFactory[0]: evalRequest
