01-16 21:22:25.817  2396  2396 D TelephonyNetworkFactory[0]:   needNetworkFor
01-16 21:22:25.818  2396  2396 D TelephonyNetworkFactory[0]: handleMessage msg={ when=0 what=4 obj=NetworkRequest [ TRACK_DEFAULT id=68, [ Capabilities: INTERNET&NOT_RESTRICTED&TRUSTED Unwanted:  Uid: 10052] ] target=com.android.internal.telephony.dataconnection.TelephonyNetworkFactory$InternalHandler }
01-16 21:22:25.818  2396  2396 D TelephonyNetworkFactory[0]: not acting - isApp=false, isAct=false NetworkRequest [ TRACK_DEFAULT id=68, [ Capabilities: INTERNET&NOT_RESTRICTED&TRUSTED Unwanted:  Uid: 10052] ]
01-16 21:22:25.818  2396  2396 D DDS-PhoneSwitcher: handleMessage msg={ when=-1ms what=103 obj=NetworkRequest [ TRACK_DEFAULT id=68, [ Capabilities: INTERNET&NOT_RESTRICTED&TRUSTED Unwanted:  Uid: 10052] ] target=com.android.internal.telephony.PhoneSwitcher }
01-16 21:22:25.818  2396  2396 D DDS-PhoneSwitcher: evaluating due to netRequest
01-16 21:22:26.046  2396  3453 D SubscriptionController: [getPhoneId] asked for default subId=-2
01-16 21:22:26.046  2396  3453 D SubscriptionController: [getPhoneId]- dummy subId -2
01-16 21:22:26.052  2396  3453 D SubscriptionController: [getActiveSubInfoList] Sub Controller not ready
01-16 21:22:26.052  2396  3453 D SubscriptionController: [getActiveSubscriptionInfoForSimSlotIndex]+ subList=null
01-16 21:22:26.055  2396  3453 D SubscriptionController: [getPhoneId]- no sims, returning default phoneId=0
01-16 21:22:26.165  2396  3453 D SubscriptionController: [getPhoneId]- dummy subId -2
01-16 21:22:26.716  1033  1318 E RILD    : SecCloseFd: CloseFd 203
01-16 21:22:26.717  1033  1318 E RILD    : QCNv::InitNvOffset: can't open a phone image from () / No such file or directory.
01-16 21:22:26.725  1033  1318 E RILD    : SetLogLevel: Log level is 1.
01-16 21:22:26.730  1033  1318 E RILD    : SecCloseFd: CloseFd 203
01-16 21:22:26.731  1033  1581 E RILD    : SetTimeoutCountLimit(): mTimeoutCountLimit = 5
01-16 21:22:26.731  1012  1092 E Multi-Client: Oem OnRequestComplete:
01-16 21:22:26.732  4128  4239 D RILS    : processSolicited(): mResult - { when=-1m25s780ms barrier=0 }
01-16 21:22:26.732  4128  4239 D RILS    : processSolicited(): reply - { when=-1m25s780ms barrier=0 }
01-16 21:22:26.732  4128  4239 D RILS    : [0003]< OEM_HOOK_RAW { when=-1m25s780ms barrier=0 }
01-16 21:22:26.941  2396  3453 D SubscriptionController: [getPhoneId]- dummy subId -2
01-16 21:22:27.391  2396  2396 D RILJ    : [0125]> RIL_REQUEST_GET_ACTIVITY_INFO [SUB0]
01-16 21:22:27.398  2396  2599 D RILJ    : [0125]< RIL_REQUEST_GET_ACTIVITY_INFO ModemActivityInfo{ mTimestamp=86446 mSleepTimeMs=51439 mIdleTimeMs=2805 mTxTimeMs[]=[0, 0, 0, 0, 0] mRxTimeMs=2432 mEnergyUsed=0} [SUB0]
01-16 21:22:28.506  2396  3453 D SubscriptionController: [getSlotId]- dummy subId -2
01-16 21:22:28.509  2396  3453 D SubscriptionController: getSimStateForSlotIndex:  simState=ABSENT ordinal=1 slotIndex=0
01-16 21:22:28.509 11962 11995 D SubscriptionManager: getSimStateForSlotIdx: simState=1 slotIndex=0
01-16 21:22:28.518  2396  3453 D SubscriptionController: [getPhoneId] asked for default subId=-2
01-16 21:22:28.518  2396  3453 D SubscriptionController: [getPhoneId]- dummy subId -2
01-16 21:22:28.523  2396  3453 D SubscriptionController: [getSlotId]- dummy subId -2
01-16 21:22:28.524  2396  3453 D SubscriptionController: getSimStateForSlotIndex:  simState=ABSENT ordinal=1 slotIndex=0
01-16 21:22:28.524 11962 11983 D SubscriptionManager: getSimStateForSlotIdx: simState=1 slotIndex=0
01-16 21:22:28.983  2396  4620 D SubscriptionController: [getPhoneId]- dummy subId -2
01-16 21:22:29.414  2396  2396 D DDS-PhoneSwitcher: handleMessage msg={ when=0 what=103 obj=NetworkRequest [ TRACK_DEFAULT id=70, [ Capabilities: INTERNET&NOT_RESTRICTED&TRUSTED Unwanted:  Uid: 10176] ] target=com.android.internal.telephony.PhoneSwitcher }
01-16 21:22:29.415  2396  2396 D DDS-PhoneSwitcher: evaluating due to netRequest
01-16 21:22:29.415  2396  2396 D TelephonyNetworkFactory[0]: got request NetworkRequest [ TRACK_DEFAULT id=70, [ Capabilities: INTERNET&NOT_RESTRICTED&TRUSTED Unwanted:  Uid: 10176] ] with score 0
01-16 21:22:29.415  2396  2396 D TelephonyNetworkFactory[0]:   my score=50, my filter=[ Transports: CELLULAR Capabilities: MMS&SUPL&DUN&FOTA&IMS&CBS&IA&RCS&XCAP&EIMS&INTERNET&NOT_RESTRICTED&TRUSTED&NOT_VPN&ENT1&FOC&MCX&BIP Unwanted:  Specifier: <-2>]
01-16 21:22:29.415  2396  2396 D TelephonyNetworkFactory[0]: evalRequest
01-16 21:22:29.415  2396  2396 D TelephonyNetworkFactory[0]:   needNetworkFor
01-16 21:22:29.415  2396  2396 D TelephonyNetworkFactory[0]: handleMessage msg={ when=0 what=4 obj=NetworkRequest [ TRACK_DEFAULT id=70, [ Capabilities: INTERNET&NOT_RESTRICTED&TRUSTED Unwanted:  Uid: 10176] ] target=com.android.internal.telephony.dataconnection.TelephonyNetworkFactory$InternalHandler }
01-16 21:22:29.415  2396  2396 D TelephonyNetworkFactory[0]: not acting - isApp=false, isAct=false NetworkRequest [ TRACK_DEFAULT id=70, [ Capabilities: INTERNET&NOT_RESTRICTED&TRUSTED Unwanted:  Uid: 10176] ]
01-16 21:22:29.722  2396  4620 D SubscriptionController: [getPhoneId]- dummy subId -2
01-16 21:22:29.805  2396  2396 D TelephonyNetworkFactory[0]: got request NetworkRequest [ TRACK_DEFAULT id=71, [ Capabilities: INTERNET&NOT_RESTRICTED&TRUSTED Unwanted:  Uid: 10176] ] with score 0
01-16 21:22:29.805  2396  2396 D TelephonyNetworkFactory[0]:   my score=50, my filter=[ Transports: CELLULAR Capabilities: MMS&SUPL&DUN&FOTA&IMS&CBS&IA&RCS&XCAP&EIMS&INTERNET&NOT_RESTRICTED&TRUSTED&NOT_VPN&ENT1&FOC&MCX&BIP Unwanted:  Specifier: <-2>]
01-16 21:22:29.805  2396  2396 D TelephonyNetworkFactory[0]: evalRequest
01-16 21:22:29.805  2396  2396 D TelephonyNetworkFactory[0]:   needNetworkFor
01-16 21:22:29.805  2396  2396 D TelephonyNetworkFactory[0]: handleMessage msg={ when=0 what=4 obj=NetworkRequest [ TRACK_DEFAULT id=71, [ Capabilities: INTERNET&NOT_RESTRICTED&TRUSTED Unwanted:  Uid: 10176] ] target=com.android.internal.telephony.dataconnection.TelephonyNetworkFactory$InternalHandler }
01-16 21:22:29.805  2396  2396 D TelephonyNetworkFactory[0]: not acting - isApp=false, isAct=false NetworkRequest [ TRACK_DEFAULT id=71, [ Capabilities: INTERNET&NOT_RESTRICTED&TRUSTED Unwanted:  Uid: 10176] ]
01-16 21:22:29.805  2396  2396 D DDS-PhoneSwitcher: handleMessage msg={ when=-1ms what=103 obj=NetworkRequest [ TRACK_DEFAULT id=71, [ Capabilities: INTERNET&NOT_RESTRICTED&TRUSTED Unwanted:  Uid: 10176] ] target=com.android.internal.telephony.PhoneSwitcher }
01-16 21:22:29.805  2396  2396 D DDS-PhoneSwitcher: evaluating due to netRequest
01-16 21:22:29.835  2396  2396 D AOP-0/1 : Wi-Fi Intent.getAction() : android.net.wifi.STATE_CHANGE
01-16 21:22:29.835  2396  2396 D AOP-0/1 : NETWORK_STATE_CHANGED_ACTION: mIsWifiConnected=false
01-16 21:22:29.935  2396  2396 D TelephonyNetworkFactory[0]: handleMessage msg={ when=0 what=5 obj=NetworkRequest [ TRACK_DEFAULT id=60, [ Capabilities: INTERNET&NOT_RESTRICTED&TRUSTED Unwanted:  Uid: 10217] ] target=com.android.internal.telephony.dataconnection.TelephonyNetworkFactory$InternalHandler }
01-16 21:22:29.935  2396  2396 D TelephonyNetworkFactory[0]: not releasing - isApp=false, isAct=false NetworkRequest [ TRACK_DEFAULT id=60, [ Capabilities: INTERNET&NOT_RESTRICTED&TRUSTED Unwanted:  Uid: 10217] ]
01-16 21:22:29.935  2396  2396 D DDS-PhoneSwitcher: handleMessage msg={ when=-1ms what=104 obj=NetworkRequest [ TRACK_DEFAULT id=60, [ Capabilities: INTERNET&NOT_RESTRICTED&TRUSTED Unwanted:  Uid: 10217] ] target=com.android.internal.telephony.PhoneSwitcher }
01-16 21:22:29.935  2396  2396 D DDS-PhoneSwitcher: evaluating due to netReleased
01-16 21:22:29.936  2396  2396 D DDS-PhoneSwitcher: handleMessage msg={ when=0 what=104 obj=NetworkRequest [ TRACK_DEFAULT id=61, [ Capabilities: INTERNET&NOT_RESTRICTED&TRUSTED Unwanted:  Uid: 10217] ] target=com.android.internal.telephony.PhoneSwitcher }
01-16 21:22:29.936  2396  2396 D DDS-PhoneSwitcher: evaluating due to netReleased
01-16 21:22:29.936  2396  2396 D TelephonyNetworkFactory[0]: handleMessage msg={ when=0 what=5 obj=NetworkRequest [ TRACK_DEFAULT id=61, [ Capabilities: INTERNET&NOT_RESTRICTED&TRUSTED Unwanted:  Uid: 10217] ] target=com.android.internal.telephony.dataconnection.TelephonyNetworkFactory$InternalHandler }
01-16 21:22:29.936  2396  2396 D TelephonyNetworkFactory[0]: not releasing - isApp=false, isAct=false NetworkRequest [ TRACK_DEFAULT id=61, [ Capabilities: INTERNET&NOT_RESTRICTED&TRUSTED Unwanted:  Uid: 10217] ]
01-16 21:22:30.178  2396  2396 D TelephonyNetworkFactory[0]: handleMessage msg={ when=0 what=5 obj=NetworkRequest [ TRACK_DEFAULT id=68, [ Capabilities: INTERNET&NOT_RESTRICTED&TRUSTED Unwanted:  Uid: 10052] ] target=com.android.internal.telephony.dataconnection.TelephonyNetworkFactory$InternalHandler }
01-16 21:22:30.179  2396  2396 D TelephonyNetworkFactory[0]: not releasing - isApp=false, isAct=false NetworkRequest [ TRACK_DEFAULT id=68, [ Capabilities: INTERNET&NOT_RESTRICTED&TRUSTED Unwanted:  Uid: 10052] ]
01-16 21:22:30.179  2396  2396 D DDS-PhoneSwitcher: handleMessage msg={ when=0 what=104 obj=NetworkRequest [ TRACK_DEFAULT id=68, [ Capabilities: INTERNET&NOT_RESTRICTED&TRUSTED Unwanted:  Uid: 10052] ] target=com.android.internal.telephony.PhoneSwitcher }
01-16 21:22:30.179  2396  2396 D DDS-PhoneSwitcher: evaluating due to netReleased
01-16 21:22:30.329  2396  2396 D AOP-0/1 : Wi-Fi Intent.getAction() : android.net.wifi.STATE_CHANGE
01-16 21:22:30.329  2396  2396 D AOP-0/1 : NETWORK_STATE_CHANGED_ACTION: mIsWifiConnected=false
01-16 21:22:30.366  2396  2396 D AOP-0/1 : Wi-Fi Intent.getAction() : android.net.wifi.STATE_CHANGE
01-16 21:22:30.366  2396  2396 D AOP-0/1 : NETWORK_STATE_CHANGED_ACTION: mIsWifiConnected=false
01-16 21:22:30.395  2396  2396 D AOP-0/1 : Wi-Fi Intent.getAction() : android.net.wifi.STATE_CHANGE
01-16 21:22:30.395  2396  2396 D AOP-0/1 : NETWORK_STATE_CHANGED_ACTION: mIsWifiConnected=false
01-16 21:22:30.410  2396  2396 D AOP-0/1 : Wi-Fi Intent.getAction() : android.net.wifi.STATE_CHANGE
01-16 21:22:30.410  2396  2396 D AOP-0/1 : NETWORK_STATE_CHANGED_ACTION: mIsWifiConnected=false
01-16 21:22:30.488  2396  2396 D TelephonyNetworkFactory[0]: handleMessage msg={ when=0 what=5 obj=NetworkRequest [ TRACK_DEFAULT id=63, [ Capabilities: INTERNET&NOT_RESTRICTED&TRUSTED Unwanted:  Uid: 10216] ] target=com.android.internal.telephony.dataconnection.TelephonyNetworkFactory$InternalHandler }
01-16 21:22:30.488  2396  2396 D TelephonyNetworkFactory[0]: not releasing - isApp=false, isAct=false NetworkRequest [ TRACK_DEFAULT id=63, [ Capabilities: INTERNET&NOT_RESTRICTED&TRUSTED Unwanted:  Uid: 10216] ]
01-16 21:22:30.488  2396  2396 D DDS-PhoneSwitcher: handleMessage msg={ when=0 what=104 obj=NetworkRequest [ TRACK_DEFAULT id=63, [ Capabilities: INTERNET&NOT_RESTRICTED&TRUSTED Unwanted:  Uid: 10216] ] target=com.android.internal.telephony.PhoneSwitcher }
01-16 21:22:30.488  2396  2396 D DDS-PhoneSwitcher: evaluating due to netReleased
01-16 21:22:31.520  2396  2780 D SubscriptionController: [getPhoneId]- dummy subId -2
01-16 21:22:31.841  2396  2396 D TelephonyNetworkFactory[0]: got request NetworkRequest [ TRACK_DEFAULT id=73, [ Capabilities: INTERNET&NOT_RESTRICTED&TRUSTED Unwanted:  Uid: 10158] ] with score 0
01-16 21:22:31.841  2396  2396 D TelephonyNetworkFactory[0]:   my score=50, my filter=[ Transports: CELLULAR Capabilities: MMS&SUPL&DUN&FOTA&IMS&CBS&IA&RCS&XCAP&EIMS&INTERNET&NOT_RESTRICTED&TRUSTED&NOT_VPN&ENT1&FOC&MCX&BIP Unwanted:  Specifier: <-2>]
01-16 21:22:31.841  2396  2396 D TelephonyNetworkFactory[0]: evalRequest
01-16 21:22:31.841  2396  2396 D TelephonyNetworkFactory[0]:   needNetworkFor
01-16 21:22:31.841  2396  2396 D TelephonyNetworkFactory[0]: handleMessage msg={ when=0 what=4 obj=NetworkRequest [ TRACK_DEFAULT id=73, [ Capabilities: INTERNET&NOT_RESTRICTED&TRUSTED Unwanted:  Uid: 10158] ] target=com.android.internal.telephony.dataconnection.TelephonyNetworkFactory$InternalHandler }
01-16 21:22:31.842  2396  2396 D TelephonyNetworkFactory[0]: not acting - isApp=false, isAct=false NetworkRequest [ TRACK_DEFAULT id=73, [ Capabilities: INTERNET&NOT_RESTRICTED&TRUSTED Unwanted:  Uid: 10158] ]
01-16 21:22:31.842  2396  2396 D DDS-PhoneSwitcher: handleMessage msg={ when=0 what=103 obj=NetworkRequest [ TRACK_DEFAULT id=73, [ Capabilities: INTERNET&NOT_RESTRICTED&TRUSTED Unwanted:  Uid: 10158] ] target=com.android.internal.telephony.PhoneSwitcher }
01-16 21:22:31.842  2396  2396 D DDS-PhoneSwitcher: evaluating due to netRequest
01-16 21:22:31.921  2396  2396 D AOP-0/1 : Wi-Fi Intent.getAction() : android.net.wifi.STATE_CHANGE
01-16 21:22:31.922  2396  2396 D AOP-0/1 : NETWORK_STATE_CHANGED_ACTION: mIsWifiConnected=false
01-16 21:22:31.979  2396  2785 D SubscriptionController: [getPhoneId]- dummy subId -2
01-16 21:22:31.999  2396  2396 D AOP-0/1 : Wi-Fi Intent.getAction() : android.net.wifi.STATE_CHANGE
01-16 21:22:31.999  2396  2396 D AOP-0/1 : NETWORK_STATE_CHANGED_ACTION: mIsWifiConnected=true
01-16 21:22:32.002  2396  2785 D SubscriptionController: [getSlotId]- dummy subId -2
01-16 21:22:32.003  2396  2785 D SubscriptionController: getSimStateForSlotIndex:  simState=ABSENT ordinal=1 slotIndex=0
01-16 21:22:32.003  1519  2092 D SubscriptionManager: getSimStateForSlotIdx: simState=1 slotIndex=0
01-16 21:22:32.013  2396  2396 D AOP-0/1 : Wi-Fi Intent.getAction() : android.net.wifi.STATE_CHANGE
01-16 21:22:32.013  2396  2396 D AOP-0/1 : NETWORK_STATE_CHANGED_ACTION: mIsWifiConnected=true
01-16 21:22:32.013  2396  2780 D SubscriptionController: [getSlotId]- dummy subId -2
01-16 21:22:32.015  2396  4620 D SubscriptionController: getSimStateForSlotIndex:  simState=ABSENT ordinal=1 slotIndex=0
01-16 21:22:32.016  1519  2092 D SubscriptionManager: getSimStateForSlotIdx: simState=1 slotIndex=0
01-16 21:22:32.064  2396  2396 D TelephonyNetworkFactory[0]: new score 20 for exisiting request NetworkRequest [ TRACK_DEFAULT id=11, [ Capabilities: INTERNET&NOT_RESTRICTED&TRUSTED Unwanted:  Uid: 10049] ]
01-16 21:22:32.064  2396  2396 D TelephonyNetworkFactory[0]:   my score=50, my filter=[ Transports: CELLULAR Capabilities: MMS&SUPL&DUN&FOTA&IMS&CBS&IA&RCS&XCAP&EIMS&INTERNET&NOT_RESTRICTED&TRUSTED&NOT_VPN&ENT1&FOC&MCX&BIP Unwanted:  Specifier: <-2>]
01-16 21:22:32.064  2396  2396 D TelephonyNetworkFactory[0]: evalRequest
01-16 21:22:32.064  2396  2396 D TelephonyNetworkFactory[0]:   done
01-16 21:22:32.064  2396  2396 D TelephonyNetworkFactory[0]: new score 20 for exisiting request NetworkRequest [ TRACK_DEFAULT id=71, [ Capabilities: INTERNET&NOT_RESTRICTED&TRUSTED Unwanted:  Uid: 10176] ]
01-16 21:22:32.064  2396  2396 D TelephonyNetworkFactory[0]:   my score=50, my filter=[ Transports: CELLULAR Capabilities: MMS&SUPL&DUN&FOTA&IMS&CBS&IA&RCS&XCAP&EIMS&INTERNET&NOT_RESTRICTED&TRUSTED&NOT_VPN&ENT1&FOC&MCX&BIP Unwanted:  Specifier: <-2>]
01-16 21:22:32.064  2396  2396 D TelephonyNetworkFactory[0]: evalRequest
01-16 21:22:32.064  2396  2396 D TelephonyNetworkFactory[0]:   done
01-16 21:22:32.065  2396  2396 D TelephonyNetworkFactory[0]: new score 20 for exisiting request NetworkRequest [ TRACK_DEFAULT id=23, [ Capabilities: INTERNET&NOT_RESTRICTED&TRUSTED Unwanted:  Uid: 10105] ]
01-16 21:22:32.065  2396  2396 D TelephonyNetworkFactory[0]:   my score=50, my filter=[ Transports: CELLULAR Capabilities: MMS&SUPL&DUN&FOTA&IMS&CBS&IA&RCS&XCAP&EIMS&INTERNET&NOT_RESTRICTED&TRUSTED&NOT_VPN&ENT1&FOC&MCX&BIP Unwanted:  Specifier: <-2>]
01-16 21:22:32.065  2396  2396 D TelephonyNetworkFactory[0]: evalRequest
01-16 21:22:32.065  2396  2396 D TelephonyNetworkFactory[0]:   done
01-16 21:22:32.065  2396  2396 D TelephonyNetworkFactory[0]: new score 20 for exisiting request NetworkRequest [ TRACK_DEFAULT id=66, [ Capabilities: INTERNET&NOT_RESTRICTED&TRUSTED Unwanted:  Uid: 10221] ]
01-16 21:22:32.065  2396  2396 D TelephonyNetworkFactory[0]:   my score=50, my filter=[ Transports: CELLULAR Capabilities: MMS&SUPL&DUN&FOTA&IMS&CBS&IA&RCS&XCAP&EIMS&INTERNET&NOT_RESTRICTED&TRUSTED&NOT_VPN&ENT1&FOC&MCX&BIP Unwanted:  Specifier: <-2>]
01-16 21:22:32.065  2396  2396 D TelephonyNetworkFactory[0]: evalRequest
01-16 21:22:32.065  2396  2396 D TelephonyNetworkFactory[0]:   done
01-16 21:22:32.065  2396  2396 D TelephonyNetworkFactory[0]: new score 20 for exisiting request NetworkRequest [ TRACK_DEFAULT id=25, [ Capabilities: INTERNET&NOT_RESTRICTED&TRUSTED Unwanted:  Uid: 10105] ]
01-16 21:22:32.065  2396  2396 D TelephonyNetworkFactory[0]:   my score=50, my filter=[ Transports: CELLULAR Capabilities: MMS&SUPL&DUN&FOTA&IMS&CBS&IA&RCS&XCAP&EIMS&INTERNET&NOT_RESTRICTED&TRUSTED&NOT_VPN&ENT1&FOC&MCX&BIP Unwanted:  Specifier: <-2>]
01-16 21:22:32.065  2396  2396 D TelephonyNetworkFactory[0]: evalRequest
01-16 21:22:32.065  2396  2396 D TelephonyNetworkFactory[0]:   done
01-16 21:22:32.065  2396  2396 D TelephonyNetworkFactory[0]: new score 20 for exisiting request NetworkRequest [ TRACK_DEFAULT id=32, [ Capabilities: INTERNET&NOT_RESTRICTED&TRUSTED Unwanted:  Uid: 10225] ]
01-16 21:22:32.065  2396  2396 D TelephonyNetworkFactory[0]:   my score=50, my filter=[ Transports: CELLULAR Capabilities: MMS&SUPL&DUN&FOTA&IMS&CBS&IA&RCS&XCAP&EIMS&INTERNET&NOT_RESTRICTED&TRUSTED&NOT_VPN&ENT1&FOC&MCX&BIP Unwanted:  Specifier: <-2>]
01-16 21:22:32.065  2396  2396 D TelephonyNetworkFactory[0]: evalRequest
01-16 21:22:32.065  2396  2396 D TelephonyNetworkFactory[0]:   done
01-16 21:22:32.065  2396  2396 D TelephonyNetworkFactory[0]: new score 20 for exisiting request NetworkRequest [ REQUEST id=1, [ Capabilities: INTERNET&NOT_RESTRICTED&TRUSTED&NOT_VPN Unwanted: ] ]
01-16 21:22:32.065  2396  2396 D TelephonyNetworkFactory[0]:   my score=50, my filter=[ Transports: CELLULAR Capabilities: MMS&SUPL&DUN&FOTA&IMS&CBS&IA&RCS&XCAP&EIMS&INTERNET&NOT_RESTRICTED&TRUSTED&NOT_VPN&ENT1&FOC&MCX&BIP Unwanted:  Specifier: <-2>]
01-16 21:22:32.065  2396  2396 D TelephonyNetworkFactory[0]: evalRequest
01-16 21:22:32.065  2396  2396 D TelephonyNetworkFactory[0]:   done
01-16 21:22:32.065  2396  2396 D TelephonyNetworkFactory[0]: new score 20 for exisiting request NetworkRequest [ TRACK_DEFAULT id=70, [ Capabilities: INTERNET&NOT_RESTRICTED&TRUSTED Unwanted:  Uid: 10176] ]
01-16 21:22:32.065  2396  2396 D TelephonyNetworkFactory[0]:   my score=50, my filter=[ Transports: CELLULAR Capabilities: MMS&SUPL&DUN&FOTA&IMS&CBS&IA&RCS&XCAP&EIMS&INTERNET&NOT_RESTRICTED&TRUSTED&NOT_VPN&ENT1&FOC&MCX&BIP Unwanted:  Specifier: <-2>]
01-16 21:22:32.065  2396  2396 D TelephonyNetworkFactory[0]: evalRequest
01-16 21:22:32.065  2396  2396 D TelephonyNetworkFactory[0]:   done
01-16 21:22:32.065  2396  2396 D TelephonyNetworkFactory[0]: new score 20 for exisiting request NetworkRequest [ TRACK_DEFAULT id=8, [ Capabilities: INTERNET&NOT_RESTRICTED&TRUSTED Unwanted:  Uid: 1000] ]
01-16 21:22:32.065  2396  2396 D TelephonyNetworkFactory[0]:   my score=50, my filter=[ Transports: CELLULAR Capabilities: MMS&SUPL&DUN&FOTA&IMS&CBS&IA&RCS&XCAP&EIMS&INTERNET&NOT_RESTRICTED&TRUSTED&NOT_VPN&ENT1&FOC&MCX&BIP Unwanted:  Specifier: <-2>]
01-16 21:22:32.065  2396  2396 D TelephonyNetworkFactory[0]: evalRequest
01-16 21:22:32.065  2396  2396 D TelephonyNetworkFactory[0]:   done
01-16 21:22:32.065  2396  2396 D TelephonyNetworkFactory[0]: new score 20 for exisiting request NetworkRequest [ TRACK_DEFAULT id=65, [ Capabilities: INTERNET&NOT_RESTRICTED&TRUSTED Unwanted:  Uid: 10221] ]
01-16 21:22:32.065  2396  2396 D TelephonyNetworkFactory[0]:   my score=50, my filter=[ Transports: CELLULAR Capabilities: MMS&SUPL&DUN&FOTA&IMS&CBS&IA&RCS&XCAP&EIMS&INTERNET&NOT_RESTRICTED&TRUSTED&NOT_VPN&ENT1&FOC&MCX&BIP Unwanted:  Specifier: <-2>]
01-16 21:22:32.065  2396  2396 D TelephonyNetworkFactory[0]: evalRequest
01-16 21:22:32.065  2396  2396 D TelephonyNetworkFactory[0]:   done
01-16 21:22:32.065  2396  2396 D TelephonyNetworkFactory[0]: new score 20 for exisiting request NetworkRequest [ TRACK_DEFAULT id=62, [ Capabilities: INTERNET&NOT_RESTRICTED&TRUSTED Unwanted:  Uid: 10064] ]
01-16 21:22:32.065  2396  2396 D TelephonyNetworkFactory[0]:   my score=50, my filter=[ Transports: CELLULAR Capabilities: MMS&SUPL&DUN&FOTA&IMS&CBS&IA&RCS&XCAP&EIMS&INTERNET&NOT_RESTRICTED&TRUSTED&NOT_VPN&ENT1&FOC&MCX&BIP Unwanted:  Specifier: <-2>]
01-16 21:22:32.065  2396  2396 D TelephonyNetworkFactory[0]: evalRequest
01-16 21:22:32.065  2396  2396 D TelephonyNetworkFactory[0]:   done
01-16 21:22:32.065  2396  2396 D TelephonyNetworkFactory[0]: new score 20 for exisiting request NetworkRequest [ TRACK_DEFAULT id=73, [ Capabilities: INTERNET&NOT_RESTRICTED&TRUSTED Unwanted:  Uid: 10158] ]
01-16 21:22:32.065  2396  2396 D TelephonyNetworkFactory[0]:   my score=50, my filter=[ Transports: CELLULAR Capabilities: MMS&SUPL&DUN&FOTA&IMS&CBS&IA&RCS&XCAP&EIMS&INTERNET&NOT_RESTRICTED&TRUSTED&NOT_VPN&ENT1&FOC&MCX&BIP Unwanted:  Specifier: <-2>]
01-16 21:22:32.065  2396  2396 D TelephonyNetworkFactory[0]: evalRequest
01-16 21:22:32.065  2396  2396 D TelephonyNetworkFactory[0]:   done
01-16 21:22:32.065  2396  2396 D TelephonyNetworkFactory[0]: new score 20 for exisiting request NetworkRequest [ TRACK_DEFAULT id=58, [ Capabilities: INTERNET&NOT_RESTRICTED&TRUSTED Unwanted:  Uid: 10064] ]
01-16 21:22:32.066  2396  2396 D TelephonyNetworkFactory[0]:   my score=50, my filter=[ Transports: CELLULAR Capabilities: MMS&SUPL&DUN&FOTA&IMS&CBS&IA&RCS&XCAP&EIMS&INTERNET&NOT_RESTRICTED&TRUSTED&NOT_VPN&ENT1&FOC&MCX&BIP Unwanted:  Specifier: <-2>]
01-16 21:22:32.066  2396  2396 D TelephonyNetworkFactory[0]: evalRequest
01-16 21:22:32.066  2396  2396 D TelephonyNetworkFactory[0]:   done
01-16 21:22:32.152  1033  1577 E RILD    : [sqos] TrafficControl(): success to connect to sock on boot : 9
01-16 21:22:32.153  1033  1577 I chatty  : uid=1001(radio) /vendor/bin/hw/rild identical 8 lines
01-16 21:22:32.153  1033  1577 E RILD    : [sqos] TrafficControl(): success to connect to sock on boot : 9
01-16 21:22:32.171  2396  2785 D IPF     : [IPCT]< CapabilityCallback.onCapabilitiesStatusChanged {Capabilities: 100}
01-16 21:22:32.171  2396  2780 D SubscriptionController: [getPhoneId]- dummy subId -2
01-16 21:22:32.174  2396  2785 D ImsPhoneCallTracker: [0] onCapabilitiesStatusChanged: Capabilities: 100
01-16 21:22:32.174  2396  2396 D ImsPhoneCallTracker: [0] handleMessage what=26
01-16 21:22:32.174  2396  2396 D IPF     : [IPCT]- handleFeatureCapabilityChanged {MmTel Capabilities - [Voice: false Video: false UT: true SMS: false]}
01-16 21:22:32.174  2396  2396 D ImsPhoneCallTracker: [0] handleFeatureCapabilityChanged: Capabilities: 100 isVideoEnabledStateChanged=false
01-16 21:22:32.176  2396  2396 D ImsPhoneCallTracker: [0] handleFeatureCapabilityChanged: isVolteEnabled=false, isVideoCallEnabled=false, isVowifiEnabled=false, isUtEnabled=true
01-16 21:22:32.178  2396  2396 D SST     : [0] EVENT_IMS_CAPABILITY_CHANGED
01-16 21:22:32.180  2396  2396 D SST     : [0] updateOperatorName - combinedRegState: 2, operator: ATT-ATT, SPN: null, SS: Voice=[2 home Unknown (Mobile:2 Unknown)] Data=[2 home Unknown (Mobile:2 home Unknown)] VoPS=0 EbSup=1 EABarr=2 RoamInd=-1 DefRoamInd=-1 EmergOnly mChannelNumber=-1 duplexMode()=0 mCellBandwidths=[] mNetworkRegistrationStates=[NetworkRegistrationState{transportType=1 domain=PS regState=NOT_REG_SEARCHING accessNetworkTechnology=UNKNOWN reasonForDenial=0 emergencyEnabled=true supportedServices=[I@2870fd2 cellIdentity=null voiceSpecificStates=null dataSpecificStates=DataSpecificRegistrationStates { mMaxDataCalls=4 mLac=0 mCid=0 mTac=29447 mSnapshotStatus=0 mMobileState=12 mMobileRat=0 mMobileOptionalRat=0}}, NetworkRegistrationState{transportType=1 domain=CS regState=NOT_REG_SEARCHING accessNetworkTechnology=UNKNOWN reasonForDenial=0 emergencyEnabled=true supportedServices=[I@8bfe8a3 cellIdentity=null voiceSpecificStates=VoiceSpecificRegistrationStates { mCssSupported=false mRoamingIndicator=0 mSystemIsInPrl=0 mDefaultRoamingIndicator=0 mLac=29447 mCid=139589640 mPsVoiceSupport0 mImsEmergencyCallSupport1 mImsEmergencyCallBarring2 mMobileState12 mMobileRat0 mIsPsOnlyRegfalse} dataSpecificStates=null}]
01-16 21:22:32.181  2396  2396 D SST     : [0] updateSpnDisplay: radio is on but out of service, set plmn='Emergency calls only'
01-16 21:22:32.181  2396  2396 D SST     : [0] combinedRegState isn't in service, do not show spn
01-16 21:22:32.181  2396  2396 D SST     : [0] updateSpnDisplayUsaGsm
01-16 21:22:32.210  1519  2278 D TelephonyManager: getCellLocation - caller PID:1519, UID: 1000, TID: 2278
01-16 21:22:32.221  1519  2278 D TelephonyManager: getCellLocation returning null due to NullPointerException java.lang.NullPointerException: Attempt to invoke virtual method 'boolean android.os.Bundle.isEmpty()' on a null object reference
01-16 21:22:32.254  2396  2886 D SubscriptionController: [getPhoneId]- dummy subId -2
01-16 21:22:32.268  2396  2886 D SubscriptionController: [getSlotId]- dummy subId -2
01-16 21:22:32.269  2396  2886 D SubscriptionController: getSimStateForSlotIndex:  simState=ABSENT ordinal=1 slotIndex=0
01-16 21:22:32.269  5593  5617 D SubscriptionManager: getSimStateForSlotIdx: simState=1 slotIndex=0
01-16 21:22:32.271  2396  2886 D SubscriptionController: [getPhoneId]- dummy subId -2
01-16 21:22:32.301  2396  2396 D TelephonyNetworkFactory[0]: handleMessage msg={ when=0 what=5 obj=NetworkRequest [ TRACK_DEFAULT id=65, [ Capabilities: INTERNET&NOT_RESTRICTED&TRUSTED Unwanted:  Uid: 10221] ] target=com.android.internal.telephony.dataconnection.TelephonyNetworkFactory$InternalHandler }
01-16 21:22:32.301  2396  2396 D TelephonyNetworkFactory[0]: not releasing - isApp=false, isAct=false NetworkRequest [ TRACK_DEFAULT id=65, [ Capabilities: INTERNET&NOT_RESTRICTED&TRUSTED Unwanted:  Uid: 10221] ]
01-16 21:22:32.301  2396  2396 D DDS-PhoneSwitcher: handleMessage msg={ when=-1ms what=104 obj=NetworkRequest [ TRACK_DEFAULT id=65, [ Capabilities: INTERNET&NOT_RESTRICTED&TRUSTED Unwanted:  Uid: 10221] ] target=com.android.internal.telephony.PhoneSwitcher }
01-16 21:22:32.301  2396  2396 D DDS-PhoneSwitcher: evaluating due to netReleased
01-16 21:22:32.301  2396  2396 D TelephonyNetworkFactory[0]: handleMessage msg={ when=-1ms what=5 obj=NetworkRequest [ TRACK_DEFAULT id=66, [ Capabilities: INTERNET&NOT_RESTRICTED&TRUSTED Unwanted:  Uid: 10221] ] target=com.android.internal.telephony.dataconnection.TelephonyNetworkFactory$InternalHandler }
01-16 21:22:32.301  2396  2396 D TelephonyNetworkFactory[0]: not releasing - isApp=false, isAct=false NetworkRequest [ TRACK_DEFAULT id=66, [ Capabilities: INTERNET&NOT_RESTRICTED&TRUSTED Unwanted:  Uid: 10221] ]
01-16 21:22:32.302  2396  2396 D DDS-PhoneSwitcher: handleMessage msg={ when=0 what=104 obj=NetworkRequest [ TRACK_DEFAULT id=66, [ Capabilities: INTERNET&NOT_RESTRICTED&TRUSTED Unwanted:  Uid: 10221] ] target=com.android.internal.telephony.PhoneSwitcher }
01-16 21:22:32.302  2396  2396 D DDS-PhoneSwitcher: evaluating due to netReleased
01-16 21:22:32.397  2396  2396 D TelephonyNetworkFactory[0]: new score 60 for exisiting request NetworkRequest [ REQUEST id=1, [ Capabilities: INTERNET&NOT_RESTRICTED&TRUSTED&NOT_VPN Unwanted: ] ]
01-16 21:22:32.397  2396  2396 D TelephonyNetworkFactory[0]:   my score=50, my filter=[ Transports: CELLULAR Capabilities: MMS&SUPL&DUN&FOTA&IMS&CBS&IA&RCS&XCAP&EIMS&INTERNET&NOT_RESTRICTED&TRUSTED&NOT_VPN&ENT1&FOC&MCX&BIP Unwanted:  Specifier: <-2>]
01-16 21:22:32.397  2396  2396 D TelephonyNetworkFactory[0]: evalRequest
01-16 21:22:32.397  2396  2396 D TelephonyNetworkFactory[0]:   releaseNetworkFor
01-16 21:22:32.397  2396  2396 D TelephonyNetworkFactory[0]: new score 60 for exisiting request NetworkRequest [ TRACK_DEFAULT id=8, [ Capabilities: INTERNET&NOT_RESTRICTED&TRUSTED Unwanted:  Uid: 1000] ]
01-16 21:22:32.397  2396  2396 D TelephonyNetworkFactory[0]:   my score=50, my filter=[ Transports: CELLULAR Capabilities: MMS&SUPL&DUN&FOTA&IMS&CBS&IA&RCS&XCAP&EIMS&INTERNET&NOT_RESTRICTED&TRUSTED&NOT_VPN&ENT1&FOC&MCX&BIP Unwanted:  Specifier: <-2>]
01-16 21:22:32.397  2396  2396 D TelephonyNetworkFactory[0]: evalRequest
01-16 21:22:32.397  2396  2396 D TelephonyNetworkFactory[0]:   releaseNetworkFor
01-16 21:22:32.397  2396  2396 D TelephonyNetworkFactory[0]: new score 60 for exisiting request NetworkRequest [ TRACK_DEFAULT id=11, [ Capabilities: INTERNET&NOT_RESTRICTED&TRUSTED Unwanted:  Uid: 10049] ]
01-16 21:22:32.397  2396  2396 D TelephonyNetworkFactory[0]:   my score=50, my filter=[ Transports: CELLULAR Capabilities: MMS&SUPL&DUN&FOTA&IMS&CBS&IA&RCS&XCAP&EIMS&INTERNET&NOT_RESTRICTED&TRUSTED&NOT_VPN&ENT1&FOC&MCX&BIP Unwanted:  Specifier: <-2>]
01-16 21:22:32.397  2396  2396 D TelephonyNetworkFactory[0]: evalRequest
01-16 21:22:32.397  2396  2396 D TelephonyNetworkFactory[0]:   releaseNetworkFor
01-16 21:22:32.397  2396  2396 D TelephonyNetworkFactory[0]: new score 60 for exisiting request NetworkRequest [ TRACK_DEFAULT id=23, [ Capabilities: INTERNET&NOT_RESTRICTED&TRUSTED Unwanted:  Uid: 10105] ]
01-16 21:22:32.402  2396  2396 D TelephonyNetworkFactory[0]:   my score=50, my filter=[ Transports: CELLULAR Capabilities: MMS&SUPL&DUN&FOTA&IMS&CBS&IA&RCS&XCAP&EIMS&INTERNET&NOT_RESTRICTED&TRUSTED&NOT_VPN&ENT1&FOC&MCX&BIP Unwanted:  Specifier: <-2>]
01-16 21:22:32.402  2396  2396 D TelephonyNetworkFactory[0]: evalRequest
01-16 21:22:32.402  2396  2396 D TelephonyNetworkFactory[0]:   releaseNetworkFor
01-16 21:22:32.402  2396  2396 D TelephonyNetworkFactory[0]: handleMessage msg={ when=-4ms what=5 obj=NetworkRequest [ REQUEST id=1, [ Capabilities: INTERNET&NOT_RESTRICTED&TRUSTED&NOT_VPN Unwanted: ] ] target=com.android.internal.telephony.dataconnection.TelephonyNetworkFactory$InternalHandler }
01-16 21:22:32.402  2396  2396 D TelephonyNetworkFactory[0]: not releasing - isApp=false, isAct=false NetworkRequest [ REQUEST id=1, [ Capabilities: INTERNET&NOT_RESTRICTED&TRUSTED&NOT_VPN Unwanted: ] ]
01-16 21:22:32.402  2396  2396 D TelephonyNetworkFactory[0]: handleMessage msg={ when=-5ms what=5 obj=NetworkRequest [ TRACK_DEFAULT id=8, [ Capabilities: INTERNET&NOT_RESTRICTED&TRUSTED Unwanted:  Uid: 1000] ] target=com.android.internal.telephony.dataconnection.TelephonyNetworkFactory$InternalHandler }
01-16 21:22:32.402  2396  2396 D TelephonyNetworkFactory[0]: not releasing - isApp=false, isAct=false NetworkRequest [ TRACK_DEFAULT id=8, [ Capabilities: INTERNET&NOT_RESTRICTED&TRUSTED Unwanted:  Uid: 1000] ]
01-16 21:22:32.402  2396  2396 D TelephonyNetworkFactory[0]: handleMessage msg={ when=-5ms what=5 obj=NetworkRequest [ TRACK_DEFAULT id=11, [ Capabilities: INTERNET&NOT_RESTRICTED&TRUSTED Unwanted:  Uid: 10049] ] target=com.android.internal.telephony.dataconnection.TelephonyNetworkFactory$InternalHandler }
01-16 21:22:32.402  2396  2396 D TelephonyNetworkFactory[0]: not releasing - isApp=false, isAct=false NetworkRequest [ TRACK_DEFAULT id=11, [ Capabilities: INTERNET&NOT_RESTRICTED&TRUSTED Unwanted:  Uid: 10049] ]
01-16 21:22:32.403  2396  2396 D TelephonyNetworkFactory[0]: handleMessage msg={ when=-1ms what=5 obj=NetworkRequest [ TRACK_DEFAULT id=23, [ Capabilities: INTERNET&NOT_RESTRICTED&TRUSTED Unwanted:  Uid: 10105] ] target=com.android.internal.telephony.dataconnection.TelephonyNetworkFactory$InternalHandler }
01-16 21:22:32.403  2396  2396 D TelephonyNetworkFactory[0]: not releasing - isApp=false, isAct=false NetworkRequest [ TRACK_DEFAULT id=23, [ Capabilities: INTERNET&NOT_RESTRICTED&TRUSTED Unwanted:  Uid: 10105] ]
01-16 21:22:32.405  2396  2396 D TelephonyNetworkFactory[0]: new score 60 for exisiting request NetworkRequest [ TRACK_DEFAULT id=25, [ Capabilities: INTERNET&NOT_RESTRICTED&TRUSTED Unwanted:  Uid: 10105] ]
01-16 21:22:32.405  2396  2396 D TelephonyNetworkFactory[0]:   my score=50, my filter=[ Transports: CELLULAR Capabilities: MMS&SUPL&DUN&FOTA&IMS&CBS&IA&RCS&XCAP&EIMS&INTERNET&NOT_RESTRICTED&TRUSTED&NOT_VPN&ENT1&FOC&MCX&BIP Unwanted:  Specifier: <-2>]
01-16 21:22:32.405  2396  2396 D TelephonyNetworkFactory[0]: evalRequest
01-16 21:22:32.405  2396  2396 D TelephonyNetworkFactory[0]:   releaseNetworkFor
01-16 21:22:32.405  2396  2396 D TelephonyNetworkFactory[0]: new score 60 for exisiting request NetworkRequest [ TRACK_DEFAULT id=32, [ Capabilities: INTERNET&NOT_RESTRICTED&TRUSTED Unwanted:  Uid: 10225] ]
01-16 21:22:32.405  2396  2396 D TelephonyNetworkFactory[0]:   my score=50, my filter=[ Transports: CELLULAR Capabilities: MMS&SUPL&DUN&FOTA&IMS&CBS&IA&RCS&XCAP&EIMS&INTERNET&NOT_RESTRICTED&TRUSTED&NOT_VPN&ENT1&FOC&MCX&BIP Unwanted:  Specifier: <-2>]
01-16 21:22:32.405  2396  2396 D TelephonyNetworkFactory[0]: evalRequest
01-16 21:22:32.405  2396  2396 D TelephonyNetworkFactory[0]:   releaseNetworkFor
01-16 21:22:32.405  2396  2396 D TelephonyNetworkFactory[0]: new score 60 for exisiting request NetworkRequest [ TRACK_DEFAULT id=58, [ Capabilities: INTERNET&NOT_RESTRICTED&TRUSTED Unwanted:  Uid: 10064] ]
01-16 21:22:32.406  2396  2396 D TelephonyNetworkFactory[0]:   my score=50, my filter=[ Transports: CELLULAR Capabilities: MMS&SUPL&DUN&FOTA&IMS&CBS&IA&RCS&XCAP&EIMS&INTERNET&NOT_RESTRICTED&TRUSTED&NOT_VPN&ENT1&FOC&MCX&BIP Unwanted:  Specifier: <-2>]
01-16 21:22:32.406  2396  2396 D TelephonyNetworkFactory[0]: evalRequest
01-16 21:22:32.406  2396  2396 D TelephonyNetworkFactory[0]:   releaseNetworkFor
01-16 21:22:32.406  2396  2396 D TelephonyNetworkFactory[0]: new score 60 for exisiting request NetworkRequest [ TRACK_DEFAULT id=62, [ Capabilities: INTERNET&NOT_RESTRICTED&TRUSTED Unwanted:  Uid: 10064] ]
01-16 21:22:32.406  2396  2396 D TelephonyNetworkFactory[0]:   my score=50, my filter=[ Transports: CELLULAR Capabilities: MMS&SUPL&DUN&FOTA&IMS&CBS&IA&RCS&XCAP&EIMS&INTERNET&NOT_RESTRICTED&TRUSTED&NOT_VPN&ENT1&FOC&MCX&BIP Unwanted:  Specifier: <-2>]
01-16 21:22:32.406  2396  2396 D TelephonyNetworkFactory[0]: evalRequest
01-16 21:22:32.406  2396  2396 D TelephonyNetworkFactory[0]:   releaseNetworkFor
01-16 21:22:32.406  2396  2396 D TelephonyNetworkFactory[0]: new score 60 for exisiting request NetworkRequest [ TRACK_DEFAULT id=70, [ Capabilities: INTERNET&NOT_RESTRICTED&TRUSTED Unwanted:  Uid: 10176] ]
01-16 21:22:32.406  2396  2396 D TelephonyNetworkFactory[0]:   my score=50, my filter=[ Transports: CELLULAR Capabilities: MMS&SUPL&DUN&FOTA&IMS&CBS&IA&RCS&XCAP&EIMS&INTERNET&NOT_RESTRICTED&TRUSTED&NOT_VPN&ENT1&FOC&MCX&BIP Unwanted:  Specifier: <-2>]
01-16 21:22:32.406  2396  2396 D TelephonyNetworkFactory[0]: evalRequest
01-16 21:22:32.406  2396  2396 D TelephonyNetworkFactory[0]:   releaseNetworkFor
01-16 21:22:32.406  2396  2396 D TelephonyNetworkFactory[0]: new score 60 for exisiting request NetworkRequest [ TRACK_DEFAULT id=71, [ Capabilities: INTERNET&NOT_RESTRICTED&TRUSTED Unwanted:  Uid: 10176] ]
01-16 21:22:32.406  2396  2396 D TelephonyNetworkFactory[0]:   my score=50, my filter=[ Transports: CELLULAR Capabilities: MMS&SUPL&DUN&FOTA&IMS&CBS&IA&RCS&XCAP&EIMS&INTERNET&NOT_RESTRICTED&TRUSTED&NOT_VPN&ENT1&FOC&MCX&BIP Unwanted:  Specifier: <-2>]
01-16 21:22:32.406  2396  2396 D TelephonyNetworkFactory[0]: evalRequest
01-16 21:22:32.406  2396  2396 D TelephonyNetworkFactory[0]:   releaseNetworkFor
01-16 21:22:32.406  2396  2396 D TelephonyNetworkFactory[0]: new score 60 for exisiting request NetworkRequest [ TRACK_DEFAULT id=73, [ Capabilities: INTERNET&NOT_RESTRICTED&TRUSTED Unwanted:  Uid: 10158] ]
01-16 21:22:32.406  2396  2396 D TelephonyNetworkFactory[0]:   my score=50, my filter=[ Transports: CELLULAR Capabilities: MMS&SUPL&DUN&FOTA&IMS&CBS&IA&RCS&XCAP&EIMS&INTERNET&NOT_RESTRICTED&TRUSTED&NOT_VPN&ENT1&FOC&MCX&BIP Unwanted:  Specifier: <-2>]
01-16 21:22:32.406  2396  2396 D TelephonyNetworkFactory[0]: evalRequest
01-16 21:22:32.406  2396  2396 D TelephonyNetworkFactory[0]:   releaseNetworkFor
01-16 21:22:32.407  2396  2396 D TelephonyNetworkFactory[0]: handleMessage msg={ when=-1ms what=5 obj=NetworkRequest [ TRACK_DEFAULT id=25, [ Capabilities: INTERNET&NOT_RESTRICTED&TRUSTED Unwanted:  Uid: 10105] ] target=com.android.internal.telephony.dataconnection.TelephonyNetworkFactory$InternalHandler }
01-16 21:22:32.407  2396  2396 D TelephonyNetworkFactory[0]: not releasing - isApp=false, isAct=false NetworkRequest [ TRACK_DEFAULT id=25, [ Capabilities: INTERNET&NOT_RESTRICTED&TRUSTED Unwanted:  Uid: 10105] ]
01-16 21:22:32.407  2396  2396 D TelephonyNetworkFactory[0]: handleMessage msg={ when=-1ms what=5 obj=NetworkRequest [ TRACK_DEFAULT id=32, [ Capabilities: INTERNET&NOT_RESTRICTED&TRUSTED Unwanted:  Uid: 10225] ] target=com.android.internal.telephony.dataconnection.TelephonyNetworkFactory$InternalHandler }
01-16 21:22:32.407  2396  2396 D TelephonyNetworkFactory[0]: not releasing - isApp=false, isAct=false NetworkRequest [ TRACK_DEFAULT id=32, [ Capabilities: INTERNET&NOT_RESTRICTED&TRUSTED Unwanted:  Uid: 10225] ]
01-16 21:22:32.407  2396  2396 D TelephonyNetworkFactory[0]: handleMessage msg={ when=-2ms what=5 obj=NetworkRequest [ TRACK_DEFAULT id=58, [ Capabilities: INTERNET&NOT_RESTRICTED&TRUSTED Unwanted:  Uid: 10064] ] target=com.android.internal.telephony.dataconnection.TelephonyNetworkFactory$InternalHandler }
01-16 21:22:32.407  2396  2396 D TelephonyNetworkFactory[0]: not releasing - isApp=false, isAct=false NetworkRequest [ TRACK_DEFAULT id=58, [ Capabilities: INTERNET&NOT_RESTRICTED&TRUSTED Unwanted:  Uid: 10064] ]
01-16 21:22:32.407  2396  2396 D TelephonyNetworkFactory[0]: handleMessage msg={ when=-2ms what=5 obj=NetworkRequest [ TRACK_DEFAULT id=62, [ Capabilities: INTERNET&NOT_RESTRICTED&TRUSTED Unwanted:  Uid: 10064] ] target=com.android.internal.telephony.dataconnection.TelephonyNetworkFactory$InternalHandler }
01-16 21:22:32.407  2396  2396 D TelephonyNetworkFactory[0]: not releasing - isApp=false, isAct=false NetworkRequest [ TRACK_DEFAULT id=62, [ Capabilities: INTERNET&NOT_RESTRICTED&TRUSTED Unwanted:  Uid: 10064] ]
01-16 21:22:32.407  2396  2396 D TelephonyNetworkFactory[0]: handleMessage msg={ when=-1ms what=5 obj=NetworkRequest [ TRACK_DEFAULT id=70, [ Capabilities: INTERNET&NOT_RESTRICTED&TRUSTED Unwanted:  Uid: 10176] ] target=com.android.internal.telephony.dataconnection.TelephonyNetworkFactory$InternalHandler }
01-16 21:22:32.407  2396  2396 D TelephonyNetworkFactory[0]: not releasing - isApp=false, isAct=false NetworkRequest [ TRACK_DEFAULT id=70, [ Capabilities: INTERNET&NOT_RESTRICTED&TRUSTED Unwanted:  Uid: 10176] ]
01-16 21:22:32.407  2396  2396 D TelephonyNetworkFactory[0]: handleMessage msg={ when=-1ms what=5 obj=NetworkRequest [ TRACK_DEFAULT id=71, [ Capabilities: INTERNET&NOT_RESTRICTED&TRUSTED Unwanted:  Uid: 10176] ] target=com.android.internal.telephony.dataconnection.TelephonyNetworkFactory$InternalHandler }
01-16 21:22:32.407  2396  2396 D TelephonyNetworkFactory[0]: not releasing - isApp=false, isAct=false NetworkRequest [ TRACK_DEFAULT id=71, [ Capabilities: INTERNET&NOT_RESTRICTED&TRUSTED Unwanted:  Uid: 10176] ]
01-16 21:22:32.408  2396  2396 D TelephonyNetworkFactory[0]: handleMessage msg={ when=-1ms what=5 obj=NetworkRequest [ TRACK_DEFAULT id=73, [ Capabilities: INTERNET&NOT_RESTRICTED&TRUSTED Unwanted:  Uid: 10158] ] target=com.android.internal.telephony.dataconnection.TelephonyNetworkFactory$InternalHandler }
01-16 21:22:32.408  2396  2396 D TelephonyNetworkFactory[0]: not releasing - isApp=false, isAct=false NetworkRequest [ TRACK_DEFAULT id=73, [ Capabilities: INTERNET&NOT_RESTRICTED&TRUSTED Unwanted:  Uid: 10158] ]
01-16 21:22:32.651  2396  2886 D SST     : [0] SST.getAllCellInfo(): CallingUid = 10034, CallingPid = 2593
01-16 21:22:32.653  2396  2886 D RILJ    : [0126]> RIL_REQUEST_GET_CELL_INFO_LIST [SUB0]
01-16 21:22:32.665  1033  1577 E RIL-QMI : Serving cell rsrp: -1144. rsrq: -200. rssi: -688. srxlev: 11. signal Strength: 23
01-16 21:22:32.676  2396  2599 D RILJ    : [0126]< RIL_REQUEST_GET_CELL_INFO_LIST  [SUB0]
01-16 21:22:32.709  2396  2886 D SST     : [0] SST.getAllCellInfo(): CallingUid = 10034, CallingPid = 2593
01-16 21:22:32.709  2396  2886 D SST     : [0] SST.getAllCellInfo(): return last, back to back calls
01-16 21:22:33.085  2396  2780 D SubscriptionController: [getSlotId]- dummy subId -2
01-16 21:22:33.087  2396  2780 D SubscriptionController: getSimStateForSlotIndex:  simState=ABSENT ordinal=1 slotIndex=0
01-16 21:22:33.087 10557 12484 D SubscriptionManager: getSimStateForSlotIdx: simState=1 slotIndex=0
01-16 21:22:33.096  2396  2780 D SubscriptionController: [getSlotId]- dummy subId -2
01-16 21:22:33.097  2396  2780 D SubscriptionController: getSimStateForSlotIndex:  simState=ABSENT ordinal=1 slotIndex=0
01-16 21:22:33.097 10557 12484 D SubscriptionManager: getSimStateForSlotIdx: simState=1 slotIndex=0
01-16 21:22:34.258  2396  2780 D SubscriptionController: [getPhoneId]- dummy subId -2
01-16 21:22:34.336  2396  2780 D SubscriptionController: [getSlotId]- dummy subId -2
01-16 21:22:34.337  2396  2780 D SubscriptionController: getSimStateForSlotIndex:  simState=ABSENT ordinal=1 slotIndex=0
01-16 21:22:34.337  4622  4679 D SubscriptionManager: getSimStateForSlotIdx: simState=1 slotIndex=0
01-16 21:22:34.339  2396  2780 D SubscriptionController: [getSlotId]- dummy subId -2
01-16 21:22:34.341  2396  2780 D SubscriptionController: getSimStateForSlotIndex:  simState=ABSENT ordinal=1 slotIndex=0
01-16 21:22:34.341  4622  4679 D SubscriptionManager: getSimStateForSlotIdx: simState=1 slotIndex=0
01-16 21:22:34.554  2396  2780 D SubscriptionController: [getSlotId]- dummy subId -2
01-16 21:22:34.555  2396  2780 D SubscriptionController: getSimStateForSlotIndex:  simState=ABSENT ordinal=1 slotIndex=0
01-16 21:22:34.555 12643 12643 D SubscriptionManager: getSimStateForSlotIdx: simState=1 slotIndex=0
01-16 21:22:34.577  2396  2780 D SubscriptionController: [getSlotId]- dummy subId -2
01-16 21:22:34.577  2396  2780 D SubscriptionController: getSimStateForSlotIndex:  simState=ABSENT ordinal=1 slotIndex=0
01-16 21:22:34.577 12643 12643 D SubscriptionManager: getSimStateForSlotIdx: simState=1 slotIndex=0
01-16 21:22:34.578  2396  2780 D SubscriptionController: [getSlotId]- dummy subId -2
01-16 21:22:34.578  2396  2780 D SubscriptionController: getSimStateForSlotIndex:  simState=ABSENT ordinal=1 slotIndex=0
01-16 21:22:34.578 12643 12643 D SubscriptionManager: getSimStateForSlotIdx: simState=1 slotIndex=0
01-16 21:22:34.888  2396  2396 D TelephonyNetworkFactory[0]: got request NetworkRequest [ TRACK_DEFAULT id=76, [ Capabilities: INTERNET&NOT_RESTRICTED&TRUSTED Unwanted:  Uid: 10216] ] with score 60
01-16 21:22:34.888  2396  2396 D TelephonyNetworkFactory[0]:   my score=50, my filter=[ Transports: CELLULAR Capabilities: MMS&SUPL&DUN&FOTA&IMS&CBS&IA&RCS&XCAP&EIMS&INTERNET&NOT_RESTRICTED&TRUSTED&NOT_VPN&ENT1&FOC&MCX&BIP Unwanted:  Specifier: <-2>]
01-16 21:22:34.888  2396  2396 D TelephonyNetworkFactory[0]: evalRequest
01-16 21:22:34.888  2396  2396 D TelephonyNetworkFactory[0]:   done
01-16 21:22:34.890  2396  2396 D DDS-PhoneSwitcher: handleMessage msg={ when=0 what=103 obj=NetworkRequest [ TRACK_DEFAULT id=76, [ Capabilities: INTERNET&NOT_RESTRICTED&TRUSTED Unwanted:  Uid: 10216] ] target=com.android.internal.telephony.PhoneSwitcher }
01-16 21:22:34.891  2396  2396 D DDS-PhoneSwitcher: evaluating due to netRequest
01-16 21:22:35.267  2396  2780 D SubscriptionController: [getSlotId]- dummy subId -2
01-16 21:22:35.271  2396  2780 D SubscriptionController: getSimStateForSlotIndex:  simState=ABSENT ordinal=1 slotIndex=0
01-16 21:22:35.272 10660 10660 D SubscriptionManager: getSimStateForSlotIdx: simState=1 slotIndex=0
01-16 21:22:35.300  2396  2780 D SubscriptionController: [getSlotId]- dummy subId -2
01-16 21:22:35.300  2396  2780 D SubscriptionController: getSimStateForSlotIndex:  simState=ABSENT ordinal=1 slotIndex=0
01-16 21:22:35.300 10660 10660 D SubscriptionManager: getSimStateForSlotIdx: simState=1 slotIndex=0
01-16 21:22:35.592  1033  1577 E RILC    : currentSignalStrengthInd: Using vendor specific codes to proceed it
01-16 21:22:35.595  1033  1577 E RILC    : currentSignalStrengthInd: Using vendor specific codes to proceed it
01-16 21:22:35.597  1519  2336 D TelephonyRegistry: idMatch: Check dummy subId=-2 rSubId=-2
01-16 21:22:35.597  1519  2336 D TelephonyRegistry: idMatch: Check dummy subId=-2 rSubId=2147483647
01-16 21:22:35.597  1519  2336 I chatty  : uid=1000(system) Binder:1519_8 identical 6 lines
01-16 21:22:35.597  1519  2336 D TelephonyRegistry: idMatch: Check dummy subId=-2 rSubId=2147483647
01-16 21:22:35.739  2396  2780 D SubscriptionController: [getSlotId]- dummy subId -2
01-16 21:22:35.740  2396  2780 D SubscriptionController: getSimStateForSlotIndex:  simState=ABSENT ordinal=1 slotIndex=0
01-16 21:22:35.740 10660 10718 D SubscriptionManager: getSimStateForSlotIdx: simState=1 slotIndex=0
01-16 21:22:37.004  2396  2886 D SubscriptionController: [getPhoneId]- dummy subId -2
01-16 21:22:37.403  2396  2780 D SubscriptionController: [getPhoneId]- dummy subId -2
01-16 21:22:37.564  2396  2780 I chatty  : uid=1001(radio) Binder:2396_5 identical 1 line
01-16 21:22:37.694  2396  2780 D SubscriptionController: [getPhoneId]- dummy subId -2
01-16 21:22:38.063  2396  2396 D TelephonyNetworkFactory[0]: got request NetworkRequest [ TRACK_DEFAULT id=78, [ Capabilities: INTERNET&NOT_RESTRICTED&TRUSTED Unwanted:  Uid: 10221] ] with score 60
01-16 21:22:38.063  2396  2396 D TelephonyNetworkFactory[0]:   my score=50, my filter=[ Transports: CELLULAR Capabilities: MMS&SUPL&DUN&FOTA&IMS&CBS&IA&RCS&XCAP&EIMS&INTERNET&NOT_RESTRICTED&TRUSTED&NOT_VPN&ENT1&FOC&MCX&BIP Unwanted:  Specifier: <-2>]
01-16 21:22:38.063  2396  2396 D TelephonyNetworkFactory[0]: evalRequest
01-16 21:22:38.063  2396  2396 D TelephonyNetworkFactory[0]:   done
01-16 21:22:38.063  2396  2396 D DDS-PhoneSwitcher: handleMessage msg={ when=0 what=103 obj=NetworkRequest [ TRACK_DEFAULT id=78, [ Capabilities: INTERNET&NOT_RESTRICTED&TRUSTED Unwanted:  Uid: 10221] ] target=com.android.internal.telephony.PhoneSwitcher }
01-16 21:22:38.064  2396  2396 D DDS-PhoneSwitcher: evaluating due to netRequest
01-16 21:22:38.149  4128  4128 D RILS    : handleMessage(): { when=0 what=13 target=com.sec.phone.SecPhoneService$1 }
01-16 21:22:38.151  4128  4128 D RILS    : [0004]> OEM_HOOK_RAW[510d0004]
01-16 21:22:38.153  1012  1589 E Multi-Client: OemClientReceiver::Process:
01-16 21:22:38.153  1012  1589 E Multi-Client: OemClientReceiver::Process: fd=8
01-16 21:22:38.153  1012  1589 E Multi-Client: OemClient::Process:
01-16 21:22:38.153  1012  1589 E Multi-Client: ProcessBuffer:
01-16 21:22:38.153  1012  1589 E Multi-Client: OemClient::ProcessBuffer() request[0x3B] from [com.sec.phone], token[4], datalen[4]
01-16 21:22:38.153  1012  1589 E Multi-Client: SetFd: mServerSock=7
01-16 21:22:38.153  1012  1589 E Multi-Client: SetFd: fd=9
01-16 21:22:38.153  1012  1589 E Multi-Client: SetFd: fd=8
01-16 21:22:38.153  1012  1589 E Multi-Client: SetFd: fd=10
01-16 21:22:38.153  1012  1589 E Multi-Client: OemClientReceiver::SetMaxFd: maxfd=10
01-16 21:22:38.157  1012  1092 E Multi-Client: Oem OnRequestComplete:
01-16 21:22:38.158  4128  4239 D RILS    : processSolicited(): mResult - { when=-1m37s206ms barrier=0 }
01-16 21:22:38.158  4128  4239 D RILS    : processSolicited(): reply - { when=-1m37s206ms barrier=0 }
01-16 21:22:38.158  4128  4239 D RILS    : [0004]< OEM_HOOK_RAW { when=-1m37s206ms barrier=0 }
01-16 21:22:38.541  1012  1589 E Multi-Client: Accept() START
01-16 21:22:38.541 13109 13234 D use-Rlog/RLOG-RILClient: Connect_RILD: Success to connect
01-16 21:22:38.541  1012  1589 E Multi-Client: new oem client connection=11
01-16 21:22:38.541  1012  1589 E Multi-Client: OemClientReceiver::Process:
01-16 21:22:38.541  1012  1589 E Multi-Client: SetFd: mServerSock=7
01-16 21:22:38.541  1012  1589 E Multi-Client: SetFd: fd=9
01-16 21:22:38.541  1012  1589 E Multi-Client: SetFd: fd=8
01-16 21:22:38.541  1012  1589 E Multi-Client: SetFd: fd=10
01-16 21:22:38.541  1012  1589 E Multi-Client: SetFd: fd=11
01-16 21:22:38.541  1012  1589 E Multi-Client: OemClientReceiver::SetMaxFd: maxfd=11
01-16 21:22:38.553  1012  1589 E Multi-Client: OemClientReceiver::Process:
01-16 21:22:38.553  1012  1589 E Multi-Client: OemClientReceiver::Process: fd=11
01-16 21:22:38.553  1012  1589 E Multi-Client: OemClient::Process:
01-16 21:22:38.553  1012  1589 E Multi-Client: ProcessBuffer:
01-16 21:22:38.553  1012  1589 E Multi-Client: OemClient::ProcessBuffer() request[0x3B] from [com.samsung.android.networkdiagnostic], token[1], datalen[25]
01-16 21:22:38.553  1012  1589 E Multi-Client: SetFd: mServerSock=7
01-16 21:22:38.553  1012  1589 E Multi-Client: SetFd: fd=9
01-16 21:22:38.553  1012  1589 E Multi-Client: SetFd: fd=8
01-16 21:22:38.553  1012  1589 E Multi-Client: SetFd: fd=10
01-16 21:22:38.553  1012  1589 E Multi-Client: SetFd: fd=11
01-16 21:22:38.553  1012  1589 E Multi-Client: OemClientReceiver::SetMaxFd: maxfd=11
01-16 21:22:38.555  1012  1092 E Multi-Client: Oem OnRequestComplete:
01-16 21:22:38.802  2396  2396 D TelephonyNetworkFactory[0]: got request NetworkRequest [ TRACK_DEFAULT id=79, [ Capabilities: INTERNET&NOT_RESTRICTED&TRUSTED Unwanted:  Uid: 10034] ] with score 60
01-16 21:22:38.802  2396  2396 D TelephonyNetworkFactory[0]:   my score=50, my filter=[ Transports: CELLULAR Capabilities: MMS&SUPL&DUN&FOTA&IMS&CBS&IA&RCS&XCAP&EIMS&INTERNET&NOT_RESTRICTED&TRUSTED&NOT_VPN&ENT1&FOC&MCX&BIP Unwanted:  Specifier: <-2>]
01-16 21:22:38.802  2396  2396 D TelephonyNetworkFactory[0]: evalRequest
01-16 21:22:38.802  2396  2396 D TelephonyNetworkFactory[0]:   done
01-16 21:22:38.802  2396  2396 D DDS-PhoneSwitcher: handleMessage msg={ when=0 what=103 obj=NetworkRequest [ TRACK_DEFAULT id=79, [ Capabilities: INTERNET&NOT_RESTRICTED&TRUSTED Unwanted:  Uid: 10034] ] target=com.android.internal.telephony.PhoneSwitcher }
01-16 21:22:38.802  2396  2396 D DDS-PhoneSwitcher: evaluating due to netRequest
