01-16 21:28:23.760  1033  1577 E RILC    : currentSignalStrengthInd: Using vendor specific codes to proceed it
01-16 21:28:23.764  1519  3510 D TelephonyRegistry: idMatch: Check dummy subId=-2 rSubId=-2
01-16 21:28:23.764  1519  3510 D TelephonyRegistry: idMatch: Check dummy subId=-2 rSubId=2147483647
01-16 21:28:23.765  1519  3510 I chatty  : uid=1000(system) Binder:1519_12 identical 6 lines
01-16 21:28:23.765  1519  3510 D TelephonyRegistry: idMatch: Check dummy subId=-2 rSubId=2147483647
01-16 21:28:28.873  1033  1577 E RILC    : currentSignalStrengthInd: Using vendor specific codes to proceed it
01-16 21:28:28.875  1519  4506 D TelephonyRegistry: idMatch: Check dummy subId=-2 rSubId=-2
01-16 21:28:28.875  1519  4506 D TelephonyRegistry: idMatch: Check dummy subId=-2 rSubId=2147483647
01-16 21:28:28.875  1519  4506 I chatty  : uid=1000(system) Binder:1519_19 identical 6 lines
01-16 21:28:28.875  1519  4506 D TelephonyRegistry: idMatch: Check dummy subId=-2 rSubId=2147483647
01-16 21:28:31.450  2396  7778 D SmsApplication: onPackageChanged: run
01-16 21:28:31.458  2396  7778 D SmsApplication: onPackageChanged: end
01-16 21:28:31.580  2396  7778 D SmsApplication: onPackageChanged: run
01-16 21:28:31.602  2396  7778 D SmsApplication: onPackageChanged: end
01-16 21:28:31.623  2396  7778 D SmsApplication: onPackageChanged: run
01-16 21:28:31.631  2396  7778 D SmsApplication: onPackageChanged: end
01-16 21:28:31.658  2396  2780 D SubscriptionController: getSimStateForSlotIndex:  simState=ABSENT ordinal=1 slotIndex=0
01-16 21:28:31.658  5298  5322 D SubscriptionManager: getSimStateForSlotIdx: simState=1 slotIndex=0
01-16 21:28:31.666  2396  2780 D SubscriptionController: getSimStateForSlotIndex: phone == null simState=UNKNOWN ordinal=0 slotIndex=1
01-16 21:28:31.666  5298  5322 D SubscriptionManager: getSimStateForSlotIdx: simState=0 slotIndex=1
01-16 21:28:31.690  2396  2780 D SubscriptionController: getSimStateForSlotIndex:  simState=ABSENT ordinal=1 slotIndex=0
01-16 21:28:31.691  5298  5322 D SubscriptionManager: getSimStateForSlotIdx: simState=1 slotIndex=0
01-16 21:28:31.701  2396  2780 D SubscriptionController: getSimStateForSlotIndex: phone == null simState=UNKNOWN ordinal=0 slotIndex=1
01-16 21:28:31.701  5298  5322 D SubscriptionManager: getSimStateForSlotIdx: simState=0 slotIndex=1
01-16 21:28:31.894  2396  2780 D SubscriptionController: getSimStateForSlotIndex:  simState=ABSENT ordinal=1 slotIndex=0
01-16 21:28:31.894  5298  5322 D SubscriptionManager: getSimStateForSlotIdx: simState=1 slotIndex=0
01-16 21:28:31.899  2396  2780 D SubscriptionController: getSimStateForSlotIndex: phone == null simState=UNKNOWN ordinal=0 slotIndex=1
01-16 21:28:31.900  5298  5322 D SubscriptionManager: getSimStateForSlotIdx: simState=0 slotIndex=1
01-16 21:28:31.928  2396  2780 D SubscriptionController: getSimStateForSlotIndex:  simState=ABSENT ordinal=1 slotIndex=0
01-16 21:28:31.929  5298  5322 D SubscriptionManager: getSimStateForSlotIdx: simState=1 slotIndex=0
01-16 21:28:31.934  2396  2780 D SubscriptionController: getSimStateForSlotIndex: phone == null simState=UNKNOWN ordinal=0 slotIndex=1
01-16 21:28:31.935  5298  5322 D SubscriptionManager: getSimStateForSlotIdx: simState=0 slotIndex=1
01-16 21:28:31.991  2396  2780 D SubscriptionController: [getPhoneId]- dummy subId -2
01-16 21:28:33.111  1033  1577 E RILD    : [sqos] TrafficControl(): success to connect to sock on boot : 9
01-16 21:28:33.112  1033  1577 I chatty  : uid=1001(radio) /vendor/bin/hw/rild identical 4 lines
01-16 21:28:33.112  1033  1577 E RILD    : [sqos] TrafficControl(): success to connect to sock on boot : 9
01-16 21:28:33.112  1033  1577 E RILD    : [sqos] connectToServer(): Failed to connect to qosd: Try again, retry : 0
01-16 21:28:33.213  1033  1577 E RILD    : [sqos] TrafficControl(): success to connect to sock on boot : 9
01-16 21:28:33.214  1033  1577 I chatty  : uid=1001(radio) /vendor/bin/hw/rild identical 2 lines
01-16 21:28:33.214  1033  1577 E RILD    : [sqos] TrafficControl(): success to connect to sock on boot : 9
01-16 21:28:40.396  1033  1577 E RILC    : currentSignalStrengthInd: Using vendor specific codes to proceed it
01-16 21:28:40.399  1519  2334 D TelephonyRegistry: idMatch: Check dummy subId=-2 rSubId=-2
01-16 21:28:40.400  1519  2334 D TelephonyRegistry: idMatch: Check dummy subId=-2 rSubId=2147483647
01-16 21:28:40.400  1519  2334 I chatty  : uid=1000(system) Binder:1519_7 identical 6 lines
01-16 21:28:40.400  1519  2334 D TelephonyRegistry: idMatch: Check dummy subId=-2 rSubId=2147483647
01-16 21:28:41.675  1033  1577 E RILC    : currentSignalStrengthInd: Using vendor specific codes to proceed it
01-16 21:28:41.677  1519  2018 D TelephonyRegistry: idMatch: Check dummy subId=-2 rSubId=-2
01-16 21:28:41.678  1519  2018 D TelephonyRegistry: idMatch: Check dummy subId=-2 rSubId=2147483647
01-16 21:28:41.678  1519  2018 I chatty  : uid=1000(system) Binder:1519_3 identical 6 lines
01-16 21:28:41.678  1519  2018 D TelephonyRegistry: idMatch: Check dummy subId=-2 rSubId=2147483647
01-16 21:28:44.237  1033  1577 E RILC    : currentSignalStrengthInd: Using vendor specific codes to proceed it
01-16 21:28:44.240  1519  6829 D TelephonyRegistry: idMatch: Check dummy subId=-2 rSubId=-2
01-16 21:28:44.240  1519  6829 D TelephonyRegistry: idMatch: Check dummy subId=-2 rSubId=2147483647
01-16 21:28:44.240  1519  6829 I chatty  : uid=1000(system) Binder:1519_1E identical 6 lines
01-16 21:28:44.240  1519  6829 D TelephonyRegistry: idMatch: Check dummy subId=-2 rSubId=2147483647
01-16 21:28:59.429  2396  4620 D SubscriptionController: [getPhoneId]- dummy subId -2
01-16 21:29:09.835  1033  1577 E RILC    : currentSignalStrengthInd: Using vendor specific codes to proceed it
01-16 21:29:09.837  1519  5955 D TelephonyRegistry: idMatch: Check dummy subId=-2 rSubId=-2
01-16 21:29:09.837  1519  5955 D TelephonyRegistry: idMatch: Check dummy subId=-2 rSubId=2147483647
01-16 21:29:09.837  1519  5955 I chatty  : uid=1000(system) Binder:1519_1B identical 6 lines
01-16 21:29:09.837  1519  5955 D TelephonyRegistry: idMatch: Check dummy subId=-2 rSubId=2147483647
01-16 21:29:12.394  1033  1577 E RILC    : currentSignalStrengthInd: Using vendor specific codes to proceed it
01-16 21:29:12.396  1519  6597 D TelephonyRegistry: idMatch: Check dummy subId=-2 rSubId=-2
01-16 21:29:12.396  1519  6597 D TelephonyRegistry: idMatch: Check dummy subId=-2 rSubId=2147483647
01-16 21:29:12.396  1519  6597 I chatty  : uid=1000(system) Binder:1519_1D identical 6 lines
01-16 21:29:12.396  1519  6597 D TelephonyRegistry: idMatch: Check dummy subId=-2 rSubId=2147483647
01-16 21:29:14.028  2396  7778 D SmsApplication: onPackageChanged: run
01-16 21:29:14.034  2396  7778 D SmsApplication: onPackageChanged: end
01-16 21:29:14.097  2396  7778 D SmsApplication: onPackageChanged: run
01-16 21:29:14.106  2396  7778 D SmsApplication: onPackageChanged: end
01-16 21:29:14.152  2396  7778 D SmsApplication: onPackageChanged: run
01-16 21:29:14.156  2396  7778 D SmsApplication: onPackageChanged: end
01-16 21:29:14.361  2396  2886 D SubscriptionController: getSimStateForSlotIndex:  simState=ABSENT ordinal=1 slotIndex=0
01-16 21:29:14.361  5298  5322 D SubscriptionManager: getSimStateForSlotIdx: simState=1 slotIndex=0
01-16 21:29:14.367  2396  2886 D SubscriptionController: getSimStateForSlotIndex: phone == null simState=UNKNOWN ordinal=0 slotIndex=1
01-16 21:29:14.367  5298  5322 D SubscriptionManager: getSimStateForSlotIdx: simState=0 slotIndex=1
01-16 21:29:14.406  2396  2886 D SubscriptionController: getSimStateForSlotIndex:  simState=ABSENT ordinal=1 slotIndex=0
01-16 21:29:14.407  5298  5322 D SubscriptionManager: getSimStateForSlotIdx: simState=1 slotIndex=0
01-16 21:29:14.416  2396  2886 D SubscriptionController: getSimStateForSlotIndex: phone == null simState=UNKNOWN ordinal=0 slotIndex=1
01-16 21:29:14.417  5298  5322 D SubscriptionManager: getSimStateForSlotIdx: simState=0 slotIndex=1
01-16 21:29:14.522  2396  3453 D SubscriptionController: getSimStateForSlotIndex:  simState=ABSENT ordinal=1 slotIndex=0
01-16 21:29:14.522  5298  5322 D SubscriptionManager: getSimStateForSlotIdx: simState=1 slotIndex=0
01-16 21:29:14.527  2396  3453 D SubscriptionController: getSimStateForSlotIndex: phone == null simState=UNKNOWN ordinal=0 slotIndex=1
01-16 21:29:14.527  5298  5322 D SubscriptionManager: getSimStateForSlotIdx: simState=0 slotIndex=1
01-16 21:29:14.529  2396  3453 D SubscriptionController: [getPhoneId]- dummy subId -2
01-16 21:29:14.536  2396  3453 D SubscriptionController: getSimStateForSlotIndex:  simState=ABSENT ordinal=1 slotIndex=0
01-16 21:29:14.536  5298  5322 D SubscriptionManager: getSimStateForSlotIdx: simState=1 slotIndex=0
01-16 21:29:14.541  2396  3453 D SubscriptionController: getSimStateForSlotIndex: phone == null simState=UNKNOWN ordinal=0 slotIndex=1
01-16 21:29:14.542  5298  5322 D SubscriptionManager: getSimStateForSlotIdx: simState=0 slotIndex=1
01-16 21:29:15.347  2396  2396 D TelephonyNetworkFactory[0]: got request NetworkRequest [ TRACK_DEFAULT id=89, [ Capabilities: INTERNET&NOT_RESTRICTED&TRUSTED Unwanted:  Uid: 10052] ] with score 60
01-16 21:29:15.347  2396  2396 D TelephonyNetworkFactory[0]:   my score=50, my filter=[ Transports: CELLULAR Capabilities: MMS&SUPL&DUN&FOTA&IMS&CBS&IA&RCS&XCAP&EIMS&INTERNET&NOT_RESTRICTED&TRUSTED&NOT_VPN&ENT1&FOC&MCX&BIP Unwanted:  Specifier: <-2>]
01-16 21:29:15.347  2396  2396 D TelephonyNetworkFactory[0]: evalRequest
01-16 21:29:15.347  2396  2396 D TelephonyNetworkFactory[0]:   done
01-16 21:29:15.348  2396  2396 D DDS-PhoneSwitcher: handleMessage msg={ when=0 what=103 obj=NetworkRequest [ TRACK_DEFAULT id=89, [ Capabilities: INTERNET&NOT_RESTRICTED&TRUSTED Unwanted:  Uid: 10052] ] target=com.android.internal.telephony.PhoneSwitcher }
01-16 21:29:15.349  2396  2396 D DDS-PhoneSwitcher: evaluating due to netRequest
01-16 21:29:15.717  2396  2396 D DDS-PhoneSwitcher: handleMessage msg={ when=0 what=104 obj=NetworkRequest [ TRACK_DEFAULT id=89, [ Capabilities: INTERNET&NOT_RESTRICTED&TRUSTED Unwanted:  Uid: 10052] ] target=com.android.internal.telephony.PhoneSwitcher }
01-16 21:29:15.718  2396  2396 D DDS-PhoneSwitcher: evaluating due to netReleased
01-16 21:29:20.075  1033  1577 E RILC    : currentSignalStrengthInd: Using vendor specific codes to proceed it
01-16 21:29:20.078  1519  3474 D TelephonyRegistry: idMatch: Check dummy subId=-2 rSubId=-2
01-16 21:29:20.078  1519  3474 D TelephonyRegistry: idMatch: Check dummy subId=-2 rSubId=2147483647
01-16 21:29:20.078  1519  3474 I chatty  : uid=1000(system) Binder:1519_11 identical 6 lines
01-16 21:29:20.078  1519  3474 D TelephonyRegistry: idMatch: Check dummy subId=-2 rSubId=2147483647
01-16 21:29:24.956  2396  2396 D RILJ    : [0135]> RIL_REQUEST_GET_ACTIVITY_INFO [SUB0]
01-16 21:29:24.964  2396  2599 D RILJ    : [0135]< RIL_REQUEST_GET_ACTIVITY_INFO ModemActivityInfo{ mTimestamp=504012 mSleepTimeMs=346348 mIdleTimeMs=907 mTxTimeMs[]=[0, 0, 0, 0, 0] mRxTimeMs=14265 mEnergyUsed=0} [SUB0]
01-16 21:29:28.792  2396  3453 D SubscriptionController: [getActiveSubInfoList] Sub Controller not ready
01-16 21:29:28.792  2396  3453 D SubscriptionController: [getAllSubInfoList]+
01-16 21:29:28.817  2396  3453 D SubscriptionController: [getAllSubInfoList]- no info return
01-16 21:29:28.936  2396  2396 D SubscriptionController: [getPhoneId]- dummy subId -2
01-16 21:29:28.939  2396  2396 D RILJ    : [0136]> REQUEST_GET_PREFERRED_NETWORK_TYPE [SUB0]
01-16 21:29:28.948  2396  2599 D RILJ    : [0136]< REQUEST_GET_PREFERRED_NETWORK_TYPE {20} [SUB0]
01-16 21:29:32.515  2396  3453 D SubscriptionController: [getPhoneId]- dummy subId -2
01-16 21:29:32.542  2396  3453 D SubscriptionController: [getPhoneId]- dummy subId -2
01-16 21:29:33.715  2396  2886 D SubscriptionController: [getPhoneId]- dummy subId -2
01-16 21:29:34.082  2396  2886 D SubscriptionController: [getActiveSubInfoList] Sub Controller not ready
01-16 21:29:34.227  2396  2886 D SubscriptionController: [getAllSubInfoCount]+
01-16 21:29:34.236  2396  2886 D SubscriptionController: [getAllSubInfoCount]- 0 SUB(s) in DB
01-16 21:29:35.556  2396  2396 D RILJ    : [0137]> RIL_REQUEST_GET_ACTIVITY_INFO [SUB0]
01-16 21:29:35.560  2396  2599 D RILJ    : [0137]< RIL_REQUEST_GET_ACTIVITY_INFO ModemActivityInfo{ mTimestamp=514608 mSleepTimeMs=10130 mIdleTimeMs=36 mTxTimeMs[]=[0, 0, 0, 0, 0] mRxTimeMs=432 mEnergyUsed=0} [SUB0]
01-16 21:29:36.181  2396  2396 D DebugService: DebugService Dump telephony.
01-16 21:29:36.191  2396  2396 E Phone   : getCallForwardingIndicatorFromSharedPref: invalid subId -2
01-16 21:29:36.191  2396  2396 E Phone   : getCallForwardingIndicatorFromSharedPref: invalid subId -2
01-16 21:29:36.191  2396  2396 V Phone   : getCallForwardingIndicator: iccForwardingFlag=null, sharedPrefFlag=0
01-16 21:29:36.192  2396  2396 D DCT-0/1 : get all active apn types
01-16 21:29:36.237  2396  2396 D ImsConfig: getInt(): item = 10, ret =1
01-16 21:29:36.237  2396  2396 D ImsConfig: getInt(): item = 10, ret =1
01-16 21:29:36.250  2396  2396 D SubscriptionController: Valid row not present in db
01-16 21:29:36.252  2396  2396 D SubscriptionController: getSubscriptionProperty Query value = null
01-16 21:29:36.270  2396  2396 D SubscriptionController: Valid row not present in db
01-16 21:29:36.271  2396  2396 D SubscriptionController: getSubscriptionProperty Query value = null
01-16 21:29:36.313  2396  2396 D SubscriptionController: Valid row not present in db
01-16 21:29:36.315  2396  2396 D SubscriptionController: getSubscriptionProperty Query value = null
01-16 21:29:36.316  2396  2396 D ImsConfig: getInt(): item = 11, ret =1
01-16 21:29:36.316  2396  2396 D ImsConfig: getInt(): item = 11, ret =1
01-16 21:29:36.328  2396  2396 D DataEnabledSettings: [0]getDataEnabled during provisioning retVal=true - (false, 1)
01-16 21:29:36.330  2396  2396 D DCT-0/1 : isEmergency: result=false
01-16 21:29:36.372  2396  2396 D DCT-0/1 : TP-data-start dumpTPData()
01-16 21:29:36.373  2396  2396 D DCT-0/1 : TP-data-end dumpTPData() : 1642390176373
01-16 21:29:36.374  2396  2396 D DCT-0/1 : dumpApnContextHistory(): Start
01-16 21:29:36.374  2396  2396 D DCT-0/1 : dumpApnContextHistory(): End
01-16 21:29:36.404  2396  2396 D SubscriptionController: [getActiveSubInfoList] Sub Controller not ready
01-16 21:29:36.404  2396  2396 D SubscriptionController: [getAllSubInfoList]+
01-16 21:29:36.418  2396  2396 D SubscriptionController: [getAllSubInfoList]- no info return
01-16 21:29:36.420  2396  2396 E PreferredNetworkUpdater: getInstance() called before make()
01-16 21:29:36.421  2396  2396 D DebugService: DebugService Dump SMS.
01-16 21:29:37.999  2396  2396 D DDS-PhoneSwitcher: handleMessage msg={ when=0 what=104 obj=NetworkRequest [ TRACK_DEFAULT id=88, [ Capabilities: INTERNET&NOT_RESTRICTED&TRUSTED Unwanted:  Uid: 10215] ] target=com.android.internal.telephony.PhoneSwitcher }
01-16 21:29:37.999  2396  2396 D DDS-PhoneSwitcher: evaluating due to netReleased
01-16 21:29:42.813  2396  7778 D SmsApplication: onPackageChanged: run
01-16 21:29:42.825  2396  7778 D SmsApplication: onPackageChanged: end
01-16 21:29:42.864  2396  7778 D SmsApplication: onPackageChanged: run
01-16 21:29:42.871  2396  7778 D SmsApplication: onPackageChanged: end
01-16 21:29:42.896  2396  7778 D SmsApplication: onPackageChanged: run
01-16 21:29:42.900  2396  7778 D SmsApplication: onPackageChanged: end
01-16 21:29:43.006  2396  2785 D SubscriptionController: getSimStateForSlotIndex:  simState=ABSENT ordinal=1 slotIndex=0
01-16 21:29:43.006  5298  5322 D SubscriptionManager: getSimStateForSlotIdx: simState=1 slotIndex=0
01-16 21:29:43.042  2396  2785 D SubscriptionController: getSimStateForSlotIndex: phone == null simState=UNKNOWN ordinal=0 slotIndex=1
01-16 21:29:43.042  5298  5322 D SubscriptionManager: getSimStateForSlotIdx: simState=0 slotIndex=1
01-16 21:29:43.064  2396  2785 D SubscriptionController: getSimStateForSlotIndex:  simState=ABSENT ordinal=1 slotIndex=0
01-16 21:29:43.065  5298  5322 D SubscriptionManager: getSimStateForSlotIdx: simState=1 slotIndex=0
01-16 21:29:43.070  2396  2785 D SubscriptionController: getSimStateForSlotIndex: phone == null simState=UNKNOWN ordinal=0 slotIndex=1
01-16 21:29:43.070  5298  5322 D SubscriptionManager: getSimStateForSlotIdx: simState=0 slotIndex=1
01-16 21:29:43.175  2396  2785 D SubscriptionController: getSimStateForSlotIndex:  simState=ABSENT ordinal=1 slotIndex=0
01-16 21:29:43.177  5298  5322 D SubscriptionManager: getSimStateForSlotIdx: simState=1 slotIndex=0
01-16 21:29:43.187  2396  2785 D SubscriptionController: getSimStateForSlotIndex: phone == null simState=UNKNOWN ordinal=0 slotIndex=1
01-16 21:29:43.187  5298  5322 D SubscriptionManager: getSimStateForSlotIdx: simState=0 slotIndex=1
01-16 21:29:43.194  2396  2785 D SubscriptionController: getSimStateForSlotIndex:  simState=ABSENT ordinal=1 slotIndex=0
01-16 21:29:43.194  5298  5322 D SubscriptionManager: getSimStateForSlotIdx: simState=1 slotIndex=0
01-16 21:29:43.203  2396  2785 D SubscriptionController: getSimStateForSlotIndex: phone == null simState=UNKNOWN ordinal=0 slotIndex=1
01-16 21:29:43.204  5298  5322 D SubscriptionManager: getSimStateForSlotIdx: simState=0 slotIndex=1
01-16 21:29:45.676  1033  1577 E RILC    : currentSignalStrengthInd: Using vendor specific codes to proceed it
01-16 21:29:45.683  1519  4180 D TelephonyRegistry: idMatch: Check dummy subId=-2 rSubId=-2
01-16 21:29:45.683  1519  4180 D TelephonyRegistry: idMatch: Check dummy subId=-2 rSubId=2147483647
01-16 21:29:45.683  1519  4180 I chatty  : uid=1000(system) Binder:1519_16 identical 6 lines
01-16 21:29:45.683  1519  4180 D TelephonyRegistry: idMatch: Check dummy subId=-2 rSubId=2147483647
01-16 21:29:54.489  2396  7778 D SmsApplication: onPackageChanged: run
01-16 21:29:54.509  2396  7778 D SmsApplication: onPackageChanged: end
01-16 21:29:54.610  2396  2886 D SubscriptionController: getSimStateForSlotIndex:  simState=ABSENT ordinal=1 slotIndex=0
01-16 21:29:54.610  5298  5322 D SubscriptionManager: getSimStateForSlotIdx: simState=1 slotIndex=0
01-16 21:29:54.622  2396  2886 D SubscriptionController: getSimStateForSlotIndex: phone == null simState=UNKNOWN ordinal=0 slotIndex=1
01-16 21:29:54.622  5298  5322 D SubscriptionManager: getSimStateForSlotIdx: simState=0 slotIndex=1
01-16 21:29:54.629  2396  2886 D SubscriptionController: getSimStateForSlotIndex:  simState=ABSENT ordinal=1 slotIndex=0
01-16 21:29:54.630  5298  5322 D SubscriptionManager: getSimStateForSlotIdx: simState=1 slotIndex=0
01-16 21:29:54.634  2396  2886 D SubscriptionController: getSimStateForSlotIndex: phone == null simState=UNKNOWN ordinal=0 slotIndex=1
01-16 21:29:54.636  5298  5322 D SubscriptionManager: getSimStateForSlotIdx: simState=0 slotIndex=1
01-16 21:30:00.591  2396  2886 D SubscriptionController: [getPhoneId]- dummy subId -2
01-16 21:30:01.034  1033  1577 E RILC    : currentSignalStrengthInd: Using vendor specific codes to proceed it
01-16 21:30:01.036  1519  4212 D TelephonyRegistry: idMatch: Check dummy subId=-2 rSubId=-2
01-16 21:30:01.036  1519  4212 D TelephonyRegistry: idMatch: Check dummy subId=-2 rSubId=2147483647
01-16 21:30:01.037  1519  4212 I chatty  : uid=1000(system) Binder:1519_18 identical 6 lines
01-16 21:30:01.037  1519  4212 D TelephonyRegistry: idMatch: Check dummy subId=-2 rSubId=2147483647
01-16 21:30:06.837  2396  7778 D SmsApplication: onPackageChanged: run
01-16 21:30:06.901  2396  7778 D SmsApplication: onPackageChanged: end
01-16 21:30:06.910  2396  7778 D SmsApplication: onPackageChanged: run
01-16 21:30:06.927  2396  7778 D SmsApplication: onPackageChanged: end
01-16 21:30:06.965  2396  7778 D SmsApplication: onPackageChanged: run
01-16 21:30:06.988  2396  7778 D SmsApplication: onPackageChanged: end
01-16 21:30:07.002  2396  4620 D SubscriptionController: getSimStateForSlotIndex:  simState=ABSENT ordinal=1 slotIndex=0
01-16 21:30:07.002  5298  5322 D SubscriptionManager: getSimStateForSlotIdx: simState=1 slotIndex=0
01-16 21:30:07.027  2396  4620 D SubscriptionController: getSimStateForSlotIndex: phone == null simState=UNKNOWN ordinal=0 slotIndex=1
01-16 21:30:07.028  5298  5322 D SubscriptionManager: getSimStateForSlotIdx: simState=0 slotIndex=1
01-16 21:30:07.079  2396  4620 D SubscriptionController: getSimStateForSlotIndex:  simState=ABSENT ordinal=1 slotIndex=0
01-16 21:30:07.079  5298  5322 D SubscriptionManager: getSimStateForSlotIdx: simState=1 slotIndex=0
01-16 21:30:07.093  2396  4620 D SubscriptionController: getSimStateForSlotIndex: phone == null simState=UNKNOWN ordinal=0 slotIndex=1
01-16 21:30:07.094  5298  5322 D SubscriptionManager: getSimStateForSlotIdx: simState=0 slotIndex=1
01-16 21:30:07.251  2396  4620 D SubscriptionController: getSimStateForSlotIndex:  simState=ABSENT ordinal=1 slotIndex=0
01-16 21:30:07.251  5298  5322 D SubscriptionManager: getSimStateForSlotIdx: simState=1 slotIndex=0
01-16 21:30:07.261  2396  4620 D SubscriptionController: getSimStateForSlotIndex: phone == null simState=UNKNOWN ordinal=0 slotIndex=1
01-16 21:30:07.262  5298  5322 D SubscriptionManager: getSimStateForSlotIdx: simState=0 slotIndex=1
01-16 21:30:07.274  2396  4620 D SubscriptionController: getSimStateForSlotIndex:  simState=ABSENT ordinal=1 slotIndex=0
01-16 21:30:07.274  5298  5322 D SubscriptionManager: getSimStateForSlotIdx: simState=1 slotIndex=0
01-16 21:30:07.283  2396  4620 D SubscriptionController: getSimStateForSlotIndex: phone == null simState=UNKNOWN ordinal=0 slotIndex=1
01-16 21:30:07.283  5298  5322 D SubscriptionManager: getSimStateForSlotIdx: simState=0 slotIndex=1
01-16 21:30:11.720  2396  4620 D SubscriptionController: [getPhoneId]- dummy subId -2
01-16 21:30:15.403  2396  7778 D SmsApplication: onPackageChanged: run
01-16 21:30:15.415  2396  7778 D SmsApplication: onPackageChanged: end
01-16 21:30:15.490  2396  7778 D SmsApplication: onPackageChanged: run
01-16 21:30:15.495  2396  7778 D SmsApplication: onPackageChanged: end
01-16 21:30:15.511  2396  7778 D SmsApplication: onPackageChanged: run
01-16 21:30:15.523  2396  7778 D SmsApplication: onPackageChanged: end
01-16 21:30:15.653  2396  2780 D SubscriptionController: getSimStateForSlotIndex:  simState=ABSENT ordinal=1 slotIndex=0
01-16 21:30:15.654  5298  5322 D SubscriptionManager: getSimStateForSlotIdx: simState=1 slotIndex=0
01-16 21:30:15.676  2396  2780 D SubscriptionController: getSimStateForSlotIndex: phone == null simState=UNKNOWN ordinal=0 slotIndex=1
01-16 21:30:15.677  5298  5322 D SubscriptionManager: getSimStateForSlotIdx: simState=0 slotIndex=1
01-16 21:30:15.707  2396  2780 D SubscriptionController: getSimStateForSlotIndex:  simState=ABSENT ordinal=1 slotIndex=0
01-16 21:30:15.707  5298  5322 D SubscriptionManager: getSimStateForSlotIdx: simState=1 slotIndex=0
01-16 21:30:15.717  2396  2780 D SubscriptionController: getSimStateForSlotIndex: phone == null simState=UNKNOWN ordinal=0 slotIndex=1
01-16 21:30:15.717  5298  5322 D SubscriptionManager: getSimStateForSlotIdx: simState=0 slotIndex=1
01-16 21:30:15.864  2396  2780 D SubscriptionController: getSimStateForSlotIndex:  simState=ABSENT ordinal=1 slotIndex=0
01-16 21:30:15.864  5298  5322 D SubscriptionManager: getSimStateForSlotIdx: simState=1 slotIndex=0
01-16 21:30:15.867  2396  2780 D SubscriptionController: getSimStateForSlotIndex: phone == null simState=UNKNOWN ordinal=0 slotIndex=1
01-16 21:30:15.868  5298  5322 D SubscriptionManager: getSimStateForSlotIdx: simState=0 slotIndex=1
01-16 21:30:15.878  2396  2780 D SubscriptionController: getSimStateForSlotIndex:  simState=ABSENT ordinal=1 slotIndex=0
01-16 21:30:15.878  5298  5322 D SubscriptionManager: getSimStateForSlotIdx: simState=1 slotIndex=0
01-16 21:30:15.883  2396  2780 D SubscriptionController: getSimStateForSlotIndex: phone == null simState=UNKNOWN ordinal=0 slotIndex=1
01-16 21:30:15.883  5298  5322 D SubscriptionManager: getSimStateForSlotIdx: simState=0 slotIndex=1
01-16 21:30:17.271  2396  7778 D SmsApplication: onPackageChanged: run
01-16 21:30:17.280  2396  7778 D SmsApplication: onPackageChanged: end
01-16 21:30:17.317  2396  2780 D SubscriptionController: getSimStateForSlotIndex:  simState=ABSENT ordinal=1 slotIndex=0
01-16 21:30:17.317  5298  5322 D SubscriptionManager: getSimStateForSlotIdx: simState=1 slotIndex=0
01-16 21:30:17.323  2396  2780 D SubscriptionController: getSimStateForSlotIndex: phone == null simState=UNKNOWN ordinal=0 slotIndex=1
01-16 21:30:17.324  5298  5322 D SubscriptionManager: getSimStateForSlotIdx: simState=0 slotIndex=1
01-16 21:30:17.329  2396  2780 D SubscriptionController: getSimStateForSlotIndex:  simState=ABSENT ordinal=1 slotIndex=0
01-16 21:30:17.329  5298  5322 D SubscriptionManager: getSimStateForSlotIdx: simState=1 slotIndex=0
01-16 21:30:17.333  2396  2780 D SubscriptionController: getSimStateForSlotIndex: phone == null simState=UNKNOWN ordinal=0 slotIndex=1
01-16 21:30:17.333  5298  5322 D SubscriptionManager: getSimStateForSlotIdx: simState=0 slotIndex=1
01-16 21:30:22.360  2396  2780 D SubscriptionController: [getPhoneId]- dummy subId -2
01-16 21:30:24.074  1033  1577 E RILC    : currentSignalStrengthInd: Using vendor specific codes to proceed it
01-16 21:30:24.075  1519  2487 D TelephonyRegistry: idMatch: Check dummy subId=-2 rSubId=-2
01-16 21:30:24.075  1519  2487 D TelephonyRegistry: idMatch: Check dummy subId=-2 rSubId=2147483647
01-16 21:30:24.076  1519  2487 I chatty  : uid=1000(system) Binder:1519_9 identical 6 lines
01-16 21:30:24.076  1519  2487 D TelephonyRegistry: idMatch: Check dummy subId=-2 rSubId=2147483647
01-16 21:30:25.923  2396  7778 D SmsApplication: onPackageChanged: run
01-16 21:30:25.961  2396  7778 D SmsApplication: onPackageChanged: end
01-16 21:30:26.029  2396  7778 D SmsApplication: onPackageChanged: run
01-16 21:30:26.038  2396  7778 D SmsApplication: onPackageChanged: end
01-16 21:30:26.065  2396  7778 D SmsApplication: onPackageChanged: run
01-16 21:30:26.076  2396  7778 D SmsApplication: onPackageChanged: end
01-16 21:30:26.128  2396  2886 D SubscriptionController: getSimStateForSlotIndex:  simState=ABSENT ordinal=1 slotIndex=0
01-16 21:30:26.129  5298  5322 D SubscriptionManager: getSimStateForSlotIdx: simState=1 slotIndex=0
01-16 21:30:26.136  2396  2886 D SubscriptionController: getSimStateForSlotIndex: phone == null simState=UNKNOWN ordinal=0 slotIndex=1
01-16 21:30:26.136  5298  5322 D SubscriptionManager: getSimStateForSlotIdx: simState=0 slotIndex=1
01-16 21:30:26.149  2396  2886 D SubscriptionController: getSimStateForSlotIndex:  simState=ABSENT ordinal=1 slotIndex=0
01-16 21:30:26.149  5298  5322 D SubscriptionManager: getSimStateForSlotIdx: simState=1 slotIndex=0
01-16 21:30:26.165  2396  2886 D SubscriptionController: getSimStateForSlotIndex: phone == null simState=UNKNOWN ordinal=0 slotIndex=1
01-16 21:30:26.166  5298  5322 D SubscriptionManager: getSimStateForSlotIdx: simState=0 slotIndex=1
01-16 21:30:26.339  2396  2886 D SubscriptionController: getSimStateForSlotIndex:  simState=ABSENT ordinal=1 slotIndex=0
01-16 21:30:26.339  5298  5322 D SubscriptionManager: getSimStateForSlotIdx: simState=1 slotIndex=0
01-16 21:30:26.344  2396  2886 D SubscriptionController: getSimStateForSlotIndex: phone == null simState=UNKNOWN ordinal=0 slotIndex=1
01-16 21:30:26.344  5298  5322 D SubscriptionManager: getSimStateForSlotIdx: simState=0 slotIndex=1
01-16 21:30:26.350  2396  2886 D SubscriptionController: getSimStateForSlotIndex:  simState=ABSENT ordinal=1 slotIndex=0
01-16 21:30:26.351  5298  5322 D SubscriptionManager: getSimStateForSlotIdx: simState=1 slotIndex=0
01-16 21:30:26.362  2396  2886 D SubscriptionController: getSimStateForSlotIndex: phone == null simState=UNKNOWN ordinal=0 slotIndex=1
01-16 21:30:26.362  5298  5322 D SubscriptionManager: getSimStateForSlotIdx: simState=0 slotIndex=1
01-16 21:30:32.473  2396  2886 D SubscriptionController: [getPhoneId]- dummy subId -2
01-16 21:30:39.437  1033  1577 E RILC    : currentSignalStrengthInd: Using vendor specific codes to proceed it
01-16 21:30:39.440  1519  4212 D TelephonyRegistry: idMatch: Check dummy subId=-2 rSubId=-2
01-16 21:30:39.440  1519  4212 D TelephonyRegistry: idMatch: Check dummy subId=-2 rSubId=2147483647
01-16 21:30:39.440  1519  4212 I chatty  : uid=1000(system) Binder:1519_18 identical 6 lines
01-16 21:30:39.440  1519  4212 D TelephonyRegistry: idMatch: Check dummy subId=-2 rSubId=2147483647
01-16 21:30:41.997  1033  1577 E RILC    : currentSignalStrengthInd: Using vendor specific codes to proceed it
01-16 21:30:41.999  1519  4212 D TelephonyRegistry: idMatch: Check dummy subId=-2 rSubId=-2
01-16 21:30:41.999  1519  4212 D TelephonyRegistry: idMatch: Check dummy subId=-2 rSubId=2147483647
01-16 21:30:41.999  1519  4212 I chatty  : uid=1000(system) Binder:1519_18 identical 6 lines
01-16 21:30:41.999  1519  4212 D TelephonyRegistry: idMatch: Check dummy subId=-2 rSubId=2147483647
01-16 21:30:43.148  2396  2886 D SubscriptionController: [getPhoneId]- dummy subId -2
01-16 21:30:43.279  1033  1577 E RILC    : currentSignalStrengthInd: Using vendor specific codes to proceed it
01-16 21:30:43.281  1519  4212 D TelephonyRegistry: idMatch: Check dummy subId=-2 rSubId=-2
01-16 21:30:43.281  1519  4212 D TelephonyRegistry: idMatch: Check dummy subId=-2 rSubId=2147483647
01-16 21:30:43.281  1519  4212 I chatty  : uid=1000(system) Binder:1519_18 identical 6 lines
01-16 21:30:43.281  1519  4212 D TelephonyRegistry: idMatch: Check dummy subId=-2 rSubId=2147483647
01-16 21:30:49.170  2396  2886 D SubscriptionController: [getPhoneId]- dummy subId -2
01-16 21:30:52.241  1033  1577 E RILC    : currentSignalStrengthInd: Using vendor specific codes to proceed it
01-16 21:30:52.245  1519  4180 D TelephonyRegistry: idMatch: Check dummy subId=-2 rSubId=-2
01-16 21:30:52.246  1519  4180 D TelephonyRegistry: idMatch: Check dummy subId=-2 rSubId=2147483647
01-16 21:30:52.246  1519  4180 I chatty  : uid=1000(system) Binder:1519_16 identical 6 lines
01-16 21:30:52.246  1519  4180 D TelephonyRegistry: idMatch: Check dummy subId=-2 rSubId=2147483647
01-16 21:30:54.146  2396  2886 D SubscriptionController: [getPhoneId]- dummy subId -2
01-16 21:30:58.666  2396  7778 D SmsApplication: onPackageChanged: run
01-16 21:30:58.678  2396  7778 D SmsApplication: onPackageChanged: end
01-16 21:30:58.753  2396  7778 D SmsApplication: onPackageChanged: run
01-16 21:30:58.789  2396  4620 D SubscriptionController: getSimStateForSlotIndex:  simState=ABSENT ordinal=1 slotIndex=0
01-16 21:30:58.789  5298  5322 D SubscriptionManager: getSimStateForSlotIdx: simState=1 slotIndex=0
01-16 21:30:58.789  2396  7778 D SmsApplication: onPackageChanged: end
01-16 21:30:58.793  2396  4620 D SubscriptionController: getSimStateForSlotIndex: phone == null simState=UNKNOWN ordinal=0 slotIndex=1
01-16 21:30:58.793  5298  5322 D SubscriptionManager: getSimStateForSlotIdx: simState=0 slotIndex=1
01-16 21:30:58.804  2396  7778 D SmsApplication: onPackageChanged: run
01-16 21:30:58.814  2396  4620 D SubscriptionController: getSimStateForSlotIndex:  simState=ABSENT ordinal=1 slotIndex=0
01-16 21:30:58.814  5298  5322 D SubscriptionManager: getSimStateForSlotIdx: simState=1 slotIndex=0
01-16 21:30:58.815  2396  7778 D SmsApplication: onPackageChanged: end
01-16 21:30:58.824  2396  4620 D SubscriptionController: getSimStateForSlotIndex: phone == null simState=UNKNOWN ordinal=0 slotIndex=1
01-16 21:30:58.824  5298  5322 D SubscriptionManager: getSimStateForSlotIdx: simState=0 slotIndex=1
01-16 21:30:59.087  2396  4620 D SubscriptionController: getSimStateForSlotIndex:  simState=ABSENT ordinal=1 slotIndex=0
01-16 21:30:59.087  5298  5322 D SubscriptionManager: getSimStateForSlotIdx: simState=1 slotIndex=0
01-16 21:30:59.093  2396  4620 D SubscriptionController: getSimStateForSlotIndex: phone == null simState=UNKNOWN ordinal=0 slotIndex=1
01-16 21:30:59.093  5298  5322 D SubscriptionManager: getSimStateForSlotIdx: simState=0 slotIndex=1
01-16 21:30:59.103  2396  4620 D SubscriptionController: getSimStateForSlotIndex:  simState=ABSENT ordinal=1 slotIndex=0
01-16 21:30:59.103  5298  5322 D SubscriptionManager: getSimStateForSlotIdx: simState=1 slotIndex=0
01-16 21:30:59.106  2396  4620 D SubscriptionController: getSimStateForSlotIndex: phone == null simState=UNKNOWN ordinal=0 slotIndex=1
01-16 21:30:59.106  5298  5322 D SubscriptionManager: getSimStateForSlotIdx: simState=0 slotIndex=1
01-16 21:30:59.354  2396  4620 D SubscriptionController: [getPhoneId]- dummy subId -2
01-16 21:30:59.428  2396  4620 D SubscriptionController: [getPhoneId]- dummy subId -2
01-16 21:31:12.714  1033  1577 E RILC    : currentSignalStrengthInd: Using vendor specific codes to proceed it
01-16 21:31:12.717  1519  3474 D TelephonyRegistry: idMatch: Check dummy subId=-2 rSubId=-2
01-16 21:31:12.717  1519  3474 D TelephonyRegistry: idMatch: Check dummy subId=-2 rSubId=2147483647
01-16 21:31:12.717  1519  3474 I chatty  : uid=1000(system) Binder:1519_11 identical 6 lines
01-16 21:31:12.717  1519  3474 D TelephonyRegistry: idMatch: Check dummy subId=-2 rSubId=2147483647
01-16 21:31:15.065  2396  4620 D SubscriptionController: [getPhoneId]- dummy subId -2
01-16 21:31:19.776  2396  4620 D SubscriptionController: [getPhoneId]- dummy subId -2
01-16 21:31:19.888  2396  2396 D DDS-PhoneSwitcher: handleMessage msg={ when=0 what=104 obj=NetworkRequest [ TRACK_DEFAULT id=25, [ Capabilities: INTERNET&NOT_RESTRICTED&TRUSTED Unwanted:  Uid: 10105] ] target=com.android.internal.telephony.PhoneSwitcher }
01-16 21:31:19.889  2396  2396 D DDS-PhoneSwitcher: evaluating due to netReleased
01-16 21:31:19.890  2396  2396 D DDS-PhoneSwitcher: handleMessage msg={ when=0 what=104 obj=NetworkRequest [ TRACK_DEFAULT id=23, [ Capabilities: INTERNET&NOT_RESTRICTED&TRUSTED Unwanted:  Uid: 10105] ] target=com.android.internal.telephony.PhoneSwitcher }
01-16 21:31:19.890  2396  2396 D DDS-PhoneSwitcher: evaluating due to netReleased
01-16 21:31:22.192  2396  2886 D SubscriptionController: [getPhoneId]- dummy subId -2
01-16 21:31:22.953  1033  1577 E RILC    : currentSignalStrengthInd: Using vendor specific codes to proceed it
01-16 21:31:22.955  1519  4212 D TelephonyRegistry: idMatch: Check dummy subId=-2 rSubId=-2
01-16 21:31:22.955  1519  4212 D TelephonyRegistry: idMatch: Check dummy subId=-2 rSubId=2147483647
01-16 21:31:22.955  1519  4212 I chatty  : uid=1000(system) Binder:1519_18 identical 6 lines
01-16 21:31:22.955  1519  4212 D TelephonyRegistry: idMatch: Check dummy subId=-2 rSubId=2147483647
01-16 21:31:23.869  2396  2886 D SST     : [0] SST.getAllCellInfo(): CallingUid = 1000, CallingPid = 3313
01-16 21:31:23.875  2396  2886 D RILJ    : [0138]> RIL_REQUEST_GET_CELL_INFO_LIST [SUB0]
01-16 21:31:23.887  1033  1577 E RIL-QMI : Serving cell rsrp: -1167. rsrq: -200. rssi: -713. srxlev: 9. signal Strength: 21
01-16 21:31:23.896  2396  2599 D RILJ    : [0138]< RIL_REQUEST_GET_CELL_INFO_LIST  [SUB0]
01-16 21:31:32.476  2396  2886 D SubscriptionController: [getPhoneId]- dummy subId -2
01-16 21:31:34.056  1033  1577 E RILD    : [sqos] TrafficControl(): success to connect to sock on boot : 9
01-16 21:31:34.057  1033  1577 I chatty  : uid=1001(radio) /vendor/bin/hw/rild identical 8 lines
01-16 21:31:34.057  1033  1577 E RILD    : [sqos] TrafficControl(): success to connect to sock on boot : 9
01-16 21:31:41.488  2396  7778 D SmsApplication: onPackageChanged: run
01-16 21:31:41.529  2396  7778 D SmsApplication: onPackageChanged: end
01-16 21:31:41.562  2396  7778 D SmsApplication: onPackageChanged: run
01-16 21:31:41.566  2396  7778 D SmsApplication: onPackageChanged: end
01-16 21:31:41.592  2396  7778 D SmsApplication: onPackageChanged: run
01-16 21:31:41.599  2396  7778 D SmsApplication: onPackageChanged: end
01-16 21:31:41.619  2396  2785 D SubscriptionController: getSimStateForSlotIndex:  simState=ABSENT ordinal=1 slotIndex=0
01-16 21:31:41.619  5298  5322 D SubscriptionManager: getSimStateForSlotIdx: simState=1 slotIndex=0
01-16 21:31:41.637  2396  2785 D SubscriptionController: getSimStateForSlotIndex: phone == null simState=UNKNOWN ordinal=0 slotIndex=1
01-16 21:31:41.637  5298  5322 D SubscriptionManager: getSimStateForSlotIdx: simState=0 slotIndex=1
01-16 21:31:41.645  2396  2785 D SubscriptionController: getSimStateForSlotIndex:  simState=ABSENT ordinal=1 slotIndex=0
01-16 21:31:41.645  5298  5322 D SubscriptionManager: getSimStateForSlotIdx: simState=1 slotIndex=0
01-16 21:31:41.652  2396  2785 D SubscriptionController: getSimStateForSlotIndex: phone == null simState=UNKNOWN ordinal=0 slotIndex=1
01-16 21:31:41.652  5298  5322 D SubscriptionManager: getSimStateForSlotIdx: simState=0 slotIndex=1
01-16 21:31:41.939  2396  2785 D SubscriptionController: getSimStateForSlotIndex:  simState=ABSENT ordinal=1 slotIndex=0
01-16 21:31:41.939  5298  5322 D SubscriptionManager: getSimStateForSlotIdx: simState=1 slotIndex=0
01-16 21:31:41.943  2396  2785 D SubscriptionController: getSimStateForSlotIndex: phone == null simState=UNKNOWN ordinal=0 slotIndex=1
01-16 21:31:41.944  5298  5322 D SubscriptionManager: getSimStateForSlotIdx: simState=0 slotIndex=1
01-16 21:31:41.960  2396  2785 D SubscriptionController: getSimStateForSlotIndex:  simState=ABSENT ordinal=1 slotIndex=0
01-16 21:31:41.960  5298  5322 D SubscriptionManager: getSimStateForSlotIdx: simState=1 slotIndex=0
01-16 21:31:41.982  2396  2785 D SubscriptionController: getSimStateForSlotIndex: phone == null simState=UNKNOWN ordinal=0 slotIndex=1
01-16 21:31:41.982  5298  5322 D SubscriptionManager: getSimStateForSlotIdx: simState=0 slotIndex=1
01-16 21:31:41.989  2396  2780 D SubscriptionController: [getPhoneId]- dummy subId -2
01-16 21:31:47.532  2396  2780 D SubscriptionController: [getPhoneId]- dummy subId -2
01-16 21:31:51.117  1033  1577 E RILC    : currentSignalStrengthInd: Using vendor specific codes to proceed it
01-16 21:31:51.120  1519  2509 D TelephonyRegistry: idMatch: Check dummy subId=-2 rSubId=-2
01-16 21:31:51.120  1519  2509 D TelephonyRegistry: idMatch: Check dummy subId=-2 rSubId=2147483647
01-16 21:31:51.120  1519  2509 I chatty  : uid=1000(system) Binder:1519_E identical 6 lines
01-16 21:31:51.120  1519  2509 D TelephonyRegistry: idMatch: Check dummy subId=-2 rSubId=2147483647
01-16 21:32:03.917  1033  1577 E RILC    : currentSignalStrengthInd: Using vendor specific codes to proceed it
01-16 21:32:03.919  1519  2500 D TelephonyRegistry: idMatch: Check dummy subId=-2 rSubId=-2
01-16 21:32:03.919  1519  2500 D TelephonyRegistry: idMatch: Check dummy subId=-2 rSubId=2147483647
01-16 21:32:03.919  1519  2500 I chatty  : uid=1000(system) Binder:1519_B identical 6 lines
01-16 21:32:03.919  1519  2500 D TelephonyRegistry: idMatch: Check dummy subId=-2 rSubId=2147483647
01-16 21:32:12.036  2396  2780 D SubscriptionController: [getPhoneId]- dummy subId -2
01-16 21:32:19.642  2396  7778 D SmsApplication: onPackageChanged: run
01-16 21:32:19.666  2396  7778 D SmsApplication: onPackageChanged: end
01-16 21:32:19.708  2396  7778 D SmsApplication: onPackageChanged: run
01-16 21:32:19.723  2396  7778 D SmsApplication: onPackageChanged: end
01-16 21:32:19.736  2396  7778 D SmsApplication: onPackageChanged: run
01-16 21:32:19.741  2396  7778 D SmsApplication: onPackageChanged: end
01-16 21:32:19.781  2396  2785 D SubscriptionController: getSimStateForSlotIndex:  simState=ABSENT ordinal=1 slotIndex=0
01-16 21:32:19.785  5298  5322 D SubscriptionManager: getSimStateForSlotIdx: simState=1 slotIndex=0
01-16 21:32:19.794  2396  2785 D SubscriptionController: getSimStateForSlotIndex: phone == null simState=UNKNOWN ordinal=0 slotIndex=1
01-16 21:32:19.794  5298  5322 D SubscriptionManager: getSimStateForSlotIdx: simState=0 slotIndex=1
01-16 21:32:19.814  2396  2785 D SubscriptionController: getSimStateForSlotIndex:  simState=ABSENT ordinal=1 slotIndex=0
01-16 21:32:19.814  5298  5322 D SubscriptionManager: getSimStateForSlotIdx: simState=1 slotIndex=0
01-16 21:32:19.831  2396  2785 D SubscriptionController: getSimStateForSlotIndex: phone == null simState=UNKNOWN ordinal=0 slotIndex=1
01-16 21:32:19.831  5298  5322 D SubscriptionManager: getSimStateForSlotIdx: simState=0 slotIndex=1
01-16 21:32:20.068  2396  2785 D SubscriptionController: getSimStateForSlotIndex:  simState=ABSENT ordinal=1 slotIndex=0
01-16 21:32:20.068  5298  5322 D SubscriptionManager: getSimStateForSlotIdx: simState=1 slotIndex=0
01-16 21:32:20.075  2396  2785 D SubscriptionController: getSimStateForSlotIndex: phone == null simState=UNKNOWN ordinal=0 slotIndex=1
01-16 21:32:20.076  5298  5322 D SubscriptionManager: getSimStateForSlotIdx: simState=0 slotIndex=1
01-16 21:32:20.083  2396  2785 D SubscriptionController: getSimStateForSlotIndex:  simState=ABSENT ordinal=1 slotIndex=0
01-16 21:32:20.083  5298  5322 D SubscriptionManager: getSimStateForSlotIdx: simState=1 slotIndex=0
01-16 21:32:20.087  2396  2785 D SubscriptionController: getSimStateForSlotIndex: phone == null simState=UNKNOWN ordinal=0 slotIndex=1
01-16 21:32:20.088  5298  5322 D SubscriptionManager: getSimStateForSlotIdx: simState=0 slotIndex=1
01-16 21:32:20.698  2396  2396 D TelephonyNetworkFactory[0]: got request NetworkRequest [ TRACK_DEFAULT id=91, [ Capabilities: INTERNET&NOT_RESTRICTED&TRUSTED Unwanted:  Uid: 10217] ] with score 60
01-16 21:32:20.699  2396  2396 D TelephonyNetworkFactory[0]:   my score=50, my filter=[ Transports: CELLULAR Capabilities: MMS&SUPL&DUN&FOTA&IMS&CBS&IA&RCS&XCAP&EIMS&INTERNET&NOT_RESTRICTED&TRUSTED&NOT_VPN&ENT1&FOC&MCX&BIP Unwanted:  Specifier: <-2>]
01-16 21:32:20.699  2396  2396 D TelephonyNetworkFactory[0]: evalRequest
01-16 21:32:20.699  2396  2396 D TelephonyNetworkFactory[0]:   done
01-16 21:32:20.699  2396  2396 D DDS-PhoneSwitcher: handleMessage msg={ when=0 what=103 obj=NetworkRequest [ TRACK_DEFAULT id=91, [ Capabilities: INTERNET&NOT_RESTRICTED&TRUSTED Unwanted:  Uid: 10217] ] target=com.android.internal.telephony.PhoneSwitcher }
01-16 21:32:20.699  2396  2396 D DDS-PhoneSwitcher: evaluating due to netRequest
01-16 21:32:21.025  2396  2396 D TelephonyNetworkFactory[0]: got request NetworkRequest [ TRACK_DEFAULT id=92, [ Capabilities: INTERNET&NOT_RESTRICTED&TRUSTED Unwanted:  Uid: 10217] ] with score 60
01-16 21:32:21.025  2396  2396 D TelephonyNetworkFactory[0]:   my score=50, my filter=[ Transports: CELLULAR Capabilities: MMS&SUPL&DUN&FOTA&IMS&CBS&IA&RCS&XCAP&EIMS&INTERNET&NOT_RESTRICTED&TRUSTED&NOT_VPN&ENT1&FOC&MCX&BIP Unwanted:  Specifier: <-2>]
01-16 21:32:21.025  2396  2396 D TelephonyNetworkFactory[0]: evalRequest
01-16 21:32:21.025  2396  2396 D TelephonyNetworkFactory[0]:   done
01-16 21:32:21.025  2396  2396 D DDS-PhoneSwitcher: handleMessage msg={ when=0 what=103 obj=NetworkRequest [ TRACK_DEFAULT id=92, [ Capabilities: INTERNET&NOT_RESTRICTED&TRUSTED Unwanted:  Uid: 10217] ] target=com.android.internal.telephony.PhoneSwitcher }
01-16 21:32:21.025  2396  2396 D DDS-PhoneSwitcher: evaluating due to netRequest
01-16 21:32:22.330  2396  2785 D SubscriptionController: [getPhoneId]- dummy subId -2
01-16 21:32:23.115  1033  1577 E RILC    : currentSignalStrengthInd: Using vendor specific codes to proceed it
01-16 21:32:23.117  1519  1532 D TelephonyRegistry: idMatch: Check dummy subId=-2 rSubId=-2
01-16 21:32:23.117  1519  1532 D TelephonyRegistry: idMatch: Check dummy subId=-2 rSubId=2147483647
01-16 21:32:23.117  1519  1532 I chatty  : uid=1000(system) Binder:1519_2 identical 6 lines
01-16 21:32:23.117  1519  1532 D TelephonyRegistry: idMatch: Check dummy subId=-2 rSubId=2147483647
01-16 21:32:24.395  1033  1577 E RILC    : currentSignalStrengthInd: Using vendor specific codes to proceed it
01-16 21:32:24.399  1519  2516 D TelephonyRegistry: idMatch: Check dummy subId=-2 rSubId=-2
01-16 21:32:24.399  1519  2516 D TelephonyRegistry: idMatch: Check dummy subId=-2 rSubId=2147483647
01-16 21:32:24.399  1519  2516 I chatty  : uid=1000(system) Binder:1519_F identical 6 lines
01-16 21:32:24.399  1519  2516 D TelephonyRegistry: idMatch: Check dummy subId=-2 rSubId=2147483647
01-16 21:32:26.286  2396  2785 D SubscriptionController: [getPhoneId]- dummy subId -2
01-16 21:32:26.539  2396  4620 D SubscriptionController: [getPhoneId]- dummy subId -2
01-16 21:32:26.955  1033  1577 E RILC    : currentSignalStrengthInd: Using vendor specific codes to proceed it
01-16 21:32:26.957  1519  1531 D TelephonyRegistry: idMatch: Check dummy subId=-2 rSubId=-2
01-16 21:32:26.957  1519  1531 D TelephonyRegistry: idMatch: Check dummy subId=-2 rSubId=2147483647
01-16 21:32:26.957  1519  1531 I chatty  : uid=1000(system) Binder:1519_1 identical 6 lines
01-16 21:32:26.957  1519  1531 D TelephonyRegistry: idMatch: Check dummy subId=-2 rSubId=2147483647
01-16 21:32:27.637  2396  4620 D SubscriptionController: [getPhoneId]- dummy subId -2
01-16 21:32:28.997  2396  2396 D RILJ    : [0139]> RIL_REQUEST_SEND_DEVICE_STATE 1:false [SUB0]
01-16 21:32:29.004  2396  2599 D RILJ    : [0139]< RIL_REQUEST_SEND_DEVICE_STATE  [SUB0]
01-16 21:32:29.458  2396  2396 D RILJ    : [0140]> RIL_REQUEST_GET_ACTIVITY_INFO [SUB0]
01-16 21:32:29.465  2396  2599 D RILJ    : [0140]< RIL_REQUEST_GET_ACTIVITY_INFO ModemActivityInfo{ mTimestamp=688513 mSleepTimeMs=166646 mIdleTimeMs=507 mTxTimeMs[]=[0, 0, 0, 0, 0] mRxTimeMs=6752 mEnergyUsed=0} [SUB0]
01-16 21:32:29.471  1033  1577 E RILC    : currentSignalStrengthInd: Using vendor specific codes to proceed it
01-16 21:32:29.474  1519  2509 D TelephonyRegistry: idMatch: Check dummy subId=-2 rSubId=-2
01-16 21:32:29.474  1519  2509 D TelephonyRegistry: idMatch: Check dummy subId=-2 rSubId=2147483647
01-16 21:32:29.474  1519  2509 I chatty  : uid=1000(system) Binder:1519_E identical 6 lines
01-16 21:32:29.474  1519  2509 D TelephonyRegistry: idMatch: Check dummy subId=-2 rSubId=2147483647
01-16 21:32:30.797  1033  1577 E RILC    : currentSignalStrengthInd: Using vendor specific codes to proceed it
01-16 21:32:30.799  1519  3510 D TelephonyRegistry: idMatch: Check dummy subId=-2 rSubId=-2
01-16 21:32:30.799  1519  3510 D TelephonyRegistry: idMatch: Check dummy subId=-2 rSubId=2147483647
01-16 21:32:30.799  1519  3510 I chatty  : uid=1000(system) Binder:1519_12 identical 6 lines
01-16 21:32:30.799  1519  3510 D TelephonyRegistry: idMatch: Check dummy subId=-2 rSubId=2147483647
01-16 21:32:32.468  2396  4620 D SubscriptionController: [getPhoneId]- dummy subId -2
01-16 21:32:36.293  2396  4620 I chatty  : uid=1001(radio) Binder:2396_9 identical 1 line
01-16 21:32:37.653  2396  4620 D SubscriptionController: [getPhoneId]- dummy subId -2
01-16 21:32:38.476  1033  1577 E RILC    : currentSignalStrengthInd: Using vendor specific codes to proceed it
01-16 21:32:38.479  1519  4506 D TelephonyRegistry: idMatch: Check dummy subId=-2 rSubId=-2
01-16 21:32:38.480  1519  4506 D TelephonyRegistry: idMatch: Check dummy subId=-2 rSubId=2147483647
01-16 21:32:38.480  1519  4506 I chatty  : uid=1000(system) Binder:1519_19 identical 6 lines
01-16 21:32:38.480  1519  4506 D TelephonyRegistry: idMatch: Check dummy subId=-2 rSubId=2147483647
01-16 21:32:39.705  2396  2396 D RILJ    : [0141]> RIL_REQUEST_SEND_DEVICE_STATE 1:true [SUB0]
01-16 21:32:39.707  2396  2599 D RILJ    : [0141]< RIL_REQUEST_SEND_DEVICE_STATE  [SUB0]
01-16 21:32:39.757  1033  1577 E RILC    : currentSignalStrengthInd: Using vendor specific codes to proceed it
01-16 21:32:39.759  1519  2334 D TelephonyRegistry: idMatch: Check dummy subId=-2 rSubId=-2
01-16 21:32:39.759  1519  2334 D TelephonyRegistry: idMatch: Check dummy subId=-2 rSubId=2147483647
01-16 21:32:39.759  1519  2334 I chatty  : uid=1000(system) Binder:1519_7 identical 6 lines
01-16 21:32:39.759  1519  2334 D TelephonyRegistry: idMatch: Check dummy subId=-2 rSubId=2147483647
01-16 21:32:42.314  1033  1577 E RILC    : currentSignalStrengthInd: Using vendor specific codes to proceed it
01-16 21:32:42.318  1519  3510 D TelephonyRegistry: idMatch: Check dummy subId=-2 rSubId=-2
01-16 21:32:42.319  1519  3510 D TelephonyRegistry: idMatch: Check dummy subId=-2 rSubId=2147483647
01-16 21:32:42.319  1519  3510 I chatty  : uid=1000(system) Binder:1519_12 identical 6 lines
01-16 21:32:42.319  1519  3510 D TelephonyRegistry: idMatch: Check dummy subId=-2 rSubId=2147483647
01-16 21:32:46.158  1033  1577 E RILC    : currentSignalStrengthInd: Using vendor specific codes to proceed it
01-16 21:32:46.160  1519  2508 D TelephonyRegistry: idMatch: Check dummy subId=-2 rSubId=-2
01-16 21:32:46.160  1519  2508 D TelephonyRegistry: idMatch: Check dummy subId=-2 rSubId=2147483647
01-16 21:32:46.161  1519  2508 I chatty  : uid=1000(system) Binder:1519_D identical 6 lines
01-16 21:32:46.161  1519  2508 D TelephonyRegistry: idMatch: Check dummy subId=-2 rSubId=2147483647
01-16 21:32:46.693  2396  4620 D SubscriptionController: [getPhoneId]- dummy subId -2
01-16 21:32:54.561  2396  7778 D SmsApplication: onPackageChanged: run
01-16 21:32:54.582  2396  7778 D SmsApplication: onPackageChanged: end
01-16 21:32:54.629  2396  7778 D SmsApplication: onPackageChanged: run
01-16 21:32:54.645  2396  7778 D SmsApplication: onPackageChanged: end
01-16 21:32:54.687  2396  7778 D SmsApplication: onPackageChanged: run
01-16 21:32:54.709  2396  7778 D SmsApplication: onPackageChanged: end
01-16 21:32:54.767  2396  2785 D SubscriptionController: getSimStateForSlotIndex:  simState=ABSENT ordinal=1 slotIndex=0
01-16 21:32:54.768  5298  5322 D SubscriptionManager: getSimStateForSlotIdx: simState=1 slotIndex=0
01-16 21:32:54.776  2396  2785 D SubscriptionController: getSimStateForSlotIndex: phone == null simState=UNKNOWN ordinal=0 slotIndex=1
01-16 21:32:54.776  5298  5322 D SubscriptionManager: getSimStateForSlotIdx: simState=0 slotIndex=1
01-16 21:32:54.787  2396  2785 D SubscriptionController: getSimStateForSlotIndex:  simState=ABSENT ordinal=1 slotIndex=0
01-16 21:32:54.787  5298  5322 D SubscriptionManager: getSimStateForSlotIdx: simState=1 slotIndex=0
