04-24 13:24:21.834 V/vold    (  602): ----------------
04-24 13:24:21.834 V/vold    (  602): handleBlockEvent with action 1
04-24 13:24:21.834 D/NetlinkEvent(  602): NL param 'DEVPATH=/devices/virtual/block/ram12'
04-24 13:24:21.834 D/NetlinkEvent(  602): NL param 'MAJOR=1'
04-24 13:24:21.834 D/NetlinkEvent(  602): NL param 'MINOR=12'
04-24 13:24:21.834 D/NetlinkEvent(  602): NL param 'DEVNAME=ram12'
04-24 13:24:21.834 D/NetlinkEvent(  602): NL param 'DEVTYPE=disk'
04-24 13:24:21.834 D/NetlinkEvent(  602): NL param 'NPARTS=0'
04-24 13:24:21.834 V/vold    (  602): ----------------
04-24 13:24:21.834 V/vold    (  602): handleBlockEvent with action 1
04-24 13:24:21.834 D/NetlinkEvent(  602): NL param 'DEVPATH=/devices/virtual/block/ram13'
04-24 13:24:21.834 D/NetlinkEvent(  602): NL param 'MAJOR=1'
04-24 13:24:21.834 D/NetlinkEvent(  602): NL param 'MINOR=13'
04-24 13:24:21.834 D/NetlinkEvent(  602): NL param 'DEVNAME=ram13'
04-24 13:24:21.834 D/NetlinkEvent(  602): NL param 'DEVTYPE=disk'
04-24 13:24:21.834 D/NetlinkEvent(  602): NL param 'NPARTS=0'
04-24 13:24:21.834 V/vold    (  602): ----------------
04-24 13:24:21.834 V/vold    (  602): handleBlockEvent with action 1
04-24 13:24:21.834 D/NetlinkEvent(  602): NL param 'DEVPATH=/devices/virtual/block/ram14'
04-24 13:24:21.834 D/NetlinkEvent(  602): NL param 'MAJOR=1'
04-24 13:24:21.834 D/NetlinkEvent(  602): NL param 'MINOR=14'
04-24 13:24:21.834 D/NetlinkEvent(  602): NL param 'DEVNAME=ram14'
04-24 13:24:21.834 D/NetlinkEvent(  602): NL param 'DEVTYPE=disk'
04-24 13:24:21.834 D/NetlinkEvent(  602): NL param 'NPARTS=0'
04-24 13:24:21.834 V/vold    (  602): ----------------
04-24 13:24:21.834 V/vold    (  602): handleBlockEvent with action 1
04-24 13:24:21.834 D/NetlinkEvent(  602): NL param 'DEVPATH=/devices/virtual/block/ram15'
04-24 13:24:21.834 D/NetlinkEvent(  602): NL param 'MAJOR=1'
04-24 13:24:21.834 D/NetlinkEvent(  602): NL param 'MINOR=15'
04-24 13:24:21.834 D/NetlinkEvent(  602): NL param 'DEVNAME=ram15'
04-24 13:24:21.834 D/NetlinkEvent(  602): NL param 'DEVTYPE=disk'
04-24 13:24:21.834 D/NetlinkEvent(  602): NL param 'NPARTS=0'
04-24 13:24:21.834 V/vold    (  602): ----------------
04-24 13:24:21.834 V/vold    (  602): handleBlockEvent with action 1
04-24 13:24:21.834 D/NetlinkEvent(  602): NL param 'DEVPATH=/devices/virtual/block/vnswap0'
04-24 13:24:21.834 D/NetlinkEvent(  602): NL param 'MAJOR=253'
04-24 13:24:21.834 D/NetlinkEvent(  602): NL param 'MINOR=0'
04-24 13:24:21.834 D/NetlinkEvent(  602): NL param 'DEVNAME=vnswap0'
04-24 13:24:21.834 D/NetlinkEvent(  602): NL param 'DEVTYPE=disk'
04-24 13:24:21.834 D/NetlinkEvent(  602): NL param 'NPARTS=0'
04-24 13:24:21.844 I/vold_prepare_subdirs(  602): SELinux: Loaded file_contexts
04-24 13:24:21.848 D/vold_prepare_subdirs(  616): Setting up mode 700 uid 0 gid 0 context u:object_r:vold_data_file:s0 on path: /data/misc_de/0/vold
04-24 13:24:21.849 D/vold_prepare_subdirs(  616): Setting up mode 700 uid 0 gid 0 context u:object_r:storaged_data_file:s0 on path: /data/misc_de/0/storaged
04-24 13:24:21.849 D/vold_prepare_subdirs(  616): Setting up mode 700 uid 1000 gid 1000 context u:object_r:fingerprint_vendor_data_file:s0 on path: /data/vendor_de/0/fpdata
04-24 13:24:21.850 I/epmlogd (  602): EpmLog::startLog()
04-24 13:24:21.850 I/epmlogd (  602): EmpLog runThread started
04-24 13:24:21.850 D/Ext4Crypt(  602): e4crypt_unlock_user_key 0 serial=0 token_present=0
04-24 13:24:21.850 E/Ext4Crypt(  602): Failed to chmod /data/system_ce/0: No such file or directory
04-24 13:24:21.850 E/Ext4Crypt(  602): Failed to chmod /data/misc_ce/0: No such file or directory
04-24 13:24:21.850 E/Ext4Crypt(  602): Failed to chmod /data/media/0: No such file or directory
04-24 13:24:21.876 I//system/bin/tzdatacheck(  619): timezone distro dir /data/misc/zoneinfo/current does not exist. No action required.
04-24 13:24:22.015 I/BOOT    (  629): MSM target '', SoC 'MTP', HwID '292', SoC ver '65536'
04-24 13:24:22.023 W/DRM_BOOT(  630): file: '/sys/module/drm/parameters/vblankoffdelay' or perms doesn't exist
04-24 13:24:22.177 I/ServiceManagement(  647): Removing namespace from process name android.hidl.allocator@1.0-service to allocator@1.0-service.
04-24 13:24:22.212 D/android.hardware.drm@1.0-service(  652): android.hardware.drm@1.0-service starting...
04-24 13:24:22.213 D/vndksupport(  652): Loading /vendor/lib/hw/android.hardware.drm@1.0-impl.so from current namespace instead of sphal namespace.
04-24 13:24:22.215 D/vndksupport(  658): Loading /vendor/lib64/hw/android.hardware.memtrack@1.0-impl.so from current namespace instead of sphal namespace.
04-24 13:24:22.222 I/android.hardware.bluetooth@1.0-service(  649): registering IBluetoothHCI services
04-24 13:24:22.230 D/vndksupport(  661): Loading /vendor/lib64/hw/android.hardware.thermal@1.0-impl.so from current namespace instead of sphal namespace.
04-24 13:24:22.232 D/vndksupport(  655): Loading /vendor/lib64/hw/android.hardware.gatekeeper@1.0-impl.so from current namespace instead of sphal namespace.
04-24 13:24:22.239 D/vndksupport(  660): Loading /vendor/lib64/hw/android.hardware.sensors@1.0-impl.so from current namespace instead of sphal namespace.
04-24 13:24:22.241 I/irsc_util(  678): Starting irsc tool
04-24 13:24:22.241 D/vndksupport(  655): Loading /vendor/lib64/hw/gatekeeper.mdfpp.so from current namespace instead of sphal namespace.
04-24 13:24:22.242 D/vndksupport(  658): Loading /vendor/lib64/hw/memtrack.msm8998.so from current namespace instead of sphal namespace.
04-24 13:24:22.244 I/ServiceManagement(  658): Removing namespace from process name android.hardware.memtrack@1.0-service to memtrack@1.0-service.
04-24 13:24:22.244 I/ServiceManagement(  655): Removing namespace from process name android.hardware.gatekeeper@1.0-service to gatekeeper@1.0-service.
04-24 13:24:22.245 I/android.hardware.memtrack@1.0-service(  658): Registration complete for android.hardware.memtrack@1.0::IMemtrack/default.
04-24 13:24:22.245 I/android.hardware.gatekeeper@1.0-service(  655): Registration complete for android.hardware.gatekeeper@1.0::IGatekeeper/default.
04-24 13:24:22.248 D/vndksupport(  656): Loading /vendor/lib64/hw/android.hardware.graphics.allocator@2.0-impl.so from current namespace instead of sphal namespace.
04-24 13:24:22.250 I/irsc_util(  678): Num of entries:297
04-24 13:24:22.251 I/irsc_util(  678): Ending irsc tool
04-24 13:24:22.251 D/vndksupport(  649): Loading /vendor/lib64/hw/android.hardware.bluetooth@1.0-impl.so from current namespace instead of sphal namespace.
04-24 13:24:22.252 D/vndksupport(  661): Loading /vendor/lib64/hw/thermal.msm8998.so from current namespace instead of sphal namespace.
04-24 13:24:22.253 D/vndksupport(  659): Loading /vendor/lib64/hw/android.hardware.power@1.0-impl.so from current namespace instead of sphal namespace.
04-24 13:24:22.254 I/ServiceManagement(  662): Removing namespace from process name android.hardware.usb@1.1-service.wahoo to usb@1.1-service.wahoo.
04-24 13:24:22.257 D/vndksupport(  659): Loading /vendor/lib64/hw/power.qcom.so from current namespace instead of sphal namespace.
04-24 13:24:22.258 D/vndksupport(  663): Loading /vendor/lib64/hw/android.hardware.vr@1.0-impl.so from current namespace instead of sphal namespace.
04-24 13:24:22.259 I/ServiceManagement(  649): Removing namespace from process name android.hardware.bluetooth@1.0-service to bluetooth@1.0-service.
04-24 13:24:22.260 I/android.hardware.bluetooth@1.0-service(  649): Registration complete for android.hardware.bluetooth@1.0::IBluetoothHci/default.
04-24 13:24:22.260 I/android.hardware.bluetooth@1.0-service(  649): First OS version = 24
04-24 13:24:22.260 I/android.hardware.usb@1.1-service.wahoo(  662): USB HAL Ready.
04-24 13:24:22.260 I/ServiceManagement(  661): Removing namespace from process name android.hardware.thermal@1.0-service to thermal@1.0-service.
04-24 13:24:22.261 D/vndksupport(  656): Loading /vendor/lib64/hw/gralloc.msm8998.so from current namespace instead of sphal namespace.
04-24 13:24:22.261 I/android.hardware.thermal@1.0-service(  661): Registration complete for android.hardware.thermal@1.0::IThermal/default.
04-24 13:24:22.263 D/vendor.samsung.hardware.vibrator@1.0-service(  673): sec-vibrator-1-0 starts
04-24 13:24:22.263 I/ServiceManagement(  673): Removing namespace from process name vendor.samsung.hardware.vibrator@1.0-service to vibrator@1.0-service.
04-24 13:24:22.271 D/nxpnfc@1.0-service(  665): NFC HAL Service 1.1 is starting.
04-24 13:24:22.271 I/ServiceManagement(  672): Removing namespace from process name vendor.samsung.hardware.radio.configsvc@1.0-service to configsvc@1.0-service.
04-24 13:24:22.271 I/ServiceManagement(  666): Removing namespace from process name vendor.display.color@1.0-service to color@1.0-service.
04-24 13:24:22.274 D/vndksupport(  657): Loading /vendor/lib64/hw/android.hardware.graphics.composer@2.1-impl.so from current namespace instead of sphal namespace.
04-24 13:24:22.274 I/QTI PowerHAL(  659): QTI power HAL initing.
04-24 13:24:22.274 W//vendor/bin/hw/android.hardware.configstore@1.1-service(  651): libminijail[651]: allowing syscall: connect
04-24 13:24:22.274 W//vendor/bin/hw/android.hardware.configstore@1.1-service(  651): libminijail[651]: allowing syscall: fcntl
04-24 13:24:22.274 W//vendor/bin/hw/android.hardware.configstore@1.1-service(  651): libminijail[651]: allowing syscall: sendto
04-24 13:24:22.274 W//vendor/bin/hw/android.hardware.configstore@1.1-service(  651): libminijail[651]: allowing syscall: socket
04-24 13:24:22.274 W//vendor/bin/hw/android.hardware.configstore@1.1-service(  651): libminijail[651]: allowing syscall: writev
04-24 13:24:22.278 W//vendor/bin/hw/android.hardware.configstore@1.1-service(  651): libminijail[651]: logging seccomp filter failures
04-24 13:24:22.279 I/ServiceManagement(  651): Removing namespace from process name android.hardware.configstore@1.1-service to configstore@1.1-service.
04-24 13:24:22.279 D/        (  670): tui_comm: svc service starting :)
04-24 13:24:22.279 I/ServiceManagement(  670): Removing namespace from process name vendor.qti.hardware.tui_comm@1.0-service-qti to tui_comm@1.0-service-qti.
04-24 13:24:22.280 D/vendor.samsung.hardware.light@2.0-service(  671): sec-light-2-0 starts
04-24 13:24:22.282 D/vndksupport(  663): Loading /vendor/lib64/hw/vr.msm8998.so from current namespace instead of sphal namespace.
04-24 13:24:22.282 E/libmdmdetect(  679): Failed to open /sys/bus/msm_subsys/devices/subsys0/name: Permission denied
04-24 13:24:22.282 I/vendor.rmt_storage(  679): Shared memory initialised successfully.
04-24 13:24:22.282 I/vendor.rmt_storage(  679): Registering modemst1: 0x4a /boot/modem_fs1
04-24 13:24:22.282 I/vendor.rmt_storage(  679): Registering modemst2: 0x4b /boot/modem_fs2
04-24 13:24:22.282 I/vendor.rmt_storage(  679): Registering fsc: 0xff /boot/modem_fsc
04-24 13:24:22.282 I/vendor.rmt_storage(  679): Registering fsg: 0x58 /boot/modem_fsg
04-24 13:24:22.282 I/vendor.rmt_storage(  679): 4 GPT partitions found
04-24 13:24:22.284 I/vendor.rmt_storage(  679): Capset success!
04-24 13:24:22.285 I/lmkd    (  691): try memboost disable, check disable_mem_boost node
04-24 13:24:22.285 E/lmkd    (  691): Error opening /sys/kernel/mm/vmscan/disable_mem_boost; errno=2
04-24 13:24:22.285 D/android.hardware.cas@1.0-service(  650): android.hardware.cas@1.0-service starting...
04-24 13:24:22.286 I/lmkd    (  691): set custom_sw_limit : 200 
04-24 13:24:22.286 I/lmkd    (  691): set upgrade_pressure : 50 
04-24 13:24:22.286 I/lmkd    (  691): set lmkd_freelimit_val : 11 
04-24 13:24:22.286 I/lmkd    (  691): enable_upgrade_criadj : 0
04-24 13:24:22.286 I/ServiceManagement(  650): Removing namespace from process name android.hardware.cas@1.0-service to cas@1.0-service.
04-24 13:24:22.287 I/ServiceManagement(  659): Removing namespace from process name android.hardware.power@1.0-service to power@1.0-service.
04-24 13:24:22.287 I/ServiceManagement(  656): Removing namespace from process name android.hardware.graphics.allocator@2.0-service to allocator@2.0-service.
04-24 13:24:22.295 I/ServiceManagement(  668): Removing namespace from process name vendor.qti.hardware.perf@1.0-service to perf@1.0-service.
04-24 13:24:22.297 D/vndksupport(  671): Loading /vendor/lib64/hw/vendor.samsung.hardware.light@2.0-impl.so from current namespace instead of sphal namespace.
04-24 13:24:22.298 D/vndksupport(  657): Loading /vendor/lib64/hw/hwcomposer.msm8998.so from current namespace instead of sphal namespace.
04-24 13:24:22.299 D/vndksupport(  671): Loading /vendor/lib64/hw/lights.msm8998.so from current namespace instead of sphal namespace.
04-24 13:24:22.299 E/        (  670): Registered ITuiComm HAL service success!
04-24 13:24:22.300 I/tftp_server(  680): Initializing tftp_server RING buffer
04-24 13:24:22.300 I/tftp_server(  680): Starting...
04-24 13:24:22.300 D/SEC LightsHAL(  671): !@ access /sys/class/lcd/panel/hmt_on : g_has_hmt_on_node=1 errno=0(Success) retValue=0
04-24 13:24:22.300 D/        (  669): QdutilsDisp: svc service starting :)
04-24 13:24:22.300 D/android.hardware.drm@1.1-service.clearkey(  653): android.hardware.drm@1.1-service.clearkey starting...
04-24 13:24:22.300 I/ServiceManagement(  669): Removing namespace from process name vendor.qti.hardware.qdutils_disp@1.0-service-qti to qdutils_disp@1.0-service-qti.
04-24 13:24:22.301 D/SEC LightsHAL(  671): !@ access /sys/class/lcd/panel/hmt_bright : g_has_hmt_bright_node=1 errno=0(Success) retValue=0
04-24 13:24:22.301 I/ServiceManagement(  653): Removing namespace from process name android.hardware.drm@1.1-service.clearkey to drm@1.1-service.clearkey.
04-24 13:24:22.301 D/SEC LightsHAL(  671): !@ initialize_fds : g_lights_file_paths[0][0] : /sys/class/leds/lcd-backlight/brightness 
04-24 13:24:22.301 D/SEC LightsHAL(  671): !@ initialize_fds : FOUND! : 0x7
04-24 13:24:22.301 D/SEC LightsHAL(  671): !@ initialize_fds : g_lights_file_paths[1][0] : /sys/class/sec/sec_touchkey/brightness 
04-24 13:24:22.301 D/nxpnfc@1.0-service(  665): NFC service is ready
04-24 13:24:22.301 D/SEC LightsHAL(  671): !@ initialize_fds : g_lights_fds Open error! : [2]
04-24 13:24:22.301 D/SEC LightsHAL(  671): !@ initialize_fds : g_lights_file_paths[1][1] : /sys/class/leds/button-backlight/brightness 
04-24 13:24:22.301 D/SEC LightsHAL(  671): !@ initialize_fds : g_lights_fds Open error! : [2]
04-24 13:24:22.302 D/SEC LightsHAL(  671): !@ initialize_fds : g_lights_file_paths[1][2] : /sys/class/backlight/touchkey-led/brightness 
04-24 13:24:22.302 I/android.hardware.graphics.allocator@2.0-service(  656): Registration complete for android.hardware.graphics.allocator@2.0::IAllocator/default.
04-24 13:24:22.302 D/SEC LightsHAL(  671): !@ initialize_fds : g_lights_fds Open error! : [2]
04-24 13:24:22.302 D/SEC LightsHAL(  671): !@ initialize_fds : g_lights_file_paths[1][3] : (null) 
04-24 13:24:22.302 D/SEC LightsHAL(  671): !@ initialize_fds : g_lights_file_paths[2][0] : /sys/class/sec/sec_keypad/brightness 
04-24 13:24:22.302 I/android.hardware.power@1.0-service(  659): Registration complete for android.hardware.power@1.0::IPower/default.
04-24 13:24:22.302 I/ServiceManagement(  663): Removing namespace from process name android.hardware.vr@1.0-service to vr@1.0-service.
04-24 13:24:22.304 D/SEC LightsHAL(  671): !@ initialize_fds : g_lights_fds Open error! : [2]
04-24 13:24:22.304 D/SEC LightsHAL(  671): !@ initialize_fds : g_lights_file_paths[2][1] : /sys/class/leds/keyboard-backlight/brightness 
04-24 13:24:22.304 D/SEC LightsHAL(  671): !@ initialize_fds : g_lights_fds Open error! : [2]
04-24 13:24:22.304 D/SEC LightsHAL(  671): !@ initialize_fds : g_lights_file_paths[2][2] : (null) 
04-24 13:24:22.304 D/SEC LightsHAL(  671): !@ initialize_fds : g_lights_file_paths[3][0] : /sys/class/sec/led/led_pattern 
04-24 13:24:22.305 D/SEC LightsHAL(  671): !@ initialize_fds : FOUND! : 0x8
04-24 13:24:22.305 E/vendor.qti.hardware.perf@1.0-service(  668): Registered IPerf HAL service success!
04-24 13:24:22.305 D/SEC LightsHAL(  671): !@ initialize_fds : g_lights_file_paths[4][0] : /sys/class/sec/led/led_blink 
04-24 13:24:22.305 D/SEC LightsHAL(  671): !@ initialize_fds : FOUND! : 0x9
04-24 13:24:22.306 D/SEC LightsHAL(  671): !@ initialize_fds : g_lights_file_paths[5][0] : /sys/class/backlight/panel1-backlight/brightness 
04-24 13:24:22.306 D/SEC LightsHAL(  671): !@ initialize_fds : g_lights_fds Open error! : [2]
04-24 13:24:22.306 D/SEC LightsHAL(  671): !@ initialize_fds : g_lights_file_paths[5][1] : (null) 
04-24 13:24:22.306 D/SEC LightsHAL(  671): !@ initialize_fds : g_lights_file_paths[6][0] : /sys/class/sec/led/led_control 
04-24 13:24:22.306 D/SEC LightsHAL(  671): !@ initialize_fds : g_lights_fds Open error! : [2]
04-24 13:24:22.306 D/SEC LightsHAL(  671): !@ initialize_fds : g_lights_file_paths[6][1] : (null) 
04-24 13:24:22.306 I/SEC light(  671): Find!! HIDL_FETCH_ISecLight: backlight
04-24 13:24:22.307 I/tftp_server(  680): pid=680 tid=680 tftp-server : INF :[tftp_os_la.c, 126] mkdir failed: [2] [/data/vendor/tombstones/rfs/modem] [No such file or directory]
04-24 13:24:22.307 D/vndksupport(  671): Loading /vendor/lib64/hw/lights.msm8998.so from current namespace instead of sphal namespace.
04-24 13:24:22.307 E/SEC light(  671): light_open lights keyboard failed: -22
04-24 13:24:22.307 E/SEC light(  671): Light passthrough failed to load legacy HAL.
04-24 13:24:22.307 I/qti_sensors_hal(  660): SensorsContext
04-24 13:24:22.307 D/vndksupport(  671): Loading /vendor/lib64/hw/lights.msm8998.so from current namespace instead of sphal namespace.
04-24 13:24:22.307 E/SEC light(  671): light_open lights buttons failed: -22
04-24 13:24:22.307 E/SEC light(  671): Light passthrough failed to load legacy HAL.
04-24 13:24:22.308 D/vndksupport(  671): Loading /vendor/lib64/hw/lights.msm8998.so from current namespace instead of sphal namespace.
04-24 13:24:22.308 E/libsensor1(  660): check_sensors_enabled: Sensors enabled = true
04-24 13:24:22.308 I/SEC light(  671): Find!! HIDL_FETCH_ISecLight: battery
04-24 13:24:22.308 D/vndksupport(  671): Loading /vendor/lib64/hw/lights.msm8998.so from current namespace instead of sphal namespace.
04-24 13:24:22.308 I/SEC light(  671): Find!! HIDL_FETCH_ISecLight: notifications
04-24 13:24:22.308 D/vndksupport(  671): Loading /vendor/lib64/hw/lights.msm8998.so from current namespace instead of sphal namespace.
04-24 13:24:22.308 I/SEC light(  671): Find!! HIDL_FETCH_ISecLight: attention
04-24 13:24:22.309 D/vndksupport(  671): Loading /vendor/lib64/hw/lights.msm8998.so from current namespace instead of sphal namespace.
04-24 13:24:22.309 E/SEC light(  671): light_open lights bluetooth failed: -22
04-24 13:24:22.309 E/SEC light(  671): Light passthrough failed to load legacy HAL.
04-24 13:24:22.309 D/vndksupport(  671): Loading /vendor/lib64/hw/lights.msm8998.so from current namespace instead of sphal namespace.
04-24 13:24:22.309 E/SEC light(  671): light_open lights wifi failed: -22
04-24 13:24:22.309 E/SEC light(  671): Light passthrough failed to load legacy HAL.
04-24 13:24:22.309 D/vndksupport(  671): Loading /vendor/lib64/hw/lights.msm8998.so from current namespace instead of sphal namespace.
04-24 13:24:22.309 E/SEC light(  671): light_open lights subbacklight failed: -22
04-24 13:24:22.309 E/SEC light(  671): Light passthrough failed to load legacy HAL.
04-24 13:24:22.310 D/vndksupport(  671): Loading /vendor/lib64/hw/lights.msm8998.so from current namespace instead of sphal namespace.
04-24 13:24:22.310 E/SEC light(  671): light_open lights led_lte failed: -22
04-24 13:24:22.310 E/SEC light(  671): Light passthrough failed to load legacy HAL.
04-24 13:24:22.319 I/android.hardware.vr@1.0-service(  663): Registration complete for android.hardware.vr@1.0::IVr/default.
04-24 13:24:22.319 I/ServiceManagement(  653): Removing namespace from process name android.hardware.drm@1.1-service.clearkey to drm@1.1-service.clearkey.
04-24 13:24:22.319 E/        (  669): Registered IQdutilsDisp HAL service success!
04-24 13:24:22.321 D/vndksupport(  671): Loading /vendor/lib64/hw/lights.msm8998.so from current namespace instead of sphal namespace.
04-24 13:24:22.322 E/SEC light(  671): light_open lights led_gigalte failed: -22
04-24 13:24:22.322 E/SEC light(  671): Light passthrough failed to load legacy HAL.
04-24 13:24:22.322 D/vndksupport(  671): Loading /vendor/lib64/hw/lights.msm8998.so from current namespace instead of sphal namespace.
04-24 13:24:22.322 E/SEC light(  671): light_open lights led_wifi failed: -22
04-24 13:24:22.322 E/SEC light(  671): Light passthrough failed to load legacy HAL.
04-24 13:24:22.322 D/vndksupport(  671): Loading /vendor/lib64/hw/lights.msm8998.so from current namespace instead of sphal namespace.
04-24 13:24:22.322 E/SEC light(  671): light_open lights led_battery failed: -22
04-24 13:24:22.322 E/SEC light(  671): Light passthrough failed to load legacy HAL.
04-24 13:24:22.323 D/vndksupport(  671): Loading /vendor/lib64/hw/lights.msm8998.so from current namespace instead of sphal namespace.
04-24 13:24:22.323 E/SEC light(  671): light_open lights led_all failed: -22
04-24 13:24:22.323 E/SEC light(  671): Light passthrough failed to load legacy HAL.
04-24 13:24:22.323 I/ServiceManagement(  671): Removing namespace from process name vendor.samsung.hardware.light@2.0-service to light@2.0-service.
04-24 13:24:22.325 I/vendor.samsung.hardware.light@2.0-service(  671): Registration complete for vendor.samsung.hardware.light@2.0::ISecLight/default.
04-24 13:24:22.325 I/ServiceManagement(  652): Removing namespace from process name android.hardware.drm@1.0-service to drm@1.0-service.
04-24 13:24:22.327 I/android.hardware.drm@1.0-service(  652): Registration complete for android.hardware.drm@1.0::IDrmFactory/default.
04-24 13:24:22.327 D/vndksupport(  652): Loading /vendor/lib/hw/android.hardware.drm@1.0-impl.so from current namespace instead of sphal namespace.
04-24 13:24:22.328 I/ServiceManagement(  652): Removing namespace from process name android.hardware.drm@1.0-service to drm@1.0-service.
04-24 13:24:22.329 I/android.hardware.drm@1.0-service(  652): Registration complete for android.hardware.drm@1.0::ICryptoFactory/default.
04-24 13:24:22.330 I/irsc_util(  701): Starting irsc tool
04-24 13:24:22.331 I/qti_sensors_hal(  660): Init the smgr_sensor1_cb for SMGR sensor1 connection.
04-24 13:24:22.339 I/PerMgrSrv(  684): Adding entry for modem : offTimeout : 500 ackTimeout : 200
04-24 13:24:22.340 I/vendor.trustonic.teeregistry@1.0-service(  675): Registry path: '/data/vendor/mcRegistry'
04-24 13:24:22.340 I/android.hardware.wifi@1.0-service(  664): Wifi Hal is booting up...
04-24 13:24:22.340 I/ServiceManagement(  675): Removing namespace from process name vendor.trustonic.teeregistry@1.0-service to teeregistry@1.0-service.
04-24 13:24:22.340 I/ServiceManagement(  664): Removing namespace from process name android.hardware.wifi@1.0-service to wifi@1.0-service.
04-24 13:24:22.342 I/android.hardware.wifi@1.0-service(  664): Wifi Hal Extenstion is booting up...
04-24 13:24:22.342 I/irsc_util(  701): Num of entries:3
04-24 13:24:22.342 I/PerMgrSrv(  684): Adding entry for slpi : offTimeout : 5000 ackTimeout : 200
04-24 13:24:22.342 I/irsc_util(  701): Ending irsc tool
04-24 13:24:22.345 I/ServiceManagement(  674): Removing namespace from process name vendor.trustonic.tee@1.0-service to tee@1.0-service.
04-24 13:24:22.348 D/android.hardware.drm@1.0-service.widevine(  654): android.hardware.drm@1.1-service.widevine starting...
04-24 13:24:22.348 I/PerMgrSrv(  684): Peripheral Mananager service start
04-24 13:24:22.348 I/ServiceManagement(  654): Removing namespace from process name android.hardware.drm@1.1-service.widevine to drm@1.1-service.widevine.
04-24 13:24:22.348 I/PerMgrSrv(  684): power-off timeout 500,ms; event-ack timeout 200,ms; debug-mode false
04-24 13:24:22.348 I/PerMgrSrv(  684): Statistics for : modem
04-24 13:24:22.348 I/PerMgrSrv(  684): modem: Current State : is off-line
04-24 13:24:22.348 I/PerMgrSrv(  684): modem: Voter/Listener count : 0/0
04-24 13:24:22.348 I/PerMgrSrv(  684): modem: Power on count : 0
04-24 13:24:22.348 I/PerMgrSrv(  684): modem: Power off count: 0
04-24 13:24:22.348 I/PerMgrSrv(  684): modem: Client list:
04-24 13:24:22.348 I/PerMgrSrv(  684): Statistics for : slpi
04-24 13:24:22.348 I/PerMgrSrv(  684): slpi: Current State : is off-line
04-24 13:24:22.348 I/PerMgrSrv(  684): slpi: Voter/Listener count : 0/0
04-24 13:24:22.348 I/PerMgrSrv(  684): slpi: Power on count : 0
04-24 13:24:22.348 I/PerMgrSrv(  684): slpi: Power off count: 0
04-24 13:24:22.348 I/PerMgrSrv(  684): slpi: Client list:
04-24 13:24:22.348 I/pd-mapper-svc(  685): Starting pd-mapper service
04-24 13:24:22.349 I/pd-mapper-svc(  685): Parsing file :/vendor/firmware_mnt/image/slpir.jsn:
04-24 13:24:22.351 I/pd-mapper-svc(  685): Parsing file :/vendor/firmware_mnt/image/slpius.jsn:
04-24 13:24:22.352 I/pd-mapper-svc(  685): Parsing file :/vendor/firmware_mnt/image/modemuw.jsn:
04-24 13:24:22.354 I/LocSvc_HIDL_vendor.qti.gnss@1.0-service(  667): main
04-24 13:24:22.355 I/sem_hal (  706): sem_hal service is started
04-24 13:24:22.355 I/ServiceManagement(  706): Removing namespace from process name vendor.samsung.security.sem@1.0-service to sem@1.0-service.
04-24 13:24:22.357 I/SDM     (  657): HWCSession::StartServices: IDisplayConfig service registration completed.
04-24 13:24:22.357 D/vndksupport(  657): Loading /vendor/lib64/hw/gralloc.msm8998.so from current namespace instead of sphal namespace.
04-24 13:24:22.358 W/hwservicemanager(  566): getTransport: Cannot find entry android.hardware.gnss@1.1::IGnss/default in either framework or device manifest.
04-24 13:24:22.358 I/pd-mapper-svc(  685): Starting servloc server
04-24 13:24:22.358 E/LocSvc_HIDL_vendor.qti.gnss@1.0-service(  667): Could not get passthrough implementation for android.hardware.gnss@1.1::IGnss/default.
04-24 13:24:22.358 W/LocSvc_HIDL_vendor.qti.gnss@1.0-service(  667): Failed to register IGnss 1.1 service: 1, try IGnss 1.0
04-24 13:24:22.358 I/ServiceManagement(  654): Removing namespace from process name android.hardware.drm@1.1-service.widevine to drm@1.1-service.widevine.
04-24 13:24:22.359 W/SDM     (  657): HWCSession::UEventThread: UEvent dropped. No uevent listener.
04-24 13:24:22.359 D/vndksupport(  667): Loading /vendor/lib64/hw/android.hardware.gnss@1.0-impl-qti.so from current namespace instead of sphal namespace.
04-24 13:24:22.359 I/PerMgrSrv(  684): QMI service start
04-24 13:24:22.361 I/SDM     (  657): ExtensionInterface::CreateExtensionInterface: 
04-24 13:24:22.361 I/SDM     (  657): SDM-EXTENSION Version: Date: 12/27/18, Commit: 782aee5, Change: Id343a8dbb3
04-24 13:24:22.362 I/SDM     (  657): HWInfo::GetHWResourceInfo: SDE Version = 5, SDE Revision = 30000001, RGB = 0, VIG = 4, DMA = 4, Cursor = 2
04-24 13:24:22.362 I/SDM     (  657): HWInfo::GetHWResourceInfo: Upscale Ratio = 20, Downscale Ratio = 4, Blending Stages = 7
04-24 13:24:22.362 I/SDM     (  657): HWInfo::GetHWResourceInfo: SourceSplit = 1 QSEED3 = 1
04-24 13:24:22.362 I/SDM     (  657): HWInfo::GetHWResourceInfo: BWC = 0, UBWC = 1, Decimation = 1, Tile Format = 0 Concurrent Writeback = 1
04-24 13:24:22.362 I/SDM     (  657): HWInfo::GetHWResourceInfo: MaxLowBw = 9400000 , MaxHighBw = 9400000
04-24 13:24:22.362 I/SDM     (  657): HWInfo::GetHWResourceInfo: MaxPipeBw = 4700000 KBps, MaxSDEClock = 412500000 Hz, ClockFudgeFactor = 1.050000
04-24 13:24:22.362 I/SDM     (  657): HWInfo::GetHWResourceInfo: Prefill factors: Tiled_NV12 = 8, Tiled = 4, Linear = 1, Scale = 1, Fudge_factor = 2
04-24 13:24:22.362 W/SDM     (  657): HWInfo::GetMDSSRotatorInfo: File '/sys/devices/virtual/rotator/mdss_rotator/caps' not found
04-24 13:24:22.362 I/SDM     (  657): HWInfo::GetV4L2RotatorInfo: V4L2 Rotator: Count = 1, Downscale = 1, Min_downscale = 1.500000, Downscale_compression = 1
04-24 13:24:22.363 I/SDM     (  657): SessionManager::SessionManager: Allocate buffers synchronously = 0
04-24 13:24:22.365 D/vndksupport(  648): Loading /vendor/lib/hw/android.hardware.audio@4.0-impl.so from current namespace instead of sphal namespace.
04-24 13:24:22.369 I/SDM     (  657): CoreInterface::CreateCore: Open interface handle = 0x7a36470000
04-24 13:24:22.369 I/SDM     (  657): HWCSession::Register: Set uevent listener = 0x7a3646b000
04-24 13:24:22.369 I/SDM     (  657): HWInfo::GetFirstDisplayInterfaceType: First display is internal display
04-24 13:24:22.369 I/SDM     (  657): CPUHint::Init: Invalid CPU Hint Pre-enable Window -1
04-24 13:24:22.370 I/SDM     (  657): HWDevice::GetHWPanelMaxBrightnessFromNode: Max brightness level = 36500
04-24 13:24:22.370 I/SDM     (  657): HWDevice::Init: access(/dev/graphics/fb0) successful
04-24 13:24:22.370 I/SDM     (  657): HWDevice::GetHWPanelMaxBrightnessFromNode: Max brightness level = 36500
04-24 13:24:22.370 I/SDM     (  657): HWDevice::PopulateHWPanelInfo: Device type = 0, Display Port = 1, Display Mode = 2, Device Node = 0, Is Primary = 1
04-24 13:24:22.370 I/SDM     (  657): HWDevice::PopulateHWPanelInfo: Partial Update = 1, supported roi_count =1, Dynamic FPS = 0
04-24 13:24:22.370 I/SDM     (  657): HWDevice::PopulateHWPanelInfo: Align: left = 720, width = 720, top = 40, height = 40
04-24 13:24:22.370 I/SDM     (  657): HWDevice::PopulateHWPanelInfo: ROI: min_width = 720, min_height = 40, need_merge = 0
04-24 13:24:22.370 I/SDM     (  657): HWDevice::PopulateHWPanelInfo: FPS: min = 60, max =60
04-24 13:24:22.370 I/SDM     (  657): HWDevice::PopulateHWPanelInfo: Ping Pong Split = 0
04-24 13:24:22.370 I/SDM     (  657): HWDevice::PopulateHWPanelInfo: Left Split = 720, Right Split = 720
04-24 13:24:22.371 I/LocSvc_HIDL_vendor.qti.gnss@1.0-service(  667): Registration complete for android.hardware.gnss@1.0::IGnss/default.
04-24 13:24:22.371 W/hwservicemanager(  566): getTransport: Cannot find entry android.hardware.thermal@1.1::IThermal/default in either framework or device manifest.
04-24 13:24:22.371 I/SDM     (  657): HWDevice::GetHWPanelMaxBrightnessFromNode: Max brightness level = 36500
04-24 13:24:22.372 I/chatty  (  657): uid=1000(system) composer@2.1-se identical 1 line
04-24 13:24:22.372 I/SDM     (  657): HWDevice::GetHWPanelMaxBrightnessFromNode: Max brightness level = 36500
04-24 13:24:22.372 W/SDM     (  657): HWDevice::GetHWPanelInfoByNode: Failed to open msm_fb_panel_info node device node 3
04-24 13:24:22.372 I/SDM     (  657): HWDevice::GetHWPanelMaxBrightnessFromNode: Max brightness level = 36500
04-24 13:24:22.373 W/thermalserviced(  698): Unable to get Thermal HAL V1.1, vendor thermal event notification not available
04-24 13:24:22.373 I/SDM     (  657): HWDevice::GetHWPanelMaxBrightnessFromNode: Max brightness level = 36500
04-24 13:24:22.373 I/SDM     (  657): HWDevice::GetHWPanelMaxBrightnessFromNode: Max brightness level = 36500
04-24 13:24:22.373 W/SDM     (  657): HWDevice::GetHWPanelInfoByNode: Failed to open msm_fb_panel_info node device node 3
04-24 13:24:22.373 I/SDM     (  657): HWPrimary::GetCurrentModeFromSysfs: Current Config: 1440 x 2960
04-24 13:24:22.373 I/SDM     (  657): HWPrimary::InitializeConfigs: Found mode 1440 x 2960
04-24 13:24:22.373 I/SDM     (  657): HWPrimary::InitializeConfigs: Active config index 0
04-24 13:24:22.373 I/SDM     (  657): HWPrimary::InitializeConfigs: Found mode 1080 x 2220
04-24 13:24:22.373 I/SDM     (  657): HWPrimary::InitializeConfigs: Found mode 720 x 1480
04-24 13:24:22.374 I/SDM     (  657): StrategyImpl::SetIdleTimeoutMs: Idle timeout not supported for display = 0, mode = 2
04-24 13:24:22.375 D/vndksupport(  667): Loading /vendor/lib64/hw/vendor.qti.gnss@1.0-impl.so from current namespace instead of sphal namespace.
04-24 13:24:22.376 I/skpm_hal(  707): skpm_hal service is started
04-24 13:24:22.376 I/wvkprov_server_hal(  711): wvkprov_server_hal service is started
04-24 13:24:22.376 I/ServiceManagement(  707): Removing namespace from process name vendor.samsung.security.skpm@1.0-service to skpm@1.0-service.
04-24 13:24:22.376 I/ServiceManagement(  711): Removing namespace from process name vendor.samsung.security.wvkprov_server@1.0-service to wvkprov_server@1.0-service.
04-24 13:24:22.377 W/SDM     (  657): ColorManager::CreateColorManagerProxy: PAV2 version is versions = 11, version = 11 
04-24 13:24:22.379 I/ServiceManagement(  648): Removing namespace from process name android.hardware.audio@2.0-service to audio@2.0-service.
04-24 13:24:22.379 I/audiohalservice(  648): Registration complete for android.hardware.audio@4.0::IDevicesFactory/default.
04-24 13:24:22.380 D/vndksupport(  648): Loading /vendor/lib/hw/android.hardware.audio.effect@4.0-impl.so from current namespace instead of sphal namespace.
04-24 13:24:22.381 I/SDM     (  657): DisplayBase::InitializeColorModes: Number of Color Modes = 2
04-24 13:24:22.385 I/SDM     (  657): HWCDisplay::Init: Display created with id: 0
04-24 13:24:22.385 E/SDM     (  657): DisplayBase::GetColorModeAttr: Failed: Mode hal_hdr without attribute
04-24 13:24:22.385 E/SDM     (  657): DisplayBase::GetColorModeAttr: Failed: Mode hal_native without attribute
04-24 13:24:22.385 I/SDM     (  657): DisplayBase::SetFrameBufferConfig: New framebuffer resolution (1440x2960)
04-24 13:24:22.394 I/audiohalservice(  648): Registration complete for android.hardware.audio.effect@4.0::IEffectsFactory/default.
04-24 13:24:22.394 W/hwservicemanager(  566): getTransport: Cannot find entry android.hardware.soundtrigger@2.1::ISoundTriggerHw/default in either framework or device manifest.
04-24 13:24:22.395 D/vndksupport(  648): Loading /vendor/lib/hw/android.hardware.soundtrigger@2.1-impl.so from current namespace instead of sphal namespace.
04-24 13:24:22.402 D/vndksupport(  648): Loading /vendor/lib/hw/sound_trigger.primary.msm8998.so from current namespace instead of sphal namespace.
04-24 13:24:22.411 D/sound_trigger_hw(  648): stdev_open: Enter
04-24 13:24:22.431 D/sound_trigger_hw(  648): load_audio_hal: ahal is using proprietary API version 0x0100
04-24 13:24:22.431 I/sound_trigger_platform(  648): platform_stdev_init: Enter
04-24 13:24:22.449 E/Diag_Lib(  745):  Diag_LSM_Init: Failed to open handle to diag driver, error = 13
04-24 13:24:22.449 W/Sensors (  745): sns_debug_main.c(453):Diag_LSM_Init failed: log packets and messages will not be available
04-24 13:24:22.458 E/SLPI_FACTORYD(  748): Factory Daemon Start!
04-24 13:24:22.474 D/LocSvc_LBSProxy(  667): checkIfLocationExtendedClientExists] File Exists
04-24 13:24:22.476 I/ConfigStore(  696): android::hardware::configstore::V1_0::ISurfaceFlingerConfigs::startGraphicsAllocatorService retrieved: 0
04-24 13:24:22.476 I/SurfaceFlinger(  696): Using HWComposer service: 'default'
04-24 13:24:22.476 I/SurfaceFlinger(  696): SurfaceFlinger is starting
04-24 13:24:22.477 I/ServiceManagement(  667): Removing namespace from process name vendor.qti.gnss@1.0-service to gnss@1.0-service.
04-24 13:24:22.478 I/LocSvc_HIDL_vendor.qti.gnss@1.0-service(  667): Registration complete for vendor.qti.gnss@1.0::ILocHidlGnss/gnss_vendor.
04-24 13:24:22.478 D/vndksupport(  667): Loading /vendor/lib64/hw/vendor.samsung.hardware.gnss@1.0-impl.so from current namespace instead of sphal namespace.
04-24 13:24:22.479 I/ConfigStore(  696): android::hardware::configstore::V1_0::ISurfaceFlingerConfigs::vsyncEventPhaseOffsetNs retrieved: 1000000 (default)
04-24 13:24:22.479 I/ConfigStore(  696): android::hardware::configstore::V1_0::ISurfaceFlingerConfigs::vsyncSfEventPhaseOffsetNs retrieved: 1000000 (default)
04-24 13:24:22.480 I/ConfigStore(  696): android::hardware::configstore::V1_0::ISurfaceFlingerConfigs::hasSyncFramework retrieved: 1
04-24 13:24:22.480 I/ConfigStore(  696): android::hardware::configstore::V1_0::ISurfaceFlingerConfigs::presentTimeOffsetFromVSyncNs retrieved: 0
04-24 13:24:22.480 I/ConfigStore(  696): android::hardware::configstore::V1_0::ISurfaceFlingerConfigs::useHwcForRGBtoYUV retrieved: 1
04-24 13:24:22.483 I/ConfigStore(  696): android::hardware::configstore::V1_0::ISurfaceFlingerConfigs::maxVirtualDisplaySize retrieved: 4096
04-24 13:24:22.483 I/ConfigStore(  696): android::hardware::configstore::V1_0::ISurfaceFlingerConfigs::useVrFlinger retrieved: 0 (default)
04-24 13:24:22.483 I/ConfigStore(  696): android::hardware::configstore::V1_0::ISurfaceFlingerConfigs::maxFrameBufferAcquiredBuffers retrieved: 3
04-24 13:24:22.484 I/ConfigStore(  696): android::hardware::configstore::V1_0::ISurfaceFlingerConfigs::hasWideColorDisplay retrieved: 0
04-24 13:24:22.485 E/GnssHAL_SecGnssInterface(  667): HIDL_FETCH_ISecGnss()
04-24 13:24:22.485 D/GnssHAL_SecGnssInterface(  667): loading libgnss.so ...
04-24 13:24:22.487 I/ConfigStore(  696): android::hardware::configstore::V1_1::ISurfaceFlingerConfigs::primaryDisplayOrientation retrieved: ORIENTATION_0 (default)
04-24 13:24:22.488 I/SurfaceFlinger(  696): Disabling Triple Buffering
04-24 13:24:22.488 I/SurfaceFlinger(  696): Treble testing override: 'false'
04-24 13:24:22.497 I/KEYPROV_DHKPROV(  763): version = rev.3
04-24 13:24:22.497 I/KEYPROV_DHKPROV(  761): version = rev.3
04-24 13:24:22.498 E/KEYPROV_DHKPROV(  763): There is no data
04-24 13:24:22.498 E/KEYPROV_DHKPROV(  761): There is no data
04-24 13:24:22.498 E/KEYPROV_DHKPROV(  761): Failed to prepare to key provisioning
04-24 13:24:22.498 E/KEYPROV_DHKPROV(  763): Failed to prepare to key provisioning
04-24 13:24:22.501 D/INSTHK  (  760): version = rev.8
04-24 13:24:22.510 D/HDCP2   (  760):  ==========================================
04-24 13:24:22.510 D/HDCP2   (  760):  |              HDCP2 v3.78               |
04-24 13:24:22.510 D/HDCP2   (  760):  ==========================================
04-24 13:24:22.510 D/HDCP2   (  760): Starting qseecom sshdcp2 client
04-24 13:24:22.510 D/HDCP2   (  760): qsc_start_app is called:
04-24 13:24:22.510 D/QSEECOMAPI(  760): QSEECom_get_handle sb_length = 0x10000
04-24 13:24:22.510 D/QSEECOMAPI(  760): App is not loaded in QSEE
04-24 13:24:22.511 I/LocSvc_api_v02(  667): locClientOpen:2000]: Service instance id is -1
04-24 13:24:22.511 I/LocSvc_api_v02(  667): ---> locClientOpenInstance line 1875 loc client open
04-24 13:24:22.512 E/QMI_FW  (  667): QMUXD: WARNING qmi_qmux_if_pwr_up_init failed! rc=-6
04-24 13:24:22.512 I/TbaseLoader(  759): Starting tbaseLoader
04-24 13:24:22.512 D/QSEECOMAPI(  759): QSEECom_load_external_elf
04-24 13:24:22.512 I/LocSvc_HIDL_vendor.qti.gnss@1.0-service(  667): Registration complete for vendor.samsung.hardware.gnss@1.0::ISecGnss/default.
04-24 13:24:22.514 D/QSEECOMAPI(  759): app_arch = 1, total_files = 9
04-24 13:24:22.515 D/vold    (  602): mountDefaultEncrypted
04-24 13:24:22.515 I/SecureStorage(  756): [INFO]: SPID(0x00000000)Secure Storage Daemon version 1.9.25, release, qsee.
04-24 13:24:22.516 I/SecureStorage(  756): [INFO]: SPID(0x00000000)Secure Storage Daemon is preparing to run
04-24 13:24:22.516 I/Cryptfs (  602): cryptfs_check_passwd
04-24 13:24:22.517 I/SecureStorage(  756): [INFO]: SPID(0x00000000)Secure Storage Daemon successfully binded a socket
04-24 13:24:22.517 I/qchdcpkprov(  770): run_key_verify: /system/vendor/bin/hdcp2p2prov -verify
04-24 13:24:22.517 I/SecureStorage(  756): [INFO]: SPID(0x00000000)Secure Storage Daemon successfully chmod a socket
04-24 13:24:22.517 D/QSEECOMAPI(  756): QSEECom_get_handle sb_length = 0x19a080
04-24 13:24:22.518 D/QSEECOMAPI(  760): app_arch = 2, total_files = 9
04-24 13:24:22.518 I/qchdcpkprov(  769): run_key_verify: /system/vendor/bin/hdcp1prov -verify
04-24 13:24:22.523 E/PerMgrProxy(  767): Starting pm-proxy service
04-24 13:24:22.525 D/PerMgrSrv(  684): modem state: is off-line, add client PM-PROXY-THREAD
04-24 13:24:22.525 D/PerMgrSrv(  684): PM-PROXY-THREAD registered
04-24 13:24:22.525 D/PerMgrLib(  767): PM-PROXY-THREAD successfully registered for modem
04-24 13:24:22.525 I/PerMgrProxy(  767): Casting proxy vote for modem
04-24 13:24:22.525 D/PerMgrLib(  767): PM-PROXY-THREAD voting for modem
04-24 13:24:22.525 D/PerMgrSrv(  684): PM-PROXY-THREAD voting for modem
04-24 13:24:22.525 D/PerMgrSrv(  684): modem new state: going on-line
04-24 13:24:22.525 D/PerMgrSrv(  684): modem num voters is 1
04-24 13:24:22.525 I/PerMgrProxy(  767): pm-proxy-thread vote successful for modem
04-24 13:24:22.527 I/CryptfsUtils(  602): ICD check (0 / check)
04-24 13:24:22.540 D/QSEECOMAPI(  756): App is not loaded in QSEE
04-24 13:24:22.541 D/QSEECOMAPI(  756): app_arch = 2, total_files = 9
04-24 13:24:22.550 V/HDCP1_PROV(  782): HDCP1_key_verify is starting... key_type=1
04-24 13:24:22.550 D/QSEECOMAPI(  782): QSEECom_get_handle sb_length = 0x400
04-24 13:24:22.550 D/QSEECOMAPI(  781): QSEECom_get_handle sb_length = 0x1000
04-24 13:24:22.566 I/integrity_utils(  602): resp : 0, value : 0
04-24 13:24:22.566 D/        (  602): HW based disk encryption is enabled 
04-24 13:24:22.566 D/        (  602): HW based disk encryption is enabled 
04-24 13:24:22.566 D/Cryptfs (  602): crypt_ftr->fs_size = 112920192
04-24 13:24:22.566 E/ODE_KeyStorage(  602): Create
04-24 13:24:22.566 E/vold    (  602): [libfs_mgr]fs_mgr_read_fstab(): cannot open file: '/fstab.qcom': No such file or directory
04-24 13:24:22.566 E/ODE_KeyStorageFDE(  602): existFooter :Cannot get fstab info(/fstab.qcom)
04-24 13:24:22.567 I/ODE_KeyManager(  602): checkKeyMasterMagic : magic = 0x01000000
04-24 13:24:22.567 E/ODE_KeyStorage(  602): Destroy
04-24 13:24:22.567 E/ODE_KeyManager(  602): Create : magic = 0x01000000
04-24 13:24:22.567 I/ODE_KeyManager(  602): HeaderInfo (1000000)
04-24 13:24:22.567 I/ODE_KeyManager(  602): Use sKeyMaster
04-24 13:24:22.567 I/ODE_KeyManagerKeyMasterMdfpp(  602): KeyManagerKeyMasterMdfpp : Created (10000)
04-24 13:24:22.567 E/ODE_KeyStorage(  602): Create
04-24 13:24:22.567 E/vold    (  602): [libfs_mgr]fs_mgr_read_fstab(): cannot open file: '/fstab.qcom': No such file or directory
04-24 13:24:22.567 E/ODE_KeyStorageFDE(  602): existFooter :Cannot get fstab info(/fstab.qcom)
04-24 13:24:22.567 I/ODE_KeyManagerKeyMasterMdfpp(  602): obtainKey : obtainKey
04-24 13:24:22.569 W/hwservicemanager(  566): getTransport: Cannot find entry android.hardware.keymaster@4.0::IKeymasterDevice/default in either framework or device manifest.
04-24 13:24:22.571 I/vold    (  602): List of Keymaster HALs found:
04-24 13:24:22.571 I/vold    (  602): Keymaster HAL #1: SoftwareWrappedKeymaster1Device from Google SecurityLevel: TRUSTED_ENVIRONMENT HAL: android.hardware.keymaster@3.0::IKeymasterDevice/default
04-24 13:24:22.571 D/keymaster_tee(  602): [DBG] (skeymaster_operation.cpp:976) instantiated with ISKeymasterDevice
04-24 13:24:22.571 D/keymaster_tee(  593): [DEBUG]: (nwd_keymaster_tc_api.c:1994) tc_KM_encrypt_password_hwkey for decrypt
04-24 13:24:22.603 E/LocSvc_LocIpc(  667): sendData:206] cannot send to socket. reason:No such file or directory
04-24 13:24:22.648 V/SecPcmDump(  690): makeDir create, /data/log/audiopcm [0xf01fd09c]
04-24 13:24:22.650 I/FastMixerState(  690): sMaxFastTracks = 8
04-24 13:24:22.651 V/MediaUtils(  690): physMem: 3473358848
04-24 13:24:22.651 V/MediaUtils(  690): requested limit: 1073741824
04-24 13:24:22.652 V/MediaUtils(  690): actual limit: 1073741824
04-24 13:24:22.652 V/MediaUtils(  690): original limits: 4294967295/4294967295
04-24 13:24:22.652 V/MediaUtils(  690): new limits: 1073741824/4294967295
04-24 13:24:22.652 I/audioserver(  690): ServiceManager: 0xeed1c960
04-24 13:24:22.652 W/BatteryNotifier(  690): batterystats service unavailable!
04-24 13:24:22.751 I/TbaseLoader(  759): Loading of TEE tbase kernel succeeded.
04-24 13:24:22.751 I/TbaseLoader(  759): Loading of tbase succeeded.
04-24 13:24:22.763 I/TeeMcDaemon(  814): Registry search paths: [external/mobicore/Daemon/src/MobiCoreDriverDaemon.cpp:204]
04-24 13:24:22.763 I/TeeMcDaemon(  814):   /data/vendor/mcRegistry [external/mobicore/Daemon/src/MobiCoreDriverDaemon.cpp:206]
04-24 13:24:22.763 I/TeeMcDaemon(  814):   /vendor/app/mcRegistry [external/mobicore/Daemon/src/MobiCoreDriverDaemon.cpp:206]
04-24 13:24:22.763 I/TeeMcDaemon(  814):   /system/app/mcRegistry [external/mobicore/Daemon/src/MobiCoreDriverDaemon.cpp:206]
04-24 13:24:22.763 I/TeeMcDaemon(  814): Initialise Secure World [external/mobicore/Daemon/src/MobiCoreDriverDaemon.cpp:236]
04-24 13:24:22.912 D/QSEECOMAPI(  760): Loaded image: APP id = 262148
04-24 13:24:23.013 E/Sensors (  745): sns_debug_main.c(294):Debug Config File missing in EFS!
04-24 13:24:23.013 E/Sensors (  745): aon_control.c(119):inotify_add_watch::/persist/sensors failed
04-24 13:24:23.013 E/libsensor1(  745): check_sensors_enabled: Sensors enabled = true
04-24 13:24:23.113 E/Sensors (  745): aon_control.c(119):inotify_add_watch::/persist/sensors failed
04-24 13:24:23.114 I/qti_sensors_hal(  660): checkMagCalSource: SSI support for mag cal 2
04-24 13:24:23.114 I/qti_sensors_hal(  660): sendSMGRVersionReq
04-24 13:24:23.140 D/QSEECOMAPI(  782): App is not loaded in QSEE
04-24 13:24:23.140 D/QSEECOMAPI(  781): App is not loaded in QSEE
04-24 13:24:23.144 D/QSEECOMAPI(  781): app_arch = 1, total_files = 9
04-24 13:24:23.144 D/QSEECOMAPI(  782): app_arch = 1, total_files = 9
04-24 13:24:23.239 D/QSEECOMAPI(  756): Loaded image: APP id = 327685
04-24 13:24:23.261 D/keymaster_tee(  593): [DEBUG]: (nwd_keymaster_qualcomm.c:219) trustlet returned for command 256, err 0
04-24 13:24:23.261 D/HDCP2   (  760): Loading app is succeded
04-24 13:24:23.261 D/HDCP2   (  760): HDCP_INIT: pass
04-24 13:24:23.261 I/keymaster_tee(  593): [INFO]:  (nwd_keymaster_mdfpp.cpp:967) exit encrypt_password_hwkey function, returns 0
04-24 13:24:23.261 D/HDCP2   (  760): USE HDCP GOOGLE STACK
04-24 13:24:23.261 D/HDCP2   (  760): HDCP2.1 Factory Loaded
04-24 13:24:23.261 W/keymaster_tee(  602): [WRN] (skeymaster_operation.cpp:1202) invalid rot just set 0
04-24 13:24:23.261 E/footer_utils(  602): is_ucm_enabled: not enabled!
04-24 13:24:23.265 E/ODE_KeyStorage(  602): Destroy
04-24 13:24:23.265 I/ODE_KeyManagerKeyMasterMdfpp(  602): ~KeyManagerKeyMasterMdfpp : Destory
04-24 13:24:23.266 V/vold    (  602): ----------------
04-24 13:24:23.266 V/vold    (  602): handleBlockEvent with action 1
04-24 13:24:23.266 D/NetlinkEvent(  602): NL param 'DEVPATH=/devices/virtual/block/dm-1'
04-24 13:24:23.266 D/NetlinkEvent(  602): NL param 'MAJOR=254'
04-24 13:24:23.266 D/NetlinkEvent(  602): NL param 'MINOR=1'
04-24 13:24:23.266 D/NetlinkEvent(  602): NL param 'DEVNAME=dm-1'
04-24 13:24:23.266 D/NetlinkEvent(  602): NL param 'DEVTYPE=disk'
04-24 13:24:23.266 D/NetlinkEvent(  602): NL param 'NPARTS=0'
04-24 13:24:23.266 D/        (  602): HW based disk encryption is enabled 
04-24 13:24:23.267 I/chatty  (  602): uid=0(root) Binder:602_2 identical 1 line
04-24 13:24:23.267 D/        (  602): HW based disk encryption is enabled 
04-24 13:24:23.267 I/Cryptfs (  602): load_crypto_mapping_table: target_type = req-crypt
04-24 13:24:23.267 I/Cryptfs (  602): load_crypto_mapping_table: real_blk_name = /dev/block/bootdevice/by-name/userdata, extra_params = fde_enabled ice update_key
04-24 13:24:23.311 V/vold    (  602): ----------------
04-24 13:24:23.311 V/vold    (  602): handleBlockEvent with action 3
04-24 13:24:23.311 D/NetlinkEvent(  602): NL param 'DEVPATH=/devices/virtual/block/dm-1'
04-24 13:24:23.311 D/NetlinkEvent(  602): NL param 'MAJOR=254'
04-24 13:24:23.311 D/NetlinkEvent(  602): NL param 'MINOR=1'
04-24 13:24:23.311 D/NetlinkEvent(  602): NL param 'DEVNAME=dm-1'
04-24 13:24:23.311 D/NetlinkEvent(  602): NL param 'DEVTYPE=disk'
04-24 13:24:23.311 D/NetlinkEvent(  602): NL param 'NPARTS=0'
04-24 13:24:23.311 D/vold    (  602): Disk at 254:1 changed
04-24 13:24:23.311 E/ODE_KeyStorage(  602): Create
04-24 13:24:23.311 E/vold    (  602): [libfs_mgr]fs_mgr_read_fstab(): cannot open file: '/fstab.qcom': No such file or directory
04-24 13:24:23.311 E/ODE_KeyStorageFDE(  602): existFooter :Cannot get fstab info(/fstab.qcom)
04-24 13:24:23.312 I/ODE_KeyManager(  602): checkKeyMasterMagic : magic = 0x01000000
04-24 13:24:23.312 E/ODE_KeyStorage(  602): Destroy
04-24 13:24:23.312 E/CryptfsUtils(  602): cryptfs_check_migration : magic = 0x01000000
04-24 13:24:23.312 D/Cryptfs (  602): Password is default - restarting filesystem
04-24 13:24:23.313 I/CryptfsUtils(  602): /data sucessfully unmounted
04-24 13:24:23.314 I/vold    (  602): [libfs_mgr]superblock s_max_mnt_count:23,/dev/block/dm-1
04-24 13:24:23.314 I/vold    (  602): [libfs_mgr]Running /system/bin/e2fsck on /dev/block/dm-1
04-24 13:24:23.316 I/SDM     (  657): HWCDisplay::SetFrameBufferResolution: New framebuffer resolution (1440x2960)
04-24 13:24:23.317 I/SDM     (  657): HWCColorManager::CreateColorManager: Successfully loaded libsdm-disp-vndapis.so
04-24 13:24:23.324 I/SDM     (  657): HWCColorManager::CreateColorManager: Successfully loaded libsdm-disp-vndapis.so and libsdm-diag.so and diag_init'ed
04-24 13:24:23.325 I/ServiceManagement(  657): Removing namespace from process name android.hardware.graphics.composer@2.1-service to composer@2.1-service.
04-24 13:24:23.326 I/android.hardware.graphics.composer@2.1-service(  657): Registration complete for android.hardware.graphics.composer@2.1::IComposer/default.
04-24 13:24:23.327 I/SurfaceFlinger(  696): SurfaceFlinger's main thread ready to run. Initializing graphics H/W...
04-24 13:24:23.327 I/SurfaceFlinger(  696): Phase offest NS: 1000000
04-24 13:24:23.329 D/QSEECOMAPI(  781): Loaded image: APP id = 393222
04-24 13:24:23.339 D/vndksupport(  696): Loading /vendor/lib64/egl/libEGL_adreno.so from current namespace instead of sphal namespace.
04-24 13:24:23.344 D/libEGL  (  696): loaded /vendor/lib64/egl/libEGL_adreno.so
04-24 13:24:23.371 D/QSEECOMAPI(  782): Loaded image: APP id = 458759
04-24 13:24:23.372 D/HDCP1_PROV(  782): hdcp1 app loaded from /vendor/firmware_mnt/image
04-24 13:24:23.372 I/SecureStorage(  756): [INFO]: SPID(0x00000000)Secure Storage Daemon successfully connected to TA or driver
