01-01 00:49:54.979 E/msm8974_platform(  648): find_index: Could not find index for name = SND_DEVICE_OUT_VOICE_SPEAKER_2_PROTECTED_VBAT
01-01 00:49:54.979 E/platform_info(  648): process_acdb_id: Device SND_DEVICE_OUT_VOICE_SPEAKER_2_PROTECTED_VBAT in platform info xml not found, no ACDB ID set!
01-01 00:49:54.979 E/msm8974_platform(  648): find_index: Could not find index for name = SND_DEVICE_IN_CAPTURE_VI_FEEDBACK_MONO_1
01-01 00:49:54.979 E/platform_info(  648): process_acdb_id: Device SND_DEVICE_IN_CAPTURE_VI_FEEDBACK_MONO_1 in platform info xml not found, no ACDB ID set!
01-01 00:49:54.979 E/msm8974_platform(  648): find_index: Could not find index for name = SND_DEVICE_IN_CAPTURE_VI_FEEDBACK_MONO_2
01-01 00:49:54.979 E/platform_info(  648): process_acdb_id: Device SND_DEVICE_IN_CAPTURE_VI_FEEDBACK_MONO_2 in platform info xml not found, no ACDB ID set!
01-01 00:49:54.979 V/msm8974_platform(  648): platform_set_parameters: enter: mono_speaker=right;native_audio_mode=src;true_32_bit=true;spkr_1_tz_name=wsatz.13;perf_lock_opts=4, 0x40400000, 0x1, 0x40C00000, 0x1;input_mic_max_count=4;usb_sidetone_gain=35;spkr_2_tz_name=wsatz.14
01-01 00:49:54.979 D/msm8974_platform(  648): native_audio_set_params:napb updating mode (4) from XML
01-01 00:49:54.979 D/msm8974_platform(  648): platform_set_native_support:napb: native audio playback disabled
01-01 00:49:54.980 D/msm8974_platform(  648): platform_set_snd_device_backend: backend_tag_table[handset]: old = null new = (null)
01-01 00:49:54.980 D/msm8974_platform(  648): platform_set_snd_device_backend: hw_interface_table[1] = SLIMBUS_0_RX
01-01 00:49:54.980 D/msm8974_platform(  648): platform_set_snd_device_backend: backend_tag_table[handset] = null, hw_interface_table[1] = SLIMBUS_0_RX
01-01 00:49:54.980 D/msm8974_platform(  648): platform_set_snd_device_backend: backend_tag_table[voice-call-handset]: old = null new = (null)
01-01 00:49:54.980 D/msm8974_platform(  648): platform_set_snd_device_backend: hw_interface_table[24] = SLIMBUS_0_RX
01-01 00:49:54.980 D/msm8974_platform(  648): platform_set_snd_device_backend: backend_tag_table[voice-call-handset] = null, hw_interface_table[24] = SLIMBUS_0_RX
01-01 00:49:54.980 D/msm8974_platform(  648): platform_set_snd_device_backend: backend_tag_table[voice-call-handset-extra-vol]: old = null new = (null)
01-01 00:49:54.980 D/msm8974_platform(  648): platform_set_snd_device_backend: hw_interface_table[25] = SLIMBUS_0_RX
01-01 00:49:54.980 D/msm8974_platform(  648): platform_set_snd_device_backend: backend_tag_table[voice-call-handset-extra-vol] = null, hw_interface_table[25] = SLIMBUS_0_RX
01-01 00:49:54.980 D/msm8974_platform(  648): platform_set_snd_device_backend: backend_tag_table[voice-call-handset-hac]: old = null new = (null)
01-01 00:49:54.980 D/msm8974_platform(  648): platform_set_snd_device_backend: hw_interface_table[26] = SLIMBUS_0_RX
01-01 00:49:54.980 D/msm8974_platform(  648): platform_set_snd_device_backend: backend_tag_table[voice-call-handset-hac] = null, hw_interface_table[26] = SLIMBUS_0_RX
01-01 00:49:54.980 D/msm8974_platform(  648): platform_set_snd_device_backend: backend_tag_table[voice-call-handset-music]: old = null new = (null)
01-01 00:49:54.980 D/msm8974_platform(  648): platform_set_snd_device_backend: hw_interface_table[38] = SLIMBUS_0_RX
01-01 00:49:54.980 W/OMXUtils( 1004): do not know color format 0x7fa30c06 = 2141391878
01-01 00:49:54.980 D/msm8974_platform(  648): platform_set_snd_device_backend: backend_tag_table[voice-call-handset-music] = null, hw_interface_table[38] = SLIMBUS_0_RX
01-01 00:49:54.980 E/msm8974_platform(  648): find_index: Could not find index for name = SND_DEVICE_OUT_VOICE_CALL_HANDSET_EMERGENCY
01-01 00:49:54.980 E/platform_info(  648): process_backend_name: Device SND_DEVICE_OUT_VOICE_CALL_HANDSET_EMERGENCY not found, no ACDB ID set!
01-01 00:49:54.980 D/msm8974_platform(  648): platform_set_snd_device_backend: backend_tag_table[video-call-handset]: old = null new = (null)
01-01 00:49:54.980 D/msm8974_platform(  648): platform_set_snd_device_backend: hw_interface_table[43] = SLIMBUS_0_RX
01-01 00:49:54.980 D/msm8974_platform(  648): platform_set_snd_device_backend: backend_tag_table[video-call-handset] = null, hw_interface_table[43] = SLIMBUS_0_RX
01-01 00:49:54.980 D/msm8974_platform(  648): platform_set_snd_device_backend: backend_tag_table[video-call-handset-extra-vol]: old = null new = (null)
01-01 00:49:54.980 D/msm8974_platform(  648): platform_set_snd_device_backend: hw_interface_table[44] = SLIMBUS_0_RX
01-01 00:49:54.980 D/msm8974_platform(  648): platform_set_snd_device_backend: backend_tag_table[video-call-handset-extra-vol] = null, hw_interface_table[44] = SLIMBUS_0_RX
01-01 00:49:54.980 D/msm8974_platform(  648): platform_set_snd_device_backend: backend_tag_table[VoLTE-voice-handset]: old = null new = (null)
01-01 00:49:54.980 D/msm8974_platform(  648): platform_set_snd_device_backend: hw_interface_table[52] = SLIMBUS_0_RX
01-01 00:49:54.980 D/msm8974_platform(  648): platform_set_snd_device_backend: backend_tag_table[VoLTE-voice-handset] = null, hw_interface_table[52] = SLIMBUS_0_RX
01-01 00:49:54.980 D/msm8974_platform(  648): platform_set_snd_device_backend: backend_tag_table[VoLTE-voice-handset-wb]: old = null new = (null)
01-01 00:49:54.980 D/msm8974_platform(  648): platform_set_snd_device_backend: hw_interface_table[53] = SLIMBUS_0_RX
01-01 00:49:54.980 W/OMXUtils( 1004): do not know color format 0x7fa30c04 = 2141391876
01-01 00:49:54.980 D/msm8974_platform(  648): platform_set_snd_device_backend: backend_tag_table[VoLTE-voice-handset-wb] = null, hw_interface_table[53] = SLIMBUS_0_RX
01-01 00:49:54.980 D/msm8974_platform(  648): platform_set_snd_device_backend: backend_tag_table[VoLTE-voice-handset-evs]: old = null new = (null)
01-01 00:49:54.980 D/msm8974_platform(  648): platform_set_snd_device_backend: hw_interface_table[54] = SLIMBUS_0_RX
01-01 00:49:54.980 D/msm8974_platform(  648): platform_set_snd_device_backend: backend_tag_table[VoLTE-voice-handset-evs] = null, hw_interface_table[54] = SLIMBUS_0_RX
01-01 00:49:54.980 D/msm8974_platform(  648): platform_set_snd_device_backend: backend_tag_table[VoLTE-voice-handset-extra-vol]: old = null new = (null)
01-01 00:49:54.980 D/msm8974_platform(  648): platform_set_snd_device_backend: hw_interface_table[55] = SLIMBUS_0_RX
01-01 00:49:54.980 D/msm8974_platform(  648): platform_set_snd_device_backend: backend_tag_table[VoLTE-voice-handset-extra-vol] = null, hw_interface_table[55] = SLIMBUS_0_RX
01-01 00:49:54.980 D/msm8974_platform(  648): platform_set_snd_device_backend: backend_tag_table[VoLTE-voice-handset-extra-vol-wb]: old = null new = (null)
01-01 00:49:54.980 D/msm8974_platform(  648): platform_set_snd_device_backend: hw_interface_table[56] = SLIMBUS_0_RX
01-01 00:49:54.980 D/msm8974_platform(  648): platform_set_snd_device_backend: backend_tag_table[VoLTE-voice-handset-extra-vol-wb] = null, hw_interface_table[56] = SLIMBUS_0_RX
01-01 00:49:54.980 D/msm8974_platform(  648): platform_set_snd_device_backend: backend_tag_table[VoLTE-voice-handset-extra-vol-evs]: old = null new = (null)
01-01 00:49:54.980 D/msm8974_platform(  648): platform_set_snd_device_backend: hw_interface_table[57] = SLIMBUS_0_RX
01-01 00:49:54.980 D/msm8974_platform(  648): platform_set_snd_device_backend: backend_tag_table[VoLTE-voice-handset-extra-vol-evs] = null, hw_interface_table[57] = SLIMBUS_0_RX
01-01 00:49:54.980 D/msm8974_platform(  648): platform_set_snd_device_backend: backend_tag_table[VoLTE-voice-handset-hac]: old = null new = (null)
01-01 00:49:54.980 W/OMXUtils( 1004): do not know color format 0x7fa30c08 = 2141391880
01-01 00:49:54.980 D/msm8974_platform(  648): platform_set_snd_device_backend: hw_interface_table[58] = SLIMBUS_0_RX
01-01 00:49:54.980 D/msm8974_platform(  648): platform_set_snd_device_backend: backend_tag_table[VoLTE-voice-handset-hac] = null, hw_interface_table[58] = SLIMBUS_0_RX
01-01 00:49:54.980 D/msm8974_platform(  648): platform_set_snd_device_backend: backend_tag_table[VoLTE-voice-handset-hac-wb]: old = null new = (null)
01-01 00:49:54.980 D/msm8974_platform(  648): platform_set_snd_device_backend: hw_interface_table[59] = SLIMBUS_0_RX
01-01 00:49:54.980 D/msm8974_platform(  648): platform_set_snd_device_backend: backend_tag_table[VoLTE-voice-handset-hac-wb] = null, hw_interface_table[59] = SLIMBUS_0_RX
01-01 00:49:54.980 D/msm8974_platform(  648): platform_set_snd_device_backend: backend_tag_table[VoLTE-voice-handset-hac-evs]: old = null new = (null)
01-01 00:49:54.980 D/msm8974_platform(  648): platform_set_snd_device_backend: hw_interface_table[60] = SLIMBUS_0_RX
01-01 00:49:54.980 D/msm8974_platform(  648): platform_set_snd_device_backend: backend_tag_table[VoLTE-voice-handset-hac-evs] = null, hw_interface_table[60] = SLIMBUS_0_RX
01-01 00:49:54.980 D/msm8974_platform(  648): platform_set_snd_device_backend: backend_tag_table[VoLTE-video-handset]: old = null new = (null)
01-01 00:49:54.980 D/msm8974_platform(  648): platform_set_snd_device_backend: hw_interface_table[79] = SLIMBUS_0_RX
01-01 00:49:54.980 D/msm8974_platform(  648): platform_set_snd_device_backend: backend_tag_table[VoLTE-video-handset] = null, hw_interface_table[79] = SLIMBUS_0_RX
01-01 00:49:54.980 D/msm8974_platform(  648): platform_set_snd_device_backend: backend_tag_table[VoLTE-video-handset-wb]: old = null new = (null)
01-01 00:49:54.980 D/msm8974_platform(  648): platform_set_snd_device_backend: hw_interface_table[80] = SLIMBUS_0_RX
01-01 00:49:54.980 D/msm8974_platform(  648): platform_set_snd_device_backend: backend_tag_table[VoLTE-video-handset-wb] = null, hw_interface_table[80] = SLIMBUS_0_RX
01-01 00:49:54.980 D/msm8974_platform(  648): platform_set_snd_device_backend: backend_tag_table[VoLTE-video-handset-evs]: old = null new = (null)
01-01 00:49:54.980 D/msm8974_platform(  648): platform_set_snd_device_backend: hw_interface_table[81] = SLIMBUS_0_RX
01-01 00:49:54.980 D/msm8974_platform(  648): platform_set_snd_device_backend: backend_tag_table[VoLTE-video-handset-evs] = null, hw_interface_table[81] = SLIMBUS_0_RX
01-01 00:49:54.980 W/OMXUtils( 1004): do not know color format 0x7fa30c07 = 2141391879
01-01 00:49:54.980 D/msm8974_platform(  648): platform_set_snd_device_backend: backend_tag_table[VoLTE-video-handset-extra-vol]: old = null new = (null)
01-01 00:49:54.980 D/msm8974_platform(  648): platform_set_snd_device_backend: hw_interface_table[82] = SLIMBUS_0_RX
01-01 00:49:54.981 D/msm8974_platform(  648): platform_set_snd_device_backend: backend_tag_table[VoLTE-video-handset-extra-vol] = null, hw_interface_table[82] = SLIMBUS_0_RX
01-01 00:49:54.981 D/msm8974_platform(  648): platform_set_snd_device_backend: backend_tag_table[VoLTE-video-handset-extra-vol-wb]: old = null new = (null)
01-01 00:49:54.981 D/msm8974_platform(  648): platform_set_snd_device_backend: hw_interface_table[83] = SLIMBUS_0_RX
01-01 00:49:54.981 D/msm8974_platform(  648): platform_set_snd_device_backend: backend_tag_table[VoLTE-video-handset-extra-vol-wb] = null, hw_interface_table[83] = SLIMBUS_0_RX
01-01 00:49:54.981 D/msm8974_platform(  648): platform_set_snd_device_backend: backend_tag_table[VoLTE-video-handset-extra-vol-evs]: old = null new = (null)
01-01 00:49:54.981 D/msm8974_platform(  648): platform_set_snd_device_backend: hw_interface_table[84] = SLIMBUS_0_RX
01-01 00:49:54.981 D/msm8974_platform(  648): platform_set_snd_device_backend: backend_tag_table[VoLTE-video-handset-extra-vol-evs] = null, hw_interface_table[84] = SLIMBUS_0_RX
01-01 00:49:54.981 D/msm8974_platform(  648): platform_set_snd_device_backend: backend_tag_table[voice-call-cp2-handset]: old = null new = (null)
01-01 00:49:54.981 D/msm8974_platform(  648): platform_set_snd_device_backend: hw_interface_table[103] = SLIMBUS_0_RX
01-01 00:49:54.981 D/msm8974_platform(  648): platform_set_snd_device_backend: backend_tag_table[voice-call-cp2-handset] = null, hw_interface_table[103] = SLIMBUS_0_RX
01-01 00:49:54.981 D/msm8974_platform(  648): platform_set_snd_device_backend: backend_tag_table[voice-call-cp2-handset-extra-vol]: old = null new = (null)
01-01 00:49:54.981 W/OMXUtils( 1004): do not know color format 0x7f000789 = 2130708361
01-01 00:49:54.981 D/msm8974_platform(  648): platform_set_snd_device_backend: hw_interface_table[104] = SLIMBUS_0_RX
01-01 00:49:54.981 D/msm8974_platform(  648): platform_set_snd_device_backend: backend_tag_table[voice-call-cp2-handset-extra-vol] = null, hw_interface_table[104] = SLIMBUS_0_RX
01-01 00:49:54.981 D/msm8974_platform(  648): platform_set_snd_device_backend: backend_tag_table[voice-call-cp2-handset-hac]: old = null new = (null)
01-01 00:49:54.981 D/msm8974_platform(  648): platform_set_snd_device_backend: hw_interface_table[105] = SLIMBUS_0_RX
01-01 00:49:54.981 D/msm8974_platform(  648): platform_set_snd_device_backend: backend_tag_table[voice-call-cp2-handset-hac] = null, hw_interface_table[105] = SLIMBUS_0_RX
01-01 00:49:54.981 D/msm8974_platform(  648): platform_set_snd_device_backend: backend_tag_table[TTY-handset]: old = null new = (null)
01-01 00:49:54.981 D/msm8974_platform(  648): platform_set_snd_device_backend: hw_interface_table[116] = SLIMBUS_0_RX
01-01 00:49:54.981 D/msm8974_platform(  648): platform_set_snd_device_backend: backend_tag_table[TTY-handset] = null, hw_interface_table[116] = SLIMBUS_0_RX
01-01 00:49:54.981 D/msm8974_platform(  648): platform_set_snd_device_backend: backend_tag_table[TTY-handset-extra-vol]: old = null new = (null)
01-01 00:49:54.981 D/msm8974_platform(  648): platform_set_snd_device_backend: hw_interface_table[117] = SLIMBUS_0_RX
01-01 00:49:54.981 D/msm8974_platform(  648): platform_set_snd_device_backend: backend_tag_table[TTY-handset-extra-vol] = null, hw_interface_table[117] = SLIMBUS_0_RX
01-01 00:49:54.981 D/msm8974_platform(  648): platform_set_snd_device_backend: backend_tag_table[voip-handset-comm]: old = null new = (null)
01-01 00:49:54.981 D/msm8974_platform(  648): platform_set_snd_device_backend: hw_interface_table[120] = SLIMBUS_0_RX
01-01 00:49:54.981 D/msm8974_platform(  648): platform_set_snd_device_backend: backend_tag_table[voip-handset-comm] = null, hw_interface_table[120] = SLIMBUS_0_RX
01-01 00:49:54.981 E/msm8974_platform(  648): find_index: Could not find index for name = SND_DEVICE_OUT_VOIP_HANDSET_OTHERS
01-01 00:49:54.981 E/platform_info(  648): process_backend_name: Device SND_DEVICE_OUT_VOIP_HANDSET_OTHERS not found, no ACDB ID set!
01-01 00:49:54.981 E/msm8974_platform(  648): find_index: Could not find index for name = SND_DEVICE_OUT_VOIP_HANDSET_CHATON
01-01 00:49:54.981 E/platform_info(  648): process_backend_name: Device SND_DEVICE_OUT_VOIP_HANDSET_CHATON not found, no ACDB ID set!
01-01 00:49:54.981 D/msm8974_platform(  648): platform_set_snd_device_backend: backend_tag_table[voip-handset-carrier]: old = null new = (null)
01-01 00:49:54.981 D/msm8974_platform(  648): platform_set_snd_device_backend: hw_interface_table[130] = SLIMBUS_0_RX
01-01 00:49:54.981 D/msm8974_platform(  648): platform_set_snd_device_backend: backend_tag_table[voip-handset-carrier] = null, hw_interface_table[130] = SLIMBUS_0_RX
01-01 00:49:54.981 D/msm8974_platform(  648): platform_set_snd_device_backend: backend_tag_table[voip-handset-carrier-evs]: old = null new = (null)
01-01 00:49:54.981 D/msm8974_platform(  648): platform_set_snd_device_backend: hw_interface_table[131] = SLIMBUS_0_RX
01-01 00:49:54.981 D/msm8974_platform(  648): platform_set_snd_device_backend: backend_tag_table[voip-handset-carrier-evs] = null, hw_interface_table[131] = SLIMBUS_0_RX
01-01 00:49:54.981 W/OMXUtils( 1004): do not know color format 0x7fa30c00 = 2141391872
01-01 00:49:54.981 D/msm8974_platform(  648): platform_set_snd_device_backend: backend_tag_table[voip-handset-carrier-extra-vol]: old = null new = (null)
01-01 00:49:54.981 D/msm8974_platform(  648): platform_set_snd_device_backend: hw_interface_table[132] = SLIMBUS_0_RX
01-01 00:49:54.981 D/msm8974_platform(  648): platform_set_snd_device_backend: backend_tag_table[voip-handset-carrier-extra-vol] = null, hw_interface_table[132] = SLIMBUS_0_RX
01-01 00:49:54.981 D/msm8974_platform(  648): platform_set_snd_device_backend: backend_tag_table[voip-handset-carrier-extra-vol-evs]: old = null new = (null)
01-01 00:49:54.981 D/msm8974_platform(  648): platform_set_snd_device_backend: hw_interface_table[133] = SLIMBUS_0_RX
01-01 00:49:54.981 D/msm8974_platform(  648): platform_set_snd_device_backend: backend_tag_table[voip-handset-carrier-extra-vol-evs] = null, hw_interface_table[133] = SLIMBUS_0_RX
01-01 00:49:54.981 E/msm8974_platform(  648): find_index: Could not find index for name = SND_DEVICE_OUT_VOIP_HANDSET_CALLFORWARDING
01-01 00:49:54.981 E/platform_info(  648): process_backend_name: Device SND_DEVICE_OUT_VOIP_HANDSET_CALLFORWARDING not found, no ACDB ID set!
01-01 00:49:54.981 E/msm8974_platform(  648): find_index: Could not find index for name = SND_DEVICE_OUT_VOIP_HANDSET_WEBEX
01-01 00:49:54.981 E/platform_info(  648): process_backend_name: Device SND_DEVICE_OUT_VOIP_HANDSET_WEBEX not found, no ACDB ID set!
01-01 00:49:54.981 D/msm8974_platform(  648): platform_set_snd_device_backend: backend_tag_table[voip-handset-fmc]: old = null new = (null)
01-01 00:49:54.981 D/msm8974_platform(  648): platform_set_snd_device_backend: hw_interface_table[150] = SLIMBUS_0_RX
01-01 00:49:54.981 D/msm8974_platform(  648): platform_set_snd_device_backend: backend_tag_table[voip-handset-fmc] = null, hw_interface_table[150] = SLIMBUS_0_RX
01-01 00:49:54.981 E/msm8974_platform(  648): find_index: Could not find index for name = SND_DEVICE_OUT_HANDSET_LF
01-01 00:49:54.981 E/platform_info(  648): process_backend_name: Device SND_DEVICE_OUT_HANDSET_LF not found, no ACDB ID set!
01-01 00:49:54.982 D/msm8974_platform(  648): platform_set_snd_device_backend: backend_tag_table[loopback-handset-DSP]: old = null new = (null)
01-01 00:49:54.982 D/msm8974_platform(  648): platform_set_snd_device_backend: hw_interface_table[157] = SLIMBUS_0_RX
01-01 00:49:54.982 D/msm8974_platform(  648): platform_set_snd_device_backend: backend_tag_table[loopback-handset-DSP] = null, hw_interface_table[157] = SLIMBUS_0_RX
01-01 00:49:54.982 D/msm8974_platform(  648): platform_set_snd_device_backend: backend_tag_table[loopback-handset-2mic-on-DSP]: old = null new = (null)
01-01 00:49:54.982 D/msm8974_platform(  648): platform_set_snd_device_backend: hw_interface_table[158] = SLIMBUS_0_RX
01-01 00:49:54.982 D/msm8974_platform(  648): platform_set_snd_device_backend: backend_tag_table[loopback-handset-2mic-on-DSP] = null, hw_interface_table[158] = SLIMBUS_0_RX
01-01 00:49:54.982 D/msm8974_platform(  648): platform_set_snd_device_backend: backend_tag_table[loopback-handset]: old = null new = (null)
01-01 00:49:54.982 D/msm8974_platform(  648): platform_set_snd_device_backend: hw_interface_table[162] = SLIMBUS_0_RX
01-01 00:49:54.982 D/msm8974_platform(  648): platform_set_snd_device_backend: backend_tag_table[loopback-handset] = null, hw_interface_table[162] = SLIMBUS_0_RX
01-01 00:49:54.982 D/msm8974_platform(  648): platform_set_snd_device_backend: backend_tag_table[loopback-handset-2mic-on]: old = null new = (null)
01-01 00:49:54.982 D/msm8974_platform(  648): platform_set_snd_device_backend: hw_interface_table[163] = SLIMBUS_0_RX
01-01 00:49:54.982 D/msm8974_platform(  648): platform_set_snd_device_backend: backend_tag_table[loopback-handset-2mic-on] = null, hw_interface_table[163] = SLIMBUS_0_RX
01-01 00:49:54.982 D/msm8974_platform(  648): platform_set_snd_device_backend: backend_tag_table[loopback-cp2-handset-DSP]: old = null new = (null)
01-01 00:49:54.982 D/msm8974_platform(  648): platform_set_snd_device_backend: hw_interface_table[166] = SLIMBUS_0_RX
01-01 00:49:54.982 D/msm8974_platform(  648): platform_set_snd_device_backend: backend_tag_table[loopback-cp2-handset-DSP] = null, hw_interface_table[166] = SLIMBUS_0_RX
01-01 00:49:54.982 D/msm8974_platform(  648): platform_set_snd_device_backend: backend_tag_table[loopback-cp2-handset-2mic-on-DSP]: old = null new = (null)
01-01 00:49:54.982 D/msm8974_platform(  648): platform_set_snd_device_backend: hw_interface_table[167] = SLIMBUS_0_RX
01-01 00:49:54.982 D/msm8974_platform(  648): platform_set_snd_device_backend: backend_tag_table[loopback-cp2-handset-2mic-on-DSP] = null, hw_interface_table[167] = SLIMBUS_0_RX
01-01 00:49:54.982 D/msm8974_platform(  648): platform_set_snd_device_backend: backend_tag_table[loopback-cp2-handset]: old = null new = (null)
01-01 00:49:54.982 D/msm8974_platform(  648): platform_set_snd_device_backend: hw_interface_table[171] = SLIMBUS_0_RX
01-01 00:49:54.982 D/msm8974_platform(  648): platform_set_snd_device_backend: backend_tag_table[loopback-cp2-handset] = null, hw_interface_table[171] = SLIMBUS_0_RX
01-01 00:49:54.982 D/msm8974_platform(  648): platform_set_snd_device_backend: backend_tag_table[loopback-cp2-handset-2mic-on]: old = null new = (null)
01-01 00:49:54.982 D/msm8974_platform(  648): platform_set_snd_device_backend: hw_interface_table[172] = SLIMBUS_0_RX
01-01 00:49:54.982 D/msm8974_platform(  648): platform_set_snd_device_backend: backend_tag_table[loopback-cp2-handset-2mic-on] = null, hw_interface_table[172] = SLIMBUS_0_RX
01-01 00:49:54.982 D/msm8974_platform(  648): platform_set_snd_device_backend: backend_tag_table[ap_TTY-handset]: old = null new = (null)
01-01 00:49:54.982 D/msm8974_platform(  648): platform_set_snd_device_backend: hw_interface_table[178] = SLIMBUS_0_RX
01-01 00:49:54.982 D/msm8974_platform(  648): platform_set_snd_device_backend: backend_tag_table[ap_TTY-handset] = null, hw_interface_table[178] = SLIMBUS_0_RX
01-01 00:49:54.982 D/msm8974_platform(  648): platform_set_snd_device_backend: backend_tag_table[ap_TTY-handset-extra-vol]: old = null new = (null)
01-01 00:49:54.982 D/msm8974_platform(  648): platform_set_snd_device_backend: hw_interface_table[179] = SLIMBUS_0_RX
01-01 00:49:54.982 D/msm8974_platform(  648): platform_set_snd_device_backend: backend_tag_table[ap_TTY-handset-extra-vol] = null, hw_interface_table[179] = SLIMBUS_0_RX
01-01 00:49:54.982 D/msm8974_platform(  648): platform_set_snd_device_backend: backend_tag_table[speaker]: old = null new = speaker
01-01 00:49:54.982 D/msm8974_platform(  648): platform_set_snd_device_backend: hw_interface_table[2] = TERT_MI2S_RX
01-01 00:49:54.982 D/msm8974_platform(  648): platform_set_snd_device_backend: backend_tag_table[speaker] = speaker, hw_interface_table[2] = TERT_MI2S_RX
01-01 00:49:54.982 D/msm8974_platform(  648): platform_set_snd_device_backend: backend_tag_table[voice-call-speaker]: old = null new = speaker
01-01 00:49:54.982 D/msm8974_platform(  648): platform_set_snd_device_backend: hw_interface_table[27] = TERT_MI2S_RX
01-01 00:49:54.982 D/msm8974_platform(  648): platform_set_snd_device_backend: backend_tag_table[voice-call-speaker] = speaker, hw_interface_table[27] = TERT_MI2S_RX
01-01 00:49:54.982 D/msm8974_platform(  648): platform_set_snd_device_backend: backend_tag_table[voice-call-speaker-extra-vol]: old = null new = speaker
01-01 00:49:54.982 D/msm8974_platform(  648): platform_set_snd_device_backend: hw_interface_table[28] = TERT_MI2S_RX
01-01 00:49:54.982 D/msm8974_platform(  648): platform_set_snd_device_backend: backend_tag_table[voice-call-speaker-extra-vol] = speaker, hw_interface_table[28] = TERT_MI2S_RX
01-01 00:49:54.982 D/msm8974_platform(  648): platform_set_snd_device_backend: backend_tag_table[voice-call-dex-speaker]: old = null new = speaker
01-01 00:49:54.982 D/msm8974_platform(  648): platform_set_snd_device_backend: hw_interface_table[29] = TERT_MI2S_RX
01-01 00:49:54.982 D/msm8974_platform(  648): platform_set_snd_device_backend: backend_tag_table[voice-call-dex-speaker] = speaker, hw_interface_table[29] = TERT_MI2S_RX
01-01 00:49:54.982 D/msm8974_platform(  648): platform_set_snd_device_backend: backend_tag_table[voice-call-speaker-music]: old = null new = speaker
01-01 00:49:54.982 D/msm8974_platform(  648): platform_set_snd_device_backend: hw_interface_table[39] = TERT_MI2S_RX
01-01 00:49:54.982 D/msm8974_platform(  648): platform_set_snd_device_backend: backend_tag_table[voice-call-speaker-music] = speaker, hw_interface_table[39] = TERT_MI2S_RX
01-01 00:49:54.982 E/msm8974_platform(  648): find_index: Could not find index for name = SND_DEVICE_OUT_VOICE_CALL_SPEAKER_EMERGENCY
01-01 00:49:54.982 I/OMX-VENC( 1013): Component Deinit
01-01 00:49:54.982 E/platform_info(  648): process_backend_name: Device SND_DEVICE_OUT_VOICE_CALL_SPEAKER_EMERGENCY not found, no ACDB ID set!
01-01 00:49:54.982 D/msm8974_platform(  648): platform_set_snd_device_backend: backend_tag_table[video-call-speaker]: old = null new = speaker
01-01 00:49:54.982 D/msm8974_platform(  648): platform_set_snd_device_backend: hw_interface_table[45] = TERT_MI2S_RX
01-01 00:49:54.982 D/msm8974_platform(  648): platform_set_snd_device_backend: backend_tag_table[video-call-speaker] = speaker, hw_interface_table[45] = TERT_MI2S_RX
01-01 00:49:54.983 D/msm8974_platform(  648): platform_set_snd_device_backend: backend_tag_table[video-call-speaker-extra-vol]: old = null new = speaker
01-01 00:49:54.983 D/msm8974_platform(  648): platform_set_snd_device_backend: hw_interface_table[46] = TERT_MI2S_RX
01-01 00:49:54.983 D/msm8974_platform(  648): platform_set_snd_device_backend: backend_tag_table[video-call-speaker-extra-vol] = speaker, hw_interface_table[46] = TERT_MI2S_RX
01-01 00:49:54.983 D/msm8974_platform(  648): platform_set_snd_device_backend: backend_tag_table[video-call-dex-speaker]: old = null new = speaker
01-01 00:49:54.983 D/msm8974_platform(  648): platform_set_snd_device_backend: hw_interface_table[47] = TERT_MI2S_RX
01-01 00:49:54.983 I/OMX-VENC( 1013): Video encode perflock released
01-01 00:49:54.983 D/msm8974_platform(  648): platform_set_snd_device_backend: backend_tag_table[video-call-dex-speaker] = speaker, hw_interface_table[47] = TERT_MI2S_RX
01-01 00:49:54.983 D/msm8974_platform(  648): platform_set_snd_device_backend: backend_tag_table[VoLTE-voice-speaker]: old = null new = speaker
01-01 00:49:54.983 D/msm8974_platform(  648): platform_set_snd_device_backend: hw_interface_table[61] = TERT_MI2S_RX
01-01 00:49:54.983 D/msm8974_platform(  648): platform_set_snd_device_backend: backend_tag_table[VoLTE-voice-speaker] = speaker, hw_interface_table[61] = TERT_MI2S_RX
01-01 00:49:54.983 D/msm8974_platform(  648): platform_set_snd_device_backend: backend_tag_table[VoLTE-voice-speaker-wb]: old = null new = speaker
01-01 00:49:54.983 D/msm8974_platform(  648): platform_set_snd_device_backend: hw_interface_table[62] = TERT_MI2S_RX
01-01 00:49:54.983 D/msm8974_platform(  648): platform_set_snd_device_backend: backend_tag_table[VoLTE-voice-speaker-wb] = speaker, hw_interface_table[62] = TERT_MI2S_RX
01-01 00:49:54.983 D/msm8974_platform(  648): platform_set_snd_device_backend: backend_tag_table[VoLTE-voice-speaker-evs]: old = null new = speaker
01-01 00:49:54.983 D/msm8974_platform(  648): platform_set_snd_device_backend: hw_interface_table[63] = TERT_MI2S_RX
01-01 00:49:54.983 D/msm8974_platform(  648): platform_set_snd_device_backend: backend_tag_table[VoLTE-voice-speaker-evs] = speaker, hw_interface_table[63] = TERT_MI2S_RX
01-01 00:49:54.983 D/msm8974_platform(  648): platform_set_snd_device_backend: backend_tag_table[VoLTE-voice-speaker-extra-vol]: old = null new = speaker
01-01 00:49:54.983 D/msm8974_platform(  648): platform_set_snd_device_backend: hw_interface_table[64] = TERT_MI2S_RX
01-01 00:49:54.983 D/msm8974_platform(  648): platform_set_snd_device_backend: backend_tag_table[VoLTE-voice-speaker-extra-vol] = speaker, hw_interface_table[64] = TERT_MI2S_RX
01-01 00:49:54.983 D/msm8974_platform(  648): platform_set_snd_device_backend: backend_tag_table[VoLTE-voice-speaker-extra-vol-wb]: old = null new = speaker
01-01 00:49:54.983 D/msm8974_platform(  648): platform_set_snd_device_backend: hw_interface_table[65] = TERT_MI2S_RX
01-01 00:49:54.983 D/msm8974_platform(  648): platform_set_snd_device_backend: backend_tag_table[VoLTE-voice-speaker-extra-vol-wb] = speaker, hw_interface_table[65] = TERT_MI2S_RX
01-01 00:49:54.983 D/msm8974_platform(  648): platform_set_snd_device_backend: backend_tag_table[VoLTE-voice-speaker-extra-vol-evs]: old = null new = speaker
01-01 00:49:54.983 D/msm8974_platform(  648): platform_set_snd_device_backend: hw_interface_table[66] = TERT_MI2S_RX
01-01 00:49:54.983 D/msm8974_platform(  648): platform_set_snd_device_backend: backend_tag_table[VoLTE-voice-speaker-extra-vol-evs] = speaker, hw_interface_table[66] = TERT_MI2S_RX
01-01 00:49:54.983 D/msm8974_platform(  648): platform_set_snd_device_backend: backend_tag_table[VoLTE-voice-dex-speaker]: old = null new = speaker
01-01 00:49:54.983 D/msm8974_platform(  648): platform_set_snd_device_backend: hw_interface_table[67] = TERT_MI2S_RX
01-01 00:49:54.983 D/msm8974_platform(  648): platform_set_snd_device_backend: backend_tag_table[VoLTE-voice-dex-speaker] = speaker, hw_interface_table[67] = TERT_MI2S_RX
01-01 00:49:54.983 D/msm8974_platform(  648): platform_set_snd_device_backend: backend_tag_table[VoLTE-voice-dex-speaker-wb]: old = null new = speaker
01-01 00:49:54.983 D/msm8974_platform(  648): platform_set_snd_device_backend: hw_interface_table[68] = TERT_MI2S_RX
01-01 00:49:54.983 D/msm8974_platform(  648): platform_set_snd_device_backend: backend_tag_table[VoLTE-voice-dex-speaker-wb] = speaker, hw_interface_table[68] = TERT_MI2S_RX
01-01 00:49:54.983 D/msm8974_platform(  648): platform_set_snd_device_backend: backend_tag_table[VoLTE-voice-dex-speaker-evs]: old = null new = speaker
01-01 00:49:54.983 D/msm8974_platform(  648): platform_set_snd_device_backend: hw_interface_table[69] = TERT_MI2S_RX
01-01 00:49:54.983 D/msm8974_platform(  648): platform_set_snd_device_backend: backend_tag_table[VoLTE-voice-dex-speaker-evs] = speaker, hw_interface_table[69] = TERT_MI2S_RX
01-01 00:49:54.983 D/msm8974_platform(  648): platform_set_snd_device_backend: backend_tag_table[VoLTE-video-speaker]: old = null new = speaker
01-01 00:49:54.983 D/msm8974_platform(  648): platform_set_snd_device_backend: hw_interface_table[85] = TERT_MI2S_RX
01-01 00:49:54.983 D/msm8974_platform(  648): platform_set_snd_device_backend: backend_tag_table[VoLTE-video-speaker] = speaker, hw_interface_table[85] = TERT_MI2S_RX
01-01 00:49:54.983 D/msm8974_platform(  648): platform_set_snd_device_backend: backend_tag_table[VoLTE-video-speaker-wb]: old = null new = speaker
01-01 00:49:54.983 D/msm8974_platform(  648): platform_set_snd_device_backend: hw_interface_table[86] = TERT_MI2S_RX
01-01 00:49:54.983 D/msm8974_platform(  648): platform_set_snd_device_backend: backend_tag_table[VoLTE-video-speaker-wb] = speaker, hw_interface_table[86] = TERT_MI2S_RX
01-01 00:49:54.983 D/msm8974_platform(  648): platform_set_snd_device_backend: backend_tag_table[VoLTE-video-speaker-evs]: old = null new = speaker
01-01 00:49:54.983 D/msm8974_platform(  648): platform_set_snd_device_backend: hw_interface_table[87] = TERT_MI2S_RX
01-01 00:49:54.983 D/msm8974_platform(  648): platform_set_snd_device_backend: backend_tag_table[VoLTE-video-speaker-evs] = speaker, hw_interface_table[87] = TERT_MI2S_RX
01-01 00:49:54.983 D/msm8974_platform(  648): platform_set_snd_device_backend: backend_tag_table[VoLTE-video-speaker-extra-vol]: old = null new = speaker
01-01 00:49:54.983 D/msm8974_platform(  648): platform_set_snd_device_backend: hw_interface_table[88] = TERT_MI2S_RX
01-01 00:49:54.983 D/msm8974_platform(  648): platform_set_snd_device_backend: backend_tag_table[VoLTE-video-speaker-extra-vol] = speaker, hw_interface_table[88] = TERT_MI2S_RX
01-01 00:49:54.983 D/msm8974_platform(  648): platform_set_snd_device_backend: backend_tag_table[VoLTE-video-speaker-extra-vol-wb]: old = null new = speaker
01-01 00:49:54.983 D/msm8974_platform(  648): platform_set_snd_device_backend: hw_interface_table[89] = TERT_MI2S_RX
01-01 00:49:54.983 D/msm8974_platform(  648): platform_set_snd_device_backend: backend_tag_table[VoLTE-video-speaker-extra-vol-wb] = speaker, hw_interface_table[89] = TERT_MI2S_RX
01-01 00:49:54.983 D/msm8974_platform(  648): platform_set_snd_device_backend: backend_tag_table[VoLTE-video-speaker-extra-vol-evs]: old = null new = speaker
01-01 00:49:54.983 D/msm8974_platform(  648): platform_set_snd_device_backend: hw_interface_table[90] = TERT_MI2S_RX
01-01 00:49:54.983 D/msm8974_platform(  648): platform_set_snd_device_backend: backend_tag_table[VoLTE-video-speaker-extra-vol-evs] = speaker, hw_interface_table[90] = TERT_MI2S_RX
01-01 00:49:54.983 D/msm8974_platform(  648): platform_set_snd_device_backend: backend_tag_table[VoLTE-video-dex-speaker]: old = null new = speaker
01-01 00:49:54.983 D/msm8974_platform(  648): platform_set_snd_device_backend: hw_interface_table[91] = TERT_MI2S_RX
01-01 00:49:54.983 D/msm8974_platform(  648): platform_set_snd_device_backend: backend_tag_table[VoLTE-video-dex-speaker] = speaker, hw_interface_table[91] = TERT_MI2S_RX
01-01 00:49:54.983 D/msm8974_platform(  648): platform_set_snd_device_backend: backend_tag_table[VoLTE-video-dex-speaker-wb]: old = null new = speaker
01-01 00:49:54.984 D/msm8974_platform(  648): platform_set_snd_device_backend: hw_interface_table[92] = TERT_MI2S_RX
01-01 00:49:54.984 D/msm8974_platform(  648): platform_set_snd_device_backend: backend_tag_table[VoLTE-video-dex-speaker-wb] = speaker, hw_interface_table[92] = TERT_MI2S_RX
01-01 00:49:54.984 D/msm8974_platform(  648): platform_set_snd_device_backend: backend_tag_table[VoLTE-video-dex-speaker-evs]: old = null new = speaker
01-01 00:49:54.984 D/msm8974_platform(  648): platform_set_snd_device_backend: hw_interface_table[93] = TERT_MI2S_RX
01-01 00:49:54.984 D/msm8974_platform(  648): platform_set_snd_device_backend: backend_tag_table[VoLTE-video-dex-speaker-evs] = speaker, hw_interface_table[93] = TERT_MI2S_RX
01-01 00:49:54.984 D/msm8974_platform(  648): platform_set_snd_device_backend: backend_tag_table[voice-call-cp2-speaker]: old = null new = speaker
01-01 00:49:54.984 D/msm8974_platform(  648): platform_set_snd_device_backend: hw_interface_table[106] = TERT_MI2S_RX
01-01 00:49:54.984 D/msm8974_platform(  648): platform_set_snd_device_backend: backend_tag_table[voice-call-cp2-speaker] = speaker, hw_interface_table[106] = TERT_MI2S_RX
01-01 00:49:54.984 D/msm8974_platform(  648): platform_set_snd_device_backend: backend_tag_table[voice-call-cp2-speaker-extra-vol]: old = null new = speaker
01-01 00:49:54.984 D/msm8974_platform(  648): platform_set_snd_device_backend: hw_interface_table[107] = TERT_MI2S_RX
01-01 00:49:54.984 D/msm8974_platform(  648): platform_set_snd_device_backend: backend_tag_table[voice-call-cp2-speaker-extra-vol] = speaker, hw_interface_table[107] = TERT_MI2S_RX
01-01 00:49:54.984 D/msm8974_platform(  648): platform_set_snd_device_backend: backend_tag_table[voice-call-cp2-dex-speaker]: old = null new = speaker
01-01 00:49:54.984 D/msm8974_platform(  648): platform_set_snd_device_backend: hw_interface_table[108] = TERT_MI2S_RX
01-01 00:49:54.984 D/msm8974_platform(  648): platform_set_snd_device_backend: backend_tag_table[voice-call-cp2-dex-speaker] = speaker, hw_interface_table[108] = TERT_MI2S_RX
01-01 00:49:54.984 I/ACodec  ( 1004):  [] Now uninitialized
01-01 00:49:54.984 D/msm8974_platform(  648): platform_set_snd_device_backend: backend_tag_table[voip-speaker-comm]: old = null new = speaker
01-01 00:49:54.984 D/msm8974_platform(  648): platform_set_snd_device_backend: hw_interface_table[121] = TERT_MI2S_RX
01-01 00:49:54.984 D/msm8974_platform(  648): platform_set_snd_device_backend: backend_tag_table[voip-speaker-comm] = speaker, hw_interface_table[121] = TERT_MI2S_RX
01-01 00:49:54.984 D/msm8974_platform(  648): platform_set_snd_device_backend: backend_tag_table[voip-dex-speaker-comm]: old = null new = speaker
01-01 00:49:54.984 D/msm8974_platform(  648): platform_set_snd_device_backend: hw_interface_table[122] = TERT_MI2S_RX
01-01 00:49:54.984 D/msm8974_platform(  648): platform_set_snd_device_backend: backend_tag_table[voip-dex-speaker-comm] = speaker, hw_interface_table[122] = TERT_MI2S_RX
01-01 00:49:54.984 E/msm8974_platform(  648): find_index: Could not find index for name = SND_DEVICE_OUT_VOIP_SPEAKER_OTHERS
01-01 00:49:54.984 E/platform_info(  648): process_backend_name: Device SND_DEVICE_OUT_VOIP_SPEAKER_OTHERS not found, no ACDB ID set!
01-01 00:49:54.984 E/msm8974_platform(  648): find_index: Could not find index for name = SND_DEVICE_OUT_VOIP_SPEAKER_DEX_OTHERS
01-01 00:49:54.984 E/platform_info(  648): process_backend_name: Device SND_DEVICE_OUT_VOIP_SPEAKER_DEX_OTHERS not found, no ACDB ID set!
01-01 00:49:54.984 E/msm8974_platform(  648): find_index: Could not find index for name = SND_DEVICE_OUT_VOIP_SPEAKER_CHATON
01-01 00:49:54.984 E/platform_info(  648): process_backend_name: Device SND_DEVICE_OUT_VOIP_SPEAKER_CHATON not found, no ACDB ID set!
01-01 00:49:54.984 E/msm8974_platform(  648): find_index: Could not find index for name = SND_DEVICE_OUT_VOIP_SPEAKER_DEX_CHATON
01-01 00:49:54.984 E/platform_info(  648): process_backend_name: Device SND_DEVICE_OUT_VOIP_SPEAKER_DEX_CHATON not found, no ACDB ID set!
01-01 00:49:54.984 D/msm8974_platform(  648): platform_set_snd_device_backend: backend_tag_table[voip-speaker-carrier]: old = null new = speaker
01-01 00:49:54.984 D/msm8974_platform(  648): platform_set_snd_device_backend: hw_interface_table[134] = TERT_MI2S_RX
01-01 00:49:54.984 D/msm8974_platform(  648): platform_set_snd_device_backend: backend_tag_table[voip-speaker-carrier] = speaker, hw_interface_table[134] = TERT_MI2S_RX
01-01 00:49:54.984 D/msm8974_platform(  648): platform_set_snd_device_backend: backend_tag_table[voip-speaker-carrier-evs]: old = null new = speaker
01-01 00:49:54.984 D/msm8974_platform(  648): platform_set_snd_device_backend: hw_interface_table[135] = TERT_MI2S_RX
01-01 00:49:54.984 D/msm8974_platform(  648): platform_set_snd_device_backend: backend_tag_table[voip-speaker-carrier-evs] = speaker, hw_interface_table[135] = TERT_MI2S_RX
01-01 00:49:54.984 D/msm8974_platform(  648): platform_set_snd_device_backend: backend_tag_table[voip-speaker-carrier-extra-vol]: old = null new = speaker
01-01 00:49:54.984 D/msm8974_platform(  648): platform_set_snd_device_backend: hw_interface_table[136] = TERT_MI2S_RX
01-01 00:49:54.984 D/msm8974_platform(  648): platform_set_snd_device_backend: backend_tag_table[voip-speaker-carrier-extra-vol] = speaker, hw_interface_table[136] = TERT_MI2S_RX
01-01 00:49:54.984 D/msm8974_platform(  648): platform_set_snd_device_backend: backend_tag_table[voip-speaker-carrier-extra-vol-evs]: old = null new = speaker
01-01 00:49:54.984 D/msm8974_platform(  648): platform_set_snd_device_backend: hw_interface_table[137] = TERT_MI2S_RX
01-01 00:49:54.984 D/msm8974_platform(  648): platform_set_snd_device_backend: backend_tag_table[voip-speaker-carrier-extra-vol-evs] = speaker, hw_interface_table[137] = TERT_MI2S_RX
01-01 00:49:54.984 D/msm8974_platform(  648): platform_set_snd_device_backend: backend_tag_table[voip-dex-speaker-carrier]: old = null new = speaker
01-01 00:49:54.984 D/msm8974_platform(  648): platform_set_snd_device_backend: hw_interface_table[138] = TERT_MI2S_RX
01-01 00:49:54.984 D/msm8974_platform(  648): platform_set_snd_device_backend: backend_tag_table[voip-dex-speaker-carrier] = speaker, hw_interface_table[138] = TERT_MI2S_RX
01-01 00:49:54.984 D/msm8974_platform(  648): platform_set_snd_device_backend: backend_tag_table[voip-dex-speaker-carrier-evs]: old = null new = speaker
01-01 00:49:54.984 D/msm8974_platform(  648): platform_set_snd_device_backend: hw_interface_table[139] = TERT_MI2S_RX
01-01 00:49:54.984 I/OMXClient( 1004): IOmx service obtained
01-01 00:49:54.984 D/msm8974_platform(  648): platform_set_snd_device_backend: backend_tag_table[voip-dex-speaker-carrier-evs] = speaker, hw_interface_table[139] = TERT_MI2S_RX
01-01 00:49:54.985 E/msm8974_platform(  648): find_index: Could not find index for name = SND_DEVICE_OUT_VOIP_SPEAKER_CALLFORWARDING
01-01 00:49:54.985 E/platform_info(  648): process_backend_name: Device SND_DEVICE_OUT_VOIP_SPEAKER_CALLFORWARDING not found, no ACDB ID set!
01-01 00:49:54.985 E/msm8974_platform(  648): find_index: Could not find index for name = SND_DEVICE_OUT_VOIP_SPEAKER_WEBEX
01-01 00:49:54.985 E/platform_info(  648): process_backend_name: Device SND_DEVICE_OUT_VOIP_SPEAKER_WEBEX not found, no ACDB ID set!
01-01 00:49:54.985 D/msm8974_platform(  648): platform_set_snd_device_backend: backend_tag_table[voip-speaker-fmc]: old = null new = speaker
01-01 00:49:54.985 D/msm8974_platform(  648): platform_set_snd_device_backend: hw_interface_table[151] = TERT_MI2S_RX
01-01 00:49:54.985 D/msm8974_platform(  648): platform_set_snd_device_backend: backend_tag_table[voip-speaker-fmc] = speaker, hw_interface_table[151] = TERT_MI2S_RX
01-01 00:49:54.985 D/msm8974_platform(  648): platform_set_snd_device_backend: backend_tag_table[loopback-speaker-DSP]: old = null new = speaker
01-01 00:49:54.985 D/msm8974_platform(  648): platform_set_snd_device_backend: hw_interface_table[159] = TERT_MI2S_RX
01-01 00:49:54.985 D/msm8974_platform(  648): platform_set_snd_device_backend: backend_tag_table[loopback-speaker-DSP] = speaker, hw_interface_table[159] = TERT_MI2S_RX
01-01 00:49:54.985 D/msm8974_platform(  648): platform_set_snd_device_backend: backend_tag_table[loopback-speaker]: old = null new = speaker
01-01 00:49:54.985 D/msm8974_platform(  648): platform_set_snd_device_backend: hw_interface_table[164] = TERT_MI2S_RX
01-01 00:49:54.985 D/msm8974_platform(  648): platform_set_snd_device_backend: backend_tag_table[loopback-speaker] = speaker, hw_interface_table[164] = TERT_MI2S_RX
01-01 00:49:54.985 D/msm8974_platform(  648): platform_set_snd_device_backend: backend_tag_table[loopback-cp2-speaker-DSP]: old = null new = speaker
01-01 00:49:54.985 D/msm8974_platform(  648): platform_set_snd_device_backend: hw_interface_table[168] = TERT_MI2S_RX
01-01 00:49:54.985 D/msm8974_platform(  648): platform_set_snd_device_backend: backend_tag_table[loopback-cp2-speaker-DSP] = speaker, hw_interface_table[168] = TERT_MI2S_RX
01-01 00:49:54.985 I/OMXMaster( 1013): makeComponentInstance(OMX.qcom.video.encoder.mpeg4) in omx@1.0-service process
01-01 00:49:54.985 D/msm8974_platform(  648): platform_set_snd_device_backend: backend_tag_table[loopback-cp2-speaker]: old = null new = speaker
01-01 00:49:54.985 D/msm8974_platform(  648): platform_set_snd_device_backend: hw_interface_table[173] = TERT_MI2S_RX
01-01 00:49:54.985 D/msm8974_platform(  648): platform_set_snd_device_backend: backend_tag_table[loopback-cp2-speaker] = speaker, hw_interface_table[173] = TERT_MI2S_RX
01-01 00:49:54.985 D/msm8974_platform(  648): platform_set_snd_device_backend: backend_tag_table[fm-speaker]: old = null new = speaker
01-01 00:49:54.985 D/msm8974_platform(  648): platform_set_snd_device_backend: hw_interface_table[176] = TERT_MI2S_RX
01-01 00:49:54.985 D/msm8974_platform(  648): platform_set_snd_device_backend: backend_tag_table[fm-speaker] = speaker, hw_interface_table[176] = TERT_MI2S_RX
01-01 00:49:54.985 D/msm8974_platform(  648): platform_set_snd_device_backend: backend_tag_table[headset]: old = null new = headphones
01-01 00:49:54.985 D/msm8974_platform(  648): platform_set_snd_device_backend: hw_interface_table[3] = SLIMBUS_0_RX
01-01 00:49:54.985 D/msm8974_platform(  648): platform_set_snd_device_backend: backend_tag_table[headset] = headphones, hw_interface_table[3] = SLIMBUS_0_RX
01-01 00:49:54.985 D/msm8974_platform(  648): platform_set_snd_device_backend: backend_tag_table[voice-call-headset]: old = null new = headphones
01-01 00:49:54.985 D/msm8974_platform(  648): platform_set_snd_device_backend: hw_interface_table[30] = SLIMBUS_0_RX
01-01 00:49:54.985 D/msm8974_platform(  648): platform_set_snd_device_backend: backend_tag_table[voice-call-headset] = headphones, hw_interface_table[30] = SLIMBUS_0_RX
01-01 00:49:54.985 D/msm8974_platform(  648): platform_set_snd_device_backend: backend_tag_table[voice-call-headset-music]: old = null new = (null)
01-01 00:49:54.985 D/msm8974_platform(  648): platform_set_snd_device_backend: hw_interface_table[40] = SLIMBUS_0_RX
01-01 00:49:54.985 D/msm8974_platform(  648): platform_set_snd_device_backend: backend_tag_table[voice-call-headset-music] = null, hw_interface_table[40] = SLIMBUS_0_RX
01-01 00:49:54.985 D/msm8974_platform(  648): platform_set_snd_device_backend: backend_tag_table[video-call-headset]: old = null new = headphones
01-01 00:49:54.985 D/msm8974_platform(  648): platform_set_snd_device_backend: hw_interface_table[48] = SLIMBUS_0_RX
01-01 00:49:54.985 D/msm8974_platform(  648): platform_set_snd_device_backend: backend_tag_table[video-call-headset] = headphones, hw_interface_table[48] = SLIMBUS_0_RX
01-01 00:49:54.985 D/msm8974_platform(  648): platform_set_snd_device_backend: backend_tag_table[VoLTE-voice-headset]: old = null new = headphones
01-01 00:49:54.985 D/msm8974_platform(  648): platform_set_snd_device_backend: hw_interface_table[70] = SLIMBUS_0_RX
01-01 00:49:54.985 D/msm8974_platform(  648): platform_set_snd_device_backend: backend_tag_table[VoLTE-voice-headset] = headphones, hw_interface_table[70] = SLIMBUS_0_RX
01-01 00:49:54.985 D/msm8974_platform(  648): platform_set_snd_device_backend: backend_tag_table[VoLTE-voice-headset-wb]: old = null new = headphones
01-01 00:49:54.985 D/msm8974_platform(  648): platform_set_snd_device_backend: hw_interface_table[71] = SLIMBUS_0_RX
01-01 00:49:54.985 D/msm8974_platform(  648): platform_set_snd_device_backend: backend_tag_table[VoLTE-voice-headset-wb] = headphones, hw_interface_table[71] = SLIMBUS_0_RX
01-01 00:49:54.985 D/msm8974_platform(  648): platform_set_snd_device_backend: backend_tag_table[VoLTE-voice-headset-evs]: old = null new = headphones
01-01 00:49:54.985 D/msm8974_platform(  648): platform_set_snd_device_backend: hw_interface_table[72] = SLIMBUS_0_RX
01-01 00:49:54.985 D/msm8974_platform(  648): platform_set_snd_device_backend: backend_tag_table[VoLTE-voice-headset-evs] = headphones, hw_interface_table[72] = SLIMBUS_0_RX
01-01 00:49:54.985 D/msm8974_platform(  648): platform_set_snd_device_backend: backend_tag_table[VoLTE-video-headset]: old = null new = headphones
01-01 00:49:54.985 D/msm8974_platform(  648): platform_set_snd_device_backend: hw_interface_table[94] = SLIMBUS_0_RX
01-01 00:49:54.985 D/msm8974_platform(  648): platform_set_snd_device_backend: backend_tag_table[VoLTE-video-headset] = headphones, hw_interface_table[94] = SLIMBUS_0_RX
01-01 00:49:54.985 D/msm8974_platform(  648): platform_set_snd_device_backend: backend_tag_table[VoLTE-video-headset-wb]: old = null new = headphones
01-01 00:49:54.985 D/msm8974_platform(  648): platform_set_snd_device_backend: hw_interface_table[95] = SLIMBUS_0_RX
01-01 00:49:54.985 D/msm8974_platform(  648): platform_set_snd_device_backend: backend_tag_table[VoLTE-video-headset-wb] = headphones, hw_interface_table[95] = SLIMBUS_0_RX
01-01 00:49:54.985 D/msm8974_platform(  648): platform_set_snd_device_backend: backend_tag_table[VoLTE-video-headset-evs]: old = null new = headphones
01-01 00:49:54.985 D/msm8974_platform(  648): platform_set_snd_device_backend: hw_interface_table[96] = SLIMBUS_0_RX
01-01 00:49:54.985 D/msm8974_platform(  648): platform_set_snd_device_backend: backend_tag_table[VoLTE-video-headset-evs] = headphones, hw_interface_table[96] = SLIMBUS_0_RX
01-01 00:49:54.986 D/msm8974_platform(  648): platform_set_snd_device_backend: backend_tag_table[voice-call-cp2-headset]: old = null new = headphones
01-01 00:49:54.986 D/msm8974_platform(  648): platform_set_snd_device_backend: hw_interface_table[109] = SLIMBUS_0_RX
01-01 00:49:54.986 D/msm8974_platform(  648): platform_set_snd_device_backend: backend_tag_table[voice-call-cp2-headset] = headphones, hw_interface_table[109] = SLIMBUS_0_RX
01-01 00:49:54.986 D/msm8974_platform(  648): platform_set_snd_device_backend: backend_tag_table[TTY-headset]: old = null new = headphones
01-01 00:49:54.986 D/msm8974_platform(  648): platform_set_snd_device_backend: hw_interface_table[118] = SLIMBUS_0_RX
01-01 00:49:54.986 D/msm8974_platform(  648): platform_set_snd_device_backend: backend_tag_table[TTY-headset] = headphones, hw_interface_table[118] = SLIMBUS_0_RX
01-01 00:49:54.986 D/msm8974_platform(  648): platform_set_snd_device_backend: backend_tag_table[TTY-full]: old = null new = headphones
01-01 00:49:54.986 D/msm8974_platform(  648): platform_set_snd_device_backend: hw_interface_table[119] = SLIMBUS_0_RX
01-01 00:49:54.986 D/msm8974_platform(  648): platform_set_snd_device_backend: backend_tag_table[TTY-full] = headphones, hw_interface_table[119] = SLIMBUS_0_RX
01-01 00:49:54.986 D/msm8974_platform(  648): platform_set_snd_device_backend: backend_tag_table[voip-headset-comm]: old = null new = headphones
01-01 00:49:54.986 D/msm8974_platform(  648): platform_set_snd_device_backend: hw_interface_table[123] = SLIMBUS_0_RX
01-01 00:49:54.986 D/msm8974_platform(  648): platform_set_snd_device_backend: backend_tag_table[voip-headset-comm] = headphones, hw_interface_table[123] = SLIMBUS_0_RX
01-01 00:49:54.986 E/msm8974_platform(  648): find_index: Could not find index for name = SND_DEVICE_OUT_VOIP_HEADSET_OTHERS
01-01 00:49:54.986 E/platform_info(  648): process_backend_name: Device SND_DEVICE_OUT_VOIP_HEADSET_OTHERS not found, no ACDB ID set!
01-01 00:49:54.986 E/msm8974_platform(  648): find_index: Could not find index for name = SND_DEVICE_OUT_VOIP_HEADSET_CHATON
01-01 00:49:54.986 E/platform_info(  648): process_backend_name: Device SND_DEVICE_OUT_VOIP_HEADSET_CHATON not found, no ACDB ID set!
01-01 00:49:54.986 D/msm8974_platform(  648): platform_set_snd_device_backend: backend_tag_table[voip-headset-carrier]: old = null new = headphones
