01-01 00:49:53.973 I/vendor.rmt_storage(  679): rmt_storage_alloc_buff_cb: /boot/modem_fs1: req_h=0x7 msg_id=4: Alloc request received: Size: 0
01-01 00:49:53.973 I/vendor.rmt_storage(  679): rmt_storage_alloc_buff_cb: /boot/modem_fs1: req_h=0x7 msg_id=4: New client making a dummy request with buffer req size 0
01-01 00:49:53.973 I/vendor.rmt_storage(  679): rmt_storage_alloc_buff_cb: /boot/modem_fs1: req_h=0x7 msg_id=4: Send response: res=0 err=0
01-01 00:49:53.974 I/vendor.rmt_storage(  679): rmt_storage_disconnect_cb: clnt_h=0x7 conn_h=0x7d5702c010
01-01 00:49:53.974 I/OMXClient( 1004): IOmx service obtained
01-01 00:49:53.974 I/OMXMaster( 1013): makeComponentInstance(OMX.SEC.aac.dec) in omx@1.0-service process
01-01 00:49:53.975 I/vendor.rmt_storage(  679): rmt_storage_connect_cb: clnt_h=0x8 conn_h=0x7d5702c010
01-01 00:49:53.975 I/vendor.rmt_storage(  679): rmt_storage_rw_iovec_cb: /boot/modem_fsg: req_h=0x8 msg_id=3: R/W request received
01-01 00:49:53.975 I/vendor.rmt_storage(  679): wakelock acquired: 1, error no: 42
01-01 00:49:53.975 I/vendor.rmt_storage(  679): rmt_storage_client_thread: /boot/modem_fsg: Unblock worker thread (th_id: 538325611760)
01-01 00:49:53.976 I/vendor.rmt_storage(  679): rmt_storage_client_thread: /boot/modem_fsg: req_h=0x8 msg_id=3: Bytes read = 512
01-01 00:49:53.976 I/vendor.rmt_storage(  679): rmt_storage_client_thread: /boot/modem_fsg: req_h=0x8 msg_id=3: Send response: res=0 err=0
01-01 00:49:53.977 I/vendor.rmt_storage(  679): rmt_storage_client_thread: /boot/modem_fsg: About to block rmt_storage client thread (th_id: 538325611760) wakelock released: 1, error no: 0
01-01 00:49:53.977 I/vendor.rmt_storage(  679): 
01-01 00:49:53.977 I/vendor.rmt_storage(  679): rmt_storage_disconnect_cb: clnt_h=0x8 conn_h=0x7d5702c010
01-01 00:49:53.977 I/vendor.rmt_storage(  679): rmt_storage_connect_cb: clnt_h=0x9 conn_h=0x7d5702c010
01-01 00:49:53.977 I/vendor.rmt_storage(  679): rmt_storage_rw_iovec_cb: /boot/modem_fs1: req_h=0x9 msg_id=3: R/W request received
01-01 00:49:53.977 I/vendor.rmt_storage(  679): wakelock acquired: 1, error no: 42
01-01 00:49:53.977 I/vendor.rmt_storage(  679): rmt_storage_client_thread: /boot/modem_fs1: Unblock worker thread (th_id: 538327692528)
01-01 00:49:53.979 I/vendor.rmt_storage(  679): rmt_storage_client_thread: /boot/modem_fs1: req_h=0x9 msg_id=3: Bytes read = 512
01-01 00:49:53.979 I/vendor.rmt_storage(  679): rmt_storage_client_thread: /boot/modem_fs1: req_h=0x9 msg_id=3: Send response: res=0 err=0
01-01 00:49:53.979 I/vendor.rmt_storage(  679): rmt_storage_client_thread: /boot/modem_fs1: About to block rmt_storage client thread (th_id: 538327692528) wakelock released: 1, error no: 0
01-01 00:49:53.979 I/vendor.rmt_storage(  679): 
01-01 00:49:53.980 I/vendor.rmt_storage(  679): rmt_storage_connect_cb: clnt_h=0xa conn_h=0x7d5702c020
01-01 00:49:53.980 I/vendor.rmt_storage(  679): rmt_storage_rw_iovec_cb: /boot/modem_fs2: req_h=0xa msg_id=3: R/W request received
01-01 00:49:53.980 I/vendor.rmt_storage(  679): wakelock acquired: 1, error no: 42
01-01 00:49:53.980 I/vendor.rmt_storage(  679): rmt_storage_disconnect_cb: clnt_h=0x9 conn_h=0x7d5702c010
01-01 00:49:53.980 I/vendor.rmt_storage(  679): rmt_storage_client_thread: /boot/modem_fs2: Unblock worker thread (th_id: 538326652144)
01-01 00:49:53.981 I/vendor.rmt_storage(  679): rmt_storage_client_thread: /boot/modem_fs2: req_h=0xa msg_id=3: Bytes read = 512
01-01 00:49:53.981 I/vendor.rmt_storage(  679): rmt_storage_client_thread: /boot/modem_fs2: req_h=0xa msg_id=3: Send response: res=0 err=0
01-01 00:49:53.981 I/vendor.rmt_storage(  679): rmt_storage_client_thread: /boot/modem_fs2: About to block rmt_storage client thread (th_id: 538326652144) wakelock released: 1, error no: 0
01-01 00:49:53.981 I/vendor.rmt_storage(  679): 
01-01 00:49:53.981 I/vendor.rmt_storage(  679): rmt_storage_disconnect_cb: clnt_h=0xa conn_h=0x7d5702c020
01-01 00:49:53.982 I/vendor.rmt_storage(  679): rmt_storage_connect_cb: clnt_h=0xb conn_h=0x7d5702c020
01-01 00:49:53.982 I/vendor.rmt_storage(  679): rmt_storage_rw_iovec_cb: /boot/modem_fs1: req_h=0xb msg_id=3: R/W request received
01-01 00:49:53.983 I/vendor.rmt_storage(  679): wakelock acquired: 1, error no: 42
01-01 00:49:53.983 I/vendor.rmt_storage(  679): rmt_storage_client_thread: /boot/modem_fs1: Unblock worker thread (th_id: 538327692528)
01-01 00:49:53.993 I/vendor.rmt_storage(  679): rmt_storage_client_thread: /boot/modem_fs1: req_h=0xb msg_id=3: Bytes read = 2096128
01-01 00:49:53.993 I/vendor.rmt_storage(  679): rmt_storage_client_thread: /boot/modem_fs1: req_h=0xb msg_id=3: Send response: res=0 err=0
01-01 00:49:53.993 I/vendor.rmt_storage(  679): rmt_storage_client_thread: /boot/modem_fs1: About to block rmt_storage client thread (th_id: 538327692528) wakelock released: 1, error no: 0
01-01 00:49:53.993 I/vendor.rmt_storage(  679): 
01-01 00:49:53.994 I/SEC_BASE_COMP( 1013): [OMX.SEC.aac.dec]: Initial/Uninitial transition state (1,0)
01-01 00:49:53.995 I/vendor.rmt_storage(  679): rmt_storage_disconnect_cb: clnt_h=0xb conn_h=0x7d5702c020
01-01 00:49:54.005 I/ACodec  ( 1004):  [] Now uninitialized
01-01 00:49:54.006 I/OMXClient( 1004): IOmx service obtained
01-01 00:49:54.006 I/OMXMaster( 1013): makeComponentInstance(OMX.dolby.ac3.decoder) in omx@1.0-service process
01-01 00:49:54.009 V/AT_Distributor_diag(  985): ConnectToATD : connect to local socket : 3
01-01 00:49:54.009 V/AT_Distributor_diag(  985): start listner
01-01 00:49:54.028 D/DlbProfileParamCache( 1013): setProfile(profile=-1)
01-01 00:49:54.028 D/DlbProfileParamArray( 1013): getProfileParams(profile = -1)
01-01 00:49:54.028 D/DlbProfileParamCache( 1013): setProfile() Creating parameter cache for device 0x40000000
01-01 00:49:54.028 D/DlbProfileParamCache( 1013): setProfile() Creating parameter cache for device 0x00000002
01-01 00:49:54.028 D/DlbProfileParamCache( 1013): setProfile() Creating parameter cache for device 0x00000008
01-01 00:49:54.028 D/DlbProfileParamCache( 1013): setProfile() Creating parameter cache for device 0x00000080
01-01 00:49:54.028 D/DlbProfileParamCache( 1013): setProfile() Creating parameter cache for device 0x00000400
01-01 00:49:54.028 D/DlbProfileParamCache( 1013): setProfile() Creating parameter cache for device 0x00004000
01-01 00:49:54.028 I/DdpConfigExt( 1013): checkAndUpdateEndp current endpoint = 8 previous endpoint = -1
01-01 00:49:54.028 I/DDP_JOCDecoder( 1013): -> init name OMX.dolby.ac3.decoder
01-01 00:49:54.028 I/DDP_JOCDecoder( 1013): <- init
01-01 00:49:54.028 D/DDP_JOCDecoder( 1013): initPorts
01-01 00:49:54.029 I/DDP_JOCDecoder( 1013): -> ~DDPDecoder
01-01 00:49:54.029 D/DlbProfileParamCache( 1013): ~ProfileParamCache()
01-01 00:49:54.029 I/DDP_JOCDecoder( 1013): <- ~DDPDecoder
01-01 00:49:54.029 I/ACodec  ( 1004):  [] Now uninitialized
01-01 00:49:54.031 I/OMXClient( 1004): IOmx service obtained
01-01 00:49:54.031 I/OMXMaster( 1013): makeComponentInstance(OMX.dolby.ac4.decoder) in omx@1.0-service process
01-01 00:49:54.040 D/DlbProfileParamCache( 1013): setProfile(profile=-1)
01-01 00:49:54.040 D/DlbProfileParamArray( 1013): getProfileParams(profile = -1)
01-01 00:49:54.040 D/DlbProfileParamCache( 1013): setProfile() Creating parameter cache for device 0x40000000
01-01 00:49:54.040 D/DlbProfileParamCache( 1013): setProfile() Creating parameter cache for device 0x00000002
01-01 00:49:54.040 D/DlbProfileParamCache( 1013): setProfile() Creating parameter cache for device 0x00000008
01-01 00:49:54.040 D/DlbProfileParamCache( 1013): setProfile() Creating parameter cache for device 0x00000080
01-01 00:49:54.040 D/DlbProfileParamCache( 1013): setProfile() Creating parameter cache for device 0x00000400
01-01 00:49:54.040 D/DlbProfileParamCache( 1013): setProfile() Creating parameter cache for device 0x00004000
01-01 00:49:54.040 I/Ac4ConfigExt( 1013): checkAndUpdateEndp current endpoint = 5 previous endpoint = -1
01-01 00:49:54.040 I/AC4Decoder( 1013): -> init name OMX.dolby.ac4.decoder
01-01 00:49:54.040 I/AC4Decoder( 1013): <- init
01-01 00:49:54.040 D/AC4Decoder( 1013): initPorts
01-01 00:49:54.041 I/AC4Decoder( 1013): -> ~AC4Decoder
01-01 00:49:54.041 D/DlbProfileParamCache( 1013): ~ProfileParamCache()
01-01 00:49:54.041 I/AC4Decoder( 1013): <- ~AC4Decoder
01-01 00:49:54.042 I/ACodec  ( 1004):  [] Now uninitialized
01-01 00:49:54.042 E/BootAnimationLoader( 1192): !@BootAnimation : Could not open '/sys/class/lcd/panel/ux_color'
01-01 00:49:54.042 E/BootAnimationLoader( 1192): !@BootAnimation : WindowColor = BLACK(91 )
01-01 00:49:54.042 I/BootAnimationLoader( 1192): ret=2, fps:12, interval:83333
01-01 00:49:54.042 E/BootAnimationLoader( 1192): !@BootAnimation : mps_code = ATT
01-01 00:49:54.042 E/BootAnimationLoader( 1192): !@BootAnimation : [Chameleon] Carrier animation is not supported...
01-01 00:49:54.042 E/BootAnimationLoader( 1192): !@BootAnimation : Could not open '/sys/bus/w1/devices/w1_bus_master1/w1_master_check_model'
01-01 00:49:54.043 I/OMXClient( 1004): IOmx service obtained
01-01 00:49:54.043 I/OMXMaster( 1013): makeComponentInstance(OMX.SEC.adpcm.dec) in omx@1.0-service process
01-01 00:49:54.046 E/BootAnimationLoader( 1192): !@BootAnimation : Load sequence resource = /system/omc/ATT/res/media/bootsamsung.qmg
01-01 00:49:54.047 E/BootAnimationLoader( 1192): !@BootAnimation : Load loop resource = /system/omc/ATT/res/media/bootsamsungloop.qmg
01-01 00:49:54.049 I/SEC_BASE_COMP( 1013): [OMX.SEC.adpcm.dec]: Initial/Uninitial transition state (1,0)
01-01 00:49:54.049 E/BootAnimationLoader( 1192): !@BootAnimation : [Encryption info]crypt_state = encrypted, crypt_input_window = 0, crypt_type = default
01-01 00:49:54.050 I/ACodec  ( 1004):  [] Now uninitialized
01-01 00:49:54.051 I/OMXClient( 1004): IOmx service obtained
01-01 00:49:54.051 I/OMXMaster( 1013): makeComponentInstance(OMX.SEC.amr.dec) in omx@1.0-service process
01-01 00:49:54.058 I/SEC_BASE_COMP( 1013): [OMX.SEC.amr.dec]: Initial/Uninitial transition state (1,0)
01-01 00:49:54.058 I/BootAnimationLoader( 1192): !@BootAnimation : createSurface RGB565
01-01 00:49:54.059 I/SurfaceFlinger(  696): id=1 createSurf (1440x2960),4 flag=0, samsungani565#0
01-01 00:49:54.060 I/ACodec  ( 1004):  [] Now uninitialized
01-01 00:49:54.061 I/OMXClient( 1004): IOmx service obtained
01-01 00:49:54.061 I/OMXMaster( 1013): makeComponentInstance(OMX.google.amrnb.decoder) in omx@1.0-service process
01-01 00:49:54.069 D/DisplayDevice(  696): [MultiResolution] Input Value : o = 0, v = (1440x2960), f = (1440x2960), pre-mScaledDisplay = (1440x2960), mDisplay = (1440x2960)
01-01 00:49:54.070 E/BootAnimationLoader( 1192): !@BootAnimation : Could not open '/sys/devices/w1_bus_master1/w1_master_verify_mac'
01-01 00:49:54.070 E/BootAnimationLoader( 1192): !@BootAnimation : Could not open '/sys/devices/w1_bus_master1/w1_master_check_id'
01-01 00:49:54.070 E/BootAnimationLoader( 1192): !@BootAnimation : Could not open sub_bootsamsung.qmg
01-01 00:49:54.071 E/BootAnimationLoader( 1192): !@BootAnimation : Could not open sub_bootsamsungloop.qmg
01-01 00:49:54.071 I/BootAnimationLoader( 1192): !@BootAnimation : BootAnimData_STATUS = 0x3
01-01 00:49:54.071 E/BootAnimationLoader( 1192): !@BootAnimation : Could not open bootsamsungmini.qmg
01-01 00:49:54.071 E/BootAnimationLoader( 1192): !@BootAnimation : Could not open bootsamsungminiloop.qmg
01-01 00:49:54.093 I/ACodec  ( 1004):  [] Now uninitialized
01-01 00:49:54.094 I/OMXClient( 1004): IOmx service obtained
01-01 00:49:54.094 I/OMXMaster( 1013): makeComponentInstance(OMX.SEC.amr.dec) in omx@1.0-service process
01-01 00:49:54.096 I/SEC_BASE_COMP( 1013): [OMX.SEC.amr.dec]: Initial/Uninitial transition state (1,0)
01-01 00:49:54.098 I/ACodec  ( 1004):  [] Now uninitialized
01-01 00:49:54.099 I/OMXClient( 1004): IOmx service obtained
01-01 00:49:54.099 E/BootAnimationLoader( 1192): !@BootAnimation : draw Start
01-01 00:49:54.099 I/OMXMaster( 1013): makeComponentInstance(OMX.google.amrwb.decoder) in omx@1.0-service process
01-01 00:49:54.104 I/ACodec  ( 1004):  [] Now uninitialized
01-01 00:49:54.105 I/OMXClient( 1004): IOmx service obtained
01-01 00:49:54.107 I/OMXMaster( 1013): makeComponentInstance(OMX.dolby.eac3.decoder) in omx@1.0-service process
01-01 00:49:54.107 D/DlbProfileParamCache( 1013): setProfile(profile=-1)
01-01 00:49:54.108 D/DlbProfileParamArray( 1013): getProfileParams(profile = -1)
01-01 00:49:54.109 D/DlbProfileParamCache( 1013): setProfile() Creating parameter cache for device 0x40000000
01-01 00:49:54.109 D/DlbProfileParamCache( 1013): setProfile() Creating parameter cache for device 0x00000002
01-01 00:49:54.109 D/DlbProfileParamCache( 1013): setProfile() Creating parameter cache for device 0x00000008
01-01 00:49:54.109 D/DlbProfileParamCache( 1013): setProfile() Creating parameter cache for device 0x00000080
01-01 00:49:54.109 D/DlbProfileParamCache( 1013): setProfile() Creating parameter cache for device 0x00000400
01-01 00:49:54.109 D/DlbProfileParamCache( 1013): setProfile() Creating parameter cache for device 0x00004000
01-01 00:49:54.109 I/DdpConfigExt( 1013): checkAndUpdateEndp current endpoint = 8 previous endpoint = -1
01-01 00:49:54.109 I/DDP_JOCDecoder( 1013): -> init name OMX.dolby.eac3.decoder
01-01 00:49:54.109 I/DDP_JOCDecoder( 1013): <- init
01-01 00:49:54.109 D/DDP_JOCDecoder( 1013): initPorts
01-01 00:49:54.110 I/DDP_JOCDecoder( 1013): -> ~DDPDecoder
01-01 00:49:54.110 D/DlbProfileParamCache( 1013): ~ProfileParamCache()
01-01 00:49:54.110 I/DDP_JOCDecoder( 1013): <- ~DDPDecoder
01-01 00:49:54.111 I/ACodec  ( 1004):  [] Now uninitialized
01-01 00:49:54.113 I/OMXClient( 1004): IOmx service obtained
01-01 00:49:54.113 I/OMXMaster( 1013): makeComponentInstance(OMX.dolby.eac3_joc.decoder) in omx@1.0-service process
01-01 00:49:54.114 D/DlbProfileParamCache( 1013): setProfile(profile=-1)
01-01 00:49:54.114 D/DlbProfileParamArray( 1013): getProfileParams(profile = -1)
01-01 00:49:54.114 D/DlbProfileParamCache( 1013): setProfile() Creating parameter cache for device 0x40000000
01-01 00:49:54.114 D/DlbProfileParamCache( 1013): setProfile() Creating parameter cache for device 0x00000002
01-01 00:49:54.114 D/DlbProfileParamCache( 1013): setProfile() Creating parameter cache for device 0x00000008
01-01 00:49:54.114 D/DlbProfileParamCache( 1013): setProfile() Creating parameter cache for device 0x00000080
01-01 00:49:54.114 D/DlbProfileParamCache( 1013): setProfile() Creating parameter cache for device 0x00000400
01-01 00:49:54.114 D/DlbProfileParamCache( 1013): setProfile() Creating parameter cache for device 0x00004000
01-01 00:49:54.114 I/DdpConfigExt( 1013): checkAndUpdateEndp current endpoint = 8 previous endpoint = -1
01-01 00:49:54.114 I/DDP_JOCDecoder( 1013): -> init name OMX.dolby.eac3_joc.decoder
01-01 00:49:54.114 I/DDP_JOCDecoder( 1013): <- init
01-01 00:49:54.114 D/DDP_JOCDecoder( 1013): initPorts
01-01 00:49:54.115 I/DDP_JOCDecoder( 1013): -> ~DDPDecoder
01-01 00:49:54.115 D/DlbProfileParamCache( 1013): ~ProfileParamCache()
01-01 00:49:54.115 I/DDP_JOCDecoder( 1013): <- ~DDPDecoder
01-01 00:49:54.117 I/ACodec  ( 1004):  [] Now uninitialized
01-01 00:49:54.118 I/OMXClient( 1004): IOmx service obtained
01-01 00:49:54.118 I/OMXMaster( 1013): makeComponentInstance(OMX.SEC.evrc.dec) in omx@1.0-service process
01-01 00:49:54.118 W/ServiceManagement( 1005): Waited one second for vendor.samsung.hardware.radio.secbridge@1.0::ISecBridge/slot1. Waiting another...
01-01 00:49:54.119 D/vndksupport( 1192): Loading /vendor/lib64/hw/android.hardware.graphics.mapper@2.0-impl.so from current namespace instead of sphal namespace.
01-01 00:49:54.120 D/vndksupport( 1192): Loading /vendor/lib64/hw/gralloc.msm8998.so from current namespace instead of sphal namespace.
01-01 00:49:54.123 I/SEC_BASE_COMP( 1013): [OMX.SEC.evrc.dec]: Initial/Uninitial transition state (1,0)
01-01 00:49:54.133 I/ACodec  ( 1004):  [] Now uninitialized
01-01 00:49:54.134 I/OMXClient( 1004): IOmx service obtained
01-01 00:49:54.134 I/OMXMaster( 1013): makeComponentInstance(OMX.SEC.flac.dec) in omx@1.0-service process
01-01 00:49:54.135 I/SurfaceFlinger(  696): Enter boot animation
01-01 00:49:54.140 D/qdutils (  657): DEBUG_CALC_FPS: 0
01-01 00:49:54.140 D/qdutils (  657): period: 10
01-01 00:49:54.141 D/qdutils (  657): ignorethresh_us: 500000
01-01 00:49:54.141 I/SurfaceFlinger(  696): Display 0 HWC layers:
01-01 00:49:54.141 I/SurfaceFlinger(  696):     type    |    handle    | flag |  format   |   source crop (l,t,r,b)    |         frame       | name 
01-01 00:49:54.141 I/SurfaceFlinger(  696): ------------+--------------+------+-----------+----------------------------+---------------------+------
01-01 00:49:54.141 I/SurfaceFlinger(  696):      Device | 0x7962fd5000 | 0000 | RGB_565   |   0.0    0.0 1440.0 2960.0 |    0    0 1440 2960 | samsungani565#0
01-01 00:49:54.141 I/SurfaceFlinger(  696): 
01-01 00:49:54.141 I/SEC_BASE_COMP( 1013): [OMX.SEC.flac.dec]: Initial/Uninitial transition state (1,0)
01-01 00:49:54.144 I/ACodec  ( 1004):  [] Now uninitialized
01-01 00:49:54.145 I/OMXClient( 1004): IOmx service obtained
01-01 00:49:54.145 I/OMXMaster( 1013): makeComponentInstance(OMX.google.flac.decoder) in omx@1.0-service process
01-01 00:49:54.154 I/ACodec  ( 1004):  [] Now uninitialized
01-01 00:49:54.156 I/OMXClient( 1004): IOmx service obtained
01-01 00:49:54.156 I/OMXMaster( 1013): makeComponentInstance(OMX.google.g711.alaw.decoder) in omx@1.0-service process
01-01 00:49:54.161 I/ACodec  ( 1004):  [] Now uninitialized
01-01 00:49:54.162 I/OMXClient( 1004): IOmx service obtained
01-01 00:49:54.162 I/OMXMaster( 1013): makeComponentInstance(OMX.google.g711.mlaw.decoder) in omx@1.0-service process
01-01 00:49:54.164 I/ACodec  ( 1004):  [] Now uninitialized
01-01 00:49:54.165 I/OMXClient( 1004): IOmx service obtained
01-01 00:49:54.165 I/OMXMaster( 1013): makeComponentInstance(OMX.google.gsm.decoder) in omx@1.0-service process
01-01 00:49:54.169 I/ACodec  ( 1004):  [] Now uninitialized
01-01 00:49:54.170 I/OMXClient( 1004): IOmx service obtained
01-01 00:49:54.171 I/OMXMaster( 1013): makeComponentInstance(OMX.SEC.mp3.dec) in omx@1.0-service process
01-01 00:49:54.174 I/SEC_BASE_COMP( 1013): [OMX.SEC.mp3.dec]: Initial/Uninitial transition state (1,0)
01-01 00:49:54.176 I/ACodec  ( 1004):  [] Now uninitialized
01-01 00:49:54.176 I/OMXClient( 1004): IOmx service obtained
01-01 00:49:54.177 I/OMXMaster( 1013): makeComponentInstance(OMX.SEC.mp3.dec) in omx@1.0-service process
01-01 00:49:54.179 I/SEC_BASE_COMP( 1013): [OMX.SEC.mp3.dec]: Initial/Uninitial transition state (1,0)
01-01 00:49:54.180 I/ACodec  ( 1004):  [] Now uninitialized
01-01 00:49:54.181 I/OMXClient( 1004): IOmx service obtained
01-01 00:49:54.181 I/OMXMaster( 1013): makeComponentInstance(OMX.SEC.mp3.dec) in omx@1.0-service process
01-01 00:49:54.183 I/SEC_BASE_COMP( 1013): [OMX.SEC.mp3.dec]: Initial/Uninitial transition state (1,0)
01-01 00:49:54.183 I/vendor.rmt_storage(  679): rmt_storage_connect_cb: clnt_h=0xc conn_h=0x7d5702c020
01-01 00:49:54.183 I/vendor.rmt_storage(  679): rmt_storage_rw_iovec_cb: /boot/modem_fs2: req_h=0xc msg_id=3: R/W request received
01-01 00:49:54.183 I/vendor.rmt_storage(  679): wakelock acquired: 1, error no: 42
01-01 00:49:54.183 I/vendor.rmt_storage(  679): rmt_storage_client_thread: /boot/modem_fs2: Unblock worker thread (th_id: 538326652144)
01-01 00:49:54.197 I/ACodec  ( 1004):  [] Now uninitialized
01-01 00:49:54.199 I/OMXClient( 1004): IOmx service obtained
01-01 00:49:54.200 I/OMXMaster( 1013): makeComponentInstance(OMX.google.mp3.decoder) in omx@1.0-service process
01-01 00:49:54.206 I/ACodec  ( 1004):  [] Now uninitialized
01-01 00:49:54.207 I/OMXClient( 1004): IOmx service obtained
01-01 00:49:54.207 I/OMXMaster( 1013): makeComponentInstance(OMX.google.opus.decoder) in omx@1.0-service process
01-01 00:49:54.210 I/Atfwd_Daemon( 1024): qmi_client_init_instance status retry : 1
01-01 00:49:54.210 I/Atfwd_Daemon( 1024): 
01-01 00:49:54.210 I/Atfwd_Daemon( 1024):  qmi_client_init_instance....
01-01 00:49:54.215 I/Atfwd_Daemon( 1024): qmi_client_init_instance status: -3, num_retries: 2, retryCnt: 1
01-01 00:49:54.215 I/Atfwd_Daemon( 1024): result : -3 	 ,Init step :1 	 ,qmiErrorCode: 0
01-01 00:49:54.215 I/Atfwd_Daemon( 1024): 
01-01 00:49:54.215 I/Atfwd_Daemon( 1024):  Sleeping...
01-01 00:49:54.217 I/ACodec  ( 1004):  [] Now uninitialized
01-01 00:49:54.217 I/OMXClient( 1004): IOmx service obtained
01-01 00:49:54.217 I/OMXMaster( 1013): makeComponentInstance(OMX.SEC.qcelp.dec) in omx@1.0-service process
01-01 00:49:54.219 I/vendor.rmt_storage(  679): rmt_storage_client_thread: /boot/modem_fs2: req_h=0xc msg_id=3: Bytes written = 2097152
01-01 00:49:54.219 I/vendor.rmt_storage(  679): rmt_storage_client_thread: /boot/modem_fs2: req_h=0xc msg_id=3: Send response: res=0 err=0
01-01 00:49:54.219 I/vendor.rmt_storage(  679): rmt_storage_client_thread: /boot/modem_fs2: About to block rmt_storage client thread (th_id: 538326652144) wakelock released: 1, error no: 0
01-01 00:49:54.219 I/vendor.rmt_storage(  679): 
01-01 00:49:54.220 I/vendor.rmt_storage(  679): rmt_storage_disconnect_cb: clnt_h=0xc conn_h=0x7d5702c020
01-01 00:49:54.226 I/SEC_BASE_COMP( 1013): [OMX.SEC.qcelp.dec]: Initial/Uninitial transition state (1,0)
01-01 00:49:54.230 E/QC-time-services(  965): Daemon:genoff_modem_qmi_service_request: qmi_client_get_service_list returned 0num_services 1
01-01 00:49:54.231 I/ACodec  ( 1004):  [] Now uninitialized
01-01 00:49:54.232 D/QC-time-services(  965): Daemon:rtc_get: Time read from RTC -- MM/DD/YY HH:MM:SS3/24/70 13:24:25
01-01 00:49:54.232 I/ThermalEngine(  966): MODEM thermal mitigation available.
01-01 00:49:54.232 D/QC-time-services(  965): Daemon rtc_get: seconds = 9811465
01-01 00:49:54.232 I/OMXClient( 1004): IOmx service obtained
01-01 00:49:54.233 I/OMXMaster( 1013): makeComponentInstance(OMX.google.raw.decoder) in omx@1.0-service process
01-01 00:49:54.234 I/ThermalEngine(  966): Mitigation:modem[MODEM]:0 pending QMI request succeded
01-01 00:49:54.234 I/ThermalEngine(  966): Mitigation:vdd_restriction[MODEM]:0 pending QMI request succeded
01-01 00:49:54.235 I/ThermalEngine(  966): Mitigation:modem_proc[MODEM]:0 pending QMI request succeded
01-01 00:49:54.235 I/ThermalEngine(  966): Mitigation:modem_proc_current[MODEM]:0 pending QMI request succeded
01-01 00:49:54.235 I/ThermalEngine(  966): Mitigation:cpr_band[MODEM]:0 pending QMI request succeded
01-01 00:49:54.237 I/ACodec  ( 1004):  [] Now uninitialized
01-01 00:49:54.238 I/OMXClient( 1004): IOmx service obtained
01-01 00:49:54.238 I/OMXMaster( 1013): makeComponentInstance(OMX.google.vorbis.decoder) in omx@1.0-service process
01-01 00:49:54.245 I/ACodec  ( 1004):  [] Now uninitialized
01-01 00:49:54.246 I/OMXClient( 1004): IOmx service obtained
01-01 00:49:54.246 I/OMXMaster( 1013): makeComponentInstance(OMX.SEC.wma.dec) in omx@1.0-service process
01-01 00:49:54.249 I/SEC_BASE_COMP( 1013): [OMX.SEC.wma.dec]: Initial/Uninitial transition state (1,0)
01-01 00:49:54.250 I/ACodec  ( 1004):  [] Now uninitialized
01-01 00:49:54.251 I/OMXClient( 1004): IOmx service obtained
01-01 00:49:54.251 I/OMXMaster( 1013): makeComponentInstance(OMX.google.aac.encoder) in omx@1.0-service process
01-01 00:49:54.253 D/audio_route(  648): ==================================
01-01 00:49:54.255 E/audio_route(  648): Control 'MADONOFF Switch' doesn't exist - skipping
01-01 00:49:54.255 E/audio_route(  648): Control 'TX13 INP MUX' doesn't exist - skipping
01-01 00:49:54.255 E/audio_route(  648): Control 'AIF4_MAD Mixer SLIM TX12' doesn't exist - skipping
01-01 00:49:54.256 E/audio_route(  648): Control 'CPE AFE MAD Enable' doesn't exist - skipping
01-01 00:49:54.256 E/audio_route(  648): Control 'CLK MODE' doesn't exist - skipping
01-01 00:49:54.256 E/audio_route(  648): Control 'EC BUF MUX INP' doesn't exist - skipping
01-01 00:49:54.256 E/audio_route(  648): Control 'WDMA3 PORT0 MUX' doesn't exist - skipping
01-01 00:49:54.256 E/audio_route(  648): Control 'WDMA3 PORT1 MUX' doesn't exist - skipping
01-01 00:49:54.256 E/audio_route(  648): Control 'WDMA3 PORT2 MUX' doesn't exist - skipping
01-01 00:49:54.256 E/audio_route(  648): Control 'WDMA3 CH0 MUX' doesn't exist - skipping
01-01 00:49:54.256 E/audio_route(  648): Control 'WDMA3 CH1 MUX' doesn't exist - skipping
01-01 00:49:54.256 E/audio_route(  648): Control 'WDMA3 CH2 MUX' doesn't exist - skipping
01-01 00:49:54.257 E/audio_route(  648): Control 'WDMA3_ON_OFF Switch' doesn't exist - skipping
01-01 00:49:54.258 D/QC-time-services(  965): Daemon:genoff_modem_qmi_service_request: Initial transaction successfull
01-01 00:49:54.260 E/audio_route(  648): Control 'CLK MODE' doesn't exist - skipping
01-01 00:49:54.260 E/audio_route(  648): Control 'WDMA3 PORT0 MUX' doesn't exist - skipping
01-01 00:49:54.260 E/audio_route(  648): Control 'WDMA3 PORT1 MUX' doesn't exist - skipping
01-01 00:49:54.260 E/audio_route(  648): Control 'WDMA3 PORT2 MUX' doesn't exist - skipping
01-01 00:49:54.260 E/audio_route(  648): Control 'WDMA3 CH0 MUX' doesn't exist - skipping
01-01 00:49:54.261 E/audio_route(  648): Control 'WDMA3 CH1 MUX' doesn't exist - skipping
01-01 00:49:54.261 E/audio_route(  648): Control 'WDMA3 CH2 MUX' doesn't exist - skipping
01-01 00:49:54.261 E/audio_route(  648): Control 'WDMA3_ON_OFF Switch' doesn't exist - skipping
01-01 00:49:54.261 E/audio_route(  648): Control 'CLK MODE' doesn't exist - skipping
01-01 00:49:54.261 E/audio_route(  648): Control 'WDMA3 PORT0 MUX' doesn't exist - skipping
01-01 00:49:54.261 E/audio_route(  648): Control 'WDMA3 PORT1 MUX' doesn't exist - skipping
01-01 00:49:54.261 E/audio_route(  648): Control 'WDMA3 PORT2 MUX' doesn't exist - skipping
01-01 00:49:54.261 E/audio_route(  648): Control 'WDMA3 PORT3 MUX' doesn't exist - skipping
01-01 00:49:54.261 E/audio_route(  648): Control 'WDMA3 CH0 MUX' doesn't exist - skipping
01-01 00:49:54.262 E/audio_route(  648): Control 'WDMA3 CH1 MUX' doesn't exist - skipping
01-01 00:49:54.262 E/audio_route(  648): Control 'WDMA3 CH2 MUX' doesn't exist - skipping
01-01 00:49:54.262 E/audio_route(  648): Control 'WDMA3 CH3 MUX' doesn't exist - skipping
01-01 00:49:54.262 E/audio_route(  648): Control 'WDMA3_ON_OFF Switch' doesn't exist - skipping
01-01 00:49:54.262 E/audio_route(  648): Control 'CLK MODE' doesn't exist - skipping
01-01 00:49:54.262 E/audio_route(  648): Control 'EC BUF MUX INP' doesn't exist - skipping
01-01 00:49:54.262 E/audio_route(  648): Control 'MADONOFF Switch' doesn't exist - skipping
01-01 00:49:54.262 E/audio_route(  648): Control 'AIF4_MAD Mixer SLIM TX12' doesn't exist - skipping
01-01 00:49:54.263 E/audio_route(  648): Control 'CPE AFE MAD Enable' doesn't exist - skipping
01-01 00:49:54.264 D/audio_route(  648): Setting mixer control: MAD Input, value: 9
01-01 00:49:54.264 D/audio_route(  648): Setting mixer control: ADC MUX0, value: 1
01-01 00:49:54.265 D/audio_route(  648): Setting mixer control: ADC MUX1, value: 1
01-01 00:49:54.266 D/audio_route(  648): Setting mixer control: ADC MUX2, value: 1
01-01 00:49:54.267 D/audio_route(  648): Setting mixer control: ADC MUX5, value: 1
01-01 00:49:54.268 D/audio_route(  648): Setting mixer control: ADC MUX6, value: 1
01-01 00:49:54.275 I/ACodec  ( 1004):  [] Now uninitialized
01-01 00:49:54.275 D/audio_route(  648): Setting mixer control: ADC MUX7, value: 1
01-01 00:49:54.276 I/OMXClient( 1004): IOmx service obtained
01-01 00:49:54.276 I/OMXMaster( 1013): makeComponentInstance(OMX.SEC.naac.enc) in omx@1.0-service process
01-01 00:49:54.276 D/audio_route(  648): Setting mixer control: ADC MUX8, value: 1
01-01 00:49:54.283 I/SEC_BASE_COMP( 1013): [OMX.SEC.naac.enc]: Initial/Uninitial transition state (1,0)
01-01 00:49:54.284 I/ACodec  ( 1004):  [] Now uninitialized
01-01 00:49:54.285 I/OMXClient( 1004): IOmx service obtained
01-01 00:49:54.285 I/OMXMaster( 1013): makeComponentInstance(OMX.google.amrnb.encoder) in omx@1.0-service process
01-01 00:49:54.287 W/sound_trigger_platform(  648): load_acdb: acdb_loader_send_listen_device_cal_v1 not found. undefined symbol: acdb_loader_send_listen_device_cal_v1
01-01 00:49:54.287 W/sound_trigger_platform(  648): load_acdb: acdb_loader_send_listen_lsm_cal_v1 not found. undefined symbol: acdb_loader_send_listen_lsm_cal_v1
01-01 00:49:54.288 E/platform_info(  648): param tag only supported with CONFIG_PARAMS section
01-01 00:49:54.288 I/chatty  (  648): uid=1041(audioserver) audio@2.0-servi identical 6 lines
01-01 00:49:54.288 E/platform_info(  648): param tag only supported with CONFIG_PARAMS section
01-01 00:49:54.289 I/ACodec  ( 1004):  [] Now uninitialized
01-01 00:49:54.290 I/OMXClient( 1004): IOmx service obtained
01-01 00:49:54.290 I/OMXMaster( 1013): makeComponentInstance(OMX.google.amrwb.encoder) in omx@1.0-service process
01-01 00:49:54.290 E/audio_hw_acdb(  648): acdb_init_v2: dlsym error undefined symbol: acdb_loader_init_v4 for acdb_loader_init_v4
01-01 00:49:54.291 D/ACDB-LOADER(  648): ACDB -> found 0 form factor & soundcard independant files
01-01 00:49:54.292 D/ACDB-LOADER(  648): ACDB -> Load file: /vendor/etc/audconf/ATT/Speaker_cal.acdb
01-01 00:49:54.292 D/ACDB-LOADER(  648): ACDB -> Load file: /vendor/etc/audconf/ATT/Headset_cal.acdb
01-01 00:49:54.292 D/ACDB-LOADER(  648): ACDB -> Load file: /vendor/etc/audconf/ATT/Bluetooth_cal.acdb
01-01 00:49:54.292 D/ACDB-LOADER(  648): ACDB -> Load file: /vendor/etc/audconf/ATT/Global_cal.acdb
01-01 00:49:54.292 D/ACDB-LOADER(  648): ACDB -> Load file: /vendor/etc/audconf/ATT/Hdmi_cal.acdb
01-01 00:49:54.292 D/ACDB-LOADER(  648): ACDB -> Load file: /vendor/etc/audconf/ATT/General_cal.acdb
01-01 00:49:54.292 D/ACDB-LOADER(  648): ACDB -> Load file: /vendor/etc/audconf/ATT/Handset_cal.acdb
01-01 00:49:54.292 D/ACDB-LOADER(  648): ACDB -> Load file: /vendor/etc/audconf/ATT/Codec_cal.acdb
01-01 00:49:54.292 D/ACDB-LOADER(  648): ACDB -> Load file: /vendor/etc/audconf/ATT/workspaceFile.qwsp
01-01 00:49:54.292 D/ACDB-LOADER(  648): ACDB -> ACDB_CMD_INITIALIZE_V2
01-01 00:49:54.294 I/ACodec  ( 1004):  [] Now uninitialized
01-01 00:49:54.294 D/        (  648): [ACDB Command]->SW Minor/Major/Revision version info for /vendor/etc/audconf/ATT/Speaker_cal.acdb
01-01 00:49:54.294 D/        (  648): [ACDB Command]->ACDB Sw Major = 9, ACDB Sw Minor = 0, ACDB Sw Revision = 4, ACDB Sw Cpl Number = 0
01-01 00:49:54.294 D/        (  648): [ACDB Command]->ACDB File Major = 10, ACDB File Minor = 0, ACDB File Revision = 2, ACDB File Cpl Number = 0
01-01 00:49:54.295 I/OMXClient( 1004): IOmx service obtained
01-01 00:49:54.295 I/OMXMaster( 1013): makeComponentInstance(OMX.SEC.evrc.enc) in omx@1.0-service process
01-01 00:49:54.296 D/        (  648): [ACDB Command]->SW Minor/Major/Revision version info for /vendor/etc/audconf/ATT/Headset_cal.acdb
01-01 00:49:54.296 D/        (  648): [ACDB Command]->ACDB Sw Major = 9, ACDB Sw Minor = 0, ACDB Sw Revision = 4, ACDB Sw Cpl Number = 0
01-01 00:49:54.296 D/        (  648): [ACDB Command]->ACDB File Major = 10, ACDB File Minor = 0, ACDB File Revision = 2, ACDB File Cpl Number = 0
01-01 00:49:54.297 D/        (  648): [ACDB Command]->SW Minor/Major/Revision version info for /vendor/etc/audconf/ATT/Bluetooth_cal.acdb
01-01 00:49:54.297 D/        (  648): [ACDB Command]->ACDB Sw Major = 9, ACDB Sw Minor = 0, ACDB Sw Revision = 4, ACDB Sw Cpl Number = 0
01-01 00:49:54.297 D/        (  648): [ACDB Command]->ACDB File Major = 10, ACDB File Minor = 0, ACDB File Revision = 2, ACDB File Cpl Number = 0
01-01 00:49:54.298 I/SEC_BASE_COMP( 1013): [OMX.SEC.evrc.enc]: Initial/Uninitial transition state (1,0)
01-01 00:49:54.298 D/        (  648): [ACDB Command]->SW Minor/Major/Revision version info for /vendor/etc/audconf/ATT/Global_cal.acdb
01-01 00:49:54.298 D/        (  648): [ACDB Command]->ACDB Sw Major = 9, ACDB Sw Minor = 0, ACDB Sw Revision = 4, ACDB Sw Cpl Number = 0
01-01 00:49:54.298 D/        (  648): [ACDB Command]->ACDB File Major = 10, ACDB File Minor = 0, ACDB File Revision = 2, ACDB File Cpl Number = 0
01-01 00:49:54.298 D/        (  648): [ACDB Command]->SW Minor/Major/Revision version info for /vendor/etc/audconf/ATT/Hdmi_cal.acdb
01-01 00:49:54.298 D/        (  648): [ACDB Command]->ACDB Sw Major = 9, ACDB Sw Minor = 0, ACDB Sw Revision = 4, ACDB Sw Cpl Number = 0
01-01 00:49:54.298 D/        (  648): [ACDB Command]->ACDB File Major = 10, ACDB File Minor = 0, ACDB File Revision = 2, ACDB File Cpl Number = 0
01-01 00:49:54.299 I/ACodec  ( 1004):  [] Now uninitialized
01-01 00:49:54.299 D/        (  648): [ACDB Command]->SW Minor/Major/Revision version info for /vendor/etc/audconf/ATT/General_cal.acdb
01-01 00:49:54.299 D/        (  648): [ACDB Command]->ACDB Sw Major = 9, ACDB Sw Minor = 0, ACDB Sw Revision = 4, ACDB Sw Cpl Number = 0
01-01 00:49:54.299 D/        (  648): [ACDB Command]->ACDB File Major = 10, ACDB File Minor = 0, ACDB File Revision = 2, ACDB File Cpl Number = 0
01-01 00:49:54.299 I/OMXClient( 1004): IOmx service obtained
01-01 00:49:54.300 I/OMXMaster( 1013): makeComponentInstance(OMX.google.flac.encoder) in omx@1.0-service process
01-01 00:49:54.301 D/        (  648): [ACDB Command]->SW Minor/Major/Revision version info for /vendor/etc/audconf/ATT/Handset_cal.acdb
01-01 00:49:54.301 D/        (  648): [ACDB Command]->ACDB Sw Major = 9, ACDB Sw Minor = 0, ACDB Sw Revision = 4, ACDB Sw Cpl Number = 0
01-01 00:49:54.301 D/        (  648): [ACDB Command]->ACDB File Major = 10, ACDB File Minor = 0, ACDB File Revision = 2, ACDB File Cpl Number = 0
01-01 00:49:54.302 D/        (  648): [ACDB Command]->SW Minor/Major/Revision version info for /vendor/etc/audconf/ATT/Codec_cal.acdb
01-01 00:49:54.302 D/        (  648): [ACDB Command]->ACDB Sw Major = 9, ACDB Sw Minor = 0, ACDB Sw Revision = 4, ACDB Sw Cpl Number = 0
01-01 00:49:54.302 D/        (  648): [ACDB Command]->ACDB File Major = 10, ACDB File Minor = 0, ACDB File Revision = 2, ACDB File Cpl Number = 0
01-01 00:49:54.302 D/        (  648): [ACDB Command]->SW Minor/Major/Revision version info for /vendor/etc/audconf/ATT/workspaceFile.qwsp
01-01 00:49:54.302 D/        (  648): [ACDB Command]->ACDB Sw Major = 9, ACDB Sw Minor = 0, ACDB Sw Revision = 4, ACDB Sw Cpl Number = 0
01-01 00:49:54.302 D/        (  648): [ACDB Command]->ACDB File Major = 10, ACDB File Minor = 0, ACDB File Revision = 2
01-01 00:49:54.302 D/        (  648): ACDBFILE_MGR:Read the devices count as zero, please check the acdb file
01-01 00:49:54.302 D/ACDB-LOADER(  648): ACDB -> ACPH INIT
01-01 00:49:54.303 D/        (  648): [ACPH]->Online service registered with ACPH
01-01 00:49:54.303 E/Diag_Lib(  648):  Diag_LSM_Init: Failed to open handle to diag driver, error = 13
01-01 00:49:54.303 E/Diag_Lib(  648): diag: In diagpkt_tbl_reg, service not initialized.
01-01 00:49:54.303 E/audit   (  950): type=1400 audit(1546303794.298:38): avc:  denied  { read write } for  pid=648 comm="audio@2.0-servi" name="diag" dev="tmpfs" ino=19005 scontext=u:r:hal_audio_default:s0 tcontext=u:object_r:diag_device:s0 tclass=chr_file permissive=0 SEPF_SM-G955U_9_0013 audit_filtered
01-01 00:49:54.303 D/        (  648): [ACPH]->ACPH init success
01-01 00:49:54.303 D/ACDB-LOADER(  648): ACDB -> RTAC INIT
01-01 00:49:54.303 D/        (  648): [ACPH]->DSP RTC service registered with ACPH
01-01 00:49:54.303 D/ACDB-LOADER(  648): ACDB -> MCS, FTS INIT
01-01 00:49:54.303 I/ACodec  ( 1004):  [] Now uninitialized
01-01 00:49:54.303 D/        (  648): [ACPH]->MCS RTC service registered with ACPH
01-01 00:49:54.303 D/        (  648): [ACPH]->FTS RTC service registered with ACPH
01-01 00:49:54.303 D/ACDB-LOADER(  648): ACDB -> ADIE RTAC INIT
01-01 00:49:54.303 D/        (  648): [ACPH]->ADIE RTC service registered with ACPH
01-01 00:49:54.303 D/ACDB-LOADER(  648): ACDB -> ACDB_CMD_GET_VOC_PROC_DYNAMIC_TABLE_SIZE
01-01 00:49:54.303 D/        (  648): ACDBFILE_MGR:Read the devices count as zero, please check the acdb file
01-01 00:49:54.304 I/OMXClient( 1004): IOmx service obtained
01-01 00:49:54.304 I/OMXMaster( 1013): makeComponentInstance(OMX.SEC.qcelp.enc) in omx@1.0-service process
01-01 00:49:54.308 I/SEC_BASE_COMP( 1013): [OMX.SEC.qcelp.enc]: Initial/Uninitial transition state (1,0)
01-01 00:49:54.309 I/ACodec  ( 1004):  [] Now uninitialized
01-01 00:49:54.310 I/OMXClient( 1004): IOmx service obtained
01-01 00:49:54.311 I/OMXMaster( 1013): makeComponentInstance(OMX.qcom.video.decoder.avc) in omx@1.0-service process
01-01 00:49:54.312 D/ACDB-LOADER(  648): ACDB -> send_common_custom_topology
01-01 00:49:54.312 D/ACDB-LOADER(  648): ACDB -> ACDB_CMD_GET_AVCS_CUSTOM_TOPO_INFO_SIZE
01-01 00:49:54.312 D/ACDB-LOADER(  648): ACDB -> ACDB_CMD_GET_AVCS_CUSTOM_TOPO_INFO
01-01 00:49:54.312 D/ACDB-LOADER(  648): ACDB -> ACDB_CMD_GET_AVCS_CUSTOM_TOPO_INFO: size:0x370 ret=0 
01-01 00:49:54.312 D/ACDB-LOADER(  648): ACDB -> CORE_CUSTOM_TOPOLOGIES
01-01 00:49:54.314 D/ACDB-LOADER(  648): ACDB -> acdb_loader_send_common_custom_topology: Common custom topology in use
01-01 00:49:54.314 D/ACDB-LOADER(  648): ACDB -> init done!
01-01 00:49:54.314 D/audio_hw_acdb(  648): acdb_init_v2: ACDB Instance ID support after ACDB init:0
01-01 00:49:54.314 D/sound_trigger_platform(  648): platform_stdev_init: Opening device /dev/snd/hwC0D1000
01-01 00:49:54.314 D/sound_trigger_platform(  648): get_codec_version: codec version 
01-01 00:49:54.319 D/sound_trigger_hw(  648): st_hw_gcs_init: calling gcs_init
01-01 00:49:54.321 E/        (  648): platform_get_info_from_xml: bytes_read 1024
01-01 00:49:54.321 E/        (  648): platform_get_info_from_xml: bytes_read 1024
01-01 00:49:54.321 E/        (  648): platform_get_info_from_xml: bytes_read 965
01-01 00:49:54.321 D/        (  648): glink_ch_config: ch_cfg size = 64, copied ch_size = 64
01-01 00:49:54.321 D/        (  648): glink_ch_config: ch_cfg size = 60, copied ch_size = 124
01-01 00:49:54.321 D/        (  648): glink_ch_config: ch_cfg size = 60, copied ch_size = 184
01-01 00:49:54.321 D/        (  648): glink_ch_config: ch_cfg size = 68, copied ch_size = 252
01-01 00:49:54.321 E/        (  648): platform_get_info_from_xml: bytes_read 0
01-01 00:49:54.321 D/        (  648): platform_info_init: name = g_glink_ctrl, latency = 5000, intents = 1
01-01 00:49:54.321 D/        (  648): platform_info_init: intents_size = 1024
01-01 00:49:54.321 D/        (  648): platform_info_init: name = g_glink_persistent_data_ild, latency = 30000, intents = 0
01-01 00:49:54.321 D/        (  648): platform_info_init: name = g_glink_persistent_data_nild, latency = 30000, intents = 0
01-01 00:49:54.321 D/        (  648): platform_info_init: name = g_glink_audio_data, latency = 10000, intents = 2
01-01 00:49:54.321 D/        (  648): platform_info_init: intents_size = 4096
01-01 00:49:54.321 D/        (  648): platform_info_init: intents_size = 4096
01-01 00:49:54.321 D/        (  648): ipc_init: reg_pkt_size = 253,  ch_size = 252
01-01 00:49:54.321 D/        (  648): ipc_init: Done, ref_cnt = 1
01-01 00:49:54.321 D/        (  648): ipc_register: client_id is 0
01-01 00:49:54.321 D/        (  648): gcs_init: GCS init done
01-01 00:49:54.322 E/sound_trigger_platform(  648): init_be_dai_name_table: No backend dai name set
01-01 00:49:54.322 I/SoundTriggerHalImpl(  648): onFirstRef() mModuleName primary mHwDevice 0xea356000
01-01 00:49:54.323 I/audiohalservice(  648): Registration complete for android.hardware.soundtrigger@2.1::ISoundTriggerHw/default.
01-01 00:49:54.324 W/hwservicemanager(  566): getTransport: Cannot find entry android.hardware.bluetooth.a2dp@1.0::IBluetoothAudioOffload/default in either framework or device manifest.
01-01 00:49:54.324 E/audiohalservice(  648): Could not get passthrough implementation for android.hardware.bluetooth.a2dp@1.0::IBluetoothAudioOffload/default.
01-01 00:49:54.324 W/audiohalservice(  648): Could not register Bluetooth audio offload 1.0
01-01 00:49:54.325 E/audiohalservice(  648): Could not get passthrough implementation for com.qualcomm.qti.bluetooth_audio@1.0::IBluetoothAudio/default.
01-01 00:49:54.325 W/audiohalservice(  648): Could not register bluetooth_audio service
01-01 00:49:54.326 W/hwservicemanager(  566): getTransport: Cannot find entry android.hardware.audio@4.0::IDevicesFactory/msd in either framework or device manifest.
01-01 00:49:54.327 D/vndksupport(  690): Loading /vendor/lib/hw/android.hardware.audio@4.0-impl.so from current namespace instead of sphal namespace.
01-01 00:49:54.329 I/OMX-VDEC-1080P( 1013): Video slvp perflock acquired
01-01 00:49:54.332 I/AudioFlinger(  690): Using default 3000 mSec as standby time.
01-01 00:49:54.338 I/audioserver(  690): Add AudioFlinger on audioserver
01-01 00:49:54.340 D/APM::MultiSoundManager(  690): MultiSoundManager created
01-01 00:49:54.342 E/APM::Serializer(  690): deserialize: Could not parse /odm/etc/audio_policy_configuration_sec.xml document.
01-01 00:49:54.350 D/vndksupport(  648): Loading /vendor/lib/hw/audio.primary.msm8998.so from current namespace instead of sphal namespace.
01-01 00:49:54.351 D/audio_hw_primary(  648): adev_open: enter
01-01 00:49:54.351 D/audio_log_utils(  648): registered, module hal
01-01 00:49:54.361 D/audio_hw_utils(  648): audio_extn_utils_open_snd_mixer: snd_card_name: msm8998-tavil-snd-card
01-01 00:49:54.361 W/hardware_info(  648): update_hardware_info_msm8998: Not a msm8998 device
01-01 00:49:54.361 D/audio_hw_utils(  648): audio_extn_utils_open_snd_mixer: Opened sound card:0
01-01 00:49:54.361 D/msm8974_platform(  648): platform_init: Opened sound card:0
01-01 00:49:54.361 W/hardware_info(  648): update_hardware_info_msm8998: Not a msm8998 device
01-01 00:49:54.361 D/msm8974_platform(  648): platform_init: Loading mixer file: /vendor/etc/mixer_paths_tavil.xml
01-01 00:49:54.363 D/audio_route(  648): ========== alloc_mixer_state ==========
01-01 00:49:54.366 I/tftp_server(  680): pid=680 tid=680 tftp-server : INF :[tftp_server.c, 667] rcvd request [1] [72] [2] [0] [40]
01-01 00:49:54.366 I/tftp_server(  680): pid=680 tid=1338 tftp-server : INF :[tftp_server_utils.c, 113] file [readwrite/server_check.txt] : [/vendor/rfs/msm/mpss/readwrite/server_check.txt]
01-01 00:49:54.367 I/tftp_server(  680): pid=680 tid=1338 tftp-server : INF :[tftp_server.c, 1222] OACK options : [7680, 200, 10, 0, 0, 0, 0, 0]
01-01 00:49:54.367 I/tftp_server(  680): pid=680 tid=1338 tftp-server : INF :[tftp_server.c, 893] Using temp file[/vendor/rfs/msm/mpss/readwrite/server_check.txt.rfs_tmp] for atomic put
01-01 00:49:54.367 I/tftp_server(  680): pid=680 tid=1338 tftp-server : INF :[tftp_os_la.c, 63] open : [-1] [-1] [384] [577] [/vendor/rfs/msm/mpss/readwrite/server_check.txt.rfs_tmp]
01-01 00:49:54.374 I/tftp_server(  680): pid=680 tid=680 tftp-server : INF :[tftp_server.c, 667] rcvd request [1] [84] [1] [0] [41]
01-01 00:49:54.374 I/tftp_server(  680): pid=680 tid=1338 tftp-server : INF :[tftp_server.c, 1500] WRQ stats : total-blocks = 1 : total-bytes = 5 : 5 timedout-pkts = 0, wrong-pkts = 0
01-01 00:49:54.374 I/tftp_server(  680): pid=680 tid=1338 tftp-server : INF :[tftp_server.c, 1504] WRQ time stats : Total : [TX, RX] = [153, 1091, 10]
01-01 00:49:54.374 I/tftp_server(  680): pid=680 tid=1338 tftp-server : INF :[tftp_server.c, 1508] WRQ time stats : Tx [Min, Max] = [51, 102]
01-01 00:49:54.374 I/tftp_server(  680): pid=680 tid=1338 tftp-server : INF :[tftp_server.c, 1512] WRQ time stats : Rx [Min, Max] = [335, 756]
01-01 00:49:54.374 I/tftp_server(  680): pid=680 tid=1340 tftp-server : INF :[tftp_server_utils.c, 113] file [readwrite/ota_firewall/ruleset] : [/vendor/rfs/msm/mpss/readwrite/ota_firewall/ruleset]
01-01 00:49:54.374 I/tftp_server(  680): pid=680 tid=1340 tftp-server : INF :[tftp_server.c, 1222] OACK options : [7680, 200, 10, 4, 0, 0, 0, 0]
01-01 00:49:54.374 I/tftp_server(  680): pid=680 tid=1340 tftp-server : INF :[tftp_os_la.c, 63] open : [-1] [-1] [384] [0] [/vendor/rfs/msm/mpss/readwrite/ota_firewall/ruleset]
01-01 00:49:54.374 E/tftp_server(  680): pid=680 tid=1340 tftp-server : ERR :[tftp_os_la.c, 70] open failed: [2] [No such file or directory]
01-01 00:49:54.374 E/tftp_server(  680): pid=680 tid=1340 tftp-server : ERR :[tftp_server.c, 1718] open failed : [-2] [Unknown error -2]
01-01 00:49:54.375 E/tftp_server(  680): pid=680 tid=1340 tftp-server : ERR :[tftp_protocol.c, 1229] sending error-pkt. Code = 1, Msg = Err=2 String=No such file or directory
01-01 00:49:54.375 I/tftp_server(  680): pid=680 tid=680 tftp-server : INF :[tftp_server.c, 667] rcvd request [1] [84] [1] [0] [42]
01-01 00:49:54.376 I/tftp_server(  680): pid=680 tid=1341 tftp-server : INF :[tftp_server_utils.c, 113] file [readwrite/ota_firewall/ruleset] : [/vendor/rfs/msm/mpss/readwrite/ota_firewall/ruleset]
01-01 00:49:54.376 I/tftp_server(  680): pid=680 tid=1341 tftp-server : INF :[tftp_server.c, 1222] OACK options : [7680, 200, 0, 10, 0, 0, 0, 0]
01-01 00:49:54.376 I/tftp_server(  680): pid=680 tid=1341 tftp-server : INF :[tftp_os_la.c, 63] open : [-1] [-1] [384] [0] [/vendor/rfs/msm/mpss/readwrite/ota_firewall/ruleset]
01-01 00:49:54.376 E/tftp_server(  680): pid=680 tid=1341 tftp-server : ERR :[tftp_os_la.c, 70] open failed: [2] [No such file or directory]
01-01 00:49:54.376 E/tftp_server(  680): pid=680 tid=1341 tftp-server : ERR :[tftp_server.c, 1718] open failed : [-2] [Unknown error -2]
01-01 00:49:54.376 E/tftp_server(  680): pid=680 tid=1341 tftp-server : ERR :[tftp_protocol.c, 1229] sending error-pkt. Code = 1, Msg = Err=2 String=No such file or directory
01-01 00:49:54.387 I/ServiceManager( 1010): Waiting for service package_native...
01-01 00:49:54.396 E/SemAffinityControl(  970): SemAffinityControl: registerfunction enter
01-01 00:49:54.396 E/SemAffinityControl(  973): SemAffinityControl: registerfunction enter
01-01 00:49:54.404 D/Zygote  (  970): begin preload
01-01 00:49:54.404 I/Zygote  (  970): !@Boot: Begin of preload()
01-01 00:49:54.404 I/Zygote  (  970): Installing ICU cache reference pinning...
01-01 00:49:54.404 I/Zygote  (  970): Preloading ICU data...
01-01 00:49:54.408 I/zygote  (  973): Explicit concurrent copying GC freed 605(84KB) AllocSpace objects, 6(120KB) LOS objects, 98% free, 91KB/6MB, paused 144us total 4.391ms
01-01 00:49:54.413 I/zygote  (  973): Explicit concurrent copying GC freed 56(33KB) AllocSpace objects, 0(0B) LOS objects, 98% free, 90KB/6MB, paused 140us total 4.582ms
01-01 00:49:54.415 I/Zygote  (  973): Accepting command socket connections
01-01 00:49:54.433 I/Zygote  (  970): !@Boot: Parrell Preloading classes...
01-01 00:49:54.435 E/ZygoteInitThreadPool(  970): Set ZygoteInitThreadPool as 1
01-01 00:49:54.467 W/ZygoteInitThreadPool(  970): Completed : android.media.SoundPool took 5ms 
01-01 00:49:54.491 I/OMX-VDEC-1080P( 1013): component_init: OMX.qcom.video.decoder.avc : fd=26
01-01 00:49:54.503 I/OMX-VDEC-1080P( 1013): omx_vdec::component_init() success : fd=26
01-01 00:49:54.504 I/PackageBackwardCompatibility(  970): Loaded android.content.pm.OrgApacheHttpLegacyUpdater
01-01 00:49:54.505 I/PackageBackwardCompatibility(  970): Could not find android.content.pm.AndroidTestBaseUpdater, ignoring
01-01 00:49:54.508 W/OMXNodeInstance( 1013): getParameter(0xea8dd544:qcom.decoder.avc, ??(0x7f000044)) (0x80001019)
01-01 00:49:54.508 W/OMXNodeInstance( 1013): getParameter(0xea8dd544:qcom.decoder.avc, ??(0x7f000044)) (0x80001019)
01-01 00:49:54.509 W/OMXNodeInstance( 1013): getExtensionIndex(0xea8dd544:qcom.decoder.avc, OMX.google.android.index.configureVideoTunnelMode) (0x80001006)
01-01 00:49:54.509 E/OMX-VDEC-1080P( 1013): Enable/Disable allocate-native-handle allowed only on input port!
01-01 00:49:54.510 E/OMX-VDEC-1080P( 1013): set_parameter: Error: 0x80001019, setting param 0x7f00005d
01-01 00:49:54.510 W/OMXNodeInstance( 1013): setParameter(0xea8dd544:qcom.decoder.avc, OMX.google.android.index.allocateNativeHandle(0x7f00005d): Output:1 en=0) (0x80001019)
01-01 00:49:54.510 I/OMX-VDEC-1080P( 1013): omx_vdec::component_deinit() complete
01-01 00:49:54.515 I/OMX-VDEC-1080P( 1013): Exit OMX vdec Destructor: fd=26
01-01 00:49:54.516 I/OMX-VDEC-1080P( 1013): Video slvp perflock released
01-01 00:49:54.519 I/ACodec  ( 1004):  [] Now uninitialized
01-01 00:49:54.520 I/OMXClient( 1004): IOmx service obtained
01-01 00:49:54.520 I/OMXMaster( 1013): makeComponentInstance(OMX.qcom.video.decoder.avc.secure) in omx@1.0-service process
01-01 00:49:54.531 I/OMX-VDEC-1080P( 1013): Video slvp perflock acquired
01-01 00:49:54.532 I/OMX-VDEC-1080P( 1013): component_init: OMX.qcom.video.decoder.avc : fd=26
01-01 00:49:54.543 I/OMX-VDEC-1080P( 1013): omx_vdec::component_init() success : fd=26
01-01 00:49:54.546 W/OMXNodeInstance( 1013): getParameter(0xea8dd544:qcom.decoder.avc.secure, ??(0x7f000044)) (0x80001019)
01-01 00:49:54.546 E/ActivityRecognitionHardware(  970): activity_recognition HAL is deprecated. class_init is effectively a no-op
01-01 00:49:54.546 W/OMXNodeInstance( 1013): getParameter(0xea8dd544:qcom.decoder.avc.secure, ??(0x7f000044)) (0x80001019)
01-01 00:49:54.547 W/OMXNodeInstance( 1013): getExtensionIndex(0xea8dd544:qcom.decoder.avc.secure, OMX.google.android.index.configureVideoTunnelMode) (0x80001006)
01-01 00:49:54.548 E/OMX-VDEC-1080P( 1013): Enable/Disable allocate-native-handle allowed only on input port!
01-01 00:49:54.548 E/OMX-VDEC-1080P( 1013): set_parameter: Error: 0x80001019, setting param 0x7f00005d
01-01 00:49:54.548 W/OMXNodeInstance( 1013): setParameter(0xea8dd544:qcom.decoder.avc.secure, OMX.google.android.index.allocateNativeHandle(0x7f00005d): Output:1 en=0) (0x80001019)
01-01 00:49:54.548 I/OMX-VDEC-1080P( 1013): omx_vdec::component_deinit() complete
01-01 00:49:54.551 I/OMX-VDEC-1080P( 1013): Exit OMX vdec Destructor: fd=26
01-01 00:49:54.551 I/OMX-VDEC-1080P( 1013): Video slvp perflock released
01-01 00:49:54.554 I/ACodec  ( 1004):  [] Now uninitialized
01-01 00:49:54.556 I/OMXClient( 1004): IOmx service obtained
01-01 00:49:54.556 I/OMXMaster( 1013): makeComponentInstance(OMX.google.h264.decoder) in omx@1.0-service process
