--------- beginning of main
04-24 13:24:21.449 I/SELinux (  567): SELinux: Loaded service_contexts from:
04-24 13:24:21.450 I/SELinux (  567):     /vndservice_contexts
04-24 13:24:21.473 I/hwservicemanager(  566): hwservicemanager is ready now.
04-24 13:24:21.476 I/SELinux (  565): SELinux: Loaded service_contexts from:
04-24 13:24:21.477 I/SELinux (  565):     /plat_service_contexts
04-24 13:24:21.477 I/SELinux (  565):     /vendor_service_contexts
04-24 13:24:21.488 D/scs     (  572): bODMorProduct : false, bOmcSupport : true
04-24 13:24:21.489 D/scs     (  572): OMC_B2B_FILE : /system/omc/omc_b2b_list
04-24 13:24:21.489 D/scs     (  572): getValuesFromFile : ATT
04-24 13:24:21.489 D/scs     (  572): salesCode : ATT
04-24 13:24:21.489 D/scs     (  572): salesCode length : 3
04-24 13:24:21.489 D/scs     (  572): getValuesFromFile : ATT
04-24 13:24:21.489 D/scs     (  572): omcNwCode : ATT
04-24 13:24:21.489 D/scs     (  572): omcNwCode length : 3
04-24 13:24:21.491 D/scs     (  572): set OMC Support : true
04-24 13:24:21.492 D/scs     (  572): OMC_CHANGETYPE : DATA_RESET_OFF,ALLTIME
04-24 13:24:21.492 D/scs     (  572): 
04-24 13:24:21.492 D/scs     (  572): bDataResetOff : true
04-24 13:24:21.492 D/scs     (  572): SALES_CODE : ATT
04-24 13:24:21.492 D/scs     (  572): OMCNW_CODE : ATT
04-24 13:24:21.492 D/scs     (  572): OMC_PATH : /system/omc/ATT
04-24 13:24:21.492 D/scs     (  572): CUSTOMER_XML_FILE_PATH : /system/omc/ATT/customer.xml
04-24 13:24:21.492 D/scs     (  572): CHANGE_TYPE_FILE_PATH : /system/omc/omc_changetype
04-24 13:24:21.492 D/scs     (  572): OMC_RES_PATH : /system/omc/ATT/res
04-24 13:24:21.492 D/scs     (  572): OMC_ETC_PATH : /system/omc/ATT/etc
04-24 13:24:21.492 D/scs     (  572): OMCNW_PATH : /system/omc/ATT
04-24 13:24:21.492 D/scs     (  572): SW_CONFIG_FILE_PATH : /system/omc/SW_Configuration.xml
04-24 13:24:21.492 D/scs     (  572): set_CS_Code()
04-24 13:24:21.492 D/scs     (  572): set_CS_Code(customer filepath) : /system/omc/ATT/customer.xml
04-24 13:24:21.492 D/scs     (  572): setted country_code = USA
04-24 13:24:21.493 D/scs     (  572): setted countryiso_code = US
04-24 13:24:21.494 D/scs     (  572): ro.oem.key1 : ATT
04-24 13:24:21.494 D/scs     (  572): setted sales_code = ATT
04-24 13:24:21.495 D/scs     (  572): propPreSalesCode is null
04-24 13:24:21.495 D/scs     (  572): setted ro.csc.omcnw_code = ATT
04-24 13:24:21.495 D/scs     (  572): setted persist.sys.omcnw_path = /system/omc/ATT
04-24 13:24:21.495 D/scs     (  572): getCustomerLocale()
04-24 13:24:21.495 D/scs     (  572): getCustomerLocale(customer filepath) : /system/omc/ATT/customer.xml
04-24 13:24:21.495 D/scs     (  572): getConvertLocale()
04-24 13:24:21.495 D/scs     (  572): pLocation:automatic
04-24 13:24:21.495 D/scs     (  572): getConvertLocale()
04-24 13:24:21.496 D/scs     (  572): pLocation(NoSIM):english_us
04-24 13:24:21.496 D/scs     (  572): set_CSC_version()
04-24 13:24:21.496 D/scs     (  572): SW_CONFIG_FILE filepath : /system/omc/SW_Configuration.xml
04-24 13:24:21.496 D/scs     (  572): csc_name = G955UOYN
04-24 13:24:21.496 D/scs     (  572): csc_version = 7DTF4
04-24 13:24:21.497 D/scs     (  572): firstBootCheck file is created : G955UOYN7DTF4
04-24 13:24:21.499 E/scs     (  572): set R/S properties
04-24 13:24:21.499 D/scs     (  572): addGmsProperty()
04-24 13:24:21.499 D/scs     (  572): isConfigEncoded() : /system/omc/VZW/cscfeature.xml
04-24 13:24:21.500 D/scs     (  572): isConfigEncoded() : false
04-24 13:24:21.500 D/scs     (  572): Set GMS Client ID based on CarrierId VZW
04-24 13:24:21.500 D/scs     (  572): Xml is Encoded? 0
04-24 13:24:21.500 D/QSEECOMD: (  573): qseecom listener services process entry PPID = 1
04-24 13:24:21.500 E/QSEECOMD: (  573): Listener: index = 0, hierarchy = 0
04-24 13:24:21.500 D/scs     (  572): Set ro.com.google.clientidbase.am : android-verizon
04-24 13:24:21.500 D/scs     (  572): Set ro.com.google.clientidbase.gmm : android-samsung
04-24 13:24:21.500 D/scs     (  572): Set ro.com.google.clientidbase.ms : android-verizon
04-24 13:24:21.500 D/scs     (  572): Set ro.com.google.clientidbase.yt : android-verizon
04-24 13:24:21.500 D/scs     (  572): Cannot find WAL on xml
04-24 13:24:21.501 D/scs     (  572): Cannot find CR on xml
04-24 13:24:21.501 D/scs     (  572): setStsProperty()
04-24 13:24:21.501 D/scs     (  572): isConfigEncoded() : /system/omc/ATT/cscfeature.xml
04-24 13:24:21.501 D/scs     (  572): isConfigEncoded() : false
04-24 13:24:21.501 D/scs     (  572): Set STS property based on CarrierId ATT
04-24 13:24:21.501 D/scs     (  572): Xml is Encoded? 0
04-24 13:24:21.501 D/QSEECOMD: (  573): Init dlopen(librpmb.so, RTLD_NOW) succeeds
04-24 13:24:21.501 D/QSEECOMD: (  573): Init::Init dlsym(g_FSHandle rpmb_init_service) succeeds
04-24 13:24:21.501 D/scs     (  572): Set ro.sts.property : FALSE
04-24 13:24:21.501 D/scs     (  572): set partnerid from carrierid
04-24 13:24:21.501 D/scs     (  572): Read OMC_B2B_FILE, Change the path to B2C from B2B
04-24 13:24:21.501 I/rpmb_ufs(  573): RPMB Mult (512-byte sector) = 32768, Rel_sec_cnt = 64
04-24 13:24:21.501 D/scs     (  572): propCarrierId:VZW szB2C:
04-24 13:24:21.502 E/DrmLibRpmb(  573): rpmb_init succeeded! with ret = 0
04-24 13:24:21.502 D/QSEECOMD: (  573): Init rpmb_init_service ret = 0
04-24 13:24:21.502 D/QSEECOMD: (  573): RPMB system services: init (Listener ID = 8192)
04-24 13:24:21.502 E/QSEECOMD: (  573): Listener: index = 1, hierarchy = 0
04-24 13:24:21.503 D/scs     (  572): carrierid:VZW
04-24 13:24:21.503 D/QSEECOMD: (  573): Init dlopen(libssd.so, RTLD_NOW) succeeds
04-24 13:24:21.503 D/QSEECOMD: (  573): Init::Init dlsym(g_FSHandle ssd_init_service) succeeds
04-24 13:24:21.503 D/scs     (  572): Amazon property set : set partnerid from carrierid
04-24 13:24:21.503 D/scs     (  572): bootCarrierId:VZW
04-24 13:24:21.503 E/SSD     (  573): ssd_init_service succeeded!
04-24 13:24:21.503 D/QSEECOMD: (  573): Init ssd_init_service ret = 0
04-24 13:24:21.503 D/QSEECOMD: (  573): SSD system services: init (Listener ID = 12288)
04-24 13:24:21.503 E/QSEECOMD: (  573): Listener: index = 2, hierarchy = 0
04-24 13:24:21.503 D/scs     (  572): amazon cp not null 
04-24 13:24:21.504 D/scs     (  572): amazon carrierid:VZW
04-24 13:24:21.504 D/scs     (  572): #####property setting DONE ro.csc.amazon.partnerid :verizon
04-24 13:24:21.504 D/scs     (  572): setSpotifyProperty:1
04-24 13:24:21.504 D/scs     (  572): setSpotifyProperty country:US
04-24 13:24:21.504 D/scs     (  572): setSpotifyProperty carrier:ATT
04-24 13:24:21.504 D/scs     (  572): Device doesn't have Spotify(spotify.conf) country : US
04-24 13:24:21.504 D/scs     (  572): Device doesn't have Spotify(spotify.preload) carrier : ATT
04-24 13:24:21.504 D/scs     (  572): bootCarrierId:VZW
04-24 13:24:21.504 D/scs     (  572): Device doesn't have OATH conf(OATH config) corresponding to bootCarrierId VZW
04-24 13:24:21.527 D/QSEECOMD: (  573): Init dlopen(libsecureui.so, RTLD_NOW) succeeds
04-24 13:24:21.527 D/QSEECOMD: (  573): Init::Init dlsym(g_FSHandle secure_ui_init) succeeds
04-24 13:24:21.527 D/QSEECOMD: (  573): Init secure_ui_init ret = 0
04-24 13:24:21.527 D/QSEECOMD: (  573): secure UI services: init (Listener ID = 16384)
04-24 13:24:21.528 D/QSEECOMD: (  573): Parent qseecom daemon process paused!! 
04-24 13:24:21.528 D/QSEECOMD: (  576): qseecom listener service threads starting!!! 
04-24 13:24:21.528 D/QSEECOMD: (  576): Total listener services to start = 9
04-24 13:24:21.528 E/QSEECOMD: (  576): Listener: index = 0, hierarchy = 1
04-24 13:24:21.528 D/QSEECOMD: (  576): Init dlopen(librpmb.so, RTLD_NOW) succeeds
04-24 13:24:21.528 D/QSEECOMD: (  576): Init::Init dlsym(g_FSHandle rpmb_start) succeeds
04-24 13:24:21.528 D/QSEECOMAPI(  576): QSEECom_register_listener 8192 sb_length = 0x6400
04-24 13:24:21.528 D/QSEECOMD: (  576): Init rpmb_start ret = 0
04-24 13:24:21.528 D/QSEECOMD: (  576): RPMB system services: Started (Listener ID = 8192)
04-24 13:24:21.528 E/QSEECOMD: (  576): Listener: index = 1, hierarchy = 1
04-24 13:24:21.528 D/QSEECOMD: (  576): Init dlopen(libssd.so, RTLD_NOW) succeeds
04-24 13:24:21.528 D/QSEECOMD: (  576): Init::Init dlsym(g_FSHandle ssd_start) succeeds
04-24 13:24:21.528 D/QSEECOMAPI(  576): QSEECom_register_listener 12288 sb_length = 0x5000
04-24 13:24:21.529 D/QSEECOMD: (  576): Init ssd_start ret = 0
04-24 13:24:21.529 D/QSEECOMD: (  576): SSD system services: Started (Listener ID = 12288)
04-24 13:24:21.529 E/QSEECOMD: (  576): Listener: index = 2, hierarchy = 1
04-24 13:24:21.529 D/QSEECOMD: (  576): Init dlopen(libsecureui.so, RTLD_NOW) succeeds
04-24 13:24:21.529 D/QSEECOMD: (  576): Init::Init dlsym(g_FSHandle secure_ui_start) succeeds
04-24 13:24:21.529 D/QSEECOMAPI(  576): QSEECom_register_listener 16384 sb_length = 0x10a8
04-24 13:24:21.529 D/QSEECOMD: (  576): Init secure_ui_start ret = 0
04-24 13:24:21.529 D/QSEECOMD: (  576): secure UI services: Started (Listener ID = 16384)
04-24 13:24:21.529 E/QSEECOMD: (  576): Listener: index = 3, hierarchy = 1
04-24 13:24:21.531 D/QSEECOMD: (  576): Init dlopen(libdrmtime.so, RTLD_NOW) succeeds
04-24 13:24:21.531 D/QSEECOMD: (  576): Init::Init dlsym(g_FSHandle atime_start) succeeds
04-24 13:24:21.531 D/DrmLibTime(  576): QSEE Time Listener: atime_start
04-24 13:24:21.531 D/QSEECOMAPI(  576): QSEECom_register_listener 11 sb_length = 0x5000
04-24 13:24:21.531 D/DrmLibTime(  576): registering fs service to QSEECom is done!
04-24 13:24:21.531 D/DrmLibTime(  576): begin to create a thread!
04-24 13:24:21.531 D/DrmLibTime(  576): Creating a pthread in atime_start is done! return 0
04-24 13:24:21.531 D/QSEECOMD: (  576): Init atime_start ret = 0
04-24 13:24:21.531 D/QSEECOMD: (  576): time services: Started (Listener ID = 11)
04-24 13:24:21.531 E/QSEECOMD: (  576): Listener: index = 4, hierarchy = 1
04-24 13:24:21.531 D/DrmLibTime(  576): QSEE Time Listener: dispatch
04-24 13:24:21.531 D/DrmLibTime(  576): before calling ioctl to read the next time_cmd
04-24 13:24:21.532 D/QSEECOMD: (  576): Init dlopen(libdrmfs.so, RTLD_NOW) succeeds
04-24 13:24:21.532 D/QSEECOMD: (  576): Init::Init dlsym(g_FSHandle fs_start) succeeds
04-24 13:24:21.532 D/QSEECOMAPI(  576): QSEECom_register_listener 10 sb_length = 0x5000
04-24 13:24:21.532 D/QSEECOMD: (  576): Init fs_start ret = 0
04-24 13:24:21.532 D/QSEECOMD: (  576): file system services: Started (Listener ID = 10)
04-24 13:24:21.532 E/QSEECOMD: (  576): Listener: index = 5, hierarchy = 1
04-24 13:24:21.532 D/QSEECOMD: (  576): Init dlopen(libdrmfs.so, RTLD_NOW) succeeds
04-24 13:24:21.532 D/QSEECOMD: (  576): Init::Init dlsym(g_FSHandle gpfs_start) succeeds
04-24 13:24:21.535 D/QSEECOMAPI(  576): QSEECom_register_listener 28672 sb_length = 0x7e000
04-24 13:24:21.535 D/QSEECOMD: (  576): Init gpfs_start ret = 0
04-24 13:24:21.535 D/QSEECOMD: (  576): gpfile system services: Started (Listener ID = 28672)
04-24 13:24:21.535 E/QSEECOMD: (  576): Listener: index = 6, hierarchy = 1
04-24 13:24:21.536 D/QSEECOMD: (  576): Init dlopen(libqisl.so, RTLD_NOW) succeeds
04-24 13:24:21.536 D/QSEECOMD: (  576): Init::Init dlsym(g_FSHandle qisl_start) succeeds
--------- beginning of system
04-24 13:24:21.536 I/QISL    (  576): QSEE Interrupt Service Listener Thread is started
04-24 13:24:21.536 D/QSEECOMAPI(  576): QSEECom_register_listener 36864 sb_length = 0x1f4
04-24 13:24:21.537 I/QISL    (  576): QSEE Interrupt Service Listener was activated successfully
04-24 13:24:21.537 D/QSEECOMD: (  576): Init qisl_start ret = 0
04-24 13:24:21.537 D/QSEECOMD: (  576): interrupt services: Started (Listener ID = 36864)
04-24 13:24:21.537 E/QSEECOMD: (  576): Listener: index = 7, hierarchy = 1
04-24 13:24:21.538 D/QSEECOMD: (  576): Init dlopen(libspl.so, RTLD_NOW) succeeds
04-24 13:24:21.538 D/QSEECOMD: (  576): Init::Init dlsym(g_FSHandle spl_start) succeeds
04-24 13:24:21.538 D/SPL     (  576): Call QSEECom_register_listener()
04-24 13:24:21.538 D/QSEECOMAPI(  576): QSEECom_register_listener 45056 sb_length = 0x400
04-24 13:24:21.538 D/SPL     (  576): Registered listener sucessfully!
04-24 13:24:21.538 D/SPL     (  576): pipe read-fd [31] write-fd [32]
04-24 13:24:21.538 D/SPL     (  576): Create thread
04-24 13:24:21.538 D/SPL     (  576): Thread created sucessfully.
04-24 13:24:21.538 D/QSEECOMD: (  576): Init spl_start ret = 0
04-24 13:24:21.538 D/SPL     (  576): spl_dispatch() started
04-24 13:24:21.538 D/QSEECOMD: (  576): secure processor services: Started (Listener ID = 45056)
04-24 13:24:21.538 D/SPL     (  576): ==== Wait For Request ======
04-24 13:24:21.538 E/QSEECOMD: (  576): Listener: index = 8, hierarchy = 1
04-24 13:24:21.540 D/QSEECOMD: (  576): Init dlopen(libGPreqcancel.so, RTLD_NOW) succeeds
04-24 13:24:21.540 D/QSEECOMD: (  576): Init::Init dlsym(g_FSHandle gp_reqcancel_start) succeeds
04-24 13:24:21.540 D/QSEECOMAPI(  576): QSEECom_register_listener 4352 sb_length = 0x5000
04-24 13:24:21.540 D/QSEECOMD: (  576): Init gp_reqcancel_start ret = 0
04-24 13:24:21.540 D/QSEECOMD: (  576): gp request cancellation services: Started (Listener ID = 4352)
04-24 13:24:21.540 D/QSEECOMD: (  576): QSEECOM DAEMON RUNNING 
04-24 13:24:21.680 I/STORK_BIRD(  596): [Server] Storkbird version 1.0.3 start!!!
04-24 13:24:21.681 D/vndksupport(  593): Loading /vendor/lib64/hw/android.hardware.keymaster@3.0-impl.so from current namespace instead of sphal namespace.
04-24 13:24:21.700 I/android.hardware.keymaster@3.0-impl(  593): Fetching keymaster device name default
04-24 13:24:21.700 I/auditd  (  608): Starting up
04-24 13:24:21.700 D/vndksupport(  593): Loading /vendor/lib64/hw/keystore.mdfpp.so from current namespace instead of sphal namespace.
04-24 13:24:21.700 I/auditd  (  608): Start at vold.decrypt: none, ro.crypto.state : encrypted, ro.crypto.type : block
04-24 13:24:21.700 I/auditd  (  608): Exiting by unmounted status
04-24 13:24:21.704 I/keymaster_tee(  593): [INFO]:  (nwd_keymaster_mdfpp.cpp:1057) entered device_open function
04-24 13:24:21.705 I/keymaster_tee(  593): [INFO]:  (nwd_keymaster_tc_api.c:65) Open MDFPP keymaster version 1.9.04
04-24 13:24:21.705 D/keymaster_tee(  593): [DEBUG]: (nwd_keymaster_synchronization.c:27) sync init...OK
04-24 13:24:21.705 D/keymaster_tee(  593): [DEBUG]: (nwd_keymaster_qualcomm.c:101) request 82112 bytes
04-24 13:24:21.705 D/keymaster_tee(  593): [DEBUG]: (nwd_keymaster_qualcomm.c:45) qsc_start_app: buff_size: 82112
04-24 13:24:21.705 D/QSEECOMAPI(  593): QSEECom_get_handle sb_length = 0x140c0
04-24 13:24:21.705 D/QSEECOMAPI(  593): App is not loaded in QSEE
04-24 13:24:21.705 D/QSEECOMAPI(  593): app_arch = 1, total_files = 9
04-24 13:24:21.728 I/ServiceManagement(  594): Removing namespace from process name vendor.samsung.security.wsm@1.0-service to wsm@1.0-service.
04-24 13:24:21.814 D/libmdf  (  602): libmdf v2.9.0.0 On 64bit PLATFORM
04-24 13:24:21.814 I/vold    (  602): Vold 3.0 (the awakening) firing up
04-24 13:24:21.815 V/vold    (  602): Detected support for: ext4 f2fs vfat
04-24 13:24:21.819 D/vold    (  602): Pass unmount : /mnt/secure/asec
04-24 13:24:21.819 D/vold    (  602): Pass unmount : /mnt/secure
04-24 13:24:21.819 V/vold    (  602): Found unmanaged dm device named system
04-24 13:24:21.819 D/QSEECOMAPI(  593): Loaded image: APP id = 196611
04-24 13:24:21.819 W/vold    (  602): Failed to LOOP_GET_STATUS64 /dev/block/loop6: No such device or address
04-24 13:24:21.819 W/vold    (  602): Failed to LOOP_GET_STATUS64 /dev/block/loop7: No such device or address
04-24 13:24:21.819 W/vold    (  602): Failed to LOOP_GET_STATUS64 /dev/block/loop0: No such device or address
04-24 13:24:21.819 W/vold    (  602): Failed to LOOP_GET_STATUS64 /dev/block/loop4: No such device or address
04-24 13:24:21.819 W/vold    (  602): Failed to LOOP_GET_STATUS64 /dev/block/loop5: No such device or address
04-24 13:24:21.819 W/vold    (  602): Failed to LOOP_GET_STATUS64 /dev/block/loop2: No such device or address
04-24 13:24:21.819 W/vold    (  602): Failed to LOOP_GET_STATUS64 /dev/block/loop1: No such device or address
04-24 13:24:21.819 W/vold    (  602): Failed to LOOP_GET_STATUS64 /dev/block/loop3: No such device or address
04-24 13:24:21.820 V/vold    (  602): VolumeBase::create()++
04-24 13:24:21.820 D/keymaster_tee(  593): [DEBUG]: (nwd_keymaster_qualcomm.c:52) Loading app skeymast 
04-24 13:24:21.820 I/epmlogd (  602): EpmLog::EpmLog
04-24 13:24:21.820 D/keymaster_tee(  593): [DEBUG]: (nwd_keymaster_qualcomm.c:116) Tl opened
04-24 13:24:21.820 I/android.hardware.keymaster@3.0-impl(  593): USE_SEC_FEATURE_MDFPP_KEYMASTER is turned on, using skeymaster device.
04-24 13:24:21.820 E/epmd    (  602): FsHandlerThread not started: Thread not created (No such file or directory)
04-24 13:24:21.820 I/        (  602): FsHandlerThread::FsHandlerThread created
04-24 13:24:21.820 I/        (  602): Socket created with fd:8
04-24 13:24:21.820 I/        (  602): Before polling: fd: 8 
04-24 13:24:21.820 I/        (  602): fs_handler setPid success pid = 602
04-24 13:24:21.820 I/        (  602): Netlink sending message queue initialized!
04-24 13:24:21.820 I/ServiceManagement(  593): Removing namespace from process name android.hardware.keymaster@3.0-service to keymaster@3.0-service.
04-24 13:24:21.821 I/android.hardware.keymaster@3.0-service(  593): Registration complete for android.hardware.keymaster@3.0::IKeymasterDevice/default.
04-24 13:24:21.821 I/vold    (  602): EnterprisePartitionManager created
04-24 13:24:21.822 I/vold    (  602): [libfs_mgr]dt_fstab: Skip disabled entry for partition vendor
04-24 13:24:21.822 I/vold    (  602): Check fstab record : /dev/block/platform/soc/1da4000.ufshc/by-name/system	/system	ext4
04-24 13:24:21.822 I/vold    (  602): Check fstab record : /dev/block/bootdevice/by-name/userdata	/data	ext4
04-24 13:24:21.822 I/vold    (  602): Check fstab record : /dev/block/zram0	none	swap
04-24 13:24:21.822 I/vold    (  602): Check fstab record : /dev/block/bootdevice/by-name/misc	/misc	emmc
04-24 13:24:21.822 I/vold    (  602): Check fstab record : /dev/block/bootdevice/by-name/cache	/cache	ext4
04-24 13:24:21.822 I/vold    (  602): Check fstab record : /dev/block/bootdevice/by-name/efs	/efs	ext4
04-24 13:24:21.822 I/vold    (  602): Check fstab record : /dev/block/bootdevice/by-name/hidden	/preload	ext4
04-24 13:24:21.822 I/vold    (  602): Check fstab record : /devices/soc/c0a4900.sdhci/mmc_host/mmc*	auto	vfat
04-24 13:24:21.822 I/vold    (  602): Check fstab record : /devices/soc/a800000.ssusb/a800000.dwc3/xhci-hcd.0.auto/usb*	auto	auto
04-24 13:24:21.823 D/vold    (  602): VoldNativeService::start() completed OK
04-24 13:24:21.824 D/vold    (  602): initUser0
04-24 13:24:21.824 D/Ext4Crypt(  602): e4crypt_init_user0
04-24 13:24:21.824 I/vold    (  602): CC flag: 4
04-24 13:24:21.825 D/Ext4Crypt(  602): e4crypt_prepare_user_storage for volume null, user 0, serial 0, flags 1
04-24 13:24:21.825 D/Ext4Crypt(  602): Preparing: /data/system/users/0
04-24 13:24:21.825 D/Ext4Crypt(  602): Preparing: /data/misc/profiles/cur/0
04-24 13:24:21.825 D/Ext4Crypt(  602): Preparing: /data/system_de/0
04-24 13:24:21.825 D/Ext4Crypt(  602): Preparing: /data/misc_de/0
04-24 13:24:21.825 D/Ext4Crypt(  602): Preparing: /data/vendor_de/0
04-24 13:24:21.825 D/Ext4Crypt(  602): Preparing: /data/user_de/0
04-24 13:24:21.825 V/vold    (  602):  : /system/bin/vold_prepare_subdirs
04-24 13:24:21.825 V/vold    (  602):  prepare
04-24 13:24:21.825 V/vold    (  602):  
04-24 13:24:21.825 V/vold    (  602):  0
04-24 13:24:21.825 V/vold    (  602):  1
04-24 13:24:21.827 V/vold    (  602): ----------------
04-24 13:24:21.827 V/vold    (  602): handleBlockEvent with action 1
04-24 13:24:21.827 D/NetlinkEvent(  602): NL param 'DEVPATH=/devices/soc/1da4000.ufshc/host0/target0:0:0/0:0:0:0/block/sda'
04-24 13:24:21.827 D/NetlinkEvent(  602): NL param 'MAJOR=8'
04-24 13:24:21.827 D/NetlinkEvent(  602): NL param 'MINOR=0'
04-24 13:24:21.827 D/NetlinkEvent(  602): NL param 'DEVNAME=sda'
04-24 13:24:21.827 D/NetlinkEvent(  602): NL param 'DEVTYPE=disk'
04-24 13:24:21.827 D/NetlinkEvent(  602): NL param 'NPARTS=25'
04-24 13:24:21.827 E/NetlinkEvent(  602): NetlinkEvent::FindParam(): Parameter 'MEDIAPRST' not found
04-24 13:24:21.827 V/vold    (  602): handleBlockEvent critical error MEDIAPRST absent, not to handle eventPath : /devices/soc/1da4000.ufshc/host0/target0:0:0/0:0:0:0/block/sda
04-24 13:24:21.827 D/NetlinkEvent(  602): NL param 'DEVPATH=/devices/soc/1da4000.ufshc/host0/target0:0:0/0:0:0:0/block/sda'
04-24 13:24:21.827 D/NetlinkEvent(  602): NL param 'MAJOR=8'
04-24 13:24:21.827 D/NetlinkEvent(  602): NL param 'MINOR=0'
04-24 13:24:21.827 D/NetlinkEvent(  602): NL param 'DEVNAME=sda'
04-24 13:24:21.827 D/NetlinkEvent(  602): NL param 'DEVTYPE=disk'
04-24 13:24:21.827 D/NetlinkEvent(  602): NL param 'NPARTS=25'
04-24 13:24:21.827 V/vold    (  602): ----------------
04-24 13:24:21.827 V/vold    (  602): handleBlockEvent with action 1
04-24 13:24:21.827 D/NetlinkEvent(  602): NL param 'DEVPATH=/devices/soc/1da4000.ufshc/host0/target0:0:0/0:0:0:0/block/sda/sda1'
04-24 13:24:21.827 D/NetlinkEvent(  602): NL param 'MAJOR=8'
04-24 13:24:21.827 D/NetlinkEvent(  602): NL param 'MINOR=1'
04-24 13:24:21.827 D/NetlinkEvent(  602): NL param 'DEVNAME=sda1'
04-24 13:24:21.827 D/NetlinkEvent(  602): NL param 'DEVTYPE=partition'
04-24 13:24:21.827 D/NetlinkEvent(  602): NL param 'PARTN=1'
04-24 13:24:21.827 D/NetlinkEvent(  602): NL param 'PARTNAME=modemst1'
04-24 13:24:21.827 V/vold    (  602): handleBlockEventThrow out event : partition
04-24 13:24:21.827 V/vold    (  602): ----------------
04-24 13:24:21.827 V/vold    (  602): handleBlockEvent with action 1
04-24 13:24:21.827 D/NetlinkEvent(  602): NL param 'DEVPATH=/devices/soc/1da4000.ufshc/host0/target0:0:0/0:0:0:0/block/sda/sda2'
04-24 13:24:21.827 D/NetlinkEvent(  602): NL param 'MAJOR=8'
04-24 13:24:21.827 D/NetlinkEvent(  602): NL param 'MINOR=2'
04-24 13:24:21.827 D/NetlinkEvent(  602): NL param 'DEVNAME=sda2'
04-24 13:24:21.827 D/NetlinkEvent(  602): NL param 'DEVTYPE=partition'
04-24 13:24:21.827 D/NetlinkEvent(  602): NL param 'PARTN=2'
04-24 13:24:21.827 D/NetlinkEvent(  602): NL param 'PARTNAME=modemst2'
04-24 13:24:21.827 V/vold    (  602): handleBlockEventThrow out event : partition
04-24 13:24:21.827 V/vold    (  602): ----------------
04-24 13:24:21.827 V/vold    (  602): handleBlockEvent with action 1
04-24 13:24:21.827 D/NetlinkEvent(  602): NL param 'DEVPATH=/devices/soc/1da4000.ufshc/host0/target0:0:0/0:0:0:0/block/sda/sda3'
04-24 13:24:21.827 D/NetlinkEvent(  602): NL param 'MAJOR=8'
04-24 13:24:21.827 D/NetlinkEvent(  602): NL param 'MINOR=3'
04-24 13:24:21.827 D/NetlinkEvent(  602): NL param 'DEVNAME=sda3'
04-24 13:24:21.827 D/NetlinkEvent(  602): NL param 'DEVTYPE=partition'
04-24 13:24:21.827 D/NetlinkEvent(  602): NL param 'PARTN=3'
04-24 13:24:21.827 D/NetlinkEvent(  602): NL param 'PARTNAME=fsc'
04-24 13:24:21.827 V/vold    (  602): handleBlockEventThrow out event : partition
04-24 13:24:21.827 V/vold    (  602): ----------------
04-24 13:24:21.827 V/vold    (  602): handleBlockEvent with action 1
04-24 13:24:21.827 D/NetlinkEvent(  602): NL param 'DEVPATH=/devices/soc/1da4000.ufshc/host0/target0:0:0/0:0:0:0/block/sda/sda4'
04-24 13:24:21.827 D/NetlinkEvent(  602): NL param 'MAJOR=8'
04-24 13:24:21.827 D/NetlinkEvent(  602): NL param 'MINOR=4'
04-24 13:24:21.827 D/NetlinkEvent(  602): NL param 'DEVNAME=sda4'
04-24 13:24:21.827 D/NetlinkEvent(  602): NL param 'DEVTYPE=partition'
04-24 13:24:21.827 D/NetlinkEvent(  602): NL param 'PARTN=4'
04-24 13:24:21.827 D/NetlinkEvent(  602): NL param 'PARTNAME=ssd'
04-24 13:24:21.827 V/vold    (  602): handleBlockEventThrow out event : partition
04-24 13:24:21.827 V/vold    (  602): ----------------
04-24 13:24:21.827 V/vold    (  602): handleBlockEvent with action 1
04-24 13:24:21.827 D/NetlinkEvent(  602): NL param 'DEVPATH=/devices/soc/1da4000.ufshc/host0/target0:0:0/0:0:0:0/block/sda/sda5'
04-24 13:24:21.827 D/NetlinkEvent(  602): NL param 'MAJOR=8'
04-24 13:24:21.827 D/NetlinkEvent(  602): NL param 'MINOR=5'
04-24 13:24:21.827 D/NetlinkEvent(  602): NL param 'DEVNAME=sda5'
04-24 13:24:21.827 D/NetlinkEvent(  602): NL param 'DEVTYPE=partition'
04-24 13:24:21.827 D/NetlinkEvent(  602): NL param 'PARTN=5'
04-24 13:24:21.827 D/NetlinkEvent(  602): NL param 'PARTNAME=persist'
04-24 13:24:21.827 V/vold    (  602): handleBlockEventThrow out event : partition
04-24 13:24:21.827 V/vold    (  602): ----------------
04-24 13:24:21.827 V/vold    (  602): handleBlockEvent with action 1
04-24 13:24:21.827 D/NetlinkEvent(  602): NL param 'DEVPATH=/devices/soc/1da4000.ufshc/host0/target0:0:0/0:0:0:0/block/sda/sda6'
04-24 13:24:21.827 D/NetlinkEvent(  602): NL param 'MAJOR=8'
04-24 13:24:21.827 D/NetlinkEvent(  602): NL param 'MINOR=6'
04-24 13:24:21.827 D/NetlinkEvent(  602): NL param 'DEVNAME=sda6'
04-24 13:24:21.827 D/NetlinkEvent(  602): NL param 'DEVTYPE=partition'
04-24 13:24:21.828 D/NetlinkEvent(  602): NL param 'PARTN=6'
04-24 13:24:21.828 D/NetlinkEvent(  602): NL param 'PARTNAME=efs'
04-24 13:24:21.828 V/vold    (  602): handleBlockEventThrow out event : partition
04-24 13:24:21.828 V/vold    (  602): ----------------
04-24 13:24:21.828 V/vold    (  602): handleBlockEvent with action 1
04-24 13:24:21.828 D/NetlinkEvent(  602): NL param 'DEVPATH=/devices/soc/1da4000.ufshc/host0/target0:0:0/0:0:0:0/block/sda/sda7'
04-24 13:24:21.828 D/NetlinkEvent(  602): NL param 'MAJOR=8'
04-24 13:24:21.828 D/NetlinkEvent(  602): NL param 'MINOR=7'
04-24 13:24:21.828 D/NetlinkEvent(  602): NL param 'DEVNAME=sda7'
04-24 13:24:21.828 D/NetlinkEvent(  602): NL param 'DEVTYPE=partition'
04-24 13:24:21.828 D/NetlinkEvent(  602): NL param 'PARTN=7'
04-24 13:24:21.828 D/NetlinkEvent(  602): NL param 'PARTNAME=param'
04-24 13:24:21.828 V/vold    (  602): handleBlockEventThrow out event : partition
04-24 13:24:21.828 V/vold    (  602): ----------------
04-24 13:24:21.828 V/vold    (  602): handleBlockEvent with action 1
04-24 13:24:21.828 D/NetlinkEvent(  602): NL param 'DEVPATH=/devices/soc/1da4000.ufshc/host0/target0:0:0/0:0:0:0/block/sda/sda8'
04-24 13:24:21.828 D/NetlinkEvent(  602): NL param 'MAJOR=8'
04-24 13:24:21.828 D/NetlinkEvent(  602): NL param 'MINOR=8'
04-24 13:24:21.828 D/NetlinkEvent(  602): NL param 'DEVNAME=sda8'
04-24 13:24:21.828 D/NetlinkEvent(  602): NL param 'DEVTYPE=partition'
04-24 13:24:21.828 D/NetlinkEvent(  602): NL param 'PARTN=8'
04-24 13:24:21.828 D/NetlinkEvent(  602): NL param 'PARTNAME=misc'
04-24 13:24:21.828 V/vold    (  602): handleBlockEventThrow out event : partition
04-24 13:24:21.828 V/vold    (  602): ----------------
04-24 13:24:21.828 V/vold    (  602): handleBlockEvent with action 1
04-24 13:24:21.828 D/NetlinkEvent(  602): NL param 'DEVPATH=/devices/soc/1da4000.ufshc/host0/target0:0:0/0:0:0:0/block/sda/sda9'
04-24 13:24:21.828 D/NetlinkEvent(  602): NL param 'MAJOR=8'
04-24 13:24:21.828 D/NetlinkEvent(  602): NL param 'MINOR=9'
04-24 13:24:21.828 D/NetlinkEvent(  602): NL param 'DEVNAME=sda9'
04-24 13:24:21.828 D/NetlinkEvent(  602): NL param 'DEVTYPE=partition'
04-24 13:24:21.828 D/NetlinkEvent(  602): NL param 'PARTN=9'
04-24 13:24:21.828 D/NetlinkEvent(  602): NL param 'PARTNAME=keystore'
04-24 13:24:21.828 V/vold    (  602): handleBlockEventThrow out event : partition
04-24 13:24:21.828 V/vold    (  602): ----------------
04-24 13:24:21.828 V/vold    (  602): handleBlockEvent with action 1
04-24 13:24:21.828 D/NetlinkEvent(  602): NL param 'DEVPATH=/devices/soc/1da4000.ufshc/host0/target0:0:0/0:0:0:0/block/sda/sda10'
04-24 13:24:21.828 D/NetlinkEvent(  602): NL param 'MAJOR=8'
04-24 13:24:21.828 D/NetlinkEvent(  602): NL param 'MINOR=10'
04-24 13:24:21.828 D/NetlinkEvent(  602): NL param 'DEVNAME=sda10'
04-24 13:24:21.828 D/NetlinkEvent(  602): NL param 'DEVTYPE=partition'
04-24 13:24:21.828 D/NetlinkEvent(  602): NL param 'PARTN=10'
04-24 13:24:21.828 D/NetlinkEvent(  602): NL param 'PARTNAME=bota'
04-24 13:24:21.828 V/vold    (  602): handleBlockEventThrow out event : partition
04-24 13:24:21.828 V/vold    (  602): ----------------
04-24 13:24:21.828 V/vold    (  602): handleBlockEvent with action 1
04-24 13:24:21.828 D/NetlinkEvent(  602): NL param 'DEVPATH=/devices/soc/1da4000.ufshc/host0/target0:0:0/0:0:0:0/block/sda/sda11'
04-24 13:24:21.828 D/NetlinkEvent(  602): NL param 'MAJOR=8'
04-24 13:24:21.828 D/NetlinkEvent(  602): NL param 'MINOR=11'
04-24 13:24:21.828 D/NetlinkEvent(  602): NL param 'DEVNAME=sda11'
04-24 13:24:21.828 D/NetlinkEvent(  602): NL param 'DEVTYPE=partition'
04-24 13:24:21.828 D/NetlinkEvent(  602): NL param 'PARTN=11'
04-24 13:24:21.828 D/NetlinkEvent(  602): NL param 'PARTNAME=fota'
04-24 13:24:21.828 V/vold    (  602): handleBlockEventThrow out event : partition
04-24 13:24:21.828 V/vold    (  602): ----------------
04-24 13:24:21.828 V/vold    (  602): handleBlockEvent with action 1
04-24 13:24:21.828 D/NetlinkEvent(  602): NL param 'DEVPATH=/devices/soc/1da4000.ufshc/host0/target0:0:0/0:0:0:0/block/sda/sda12'
04-24 13:24:21.828 D/NetlinkEvent(  602): NL param 'MAJOR=8'
04-24 13:24:21.828 D/NetlinkEvent(  602): NL param 'MINOR=12'
04-24 13:24:21.828 D/NetlinkEvent(  602): NL param 'DEVNAME=sda12'
04-24 13:24:21.828 D/NetlinkEvent(  602): NL param 'DEVTYPE=partition'
04-24 13:24:21.828 D/NetlinkEvent(  602): NL param 'PARTN=12'
04-24 13:24:21.828 D/NetlinkEvent(  602): NL param 'PARTNAME=persistent'
04-24 13:24:21.828 V/vold    (  602): handleBlockEventThrow out event : partition
04-24 13:24:21.828 V/vold    (  602): ----------------
04-24 13:24:21.828 V/vold    (  602): handleBlockEvent with action 1
04-24 13:24:21.828 D/NetlinkEvent(  602): NL param 'DEVPATH=/devices/soc/1da4000.ufshc/host0/target0:0:0/0:0:0:0/block/sda/sda13'
04-24 13:24:21.828 D/NetlinkEvent(  602): NL param 'MAJOR=8'
04-24 13:24:21.828 D/NetlinkEvent(  602): NL param 'MINOR=13'
04-24 13:24:21.828 D/NetlinkEvent(  602): NL param 'DEVNAME=sda13'
04-24 13:24:21.828 D/NetlinkEvent(  602): NL param 'DEVTYPE=partition'
04-24 13:24:21.828 D/NetlinkEvent(  602): NL param 'PARTN=13'
04-24 13:24:21.828 D/NetlinkEvent(  602): NL param 'PARTNAME=steady'
04-24 13:24:21.828 V/vold    (  602): handleBlockEventThrow out event : partition
04-24 13:24:21.828 V/vold    (  602): ----------------
04-24 13:24:21.828 V/vold    (  602): handleBlockEvent with action 1
04-24 13:24:21.828 D/NetlinkEvent(  602): NL param 'DEVPATH=/devices/soc/1da4000.ufshc/host0/target0:0:0/0:0:0:0/block/sda/sda14'
04-24 13:24:21.828 D/NetlinkEvent(  602): NL param 'MAJOR=8'
04-24 13:24:21.828 D/NetlinkEvent(  602): NL param 'MINOR=14'
04-24 13:24:21.828 D/NetlinkEvent(  602): NL param 'DEVNAME=sda14'
04-24 13:24:21.828 D/NetlinkEvent(  602): NL param 'DEVTYPE=partition'
04-24 13:24:21.828 D/NetlinkEvent(  602): NL param 'PARTN=14'
04-24 13:24:21.828 D/NetlinkEvent(  602): NL param 'PARTNAME=keyrefuge'
04-24 13:24:21.828 V/vold    (  602): handleBlockEventThrow out event : partition
04-24 13:24:21.828 V/vold    (  602): ----------------
04-24 13:24:21.828 V/vold    (  602): handleBlockEvent with action 1
04-24 13:24:21.828 D/NetlinkEvent(  602): NL param 'DEVPATH=/devices/soc/1da4000.ufshc/host0/target0:0:0/0:0:0:0/block/sda/sda15'
04-24 13:24:21.828 D/NetlinkEvent(  602): NL param 'MAJOR=8'
04-24 13:24:21.828 D/NetlinkEvent(  602): NL param 'MINOR=15'
04-24 13:24:21.828 D/NetlinkEvent(  602): NL param 'DEVNAME=sda15'
04-24 13:24:21.828 D/NetlinkEvent(  602): NL param 'DEVTYPE=partition'
04-24 13:24:21.828 D/NetlinkEvent(  602): NL param 'PARTN=15'
04-24 13:24:21.828 D/NetlinkEvent(  602): NL param 'PARTNAME=apnhlos'
04-24 13:24:21.828 V/vold    (  602): handleBlockEventThrow out event : partition
04-24 13:24:21.828 V/vold    (  602): ----------------
04-24 13:24:21.828 V/vold    (  602): handleBlockEvent with action 1
04-24 13:24:21.828 D/NetlinkEvent(  602): NL param 'DEVPATH=/devices/soc/1da4000.ufshc/host0/target0:0:0/0:0:0:0/block/sda/sda16'
04-24 13:24:21.828 D/NetlinkEvent(  602): NL param 'MAJOR=259'
04-24 13:24:21.828 D/NetlinkEvent(  602): NL param 'MINOR=0'
04-24 13:24:21.828 D/NetlinkEvent(  602): NL param 'DEVNAME=sda16'
04-24 13:24:21.828 D/NetlinkEvent(  602): NL param 'DEVTYPE=partition'
04-24 13:24:21.828 D/NetlinkEvent(  602): NL param 'PARTN=16'
04-24 13:24:21.828 D/NetlinkEvent(  602): NL param 'PARTNAME=modem'
04-24 13:24:21.828 V/vold    (  602): handleBlockEventThrow out event : partition
04-24 13:24:21.828 V/vold    (  602): ----------------
04-24 13:24:21.828 V/vold    (  602): handleBlockEvent with action 1
04-24 13:24:21.828 D/NetlinkEvent(  602): NL param 'DEVPATH=/devices/soc/1da4000.ufshc/host0/target0:0:0/0:0:0:0/block/sda/sda17'
04-24 13:24:21.828 D/NetlinkEvent(  602): NL param 'MAJOR=259'
04-24 13:24:21.828 D/NetlinkEvent(  602): NL param 'MINOR=1'
04-24 13:24:21.828 D/NetlinkEvent(  602): NL param 'DEVNAME=sda17'
04-24 13:24:21.828 D/NetlinkEvent(  602): NL param 'DEVTYPE=partition'
04-24 13:24:21.828 D/NetlinkEvent(  602): NL param 'PARTN=17'
04-24 13:24:21.828 D/NetlinkEvent(  602): NL param 'PARTNAME=boot'
04-24 13:24:21.828 V/vold    (  602): handleBlockEventThrow out event : partition
04-24 13:24:21.828 V/vold    (  602): ----------------
04-24 13:24:21.828 V/vold    (  602): handleBlockEvent with action 1
04-24 13:24:21.828 D/NetlinkEvent(  602): NL param 'DEVPATH=/devices/soc/1da4000.ufshc/host0/target0:0:0/0:0:0:0/block/sda/sda18'
04-24 13:24:21.828 D/NetlinkEvent(  602): NL param 'MAJOR=259'
04-24 13:24:21.828 D/NetlinkEvent(  602): NL param 'MINOR=2'
04-24 13:24:21.828 D/NetlinkEvent(  602): NL param 'DEVNAME=sda18'
04-24 13:24:21.828 D/NetlinkEvent(  602): NL param 'DEVTYPE=partition'
04-24 13:24:21.828 D/NetlinkEvent(  602): NL param 'PARTN=18'
04-24 13:24:21.828 D/NetlinkEvent(  602): NL param 'PARTNAME=recovery'
04-24 13:24:21.828 V/vold    (  602): handleBlockEventThrow out event : partition
04-24 13:24:21.828 V/vold    (  602): ----------------
04-24 13:24:21.828 V/vold    (  602): handleBlockEvent with action 1
04-24 13:24:21.828 D/NetlinkEvent(  602): NL param 'DEVPATH=/devices/soc/1da4000.ufshc/host0/target0:0:0/0:0:0:0/block/sda/sda19'
04-24 13:24:21.828 D/NetlinkEvent(  602): NL param 'MAJOR=259'
04-24 13:24:21.828 D/NetlinkEvent(  602): NL param 'MINOR=3'
04-24 13:24:21.828 D/NetlinkEvent(  602): NL param 'DEVNAME=sda19'
04-24 13:24:21.828 D/NetlinkEvent(  602): NL param 'DEVTYPE=partition'
04-24 13:24:21.828 D/NetlinkEvent(  602): NL param 'PARTN=19'
04-24 13:24:21.828 D/NetlinkEvent(  602): NL param 'PARTNAME=system'
04-24 13:24:21.828 V/vold    (  602): handleBlockEventThrow out event : partition
04-24 13:24:21.828 V/vold    (  602): ----------------
04-24 13:24:21.828 V/vold    (  602): handleBlockEvent with action 1
04-24 13:24:21.828 D/NetlinkEvent(  602): NL param 'DEVPATH=/devices/soc/1da4000.ufshc/host0/target0:0:0/0:0:0:0/block/sda/sda20'
04-24 13:24:21.828 D/NetlinkEvent(  602): NL param 'MAJOR=259'
04-24 13:24:21.828 D/NetlinkEvent(  602): NL param 'MINOR=4'
04-24 13:24:21.828 D/NetlinkEvent(  602): NL param 'DEVNAME=sda20'
04-24 13:24:21.828 D/NetlinkEvent(  602): NL param 'DEVTYPE=partition'
04-24 13:24:21.828 D/NetlinkEvent(  602): NL param 'PARTN=20'
04-24 13:24:21.828 D/NetlinkEvent(  602): NL param 'PARTNAME=cache'
04-24 13:24:21.829 V/vold    (  602): handleBlockEventThrow out event : partition
04-24 13:24:21.829 V/vold    (  602): ----------------
04-24 13:24:21.829 V/vold    (  602): handleBlockEvent with action 1
04-24 13:24:21.829 D/NetlinkEvent(  602): NL param 'DEVPATH=/devices/soc/1da4000.ufshc/host0/target0:0:0/0:0:0:0/block/sda/sda21'
04-24 13:24:21.829 D/NetlinkEvent(  602): NL param 'MAJOR=259'
04-24 13:24:21.829 D/NetlinkEvent(  602): NL param 'MINOR=5'
04-24 13:24:21.829 D/NetlinkEvent(  602): NL param 'DEVNAME=sda21'
04-24 13:24:21.829 D/NetlinkEvent(  602): NL param 'DEVTYPE=partition'
04-24 13:24:21.829 D/NetlinkEvent(  602): NL param 'PARTN=21'
04-24 13:24:21.829 D/NetlinkEvent(  602): NL param 'PARTNAME=carrier'
04-24 13:24:21.829 V/vold    (  602): handleBlockEventThrow out event : partition
04-24 13:24:21.829 V/vold    (  602): ----------------
04-24 13:24:21.829 V/vold    (  602): handleBlockEvent with action 1
04-24 13:24:21.829 D/NetlinkEvent(  602): NL param 'DEVPATH=/devices/soc/1da4000.ufshc/host0/target0:0:0/0:0:0:0/block/sda/sda22'
04-24 13:24:21.829 D/NetlinkEvent(  602): NL param 'MAJOR=259'
04-24 13:24:21.829 D/NetlinkEvent(  602): NL param 'MINOR=6'
04-24 13:24:21.829 D/NetlinkEvent(  602): NL param 'DEVNAME=sda22'
04-24 13:24:21.829 D/NetlinkEvent(  602): NL param 'DEVTYPE=partition'
04-24 13:24:21.829 D/NetlinkEvent(  602): NL param 'PARTN=22'
04-24 13:24:21.829 D/NetlinkEvent(  602): NL param 'PARTNAME=omr'
04-24 13:24:21.829 V/vold    (  602): handleBlockEventThrow out event : partition
04-24 13:24:21.829 V/vold    (  602): ----------------
04-24 13:24:21.829 V/vold    (  602): handleBlockEvent with action 1
04-24 13:24:21.829 D/NetlinkEvent(  602): NL param 'DEVPATH=/devices/soc/1da4000.ufshc/host0/target0:0:0/0:0:0:0/block/sda/sda23'
04-24 13:24:21.829 D/NetlinkEvent(  602): NL param 'MAJOR=259'
04-24 13:24:21.829 D/NetlinkEvent(  602): NL param 'MINOR=7'
04-24 13:24:21.829 D/NetlinkEvent(  602): NL param 'DEVNAME=sda23'
04-24 13:24:21.829 D/NetlinkEvent(  602): NL param 'DEVTYPE=partition'
04-24 13:24:21.829 D/NetlinkEvent(  602): NL param 'PARTN=23'
04-24 13:24:21.829 D/NetlinkEvent(  602): NL param 'PARTNAME=nad_refer'
04-24 13:24:21.829 V/vold    (  602): handleBlockEventThrow out event : partition
04-24 13:24:21.829 V/vold    (  602): ----------------
04-24 13:24:21.829 V/vold    (  602): handleBlockEvent with action 1
04-24 13:24:21.829 D/NetlinkEvent(  602): NL param 'DEVPATH=/devices/soc/1da4000.ufshc/host0/target0:0:0/0:0:0:0/block/sda/sda24'
04-24 13:24:21.829 D/NetlinkEvent(  602): NL param 'MAJOR=259'
04-24 13:24:21.829 D/NetlinkEvent(  602): NL param 'MINOR=8'
04-24 13:24:21.829 D/NetlinkEvent(  602): NL param 'DEVNAME=sda24'
04-24 13:24:21.829 D/NetlinkEvent(  602): NL param 'DEVTYPE=partition'
04-24 13:24:21.829 D/NetlinkEvent(  602): NL param 'PARTN=24'
04-24 13:24:21.829 D/NetlinkEvent(  602): NL param 'PARTNAME=debug'
04-24 13:24:21.829 V/vold    (  602): handleBlockEventThrow out event : partition
04-24 13:24:21.829 V/vold    (  602): ----------------
04-24 13:24:21.829 V/vold    (  602): handleBlockEvent with action 1
04-24 13:24:21.829 D/NetlinkEvent(  602): NL param 'DEVPATH=/devices/soc/1da4000.ufshc/host0/target0:0:0/0:0:0:0/block/sda/sda25'
04-24 13:24:21.829 D/NetlinkEvent(  602): NL param 'MAJOR=259'
04-24 13:24:21.829 D/NetlinkEvent(  602): NL param 'MINOR=9'
04-24 13:24:21.829 D/NetlinkEvent(  602): NL param 'DEVNAME=sda25'
04-24 13:24:21.829 D/NetlinkEvent(  602): NL param 'DEVTYPE=partition'
04-24 13:24:21.829 D/NetlinkEvent(  602): NL param 'PARTN=25'
04-24 13:24:21.829 D/NetlinkEvent(  602): NL param 'PARTNAME=userdata'
04-24 13:24:21.829 V/vold    (  602): handleBlockEventThrow out event : partition
04-24 13:24:21.829 V/vold    (  602): ----------------
04-24 13:24:21.829 V/vold    (  602): handleBlockEvent with action 1
04-24 13:24:21.829 D/NetlinkEvent(  602): NL param 'DEVPATH=/devices/soc/1da4000.ufshc/host0/target0:0:0/0:0:0:1/block/sdb'
04-24 13:24:21.829 D/NetlinkEvent(  602): NL param 'MAJOR=8'
04-24 13:24:21.829 D/NetlinkEvent(  602): NL param 'MINOR=16'
04-24 13:24:21.829 D/NetlinkEvent(  602): NL param 'DEVNAME=sdb'
04-24 13:24:21.829 D/NetlinkEvent(  602): NL param 'DEVTYPE=disk'
04-24 13:24:21.829 D/NetlinkEvent(  602): NL param 'NPARTS=1'
04-24 13:24:21.829 E/NetlinkEvent(  602): NetlinkEvent::FindParam(): Parameter 'MEDIAPRST' not found
04-24 13:24:21.829 V/vold    (  602): handleBlockEvent critical error MEDIAPRST absent, not to handle eventPath : /devices/soc/1da4000.ufshc/host0/target0:0:0/0:0:0:1/block/sdb
04-24 13:24:21.829 D/NetlinkEvent(  602): NL param 'DEVPATH=/devices/soc/1da4000.ufshc/host0/target0:0:0/0:0:0:1/block/sdb'
04-24 13:24:21.829 D/NetlinkEvent(  602): NL param 'MAJOR=8'
04-24 13:24:21.829 D/NetlinkEvent(  602): NL param 'MINOR=16'
04-24 13:24:21.829 D/NetlinkEvent(  602): NL param 'DEVNAME=sdb'
04-24 13:24:21.829 D/NetlinkEvent(  602): NL param 'DEVTYPE=disk'
04-24 13:24:21.829 D/NetlinkEvent(  602): NL param 'NPARTS=1'
04-24 13:24:21.829 V/vold    (  602): ----------------
04-24 13:24:21.829 V/vold    (  602): handleBlockEvent with action 1
04-24 13:24:21.829 D/NetlinkEvent(  602): NL param 'DEVPATH=/devices/soc/1da4000.ufshc/host0/target0:0:0/0:0:0:1/block/sdb/sdb1'
04-24 13:24:21.829 D/NetlinkEvent(  602): NL param 'MAJOR=8'
04-24 13:24:21.831 D/NetlinkEvent(  602): NL param 'DEVNAME=ram2'
04-24 13:24:21.832 I/        (  602): created DirEncryptionManager
04-24 13:24:21.832 I/vold    (  602): security.mdf: Ready
04-24 13:24:21.833 D/NetlinkEvent(  602): NL param 'DEVTYPE=disk'
04-24 13:24:21.833 D/NetlinkEvent(  602): NL param 'NPARTS=0'
04-24 13:24:21.833 V/vold    (  602): ----------------
04-24 13:24:21.833 V/vold    (  602): handleBlockEvent with action 1
04-24 13:24:21.833 D/NetlinkEvent(  602): NL param 'DEVPATH=/devices/virtual/block/ram3'
04-24 13:24:21.833 D/NetlinkEvent(  602): NL param 'MAJOR=1'
04-24 13:24:21.833 D/NetlinkEvent(  602): NL param 'MINOR=3'
04-24 13:24:21.833 D/NetlinkEvent(  602): NL param 'DEVNAME=ram3'
04-24 13:24:21.833 D/NetlinkEvent(  602): NL param 'DEVTYPE=disk'
04-24 13:24:21.833 D/NetlinkEvent(  602): NL param 'NPARTS=0'
04-24 13:24:21.833 V/vold    (  602): ----------------
04-24 13:24:21.833 V/vold    (  602): handleBlockEvent with action 1
04-24 13:24:21.833 D/NetlinkEvent(  602): NL param 'DEVPATH=/devices/virtual/block/ram4'
04-24 13:24:21.833 D/NetlinkEvent(  602): NL param 'MAJOR=1'
04-24 13:24:21.833 D/NetlinkEvent(  602): NL param 'MINOR=4'
04-24 13:24:21.833 D/NetlinkEvent(  602): NL param 'DEVNAME=ram4'
04-24 13:24:21.833 D/NetlinkEvent(  602): NL param 'DEVTYPE=disk'
04-24 13:24:21.833 D/NetlinkEvent(  602): NL param 'NPARTS=0'
04-24 13:24:21.833 V/vold    (  602): ----------------
04-24 13:24:21.833 V/vold    (  602): handleBlockEvent with action 1
04-24 13:24:21.833 D/NetlinkEvent(  602): NL param 'DEVPATH=/devices/virtual/block/ram5'
04-24 13:24:21.833 D/NetlinkEvent(  602): NL param 'MAJOR=1'
04-24 13:24:21.833 D/NetlinkEvent(  602): NL param 'MINOR=5'
04-24 13:24:21.833 D/NetlinkEvent(  602): NL param 'DEVNAME=ram5'
04-24 13:24:21.833 D/NetlinkEvent(  602): NL param 'DEVTYPE=disk'
04-24 13:24:21.833 D/NetlinkEvent(  602): NL param 'NPARTS=0'
04-24 13:24:21.833 V/vold    (  602): ----------------
04-24 13:24:21.833 V/vold    (  602): handleBlockEvent with action 1
04-24 13:24:21.833 D/NetlinkEvent(  602): NL param 'DEVPATH=/devices/virtual/block/ram6'
04-24 13:24:21.833 D/NetlinkEvent(  602): NL param 'MAJOR=1'
04-24 13:24:21.833 D/NetlinkEvent(  602): NL param 'MINOR=6'
04-24 13:24:21.833 D/NetlinkEvent(  602): NL param 'DEVNAME=ram6'
04-24 13:24:21.833 D/NetlinkEvent(  602): NL param 'DEVTYPE=disk'
04-24 13:24:21.833 D/NetlinkEvent(  602): NL param 'NPARTS=0'
04-24 13:24:21.833 V/vold    (  602): ----------------
04-24 13:24:21.833 V/vold    (  602): handleBlockEvent with action 1
04-24 13:24:21.833 D/NetlinkEvent(  602): NL param 'DEVPATH=/devices/virtual/block/ram7'
04-24 13:24:21.833 D/NetlinkEvent(  602): NL param 'MAJOR=1'
04-24 13:24:21.833 D/NetlinkEvent(  602): NL param 'MINOR=7'
04-24 13:24:21.833 D/NetlinkEvent(  602): NL param 'DEVNAME=ram7'
04-24 13:24:21.833 D/NetlinkEvent(  602): NL param 'DEVTYPE=disk'
04-24 13:24:21.833 D/NetlinkEvent(  602): NL param 'NPARTS=0'
04-24 13:24:21.833 V/vold    (  602): ----------------
04-24 13:24:21.833 V/vold    (  602): handleBlockEvent with action 1
04-24 13:24:21.833 D/NetlinkEvent(  602): NL param 'DEVPATH=/devices/virtual/block/ram8'
04-24 13:24:21.833 D/NetlinkEvent(  602): NL param 'MAJOR=1'
04-24 13:24:21.833 D/NetlinkEvent(  602): NL param 'MINOR=8'
04-24 13:24:21.833 D/NetlinkEvent(  602): NL param 'DEVNAME=ram8'
04-24 13:24:21.833 D/NetlinkEvent(  602): NL param 'DEVTYPE=disk'
04-24 13:24:21.833 D/NetlinkEvent(  602): NL param 'NPARTS=0'
04-24 13:24:21.833 V/vold    (  602): ----------------
04-24 13:24:21.833 V/vold    (  602): handleBlockEvent with action 1
04-24 13:24:21.833 D/NetlinkEvent(  602): NL param 'DEVPATH=/devices/virtual/block/ram9'
04-24 13:24:21.833 D/NetlinkEvent(  602): NL param 'MAJOR=1'
04-24 13:24:21.833 D/NetlinkEvent(  602): NL param 'MINOR=9'
04-24 13:24:21.833 D/NetlinkEvent(  602): NL param 'DEVNAME=ram9'
04-24 13:24:21.833 D/NetlinkEvent(  602): NL param 'DEVTYPE=disk'
04-24 13:24:21.833 D/NetlinkEvent(  602): NL param 'NPARTS=0'
04-24 13:24:21.833 V/vold    (  602): ----------------
04-24 13:24:21.833 V/vold    (  602): handleBlockEvent with action 1
04-24 13:24:21.833 D/NetlinkEvent(  602): NL param 'DEVPATH=/devices/virtual/block/loop0'
04-24 13:24:21.833 D/NetlinkEvent(  602): NL param 'MAJOR=7'
04-24 13:24:21.833 D/NetlinkEvent(  602): NL param 'MINOR=0'
04-24 13:24:21.833 D/NetlinkEvent(  602): NL param 'DEVNAME=loop0'
04-24 13:24:21.833 D/NetlinkEvent(  602): NL param 'DEVTYPE=disk'
04-24 13:24:21.833 D/NetlinkEvent(  602): NL param 'NPARTS=0'
04-24 13:24:21.833 V/vold    (  602): ----------------
04-24 13:24:21.833 V/vold    (  602): handleBlockEvent with action 1
04-24 13:24:21.833 D/NetlinkEvent(  602): NL param 'DEVPATH=/devices/virtual/block/loop1'
04-24 13:24:21.833 D/NetlinkEvent(  602): NL param 'MAJOR=7'
04-24 13:24:21.833 D/NetlinkEvent(  602): NL param 'MINOR=1'
04-24 13:24:21.833 D/NetlinkEvent(  602): NL param 'DEVNAME=loop1'
04-24 13:24:21.833 D/NetlinkEvent(  602): NL param 'DEVTYPE=disk'
04-24 13:24:21.833 D/NetlinkEvent(  602): NL param 'NPARTS=0'
04-24 13:24:21.833 V/vold    (  602): ----------------
04-24 13:24:21.834 V/vold    (  602): handleBlockEvent with action 1
04-24 13:24:21.834 D/NetlinkEvent(  602): NL param 'DEVPATH=/devices/virtual/block/loop2'
04-24 13:24:21.834 D/NetlinkEvent(  602): NL param 'MAJOR=7'
04-24 13:24:21.834 D/NetlinkEvent(  602): NL param 'MINOR=2'
04-24 13:24:21.834 D/NetlinkEvent(  602): NL param 'DEVNAME=loop2'
04-24 13:24:21.834 D/NetlinkEvent(  602): NL param 'DEVTYPE=disk'
04-24 13:24:21.834 D/NetlinkEvent(  602): NL param 'NPARTS=0'
04-24 13:24:21.834 V/vold    (  602): ----------------
04-24 13:24:21.834 V/vold    (  602): handleBlockEvent with action 1
04-24 13:24:21.834 D/NetlinkEvent(  602): NL param 'DEVPATH=/devices/virtual/block/loop3'
04-24 13:24:21.834 D/NetlinkEvent(  602): NL param 'MAJOR=7'
04-24 13:24:21.834 D/NetlinkEvent(  602): NL param 'MINOR=3'
04-24 13:24:21.834 D/NetlinkEvent(  602): NL param 'DEVNAME=loop3'
04-24 13:24:21.834 D/NetlinkEvent(  602): NL param 'DEVTYPE=disk'
04-24 13:24:21.834 D/NetlinkEvent(  602): NL param 'NPARTS=0'
04-24 13:24:21.834 V/vold    (  602): ----------------
04-24 13:24:21.834 V/vold    (  602): handleBlockEvent with action 1
04-24 13:24:21.834 D/NetlinkEvent(  602): NL param 'DEVPATH=/devices/virtual/block/loop4'
04-24 13:24:21.834 D/NetlinkEvent(  602): NL param 'MAJOR=7'
04-24 13:24:21.834 D/NetlinkEvent(  602): NL param 'MINOR=4'
04-24 13:24:21.834 D/NetlinkEvent(  602): NL param 'DEVNAME=loop4'
04-24 13:24:21.834 D/NetlinkEvent(  602): NL param 'DEVTYPE=disk'
04-24 13:24:21.834 D/NetlinkEvent(  602): NL param 'NPARTS=0'
04-24 13:24:21.834 V/vold    (  602): ----------------
04-24 13:24:21.834 V/vold    (  602): handleBlockEvent with action 1
04-24 13:24:21.834 D/NetlinkEvent(  602): NL param 'DEVPATH=/devices/virtual/block/loop5'
04-24 13:24:21.834 D/NetlinkEvent(  602): NL param 'MAJOR=7'
04-24 13:24:21.834 D/NetlinkEvent(  602): NL param 'MINOR=5'
04-24 13:24:21.834 D/NetlinkEvent(  602): NL param 'DEVNAME=loop5'
04-24 13:24:21.834 D/NetlinkEvent(  602): NL param 'DEVTYPE=disk'
04-24 13:24:21.834 D/NetlinkEvent(  602): NL param 'NPARTS=0'
04-24 13:24:21.834 V/vold    (  602): ----------------
04-24 13:24:21.834 V/vold    (  602): handleBlockEvent with action 1
04-24 13:24:21.834 D/NetlinkEvent(  602): NL param 'DEVPATH=/devices/virtual/block/loop6'
04-24 13:24:21.834 D/NetlinkEvent(  602): NL param 'MAJOR=7'
04-24 13:24:21.834 D/NetlinkEvent(  602): NL param 'MINOR=6'
04-24 13:24:21.834 D/NetlinkEvent(  602): NL param 'DEVNAME=loop6'
04-24 13:24:21.834 D/NetlinkEvent(  602): NL param 'DEVTYPE=disk'
04-24 13:24:21.834 D/NetlinkEvent(  602): NL param 'NPARTS=0'
04-24 13:24:21.834 V/vold    (  602): ----------------
04-24 13:24:21.834 V/vold    (  602): handleBlockEvent with action 1
04-24 13:24:21.834 D/NetlinkEvent(  602): NL param 'DEVPATH=/devices/virtual/block/loop7'
04-24 13:24:21.834 D/NetlinkEvent(  602): NL param 'MAJOR=7'
04-24 13:24:21.834 D/NetlinkEvent(  602): NL param 'MINOR=7'
04-24 13:24:21.834 D/NetlinkEvent(  602): NL param 'DEVNAME=loop7'
04-24 13:24:21.834 D/NetlinkEvent(  602): NL param 'DEVTYPE=disk'
04-24 13:24:21.834 D/NetlinkEvent(  602): NL param 'NPARTS=0'
04-24 13:24:21.834 V/vold    (  602): ----------------
04-24 13:24:21.834 V/vold    (  602): handleBlockEvent with action 1
04-24 13:24:21.834 D/NetlinkEvent(  602): NL param 'DEVPATH=/devices/virtual/block/ram10'
04-24 13:24:21.834 D/NetlinkEvent(  602): NL param 'MAJOR=1'
04-24 13:24:21.834 D/NetlinkEvent(  602): NL param 'MINOR=10'
04-24 13:24:21.834 D/NetlinkEvent(  602): NL param 'DEVNAME=ram10'
04-24 13:24:21.834 D/NetlinkEvent(  602): NL param 'DEVTYPE=disk'
04-24 13:24:21.834 D/NetlinkEvent(  602): NL param 'NPARTS=0'
04-24 13:24:21.834 V/vold    (  602): ----------------
04-24 13:24:21.834 V/vold    (  602): handleBlockEvent with action 1
04-24 13:24:21.834 D/NetlinkEvent(  602): NL param 'DEVPATH=/devices/virtual/block/ram11'
04-24 13:24:21.834 D/NetlinkEvent(  602): NL param 'MAJOR=1'
04-24 13:24:21.834 D/NetlinkEvent(  602): NL param 'MINOR=11'
04-24 13:24:21.834 D/NetlinkEvent(  602): NL param 'DEVNAME=ram11'
04-24 13:24:21.834 D/NetlinkEvent(  602): NL param 'DEVTYPE=disk'
04-24 13:24:21.834 D/NetlinkEvent(  602): NL param 'NPARTS=0'
