--------- beginning of main
01-06 07:49:27.431 I/SELinux (  569): SELinux: Loaded service_contexts from:
01-06 07:49:27.431 I/SELinux (  569):     /vndservice_contexts
01-06 07:49:27.456 I/hwservicemanager(  568): hwservicemanager is ready now.
01-06 07:49:27.459 I/SELinux (  567): SELinux: Loaded service_contexts from:
01-06 07:49:27.459 I/SELinux (  567):     /plat_service_contexts
01-06 07:49:27.459 I/SELinux (  567):     /vendor_service_contexts
01-06 07:49:27.470 D/scs     (  574): bODMorProduct : false, bOmcSupport : true
01-06 07:49:27.470 D/scs     (  574): OMC_B2B_FILE : /system/omc/omc_b2b_list
01-06 07:49:27.470 D/scs     (  574): getValuesFromFile : ATT
01-06 07:49:27.470 D/scs     (  574): salesCode : ATT
01-06 07:49:27.470 D/scs     (  574): salesCode length : 3
01-06 07:49:27.470 D/scs     (  574): getValuesFromFile : ATT
01-06 07:49:27.470 D/scs     (  574): omcNwCode : ATT
01-06 07:49:27.470 D/scs     (  574): omcNwCode length : 3
01-06 07:49:27.473 D/scs     (  574): set OMC Support : true
01-06 07:49:27.474 D/scs     (  574): OMC_CHANGETYPE : DATA_RESET_OFF,ALLTIME
01-06 07:49:27.474 D/scs     (  574): 
01-06 07:49:27.474 D/scs     (  574): bDataResetOff : true
01-06 07:49:27.474 D/scs     (  574): SALES_CODE : ATT
01-06 07:49:27.474 D/scs     (  574): OMCNW_CODE : ATT
01-06 07:49:27.474 D/scs     (  574): OMC_PATH : /system/omc/ATT
01-06 07:49:27.474 D/scs     (  574): CUSTOMER_XML_FILE_PATH : /system/omc/ATT/customer.xml
01-06 07:49:27.474 D/scs     (  574): CHANGE_TYPE_FILE_PATH : /system/omc/omc_changetype
01-06 07:49:27.474 D/scs     (  574): OMC_RES_PATH : /system/omc/ATT/res
01-06 07:49:27.474 D/scs     (  574): OMC_ETC_PATH : /system/omc/ATT/etc
01-06 07:49:27.474 D/scs     (  574): OMCNW_PATH : /system/omc/ATT
01-06 07:49:27.474 D/scs     (  574): SW_CONFIG_FILE_PATH : /system/omc/SW_Configuration.xml
01-06 07:49:27.474 D/scs     (  574): set_CS_Code()
01-06 07:49:27.474 D/scs     (  574): set_CS_Code(customer filepath) : /system/omc/ATT/customer.xml
01-06 07:49:27.474 D/scs     (  574): setted country_code = USA
01-06 07:49:27.475 D/scs     (  574): setted countryiso_code = US
01-06 07:49:27.475 D/scs     (  574): ro.oem.key1 : ATT
01-06 07:49:27.475 D/scs     (  574): setted sales_code = ATT
01-06 07:49:27.476 D/scs     (  574): propPreSalesCode is null
01-06 07:49:27.476 D/scs     (  574): setted ro.csc.omcnw_code = ATT
01-06 07:49:27.476 D/scs     (  574): setted persist.sys.omcnw_path = /system/omc/ATT
01-06 07:49:27.476 D/scs     (  574): getCustomerLocale()
01-06 07:49:27.476 D/scs     (  574): getCustomerLocale(customer filepath) : /system/omc/ATT/customer.xml
01-06 07:49:27.476 D/scs     (  574): getConvertLocale()
01-06 07:49:27.476 D/scs     (  574): pLocation:automatic
01-06 07:49:27.477 D/scs     (  574): getConvertLocale()
01-06 07:49:27.477 D/scs     (  574): pLocation(NoSIM):english_us
01-06 07:49:27.477 D/scs     (  574): set_CSC_version()
01-06 07:49:27.477 D/scs     (  574): SW_CONFIG_FILE filepath : /system/omc/SW_Configuration.xml
01-06 07:49:27.477 D/scs     (  574): csc_name = G955UOYN
01-06 07:49:27.477 D/scs     (  574): csc_version = 7DTF4
01-06 07:49:27.478 D/scs     (  574): firstBootCheck file is created : G955UOYN7DTF4
01-06 07:49:27.480 E/scs     (  574): set R/S properties
01-06 07:49:27.480 D/scs     (  574): addGmsProperty()
01-06 07:49:27.480 D/scs     (  574): isConfigEncoded() : /system/omc/VZW/cscfeature.xml
01-06 07:49:27.481 D/scs     (  574): isConfigEncoded() : false
01-06 07:49:27.481 D/scs     (  574): Set GMS Client ID based on CarrierId VZW
01-06 07:49:27.481 D/scs     (  574): Xml is Encoded? 0
01-06 07:49:27.481 D/scs     (  574): Set ro.com.google.clientidbase.am : android-verizon
01-06 07:49:27.481 D/scs     (  574): Set ro.com.google.clientidbase.gmm : android-samsung
01-06 07:49:27.481 D/scs     (  574): Set ro.com.google.clientidbase.ms : android-verizon
01-06 07:49:27.481 D/scs     (  574): Set ro.com.google.clientidbase.yt : android-verizon
01-06 07:49:27.482 D/scs     (  574): Cannot find WAL on xml
01-06 07:49:27.482 D/scs     (  574): Cannot find CR on xml
01-06 07:49:27.482 D/scs     (  574): setStsProperty()
01-06 07:49:27.482 D/scs     (  574): isConfigEncoded() : /system/omc/ATT/cscfeature.xml
01-06 07:49:27.482 D/scs     (  574): isConfigEncoded() : false
01-06 07:49:27.482 D/scs     (  574): Set STS property based on CarrierId ATT
01-06 07:49:27.482 D/scs     (  574): Xml is Encoded? 0
01-06 07:49:27.482 D/scs     (  574): Set ro.sts.property : FALSE
01-06 07:49:27.482 D/scs     (  574): set partnerid from carrierid
01-06 07:49:27.482 D/scs     (  574): Read OMC_B2B_FILE, Change the path to B2C from B2B
01-06 07:49:27.483 D/scs     (  574): propCarrierId:VZW szB2C:
01-06 07:49:27.484 D/scs     (  574): carrierid:VZW
01-06 07:49:27.484 D/scs     (  574): Amazon property set : set partnerid from carrierid
01-06 07:49:27.484 D/scs     (  574): bootCarrierId:VZW
01-06 07:49:27.484 D/scs     (  574): amazon cp not null 
01-06 07:49:27.484 D/scs     (  574): amazon carrierid:VZW
01-06 07:49:27.485 D/scs     (  574): #####property setting DONE ro.csc.amazon.partnerid :verizon
01-06 07:49:27.485 D/scs     (  574): setSpotifyProperty:1
01-06 07:49:27.485 D/scs     (  574): setSpotifyProperty country:US
01-06 07:49:27.485 D/scs     (  574): setSpotifyProperty carrier:ATT
01-06 07:49:27.485 D/QSEECOMD: (  575): qseecom listener services process entry PPID = 1
01-06 07:49:27.485 E/QSEECOMD: (  575): Listener: index = 0, hierarchy = 0
01-06 07:49:27.485 D/scs     (  574): Device doesn't have Spotify(spotify.conf) country : US
01-06 07:49:27.485 D/scs     (  574): Device doesn't have Spotify(spotify.preload) carrier : ATT
01-06 07:49:27.485 D/scs     (  574): bootCarrierId:VZW
01-06 07:49:27.485 D/scs     (  574): Device doesn't have OATH conf(OATH config) corresponding to bootCarrierId VZW
01-06 07:49:27.486 D/QSEECOMD: (  575): Init dlopen(librpmb.so, RTLD_NOW) succeeds
01-06 07:49:27.486 D/QSEECOMD: (  575): Init::Init dlsym(g_FSHandle rpmb_init_service) succeeds
01-06 07:49:27.486 I/rpmb_ufs(  575): RPMB Mult (512-byte sector) = 32768, Rel_sec_cnt = 64
01-06 07:49:27.486 E/DrmLibRpmb(  575): rpmb_init succeeded! with ret = 0
01-06 07:49:27.486 D/QSEECOMD: (  575): Init rpmb_init_service ret = 0
01-06 07:49:27.487 D/QSEECOMD: (  575): RPMB system services: init (Listener ID = 8192)
01-06 07:49:27.487 E/QSEECOMD: (  575): Listener: index = 1, hierarchy = 0
01-06 07:49:27.488 D/QSEECOMD: (  575): Init dlopen(libssd.so, RTLD_NOW) succeeds
01-06 07:49:27.488 D/QSEECOMD: (  575): Init::Init dlsym(g_FSHandle ssd_init_service) succeeds
01-06 07:49:27.488 E/SSD     (  575): ssd_init_service succeeded!
01-06 07:49:27.488 D/QSEECOMD: (  575): Init ssd_init_service ret = 0
01-06 07:49:27.488 D/QSEECOMD: (  575): SSD system services: init (Listener ID = 12288)
01-06 07:49:27.488 E/QSEECOMD: (  575): Listener: index = 2, hierarchy = 0
01-06 07:49:27.512 D/QSEECOMD: (  575): Init dlopen(libsecureui.so, RTLD_NOW) succeeds
01-06 07:49:27.512 D/QSEECOMD: (  575): Init::Init dlsym(g_FSHandle secure_ui_init) succeeds
01-06 07:49:27.512 D/QSEECOMD: (  575): Init secure_ui_init ret = 0
01-06 07:49:27.512 D/QSEECOMD: (  575): secure UI services: init (Listener ID = 16384)
01-06 07:49:27.512 D/QSEECOMD: (  575): Parent qseecom daemon process paused!! 
01-06 07:49:27.513 D/QSEECOMD: (  578): qseecom listener service threads starting!!! 
01-06 07:49:27.513 D/QSEECOMD: (  578): Total listener services to start = 9
01-06 07:49:27.513 E/QSEECOMD: (  578): Listener: index = 0, hierarchy = 1
01-06 07:49:27.513 D/QSEECOMD: (  578): Init dlopen(librpmb.so, RTLD_NOW) succeeds
01-06 07:49:27.513 D/QSEECOMD: (  578): Init::Init dlsym(g_FSHandle rpmb_start) succeeds
01-06 07:49:27.513 D/QSEECOMAPI(  578): QSEECom_register_listener 8192 sb_length = 0x6400
01-06 07:49:27.513 D/QSEECOMD: (  578): Init rpmb_start ret = 0
01-06 07:49:27.513 D/QSEECOMD: (  578): RPMB system services: Started (Listener ID = 8192)
01-06 07:49:27.513 E/QSEECOMD: (  578): Listener: index = 1, hierarchy = 1
01-06 07:49:27.513 D/QSEECOMD: (  578): Init dlopen(libssd.so, RTLD_NOW) succeeds
01-06 07:49:27.513 D/QSEECOMD: (  578): Init::Init dlsym(g_FSHandle ssd_start) succeeds
01-06 07:49:27.513 D/QSEECOMAPI(  578): QSEECom_register_listener 12288 sb_length = 0x5000
01-06 07:49:27.514 D/QSEECOMD: (  578): Init ssd_start ret = 0
01-06 07:49:27.514 D/QSEECOMD: (  578): SSD system services: Started (Listener ID = 12288)
01-06 07:49:27.514 E/QSEECOMD: (  578): Listener: index = 2, hierarchy = 1
01-06 07:49:27.514 D/QSEECOMD: (  578): Init dlopen(libsecureui.so, RTLD_NOW) succeeds
01-06 07:49:27.514 D/QSEECOMD: (  578): Init::Init dlsym(g_FSHandle secure_ui_start) succeeds
01-06 07:49:27.514 D/QSEECOMAPI(  578): QSEECom_register_listener 16384 sb_length = 0x10a8
01-06 07:49:27.514 D/QSEECOMD: (  578): Init secure_ui_start ret = 0
01-06 07:49:27.514 D/QSEECOMD: (  578): secure UI services: Started (Listener ID = 16384)
01-06 07:49:27.514 E/QSEECOMD: (  578): Listener: index = 3, hierarchy = 1
01-06 07:49:27.516 D/QSEECOMD: (  578): Init dlopen(libdrmtime.so, RTLD_NOW) succeeds
01-06 07:49:27.516 D/QSEECOMD: (  578): Init::Init dlsym(g_FSHandle atime_start) succeeds
01-06 07:49:27.516 D/DrmLibTime(  578): QSEE Time Listener: atime_start
01-06 07:49:27.516 D/QSEECOMAPI(  578): QSEECom_register_listener 11 sb_length = 0x5000
01-06 07:49:27.516 D/DrmLibTime(  578): registering fs service to QSEECom is done!
01-06 07:49:27.516 D/DrmLibTime(  578): begin to create a thread!
01-06 07:49:27.516 D/DrmLibTime(  578): Creating a pthread in atime_start is done! return 0
01-06 07:49:27.516 D/QSEECOMD: (  578): Init atime_start ret = 0
01-06 07:49:27.516 D/QSEECOMD: (  578): time services: Started (Listener ID = 11)
01-06 07:49:27.516 E/QSEECOMD: (  578): Listener: index = 4, hierarchy = 1
01-06 07:49:27.516 D/DrmLibTime(  578): QSEE Time Listener: dispatch
01-06 07:49:27.516 D/DrmLibTime(  578): before calling ioctl to read the next time_cmd
01-06 07:49:27.516 D/QSEECOMD: (  578): Init dlopen(libdrmfs.so, RTLD_NOW) succeeds
01-06 07:49:27.516 D/QSEECOMD: (  578): Init::Init dlsym(g_FSHandle fs_start) succeeds
01-06 07:49:27.516 D/QSEECOMAPI(  578): QSEECom_register_listener 10 sb_length = 0x5000
01-06 07:49:27.517 D/QSEECOMD: (  578): Init fs_start ret = 0
01-06 07:49:27.517 D/QSEECOMD: (  578): file system services: Started (Listener ID = 10)
01-06 07:49:27.517 E/QSEECOMD: (  578): Listener: index = 5, hierarchy = 1
01-06 07:49:27.517 D/QSEECOMD: (  578): Init dlopen(libdrmfs.so, RTLD_NOW) succeeds
01-06 07:49:27.517 D/QSEECOMD: (  578): Init::Init dlsym(g_FSHandle gpfs_start) succeeds
01-06 07:49:27.520 D/QSEECOMAPI(  578): QSEECom_register_listener 28672 sb_length = 0x7e000
01-06 07:49:27.520 D/QSEECOMD: (  578): Init gpfs_start ret = 0
01-06 07:49:27.520 D/QSEECOMD: (  578): gpfile system services: Started (Listener ID = 28672)
01-06 07:49:27.520 E/QSEECOMD: (  578): Listener: index = 6, hierarchy = 1
01-06 07:49:27.521 D/QSEECOMD: (  578): Init dlopen(libqisl.so, RTLD_NOW) succeeds
01-06 07:49:27.521 D/QSEECOMD: (  578): Init::Init dlsym(g_FSHandle qisl_start) succeeds
01-06 07:49:27.521 D/QSEECOMAPI(  578): QSEECom_register_listener 36864 sb_length = 0x1f4
01-06 07:49:27.522 D/QSEECOMD: (  578): Init qisl_start ret = 0
01-06 07:49:27.522 D/QSEECOMD: (  578): interrupt services: Started (Listener ID = 36864)
01-06 07:49:27.522 E/QSEECOMD: (  578): Listener: index = 7, hierarchy = 1
01-06 07:49:27.522 D/QSEECOMD: (  578): Init dlopen(libspl.so, RTLD_NOW) succeeds
01-06 07:49:27.522 D/QSEECOMD: (  578): Init::Init dlsym(g_FSHandle spl_start) succeeds
01-06 07:49:27.522 D/QSEECOMAPI(  578): QSEECom_register_listener 45056 sb_length = 0x400
01-06 07:49:27.523 D/QSEECOMD: (  578): Init spl_start ret = 0
01-06 07:49:27.523 D/QSEECOMD: (  578): secure processor services: Started (Listener ID = 45056)
01-06 07:49:27.523 E/QSEECOMD: (  578): Listener: index = 8, hierarchy = 1
01-06 07:49:27.524 D/QSEECOMD: (  578): Init dlopen(libGPreqcancel.so, RTLD_NOW) succeeds
01-06 07:49:27.524 D/QSEECOMD: (  578): Init::Init dlsym(g_FSHandle gp_reqcancel_start) succeeds
01-06 07:49:27.524 D/QSEECOMAPI(  578): QSEECom_register_listener 4352 sb_length = 0x5000
01-06 07:49:27.525 D/QSEECOMD: (  578): Init gp_reqcancel_start ret = 0
01-06 07:49:27.525 D/QSEECOMD: (  578): gp request cancellation services: Started (Listener ID = 4352)
01-06 07:49:27.525 D/QSEECOMD: (  578): QSEECOM DAEMON RUNNING 
01-06 07:49:27.647 I/STORK_BIRD(  597): [Server] Storkbird version 1.0.3 start!!!
01-06 07:49:27.665 D/vndksupport(  595): Loading /vendor/lib64/hw/android.hardware.keymaster@3.0-impl.so from current namespace instead of sphal namespace.
01-06 07:49:27.684 I/android.hardware.keymaster@3.0-impl(  595): Fetching keymaster device name default
01-06 07:49:27.684 D/vndksupport(  595): Loading /vendor/lib64/hw/keystore.mdfpp.so from current namespace instead of sphal namespace.
01-06 07:49:27.700 I/ServiceManagement(  596): Removing namespace from process name vendor.samsung.security.wsm@1.0-service to wsm@1.0-service.
01-06 07:49:27.701 D/QSEECOMAPI(  595): QSEECom_get_handle sb_length = 0x140c0
01-06 07:49:27.701 D/QSEECOMAPI(  595): App is not loaded in QSEE
01-06 07:49:27.702 D/QSEECOMAPI(  595): app_arch = 1, total_files = 9
01-06 07:49:27.799 D/libmdf  (  600): libmdf v2.9.0.0 On 64bit PLATFORM
01-06 07:49:27.805 I/        (  600): Socket created with fd:6
01-06 07:49:27.805 I/        (  600): Before polling: fd: 6 
01-06 07:49:27.805 I/        (  600): fs_handler setPid success pid = 600
01-06 07:49:27.805 I/        (  600): Netlink sending message queue initialized!
01-06 07:49:27.814 D/QSEECOMAPI(  595): Loaded image: APP id = 196611
01-06 07:49:27.814 I/android.hardware.keymaster@3.0-impl(  595): USE_SEC_FEATURE_MDFPP_KEYMASTER is turned on, using skeymaster device.
01-06 07:49:27.815 I/ServiceManagement(  595): Removing namespace from process name android.hardware.keymaster@3.0-service to keymaster@3.0-service.
01-06 07:49:27.815 I/android.hardware.keymaster@3.0-service(  595): Registration complete for android.hardware.keymaster@3.0::IKeymasterDevice/default.
01-06 07:49:27.836 I/vold_prepare_subdirs(  600): SELinux: Loaded file_contexts
01-06 07:49:27.840 D/vold_prepare_subdirs(  620): Setting up mode 700 uid 0 gid 0 context u:object_r:vold_data_file:s0 on path: /data/misc_de/0/vold
01-06 07:49:27.840 D/vold_prepare_subdirs(  620): Setting up mode 700 uid 0 gid 0 context u:object_r:storaged_data_file:s0 on path: /data/misc_de/0/storaged
01-06 07:49:27.841 D/vold_prepare_subdirs(  620): Setting up mode 700 uid 1000 gid 1000 context u:object_r:fingerprint_vendor_data_file:s0 on path: /data/vendor_de/0/fpdata
01-06 07:49:27.864 I//system/bin/tzdatacheck(  624): timezone distro dir /data/misc/zoneinfo/current does not exist. No action required.
01-06 07:49:28.003 I/BOOT    (  634): MSM target '', SoC 'MTP', HwID '292', SoC ver '65536'
01-06 07:49:28.011 W/DRM_BOOT(  635): file: '/sys/module/drm/parameters/vblankoffdelay' or perms doesn't exist
01-06 07:49:28.163 I/ServiceManagement(  653): Removing namespace from process name android.hidl.allocator@1.0-service to allocator@1.0-service.
01-06 07:49:28.182 I/android.hardware.bluetooth@1.0-service(  655): registering IBluetoothHCI services
01-06 07:49:28.184 D/vndksupport(  665): Loading /vendor/lib64/hw/android.hardware.power@1.0-impl.so from current namespace instead of sphal namespace.
01-06 07:49:28.185 D/vndksupport(  655): Loading /vendor/lib64/hw/android.hardware.bluetooth@1.0-impl.so from current namespace instead of sphal namespace.
01-06 07:49:28.187 D/vndksupport(  664): Loading /vendor/lib64/hw/android.hardware.memtrack@1.0-impl.so from current namespace instead of sphal namespace.
01-06 07:49:28.189 W//vendor/bin/hw/android.hardware.configstore@1.1-service(  657): libminijail[657]: allowing syscall: connect
01-06 07:49:28.190 W//vendor/bin/hw/android.hardware.configstore@1.1-service(  657): libminijail[657]: allowing syscall: fcntl
01-06 07:49:28.190 W//vendor/bin/hw/android.hardware.configstore@1.1-service(  657): libminijail[657]: allowing syscall: sendto
01-06 07:49:28.190 W//vendor/bin/hw/android.hardware.configstore@1.1-service(  657): libminijail[657]: allowing syscall: socket
01-06 07:49:28.190 W//vendor/bin/hw/android.hardware.configstore@1.1-service(  657): libminijail[657]: allowing syscall: writev
01-06 07:49:28.194 D/vndksupport(  665): Loading /vendor/lib64/hw/power.qcom.so from current namespace instead of sphal namespace.
01-06 07:49:28.198 D/vndksupport(  664): Loading /vendor/lib64/hw/memtrack.msm8998.so from current namespace instead of sphal namespace.
01-06 07:49:28.199 I/ServiceManagement(  655): Removing namespace from process name android.hardware.bluetooth@1.0-service to bluetooth@1.0-service.
01-06 07:49:28.201 I/ServiceManagement(  664): Removing namespace from process name android.hardware.memtrack@1.0-service to memtrack@1.0-service.
01-06 07:49:28.202 I/android.hardware.bluetooth@1.0-service(  655): Registration complete for android.hardware.bluetooth@1.0::IBluetoothHci/default.
01-06 07:49:28.202 W//vendor/bin/hw/android.hardware.configstore@1.1-service(  657): libminijail[657]: logging seccomp filter failures
01-06 07:49:28.202 I/android.hardware.bluetooth@1.0-service(  655): First OS version = 24
01-06 07:49:28.202 I/android.hardware.memtrack@1.0-service(  664): Registration complete for android.hardware.memtrack@1.0::IMemtrack/default.
01-06 07:49:28.208 I/ServiceManagement(  657): Removing namespace from process name android.hardware.configstore@1.1-service to configstore@1.1-service.
01-06 07:49:28.208 D/vndksupport(  666): Loading /vendor/lib64/hw/android.hardware.sensors@1.0-impl.so from current namespace instead of sphal namespace.
01-06 07:49:28.210 D/vndksupport(  669): Loading /vendor/lib64/hw/android.hardware.vr@1.0-impl.so from current namespace instead of sphal namespace.
01-06 07:49:28.211 D/vndksupport(  661): Loading /vendor/lib64/hw/android.hardware.gatekeeper@1.0-impl.so from current namespace instead of sphal namespace.
01-06 07:49:28.218 D/vndksupport(  663): Loading /vendor/lib64/hw/android.hardware.graphics.composer@2.1-impl.so from current namespace instead of sphal namespace.
01-06 07:49:28.220 D/vndksupport(  661): Loading /vendor/lib64/hw/gatekeeper.mdfpp.so from current namespace instead of sphal namespace.
01-06 07:49:28.221 D/vndksupport(  669): Loading /vendor/lib64/hw/vr.msm8998.so from current namespace instead of sphal namespace.
01-06 07:49:28.222 I/QTI PowerHAL(  665): QTI power HAL initing.
01-06 07:49:28.225 D/vndksupport(  667): Loading /vendor/lib64/hw/android.hardware.thermal@1.0-impl.so from current namespace instead of sphal namespace.
01-06 07:49:28.226 D/android.hardware.drm@1.0-service(  658): android.hardware.drm@1.0-service starting...
01-06 07:49:28.228 D/vndksupport(  663): Loading /vendor/lib64/hw/hwcomposer.msm8998.so from current namespace instead of sphal namespace.
01-06 07:49:28.228 I/ServiceManagement(  669): Removing namespace from process name android.hardware.vr@1.0-service to vr@1.0-service.
01-06 07:49:28.230 I/android.hardware.vr@1.0-service(  669): Registration complete for android.hardware.vr@1.0::IVr/default.
01-06 07:49:28.230 I/ServiceManagement(  661): Removing namespace from process name android.hardware.gatekeeper@1.0-service to gatekeeper@1.0-service.
01-06 07:49:28.231 I/android.hardware.gatekeeper@1.0-service(  661): Registration complete for android.hardware.gatekeeper@1.0::IGatekeeper/default.
01-06 07:49:28.234 D/vndksupport(  662): Loading /vendor/lib64/hw/android.hardware.graphics.allocator@2.0-impl.so from current namespace instead of sphal namespace.
01-06 07:49:28.237 D/vndksupport(  658): Loading /vendor/lib/hw/android.hardware.drm@1.0-impl.so from current namespace instead of sphal namespace.
01-06 07:49:28.238 D/vndksupport(  667): Loading /vendor/lib64/hw/thermal.msm8998.so from current namespace instead of sphal namespace.
01-06 07:49:28.239 D/vndksupport(  662): Loading /vendor/lib64/hw/gralloc.msm8998.so from current namespace instead of sphal namespace.
01-06 07:49:28.250 I/ServiceManagement(  667): Removing namespace from process name android.hardware.thermal@1.0-service to thermal@1.0-service.
01-06 07:49:28.251 D/vendor.samsung.hardware.light@2.0-service(  677): sec-light-2-0 starts
01-06 07:49:28.251 I/ServiceManagement(  665): Removing namespace from process name android.hardware.power@1.0-service to power@1.0-service.
01-06 07:49:28.251 I/android.hardware.thermal@1.0-service(  667): Registration complete for android.hardware.thermal@1.0::IThermal/default.
01-06 07:49:28.255 D/android.hardware.cas@1.0-service(  656): android.hardware.cas@1.0-service starting...
01-06 07:49:28.256 I/ServiceManagement(  656): Removing namespace from process name android.hardware.cas@1.0-service to cas@1.0-service.
01-06 07:49:28.259 D/vndksupport(  677): Loading /vendor/lib64/hw/vendor.samsung.hardware.light@2.0-impl.so from current namespace instead of sphal namespace.
01-06 07:49:28.260 D/vndksupport(  677): Loading /vendor/lib64/hw/lights.msm8998.so from current namespace instead of sphal namespace.
01-06 07:49:28.262 D/SEC LightsHAL(  677): !@ access /sys/class/lcd/panel/hmt_on : g_has_hmt_on_node=1 errno=0(Success) retValue=0
01-06 07:49:28.262 D/SEC LightsHAL(  677): !@ access /sys/class/lcd/panel/hmt_bright : g_has_hmt_bright_node=1 errno=0(Success) retValue=0
01-06 07:49:28.262 D/SEC LightsHAL(  677): !@ initialize_fds : g_lights_file_paths[0][0] : /sys/class/leds/lcd-backlight/brightness 
01-06 07:49:28.262 D/SEC LightsHAL(  677): !@ initialize_fds : FOUND! : 0x7
01-06 07:49:28.262 D/SEC LightsHAL(  677): !@ initialize_fds : g_lights_file_paths[1][0] : /sys/class/sec/sec_touchkey/brightness 
01-06 07:49:28.262 D/SEC LightsHAL(  677): !@ initialize_fds : g_lights_fds Open error! : [2]
01-06 07:49:28.262 D/SEC LightsHAL(  677): !@ initialize_fds : g_lights_file_paths[1][1] : /sys/class/leds/button-backlight/brightness 
01-06 07:49:28.263 D/SEC LightsHAL(  677): !@ initialize_fds : g_lights_fds Open error! : [2]
01-06 07:49:28.263 D/SEC LightsHAL(  677): !@ initialize_fds : g_lights_file_paths[1][2] : /sys/class/backlight/touchkey-led/brightness 
01-06 07:49:28.263 D/SEC LightsHAL(  677): !@ initialize_fds : g_lights_fds Open error! : [2]
01-06 07:49:28.263 D/SEC LightsHAL(  677): !@ initialize_fds : g_lights_file_paths[1][3] : (null) 
01-06 07:49:28.263 D/SEC LightsHAL(  677): !@ initialize_fds : g_lights_file_paths[2][0] : /sys/class/sec/sec_keypad/brightness 
01-06 07:49:28.263 D/SEC LightsHAL(  677): !@ initialize_fds : g_lights_fds Open error! : [2]
01-06 07:49:28.263 D/SEC LightsHAL(  677): !@ initialize_fds : g_lights_file_paths[2][1] : /sys/class/leds/keyboard-backlight/brightness 
01-06 07:49:28.264 D/SEC LightsHAL(  677): !@ initialize_fds : g_lights_fds Open error! : [2]
01-06 07:49:28.264 D/SEC LightsHAL(  677): !@ initialize_fds : g_lights_file_paths[2][2] : (null) 
01-06 07:49:28.264 D/SEC LightsHAL(  677): !@ initialize_fds : g_lights_file_paths[3][0] : /sys/class/sec/led/led_pattern 
01-06 07:49:28.264 D/SEC LightsHAL(  677): !@ initialize_fds : FOUND! : 0x8
01-06 07:49:28.265 D/SEC LightsHAL(  677): !@ initialize_fds : g_lights_file_paths[4][0] : /sys/class/sec/led/led_blink 
01-06 07:49:28.265 D/SEC LightsHAL(  677): !@ initialize_fds : FOUND! : 0x9
01-06 07:49:28.265 D/SEC LightsHAL(  677): !@ initialize_fds : g_lights_file_paths[5][0] : /sys/class/backlight/panel1-backlight/brightness 
01-06 07:49:28.265 D/SEC LightsHAL(  677): !@ initialize_fds : g_lights_fds Open error! : [2]
01-06 07:49:28.265 I/lmkd    (  695): try memboost disable, check disable_mem_boost node
01-06 07:49:28.265 E/lmkd    (  695): Error opening /sys/kernel/mm/vmscan/disable_mem_boost; errno=2
01-06 07:49:28.265 D/SEC LightsHAL(  677): !@ initialize_fds : g_lights_file_paths[5][1] : (null) 
01-06 07:49:28.265 D/SEC LightsHAL(  677): !@ initialize_fds : g_lights_file_paths[6][0] : /sys/class/sec/led/led_control 
01-06 07:49:28.265 I/lmkd    (  695): set custom_sw_limit : 200 
01-06 07:49:28.265 I/lmkd    (  695): set upgrade_pressure : 50 
01-06 07:49:28.265 I/lmkd    (  695): set lmkd_freelimit_val : 11 
01-06 07:49:28.265 I/lmkd    (  695): enable_upgrade_criadj : 0
01-06 07:49:28.266 I/android.hardware.power@1.0-service(  665): Registration complete for android.hardware.power@1.0::IPower/default.
01-06 07:49:28.266 D/SEC LightsHAL(  677): !@ initialize_fds : g_lights_fds Open error! : [2]
01-06 07:49:28.266 D/SEC LightsHAL(  677): !@ initialize_fds : g_lights_file_paths[6][1] : (null) 
01-06 07:49:28.266 I/ServiceManagement(  680): Removing namespace from process name vendor.trustonic.tee@1.0-service to tee@1.0-service.
01-06 07:49:28.266 I/SEC light(  677): Find!! HIDL_FETCH_ISecLight: backlight
01-06 07:49:28.266 D/vndksupport(  677): Loading /vendor/lib64/hw/lights.msm8998.so from current namespace instead of sphal namespace.
01-06 07:49:28.266 E/SEC light(  677): light_open lights keyboard failed: -22
01-06 07:49:28.266 E/SEC light(  677): Light passthrough failed to load legacy HAL.
01-06 07:49:28.267 D/vndksupport(  677): Loading /vendor/lib64/hw/lights.msm8998.so from current namespace instead of sphal namespace.
01-06 07:49:28.267 E/SEC light(  677): light_open lights buttons failed: -22
01-06 07:49:28.267 E/SEC light(  677): Light passthrough failed to load legacy HAL.
01-06 07:49:28.267 D/vndksupport(  677): Loading /vendor/lib64/hw/lights.msm8998.so from current namespace instead of sphal namespace.
01-06 07:49:28.268 I/ServiceManagement(  662): Removing namespace from process name android.hardware.graphics.allocator@2.0-service to allocator@2.0-service.
01-06 07:49:28.268 I/SEC light(  677): Find!! HIDL_FETCH_ISecLight: battery
01-06 07:49:28.268 D/vndksupport(  677): Loading /vendor/lib64/hw/lights.msm8998.so from current namespace instead of sphal namespace.
01-06 07:49:28.268 I/SEC light(  677): Find!! HIDL_FETCH_ISecLight: notifications
01-06 07:49:28.268 D/vndksupport(  677): Loading /vendor/lib64/hw/lights.msm8998.so from current namespace instead of sphal namespace.
01-06 07:49:28.268 I/SEC light(  677): Find!! HIDL_FETCH_ISecLight: attention
01-06 07:49:28.269 D/        (  675): QdutilsDisp: svc service starting :)
01-06 07:49:28.269 I/ServiceManagement(  675): Removing namespace from process name vendor.qti.hardware.qdutils_disp@1.0-service-qti to qdutils_disp@1.0-service-qti.
01-06 07:49:28.270 D/vndksupport(  677): Loading /vendor/lib64/hw/lights.msm8998.so from current namespace instead of sphal namespace.
01-06 07:49:28.270 E/SEC light(  677): light_open lights bluetooth failed: -22
01-06 07:49:28.270 E/SEC light(  677): Light passthrough failed to load legacy HAL.
01-06 07:49:28.270 D/vndksupport(  677): Loading /vendor/lib64/hw/lights.msm8998.so from current namespace instead of sphal namespace.
01-06 07:49:28.270 E/SEC light(  677): light_open lights wifi failed: -22
01-06 07:49:28.270 E/SEC light(  677): Light passthrough failed to load legacy HAL.
01-06 07:49:28.270 D/vndksupport(  677): Loading /vendor/lib64/hw/lights.msm8998.so from current namespace instead of sphal namespace.
01-06 07:49:28.270 E/SEC light(  677): light_open lights subbacklight failed: -22
01-06 07:49:28.270 E/SEC light(  677): Light passthrough failed to load legacy HAL.
01-06 07:49:28.270 D/vndksupport(  677): Loading /vendor/lib64/hw/lights.msm8998.so from current namespace instead of sphal namespace.
01-06 07:49:28.271 E/SEC light(  677): light_open lights led_lte failed: -22
01-06 07:49:28.271 E/SEC light(  677): Light passthrough failed to load legacy HAL.
01-06 07:49:28.271 D/vndksupport(  677): Loading /vendor/lib64/hw/lights.msm8998.so from current namespace instead of sphal namespace.
01-06 07:49:28.271 E/SEC light(  677): light_open lights led_gigalte failed: -22
01-06 07:49:28.271 E/SEC light(  677): Light passthrough failed to load legacy HAL.
01-06 07:49:28.271 D/vndksupport(  677): Loading /vendor/lib64/hw/lights.msm8998.so from current namespace instead of sphal namespace.
01-06 07:49:28.271 E/SEC light(  677): light_open lights led_wifi failed: -22
01-06 07:49:28.271 E/SEC light(  677): Light passthrough failed to load legacy HAL.
01-06 07:49:28.271 D/vndksupport(  677): Loading /vendor/lib64/hw/lights.msm8998.so from current namespace instead of sphal namespace.
01-06 07:49:28.271 E/SEC light(  677): light_open lights led_battery failed: -22
01-06 07:49:28.271 E/SEC light(  677): Light passthrough failed to load legacy HAL.
01-06 07:49:28.272 D/vndksupport(  677): Loading /vendor/lib64/hw/lights.msm8998.so from current namespace instead of sphal namespace.
01-06 07:49:28.272 E/SEC light(  677): light_open lights led_all failed: -22
01-06 07:49:28.272 E/SEC light(  677): Light passthrough failed to load legacy HAL.
01-06 07:49:28.275 I/tftp_server(  686): Initializing tftp_server RING buffer
01-06 07:49:28.275 I/tftp_server(  686): Starting...
01-06 07:49:28.277 E/        (  675): Registered IQdutilsDisp HAL service success!
01-06 07:49:28.277 I/ServiceManagement(  677): Removing namespace from process name vendor.samsung.hardware.light@2.0-service to light@2.0-service.
01-06 07:49:28.277 I/ServiceManagement(  678): Removing namespace from process name vendor.samsung.hardware.radio.configsvc@1.0-service to configsvc@1.0-service.
01-06 07:49:28.278 I/vendor.samsung.hardware.light@2.0-service(  677): Registration complete for vendor.samsung.hardware.light@2.0::ISecLight/default.
01-06 07:49:28.281 I/android.hardware.graphics.allocator@2.0-service(  662): Registration complete for android.hardware.graphics.allocator@2.0::IAllocator/default.
01-06 07:49:28.285 I/qti_sensors_hal(  666): SensorsContext
01-06 07:49:28.288 D/        (  676): tui_comm: svc service starting :)
01-06 07:49:28.288 I/ServiceManagement(  676): Removing namespace from process name vendor.qti.hardware.tui_comm@1.0-service-qti to tui_comm@1.0-service-qti.
01-06 07:49:28.289 I/ServiceManagement(  668): Removing namespace from process name android.hardware.usb@1.1-service.wahoo to usb@1.1-service.wahoo.
01-06 07:49:28.292 D/vendor.samsung.hardware.vibrator@1.0-service(  679): sec-vibrator-1-0 starts
01-06 07:49:28.293 I/ServiceManagement(  679): Removing namespace from process name vendor.samsung.hardware.vibrator@1.0-service to vibrator@1.0-service.
01-06 07:49:28.294 I/ServiceManagement(  672): Removing namespace from process name vendor.display.color@1.0-service to color@1.0-service.
01-06 07:49:28.295 E/libmdmdetect(  685): Failed to open /sys/bus/msm_subsys/devices/subsys0/name: Permission denied
01-06 07:49:28.295 E/        (  676): Registered ITuiComm HAL service success!
01-06 07:49:28.295 I/vendor.rmt_storage(  685): Shared memory initialised successfully.
01-06 07:49:28.296 I/vendor.rmt_storage(  685): Registering modemst1: 0x4a /boot/modem_fs1
01-06 07:49:28.296 I/vendor.rmt_storage(  685): Registering modemst2: 0x4b /boot/modem_fs2
01-06 07:49:28.296 I/android.hardware.usb@1.1-service.wahoo(  668): USB HAL Ready.
01-06 07:49:28.296 I/vendor.rmt_storage(  685): Registering fsc: 0xff /boot/modem_fsc
01-06 07:49:28.296 I/vendor.rmt_storage(  685): Registering fsg: 0x58 /boot/modem_fsg
01-06 07:49:28.296 I/vendor.rmt_storage(  685): 4 GPT partitions found
01-06 07:49:28.296 E/libsensor1(  666): check_sensors_enabled: Sensors enabled = true
01-06 07:49:28.297 I/vendor.rmt_storage(  685): Capset success!
01-06 07:49:28.298 D/android.hardware.drm@1.1-service.clearkey(  659): android.hardware.drm@1.1-service.clearkey starting...
01-06 07:49:28.298 I/ServiceManagement(  659): Removing namespace from process name android.hardware.drm@1.1-service.clearkey to drm@1.1-service.clearkey.
01-06 07:49:28.305 I/ServiceManagement(  659): Removing namespace from process name android.hardware.drm@1.1-service.clearkey to drm@1.1-service.clearkey.
01-06 07:49:28.306 I/qti_sensors_hal(  666): Init the smgr_sensor1_cb for SMGR sensor1 connection.
01-06 07:49:28.306 D/nxpnfc@1.0-service(  671): NFC HAL Service 1.1 is starting.
01-06 07:49:28.306 I/tftp_server(  686): pid=686 tid=686 tftp-server : INF :[tftp_os_la.c, 126] mkdir failed: [2] [/data/vendor/tombstones/rfs/modem] [No such file or directory]
01-06 07:49:28.307 I/SDM     (  663): HWCSession::StartServices: IDisplayConfig service registration completed.
01-06 07:49:28.307 D/vndksupport(  663): Loading /vendor/lib64/hw/gralloc.msm8998.so from current namespace instead of sphal namespace.
01-06 07:49:28.310 I/SDM     (  663): ExtensionInterface::CreateExtensionInterface: 
01-06 07:49:28.310 I/SDM     (  663): SDM-EXTENSION Version: Date: 12/27/18, Commit: 782aee5, Change: Id343a8dbb3
01-06 07:49:28.311 I/SDM     (  663): HWInfo::GetHWResourceInfo: SDE Version = 5, SDE Revision = 30000001, RGB = 0, VIG = 4, DMA = 4, Cursor = 2
01-06 07:49:28.311 I/SDM     (  663): HWInfo::GetHWResourceInfo: Upscale Ratio = 20, Downscale Ratio = 4, Blending Stages = 7
01-06 07:49:28.311 I/SDM     (  663): HWInfo::GetHWResourceInfo: SourceSplit = 1 QSEED3 = 1
01-06 07:49:28.311 I/SDM     (  663): HWInfo::GetHWResourceInfo: BWC = 0, UBWC = 1, Decimation = 1, Tile Format = 0 Concurrent Writeback = 1
01-06 07:49:28.311 I/SDM     (  663): HWInfo::GetHWResourceInfo: MaxLowBw = 9400000 , MaxHighBw = 9400000
01-06 07:49:28.311 I/SDM     (  663): HWInfo::GetHWResourceInfo: MaxPipeBw = 4700000 KBps, MaxSDEClock = 412500000 Hz, ClockFudgeFactor = 1.050000
01-06 07:49:28.311 I/SDM     (  663): HWInfo::GetHWResourceInfo: Prefill factors: Tiled_NV12 = 8, Tiled = 4, Linear = 1, Scale = 1, Fudge_factor = 2
01-06 07:49:28.311 W/SDM     (  663): HWInfo::GetMDSSRotatorInfo: File '/sys/devices/virtual/rotator/mdss_rotator/caps' not found
01-06 07:49:28.311 I/SDM     (  663): HWInfo::GetV4L2RotatorInfo: V4L2 Rotator: Count = 1, Downscale = 1, Min_downscale = 1.500000, Downscale_compression = 1
01-06 07:49:28.311 I/pd-mapper-svc(  690): Starting pd-mapper service
01-06 07:49:28.311 I/SDM     (  663): SessionManager::SessionManager: Allocate buffers synchronously = 0
01-06 07:49:28.312 I/pd-mapper-svc(  690): Parsing file :/vendor/firmware_mnt/image/slpir.jsn:
01-06 07:49:28.315 I/sem_hal (  703): sem_hal service is started
01-06 07:49:28.315 I/ServiceManagement(  703): Removing namespace from process name vendor.samsung.security.sem@1.0-service to sem@1.0-service.
01-06 07:49:28.317 I/pd-mapper-svc(  690): Parsing file :/vendor/firmware_mnt/image/slpius.jsn:
01-06 07:49:28.317 I/SDM     (  663): CoreInterface::CreateCore: Open interface handle = 0x7943a70000
01-06 07:49:28.317 I/SDM     (  663): HWCSession::Register: Set uevent listener = 0x7943a64000
01-06 07:49:28.318 I/SDM     (  663): HWInfo::GetFirstDisplayInterfaceType: First display is internal display
01-06 07:49:28.318 I/SDM     (  663): CPUHint::Init: Invalid CPU Hint Pre-enable Window -1
01-06 07:49:28.318 I/SDM     (  663): HWDevice::GetHWPanelMaxBrightnessFromNode: Max brightness level = 36500
01-06 07:49:28.318 I/SDM     (  663): HWDevice::Init: access(/dev/graphics/fb0) successful
01-06 07:49:28.319 I/SDM     (  663): HWDevice::GetHWPanelMaxBrightnessFromNode: Max brightness level = 36500
01-06 07:49:28.319 I/SDM     (  663): HWDevice::PopulateHWPanelInfo: Device type = 0, Display Port = 1, Display Mode = 2, Device Node = 0, Is Primary = 1
01-06 07:49:28.319 I/SDM     (  663): HWDevice::PopulateHWPanelInfo: Partial Update = 1, supported roi_count =1, Dynamic FPS = 0
01-06 07:49:28.319 I/SDM     (  663): HWDevice::PopulateHWPanelInfo: Align: left = 720, width = 720, top = 40, height = 40
01-06 07:49:28.319 I/SDM     (  663): HWDevice::PopulateHWPanelInfo: ROI: min_width = 720, min_height = 40, need_merge = 0
01-06 07:49:28.319 I/SDM     (  663): HWDevice::PopulateHWPanelInfo: FPS: min = 60, max =60
01-06 07:49:28.319 I/SDM     (  663): HWDevice::PopulateHWPanelInfo: Ping Pong Split = 0
01-06 07:49:28.319 I/SDM     (  663): HWDevice::PopulateHWPanelInfo: Left Split = 720, Right Split = 720
01-06 07:49:28.321 I/pd-mapper-svc(  690): Parsing file :/vendor/firmware_mnt/image/modemuw.jsn:
01-06 07:49:28.326 I/skpm_hal(  704): skpm_hal service is started
01-06 07:49:28.326 I/ServiceManagement(  704): Removing namespace from process name vendor.samsung.security.skpm@1.0-service to skpm@1.0-service.
01-06 07:49:28.328 I/wvkprov_server_hal(  705): wvkprov_server_hal service is started
01-06 07:49:28.329 I/ServiceManagement(  705): Removing namespace from process name vendor.samsung.security.wvkprov_server@1.0-service to wvkprov_server@1.0-service.
01-06 07:49:28.331 I/pd-mapper-svc(  690): Starting servloc server
01-06 07:49:28.332 D/nxpnfc@1.0-service(  671): NFC service is ready
01-06 07:49:28.333 I/ServiceManagement(  658): Removing namespace from process name android.hardware.drm@1.0-service to drm@1.0-service.
01-06 07:49:28.334 I/SDM     (  663): HWDevice::GetHWPanelMaxBrightnessFromNode: Max brightness level = 36500
01-06 07:49:28.334 W/hwservicemanager(  568): getTransport: Cannot find entry android.hardware.thermal@1.1::IThermal/default in either framework or device manifest.
01-06 07:49:28.335 I/SDM     (  663): HWDevice::GetHWPanelMaxBrightnessFromNode: Max brightness level = 36500
01-06 07:49:28.335 I/android.hardware.drm@1.0-service(  658): Registration complete for android.hardware.drm@1.0::IDrmFactory/default.
01-06 07:49:28.335 I/SDM     (  663): HWDevice::GetHWPanelMaxBrightnessFromNode: Max brightness level = 36500
01-06 07:49:28.335 W/SDM     (  663): HWDevice::GetHWPanelInfoByNode: Failed to open msm_fb_panel_info node device node 3
01-06 07:49:28.335 D/vndksupport(  658): Loading /vendor/lib/hw/android.hardware.drm@1.0-impl.so from current namespace instead of sphal namespace.
01-06 07:49:28.336 I/ServiceManagement(  674): Removing namespace from process name vendor.qti.hardware.perf@1.0-service to perf@1.0-service.
01-06 07:49:28.336 I/SDM     (  663): HWDevice::GetHWPanelMaxBrightnessFromNode: Max brightness level = 36500
01-06 07:49:28.336 I/SDM     (  663): HWDevice::GetHWPanelMaxBrightnessFromNode: Max brightness level = 36500
01-06 07:49:28.336 I/ServiceManagement(  658): Removing namespace from process name android.hardware.drm@1.0-service to drm@1.0-service.
01-06 07:49:28.336 I/SDM     (  663): HWDevice::GetHWPanelMaxBrightnessFromNode: Max brightness level = 36500
01-06 07:49:28.337 W/SDM     (  663): HWDevice::GetHWPanelInfoByNode: Failed to open msm_fb_panel_info node device node 3
01-06 07:49:28.337 I/SDM     (  663): HWPrimary::GetCurrentModeFromSysfs: Current Config: 1440 x 2960
01-06 07:49:28.337 I/SDM     (  663): HWPrimary::InitializeConfigs: Found mode 1440 x 2960
01-06 07:49:28.337 I/SDM     (  663): HWPrimary::InitializeConfigs: Active config index 0
01-06 07:49:28.337 I/SDM     (  663): HWPrimary::InitializeConfigs: Found mode 1080 x 2220
01-06 07:49:28.337 I/SDM     (  663): HWPrimary::InitializeConfigs: Found mode 720 x 1480
01-06 07:49:28.337 I/SDM     (  663): StrategyImpl::SetIdleTimeoutMs: Idle timeout not supported for display = 0, mode = 2
01-06 07:49:28.339 W/SDM     (  663): ColorManager::CreateColorManagerProxy: PAV2 version is versions = 11, version = 11 
01-06 07:49:28.339 I/android.hardware.drm@1.0-service(  658): Registration complete for android.hardware.drm@1.0::ICryptoFactory/default.
01-06 07:49:28.339 I/PerMgrSrv(  689): Adding entry for modem : offTimeout : 500 ackTimeout : 200
01-06 07:49:28.341 E/vendor.qti.hardware.perf@1.0-service(  674): Registered IPerf HAL service success!
01-06 07:49:28.341 W/thermalserviced(  701): Unable to get Thermal HAL V1.1, vendor thermal event notification not available
01-06 07:49:28.343 I/SDM     (  663): DisplayBase::InitializeColorModes: Number of Color Modes = 2
01-06 07:49:28.344 I/PerMgrSrv(  689): Adding entry for slpi : offTimeout : 5000 ackTimeout : 200
01-06 07:49:28.346 I/SDM     (  663): HWCDisplay::Init: Display created with id: 0
01-06 07:49:28.346 E/SDM     (  663): DisplayBase::GetColorModeAttr: Failed: Mode hal_hdr without attribute
01-06 07:49:28.346 E/SDM     (  663): DisplayBase::GetColorModeAttr: Failed: Mode hal_native without attribute
01-06 07:49:28.346 I/SDM     (  663): DisplayBase::SetFrameBufferConfig: New framebuffer resolution (1440x2960)
01-06 07:49:28.347 D/android.hardware.drm@1.0-service.widevine(  660): android.hardware.drm@1.1-service.widevine starting...
01-06 07:49:28.348 D/vndksupport(  654): Loading /vendor/lib/hw/android.hardware.audio@4.0-impl.so from current namespace instead of sphal namespace.
01-06 07:49:28.348 I/vendor.trustonic.teeregistry@1.0-service(  681): Registry path: '/data/vendor/mcRegistry'
01-06 07:49:28.349 I/ServiceManagement(  681): Removing namespace from process name vendor.trustonic.teeregistry@1.0-service to teeregistry@1.0-service.
01-06 07:49:28.350 I/ServiceManagement(  660): Removing namespace from process name android.hardware.drm@1.1-service.widevine to drm@1.1-service.widevine.
01-06 07:49:28.350 I/PerMgrSrv(  689): Peripheral Mananager service start
01-06 07:49:28.350 I/PerMgrSrv(  689): power-off timeout 500,ms; event-ack timeout 200,ms; debug-mode false
01-06 07:49:28.350 I/PerMgrSrv(  689): Statistics for : modem
01-06 07:49:28.350 I/PerMgrSrv(  689): modem: Current State : is off-line
01-06 07:49:28.350 I/PerMgrSrv(  689): modem: Voter/Listener count : 0/0
01-06 07:49:28.350 I/PerMgrSrv(  689): modem: Power on count : 0
01-06 07:49:28.350 I/PerMgrSrv(  689): modem: Power off count: 0
01-06 07:49:28.350 I/PerMgrSrv(  689): modem: Client list:
01-06 07:49:28.350 I/PerMgrSrv(  689): Statistics for : slpi
01-06 07:49:28.350 I/PerMgrSrv(  689): slpi: Current State : is off-line
01-06 07:49:28.350 I/PerMgrSrv(  689): slpi: Voter/Listener count : 0/0
01-06 07:49:28.350 I/PerMgrSrv(  689): slpi: Power on count : 0
01-06 07:49:28.350 I/PerMgrSrv(  689): slpi: Power off count: 0
01-06 07:49:28.350 I/PerMgrSrv(  689): slpi: Client list:
01-06 07:49:28.351 I/ServiceManagement(  660): Removing namespace from process name android.hardware.drm@1.1-service.widevine to drm@1.1-service.widevine.
01-06 07:49:28.353 I/ServiceManagement(  670): Removing namespace from process name android.hardware.wifi@1.0-service to wifi@1.0-service.
01-06 07:49:28.354 I/LocSvc_HIDL_vendor.qti.gnss@1.0-service(  673): main
01-06 07:49:28.354 I/PerMgrSrv(  689): QMI service start
01-06 07:49:28.355 W/hwservicemanager(  568): getTransport: Cannot find entry android.hardware.gnss@1.1::IGnss/default in either framework or device manifest.
01-06 07:49:28.355 E/LocSvc_HIDL_vendor.qti.gnss@1.0-service(  673): Could not get passthrough implementation for android.hardware.gnss@1.1::IGnss/default.
01-06 07:49:28.355 W/LocSvc_HIDL_vendor.qti.gnss@1.0-service(  673): Failed to register IGnss 1.1 service: 1, try IGnss 1.0
01-06 07:49:28.355 D/vndksupport(  673): Loading /vendor/lib64/hw/android.hardware.gnss@1.0-impl-qti.so from current namespace instead of sphal namespace.
01-06 07:49:28.357 I/ServiceManagement(  654): Removing namespace from process name android.hardware.audio@2.0-service to audio@2.0-service.
01-06 07:49:28.358 I/audiohalservice(  654): Registration complete for android.hardware.audio@4.0::IDevicesFactory/default.
01-06 07:49:28.358 D/vndksupport(  654): Loading /vendor/lib/hw/android.hardware.audio.effect@4.0-impl.so from current namespace instead of sphal namespace.
01-06 07:49:28.364 I/LocSvc_HIDL_vendor.qti.gnss@1.0-service(  673): Registration complete for android.hardware.gnss@1.0::IGnss/default.
01-06 07:49:28.365 D/vndksupport(  673): Loading /vendor/lib64/hw/vendor.qti.gnss@1.0-impl.so from current namespace instead of sphal namespace.
01-06 07:49:28.377 I/audiohalservice(  654): Registration complete for android.hardware.audio.effect@4.0::IEffectsFactory/default.
01-06 07:49:28.377 W/hwservicemanager(  568): getTransport: Cannot find entry android.hardware.soundtrigger@2.1::ISoundTriggerHw/default in either framework or device manifest.
01-06 07:49:28.378 D/vndksupport(  654): Loading /vendor/lib/hw/android.hardware.soundtrigger@2.1-impl.so from current namespace instead of sphal namespace.
01-06 07:49:28.382 D/vndksupport(  654): Loading /vendor/lib/hw/sound_trigger.primary.msm8998.so from current namespace instead of sphal namespace.
01-06 07:49:28.390 D/sound_trigger_hw(  654): stdev_open: Enter
01-06 07:49:28.420 D/sound_trigger_hw(  654): load_audio_hal: ahal is using proprietary API version 0x0100
01-06 07:49:28.420 I/ConfigStore(  699): android::hardware::configstore::V1_0::ISurfaceFlingerConfigs::startGraphicsAllocatorService retrieved: 0
01-06 07:49:28.420 I/sound_trigger_platform(  654): platform_stdev_init: Enter
01-06 07:49:28.420 I/SurfaceFlinger(  699): Using HWComposer service: 'default'
01-06 07:49:28.420 I/SurfaceFlinger(  699): SurfaceFlinger is starting
01-06 07:49:28.422 I/ConfigStore(  699): android::hardware::configstore::V1_0::ISurfaceFlingerConfigs::vsyncEventPhaseOffsetNs retrieved: 1000000 (default)
01-06 07:49:28.422 I/ConfigStore(  699): android::hardware::configstore::V1_0::ISurfaceFlingerConfigs::vsyncSfEventPhaseOffsetNs retrieved: 1000000 (default)
01-06 07:49:28.422 I/ConfigStore(  699): android::hardware::configstore::V1_0::ISurfaceFlingerConfigs::hasSyncFramework retrieved: 1
01-06 07:49:28.422 I/ConfigStore(  699): android::hardware::configstore::V1_0::ISurfaceFlingerConfigs::presentTimeOffsetFromVSyncNs retrieved: 0
01-06 07:49:28.423 I/ConfigStore(  699): android::hardware::configstore::V1_0::ISurfaceFlingerConfigs::useHwcForRGBtoYUV retrieved: 1
01-06 07:49:28.423 I/ConfigStore(  699): android::hardware::configstore::V1_0::ISurfaceFlingerConfigs::maxVirtualDisplaySize retrieved: 4096
01-06 07:49:28.423 I/ConfigStore(  699): android::hardware::configstore::V1_0::ISurfaceFlingerConfigs::useVrFlinger retrieved: 0 (default)
01-06 07:49:28.423 I/ConfigStore(  699): android::hardware::configstore::V1_0::ISurfaceFlingerConfigs::maxFrameBufferAcquiredBuffers retrieved: 3
01-06 07:49:28.424 I/ConfigStore(  699): android::hardware::configstore::V1_0::ISurfaceFlingerConfigs::hasWideColorDisplay retrieved: 0
01-06 07:49:28.425 I/ConfigStore(  699): android::hardware::configstore::V1_1::ISurfaceFlingerConfigs::primaryDisplayOrientation retrieved: ORIENTATION_0 (default)
01-06 07:49:28.426 I/SurfaceFlinger(  699): Disabling Triple Buffering
01-06 07:49:28.426 I/SurfaceFlinger(  699): Treble testing override: 'false'
01-06 07:49:28.429 E/Diag_Lib(  742):  Diag_LSM_Init: Failed to open handle to diag driver, error = 13
01-06 07:49:28.429 W/Sensors (  742): sns_debug_main.c(453):Diag_LSM_Init failed: log packets and messages will not be available
01-06 07:49:28.431 E/SLPI_FACTORYD(  746): Factory Daemon Start!
01-06 07:49:28.448 D/LocSvc_LBSProxy(  673): checkIfLocationExtendedClientExists] File Exists
01-06 07:49:28.450 I/ServiceManagement(  673): Removing namespace from process name vendor.qti.gnss@1.0-service to gnss@1.0-service.
01-06 07:49:28.450 I/LocSvc_HIDL_vendor.qti.gnss@1.0-service(  673): Registration complete for vendor.qti.gnss@1.0::ILocHidlGnss/gnss_vendor.
01-06 07:49:28.450 D/vndksupport(  673): Loading /vendor/lib64/hw/vendor.samsung.hardware.gnss@1.0-impl.so from current namespace instead of sphal namespace.
01-06 07:49:28.452 E/GnssHAL_SecGnssInterface(  673): HIDL_FETCH_ISecGnss()
01-06 07:49:28.453 D/GnssHAL_SecGnssInterface(  673): loading libgnss.so ...
01-06 07:49:28.459 I/LocSvc_api_v02(  673): locClientOpen:2000]: Service instance id is -1
01-06 07:49:28.467 I/LocSvc_api_v02(  673): ---> locClientOpenInstance line 1875 loc client open
01-06 07:49:28.470 E/QMI_FW  (  673): QMUXD: WARNING qmi_qmux_if_pwr_up_init failed! rc=-6
01-06 07:49:28.472 I/LocSvc_HIDL_vendor.qti.gnss@1.0-service(  673): Registration complete for vendor.samsung.hardware.gnss@1.0::ISecGnss/default.
01-06 07:49:28.489 I/TbaseLoader(  772): Starting tbaseLoader
01-06 07:49:28.489 D/QSEECOMAPI(  772): QSEECom_load_external_elf
01-06 07:49:28.490 I/KEYPROV_DHKPROV(  776): version = rev.3
01-06 07:49:28.491 E/KEYPROV_DHKPROV(  776): There is no data
01-06 07:49:28.491 E/KEYPROV_DHKPROV(  776): Failed to prepare to key provisioning
01-06 07:49:28.491 D/QSEECOMAPI(  772): app_arch = 1, total_files = 9
01-06 07:49:28.492 I/KEYPROV_DHKPROV(  775): version = rev.3
01-06 07:49:28.492 D/INSTHK  (  773): version = rev.8
01-06 07:49:28.492 E/KEYPROV_DHKPROV(  775): There is no data
01-06 07:49:28.492 E/KEYPROV_DHKPROV(  775): Failed to prepare to key provisioning
01-06 07:49:28.493 D/HDCP2   (  773):  ==========================================
01-06 07:49:28.493 D/HDCP2   (  773):  |              HDCP2 v3.78               |
01-06 07:49:28.493 D/HDCP2   (  773):  ==========================================
01-06 07:49:28.493 D/HDCP2   (  773): Starting qseecom sshdcp2 client
01-06 07:49:28.493 D/HDCP2   (  773): qsc_start_app is called:
01-06 07:49:28.493 D/QSEECOMAPI(  773): QSEECom_get_handle sb_length = 0x10000
01-06 07:49:28.503 E/PerMgrProxy(  777): Starting pm-proxy service
01-06 07:49:28.505 I/SecureStorage(  770): [INFO]: SPID(0x00000000)Secure Storage Daemon version 1.9.25, release, qsee.
01-06 07:49:28.506 D/PerMgrSrv(  689): modem state: is off-line, add client PM-PROXY-THREAD
01-06 07:49:28.506 D/PerMgrSrv(  689): PM-PROXY-THREAD registered
01-06 07:49:28.506 D/PerMgrLib(  777): PM-PROXY-THREAD successfully registered for modem
01-06 07:49:28.506 I/PerMgrProxy(  777): Casting proxy vote for modem
01-06 07:49:28.506 D/PerMgrLib(  777): PM-PROXY-THREAD voting for modem
01-06 07:49:28.506 D/PerMgrSrv(  689): PM-PROXY-THREAD voting for modem
01-06 07:49:28.506 D/PerMgrSrv(  689): modem new state: going on-line
01-06 07:49:28.506 D/PerMgrSrv(  689): modem num voters is 1
01-06 07:49:28.506 I/PerMgrProxy(  777): pm-proxy-thread vote successful for modem
01-06 07:49:28.509 I/SecureStorage(  770): [INFO]: SPID(0x00000000)Secure Storage Daemon is preparing to run
