01-16 21:21:08.432 I/chatty  (  654): uid=1041(audioserver) audio@2.0-servi identical 6 lines
01-16 21:21:08.432 E/platform_info(  654): param tag only supported with CONFIG_PARAMS section
01-16 21:21:08.434 E/audio_hw_acdb(  654): acdb_init_v2: dlsym error undefined symbol: acdb_loader_init_v4 for acdb_loader_init_v4
01-16 21:21:08.434 D/ACDB-LOADER(  654): ACDB -> found 0 form factor & soundcard independant files
01-16 21:21:08.441 D/ACDB-LOADER(  654): ACDB -> Load file: /vendor/etc/audconf/ATT/Speaker_cal.acdb
01-16 21:21:08.441 D/ACDB-LOADER(  654): ACDB -> Load file: /vendor/etc/audconf/ATT/Headset_cal.acdb
01-16 21:21:08.441 D/ACDB-LOADER(  654): ACDB -> Load file: /vendor/etc/audconf/ATT/Bluetooth_cal.acdb
01-16 21:21:08.441 D/ACDB-LOADER(  654): ACDB -> Load file: /vendor/etc/audconf/ATT/Global_cal.acdb
01-16 21:21:08.441 D/ACDB-LOADER(  654): ACDB -> Load file: /vendor/etc/audconf/ATT/Hdmi_cal.acdb
01-16 21:21:08.441 D/ACDB-LOADER(  654): ACDB -> Load file: /vendor/etc/audconf/ATT/General_cal.acdb
01-16 21:21:08.441 D/ACDB-LOADER(  654): ACDB -> Load file: /vendor/etc/audconf/ATT/Handset_cal.acdb
01-16 21:21:08.441 D/ACDB-LOADER(  654): ACDB -> Load file: /vendor/etc/audconf/ATT/Codec_cal.acdb
01-16 21:21:08.441 D/ACDB-LOADER(  654): ACDB -> Load file: /vendor/etc/audconf/ATT/workspaceFile.qwsp
01-16 21:21:08.441 D/ACDB-LOADER(  654): ACDB -> ACDB_CMD_INITIALIZE_V2
01-16 21:21:08.444 D/        (  654): [ACDB Command]->SW Minor/Major/Revision version info for /vendor/etc/audconf/ATT/Speaker_cal.acdb
01-16 21:21:08.444 D/        (  654): [ACDB Command]->ACDB Sw Major = 9, ACDB Sw Minor = 0, ACDB Sw Revision = 4, ACDB Sw Cpl Number = 0
01-16 21:21:08.444 D/        (  654): [ACDB Command]->ACDB File Major = 10, ACDB File Minor = 0, ACDB File Revision = 2, ACDB File Cpl Number = 0
01-16 21:21:08.453 D/        (  654): [ACDB Command]->SW Minor/Major/Revision version info for /vendor/etc/audconf/ATT/Headset_cal.acdb
01-16 21:21:08.453 D/        (  654): [ACDB Command]->ACDB Sw Major = 9, ACDB Sw Minor = 0, ACDB Sw Revision = 4, ACDB Sw Cpl Number = 0
01-16 21:21:08.453 D/        (  654): [ACDB Command]->ACDB File Major = 10, ACDB File Minor = 0, ACDB File Revision = 2, ACDB File Cpl Number = 0
01-16 21:21:08.461 D/        (  654): [ACDB Command]->SW Minor/Major/Revision version info for /vendor/etc/audconf/ATT/Bluetooth_cal.acdb
01-16 21:21:08.461 D/        (  654): [ACDB Command]->ACDB Sw Major = 9, ACDB Sw Minor = 0, ACDB Sw Revision = 4, ACDB Sw Cpl Number = 0
01-16 21:21:08.461 D/        (  654): [ACDB Command]->ACDB File Major = 10, ACDB File Minor = 0, ACDB File Revision = 2, ACDB File Cpl Number = 0
01-16 21:21:08.462 D/        (  654): [ACDB Command]->SW Minor/Major/Revision version info for /vendor/etc/audconf/ATT/Global_cal.acdb
01-16 21:21:08.462 D/        (  654): [ACDB Command]->ACDB Sw Major = 9, ACDB Sw Minor = 0, ACDB Sw Revision = 4, ACDB Sw Cpl Number = 0
01-16 21:21:08.462 D/        (  654): [ACDB Command]->ACDB File Major = 10, ACDB File Minor = 0, ACDB File Revision = 2, ACDB File Cpl Number = 0
01-16 21:21:08.462 D/        (  654): [ACDB Command]->SW Minor/Major/Revision version info for /vendor/etc/audconf/ATT/Hdmi_cal.acdb
01-16 21:21:08.462 D/        (  654): [ACDB Command]->ACDB Sw Major = 9, ACDB Sw Minor = 0, ACDB Sw Revision = 4, ACDB Sw Cpl Number = 0
01-16 21:21:08.462 D/        (  654): [ACDB Command]->ACDB File Major = 10, ACDB File Minor = 0, ACDB File Revision = 2, ACDB File Cpl Number = 0
01-16 21:21:08.463 D/        (  654): [ACDB Command]->SW Minor/Major/Revision version info for /vendor/etc/audconf/ATT/General_cal.acdb
01-16 21:21:08.463 D/        (  654): [ACDB Command]->ACDB Sw Major = 9, ACDB Sw Minor = 0, ACDB Sw Revision = 4, ACDB Sw Cpl Number = 0
01-16 21:21:08.463 D/        (  654): [ACDB Command]->ACDB File Major = 10, ACDB File Minor = 0, ACDB File Revision = 2, ACDB File Cpl Number = 0
01-16 21:21:08.465 I/installd(  997): failed to read bootmessage
01-16 21:21:08.470 I/Netd    ( 1015): Netd 1.0 starting
01-16 21:21:08.475 I/PerfDaemon( 1016): PerfDaemon is starting.
01-16 21:21:08.476 I/FastMixerState(  964): sMaxFastTracks = 8
01-16 21:21:08.480 I/SamsungPowerSoundPlay(  964): Power sound main
01-16 21:21:08.480 I/SamsungPowerSoundPlay(  964): Play power on sound
01-16 21:21:08.480 V/SamsungPowerSound(  964): ++++++++ SamsungPowerSoundPlayer Constuctor ++++++++
01-16 21:21:08.480 I/SamsungPowerSound(  964): wait_for_audio_policy ++
01-16 21:21:08.480 I/mediaserver( 1001): ServiceManager: 0xed91c120
01-16 21:21:08.481 I/DrmManagerService(Native)(  987): instantiate
01-16 21:21:08.492 D/        (  654): [ACDB Command]->SW Minor/Major/Revision version info for /vendor/etc/audconf/ATT/Handset_cal.acdb
01-16 21:21:08.492 D/        (  654): [ACDB Command]->ACDB Sw Major = 9, ACDB Sw Minor = 0, ACDB Sw Revision = 4, ACDB Sw Cpl Number = 0
01-16 21:21:08.492 D/        (  654): [ACDB Command]->ACDB File Major = 10, ACDB File Minor = 0, ACDB File Revision = 2, ACDB File Cpl Number = 0
01-16 21:21:08.498 D/        (  654): [ACDB Command]->SW Minor/Major/Revision version info for /vendor/etc/audconf/ATT/Codec_cal.acdb
01-16 21:21:08.498 D/        (  654): [ACDB Command]->ACDB Sw Major = 9, ACDB Sw Minor = 0, ACDB Sw Revision = 4, ACDB Sw Cpl Number = 0
01-16 21:21:08.498 D/        (  654): [ACDB Command]->ACDB File Major = 10, ACDB File Minor = 0, ACDB File Revision = 2, ACDB File Cpl Number = 0
01-16 21:21:08.500 D/        (  654): [ACDB Command]->SW Minor/Major/Revision version info for /vendor/etc/audconf/ATT/workspaceFile.qwsp
01-16 21:21:08.500 D/        (  654): [ACDB Command]->ACDB Sw Major = 9, ACDB Sw Minor = 0, ACDB Sw Revision = 4, ACDB Sw Cpl Number = 0
01-16 21:21:08.500 D/        (  654): [ACDB Command]->ACDB File Major = 10, ACDB File Minor = 0, ACDB File Revision = 2
01-16 21:21:08.500 D/        (  654): ACDBFILE_MGR:Read the devices count as zero, please check the acdb file
01-16 21:21:08.500 D/ACDB-LOADER(  654): ACDB -> ACPH INIT
01-16 21:21:08.500 D/        (  654): [ACPH]->Online service registered with ACPH
01-16 21:21:08.500 E/Diag_Lib(  654):  Diag_LSM_Init: Failed to open handle to diag driver, error = 13
01-16 21:21:08.500 E/Diag_Lib(  654): diag: In diagpkt_tbl_reg, service not initialized.
01-16 21:21:08.500 D/        (  654): [ACPH]->ACPH init success
01-16 21:21:08.500 D/ACDB-LOADER(  654): ACDB -> RTAC INIT
01-16 21:21:08.500 D/        (  654): [ACPH]->DSP RTC service registered with ACPH
01-16 21:21:08.500 D/ACDB-LOADER(  654): ACDB -> MCS, FTS INIT
01-16 21:21:08.500 D/        (  654): [ACPH]->MCS RTC service registered with ACPH
01-16 21:21:08.500 D/        (  654): [ACPH]->FTS RTC service registered with ACPH
01-16 21:21:08.500 D/ACDB-LOADER(  654): ACDB -> ADIE RTAC INIT
01-16 21:21:08.500 D/        (  654): [ACPH]->ADIE RTC service registered with ACPH
01-16 21:21:08.500 D/ACDB-LOADER(  654): ACDB -> ACDB_CMD_GET_VOC_PROC_DYNAMIC_TABLE_SIZE
01-16 21:21:08.501 D/        (  654): ACDBFILE_MGR:Read the devices count as zero, please check the acdb file
01-16 21:21:08.510 E/audit   (  905): type=1400 audit(1642389668.484:37): avc:  denied  { read write } for  pid=654 comm="audio@2.0-servi" name="diag" dev="tmpfs" ino=2083 scontext=u:r:hal_audio_default:s0 tcontext=u:object_r:diag_device:s0 tclass=chr_file permissive=0 SEPF_SM-G955U_9_0013 audit_filtered
01-16 21:21:08.511 I/Netd    ( 1015): Netd blockSigpipe
01-16 21:21:08.511 I/Netd    ( 1015): Netd NetlinkManager
01-16 21:21:08.511 I/Netd    ( 1015): Netd Controllers
01-16 21:21:08.511 D/TetherController( 1015): Setting IP forward enable = 0
01-16 21:21:08.516 I/Netd    ( 1015): Netd Controllers init
01-16 21:21:08.516 I/Netd    ( 1015): Creating child chains starts
01-16 21:21:08.516 E/IptablesRestoreController( 1015): [iptables debug]iptables-restore execute *filter
01-16 21:21:08.516 E/IptablesRestoreController( 1015): :INPUT -
01-16 21:21:08.516 E/IptablesRestoreController( 1015): -F INPUT
01-16 21:21:08.516 E/IptablesRestoreController( 1015): :bw_INPUT -
01-16 21:21:08.516 E/IptablesRestoreController( 1015): -A INPUT -j bw_INPUT
01-16 21:21:08.516 E/IptablesRestoreController( 1015): :fw_INPUT -
01-16 21:21:08.516 E/IptablesRestoreController( 1015): -A INPUT -j fw_INPUT
01-16 21:21:08.516 E/IptablesRestoreController( 1015): :bw_VIDEOCALL_IN -
01-16 21:21:08.516 E/IptablesRestoreController( 1015): -A INPUT -j bw_VIDEOCALL_IN
01-16 21:21:08.516 E/IptablesRestoreController( 1015): COMMIT
01-16 21:21:08.530 I/DrmManagerService(Native)(  987): instantiate addService
01-16 21:21:08.533 D/PerfDaemon( 1016): added vendor.perfservice to services and is now running.
01-16 21:21:08.535 D/ACDB-LOADER(  654): ACDB -> send_common_custom_topology
01-16 21:21:08.535 D/ACDB-LOADER(  654): ACDB -> ACDB_CMD_GET_AVCS_CUSTOM_TOPO_INFO_SIZE
01-16 21:21:08.535 D/ACDB-LOADER(  654): ACDB -> ACDB_CMD_GET_AVCS_CUSTOM_TOPO_INFO
01-16 21:21:08.535 D/ACDB-LOADER(  654): ACDB -> ACDB_CMD_GET_AVCS_CUSTOM_TOPO_INFO: size:0x370 ret=0 
01-16 21:21:08.535 D/ACDB-LOADER(  654): ACDB -> CORE_CUSTOM_TOPOLOGIES
01-16 21:21:08.535 D/QCALOG  ( 1102): [location-mq] SRV Socket-Opend
01-16 21:21:08.536 I/bootchecker( 1111): Leave previous log before plaform reset
01-16 21:21:08.537 D/ACDB-LOADER(  654): ACDB -> acdb_loader_send_common_custom_topology: Common custom topology in use
01-16 21:21:08.537 D/ACDB-LOADER(  654): ACDB -> init done!
01-16 21:21:08.537 D/audio_hw_acdb(  654): acdb_init_v2: ACDB Instance ID support after ACDB init:0
01-16 21:21:08.537 D/sound_trigger_platform(  654): platform_stdev_init: Opening device /dev/snd/hwC0D1000
01-16 21:21:08.537 D/sound_trigger_platform(  654): get_codec_version: codec version 
01-16 21:21:08.543 D/sound_trigger_hw(  654): st_hw_gcs_init: calling gcs_init
01-16 21:21:08.544 D/vendor.samsung.hardware.miscpower@1.0-service( 1037): sec-miscpower-1-0 starts
01-16 21:21:08.544 D/Sec MiscPowerHAL( 1037): NEW MiscPower!!!
01-16 21:21:08.544 D/Sec MiscPowerHAL( 1037): !@Power Open Check! : [/sys/class/sec/tsp/input/enabled] [0]
01-16 21:21:08.544 D/Sec MiscPowerHAL( 1037): !@Power Open Check! : [/sys/class/sec/tsp1/input/enabled] [2]
01-16 21:21:08.545 D/Sec MiscPowerHAL( 1037): !@Power Open Check! : [/sys/class/sec/tsp2/input/enabled] [2]
01-16 21:21:08.545 D/Sec MiscPowerHAL( 1037): !@Power Open Check! : [/sys/class/sec/sec_epen/input/enabled] [2]
01-16 21:21:08.545 D/Sec MiscPowerHAL( 1037): !@Power Open Check! : [/sys/class/sec/sec_touchkey/input/enabled] [2]
01-16 21:21:08.545 D/Sec MiscPowerHAL( 1037): !@Power Open Check! : [/sys/class/power_supply/battery/lcd] [2]
01-16 21:21:08.546 I/ServiceManagement( 1037): Removing namespace from process name vendor.samsung.hardware.miscpower@1.0-service to miscpower@1.0-service.
01-16 21:21:08.550 D/libmdf  ( 1000): libmdf v2.9.0.0 On 64bit PLATFORM
01-16 21:21:08.551 I/keystore( 1000): A randomSeed is provided in BoringSSL
01-16 21:21:08.558 E/        (  654): platform_get_info_from_xml: bytes_read 1024
01-16 21:21:08.558 E/        (  654): platform_get_info_from_xml: bytes_read 1024
01-16 21:21:08.558 E/        (  654): platform_get_info_from_xml: bytes_read 965
01-16 21:21:08.558 D/        (  654): glink_ch_config: ch_cfg size = 64, copied ch_size = 64
01-16 21:21:08.558 D/        (  654): glink_ch_config: ch_cfg size = 60, copied ch_size = 124
01-16 21:21:08.558 D/        (  654): glink_ch_config: ch_cfg size = 60, copied ch_size = 184
01-16 21:21:08.558 D/        (  654): glink_ch_config: ch_cfg size = 68, copied ch_size = 252
01-16 21:21:08.558 E/        (  654): platform_get_info_from_xml: bytes_read 0
01-16 21:21:08.558 D/        (  654): platform_info_init: name = g_glink_ctrl, latency = 5000, intents = 1
01-16 21:21:08.558 D/        (  654): platform_info_init: intents_size = 1024
01-16 21:21:08.558 D/        (  654): platform_info_init: name = g_glink_persistent_data_ild, latency = 30000, intents = 0
01-16 21:21:08.558 D/        (  654): platform_info_init: name = g_glink_persistent_data_nild, latency = 30000, intents = 0
01-16 21:21:08.558 D/        (  654): platform_info_init: name = g_glink_audio_data, latency = 10000, intents = 2
01-16 21:21:08.558 D/        (  654): platform_info_init: intents_size = 4096
01-16 21:21:08.559 D/        (  654): platform_info_init: intents_size = 4096
01-16 21:21:08.559 D/        (  654): ipc_init: reg_pkt_size = 253,  ch_size = 252
01-16 21:21:08.559 D/        (  654): ipc_init: Done, ref_cnt = 1
01-16 21:21:08.559 D/        (  654): ipc_register: client_id is 0
01-16 21:21:08.559 D/        (  654): gcs_init: GCS init done
01-16 21:21:08.560 E/sound_trigger_platform(  654): init_be_dai_name_table: No backend dai name set
01-16 21:21:08.560 I/SoundTriggerHalImpl(  654): onFirstRef() mModuleName primary mHwDevice 0xe9dd6000
01-16 21:21:08.562 I/audiohalservice(  654): Registration complete for android.hardware.soundtrigger@2.1::ISoundTriggerHw/default.
01-16 21:21:08.562 W/hwservicemanager(  568): getTransport: Cannot find entry android.hardware.bluetooth.a2dp@1.0::IBluetoothAudioOffload/default in either framework or device manifest.
01-16 21:21:08.564 E/audiohalservice(  654): Could not get passthrough implementation for android.hardware.bluetooth.a2dp@1.0::IBluetoothAudioOffload/default.
01-16 21:21:08.564 W/audiohalservice(  654): Could not register Bluetooth audio offload 1.0
01-16 21:21:08.564 E/LocSvc_launcher( 1120): 
01-16 21:21:08.564 E/LocSvc_launcher( 1120): Error! execvp() returned. Something is wrong. Could not start xtwifi-inet-agent,Error: 13 [Permission denied]
01-16 21:21:08.565 E/LocSvc_launcher( 1121): 
01-16 21:21:08.565 E/LocSvc_launcher( 1121): Error! execvp() returned. Something is wrong. Could not start xtwifi-client,Error: 13 [Permission denied]
01-16 21:21:08.566 E/LocSvc_launcher( 1102): signal_handler_thread_func:309]: Received SIGCHLD
01-16 21:21:08.566 E/LocSvc_launcher( 1102): signal_handler_thread_func:325]: Exit status: 1. Restarting
01-16 21:21:08.566 E/LocSvc_launcher( 1102): signal_handler_thread_func:334]: Restarting xtwifi-inet-agent. Number of restarts: 1
01-16 21:21:08.566 E/LocSvc_launcher( 1102): signal_handler_thread_func:325]: Exit status: 1. Restarting
01-16 21:21:08.566 E/LocSvc_launcher( 1102): signal_handler_thread_func:334]: Restarting xtwifi-client. Number of restarts: 1
01-16 21:21:08.567 E/LocSvc_launcher( 1102): Parent woken up!
01-16 21:21:08.568 I/mediametrics( 1008): ServiceManager: 0x750183d740
01-16 21:21:08.568 D/MediaAnalyticsService( 1008): physMem: 3473358848
01-16 21:21:08.568 D/MediaAnalyticsService( 1008): MediaAnalyticsService created
01-16 21:21:08.568 D/MediaAnalyticsService( 1008): mMaxRecords is 20000
01-16 21:21:08.568 E/audiohalservice(  654): Could not get passthrough implementation for com.qualcomm.qti.bluetooth_audio@1.0::IBluetoothAudio/default.
01-16 21:21:08.568 W/audiohalservice(  654): Could not register bluetooth_audio service
01-16 21:21:08.571 W/hwservicemanager(  568): getTransport: Cannot find entry android.hardware.keymaster@4.0::IKeymasterDevice/default in either framework or device manifest.
01-16 21:21:08.573 I/keystore( 1000): found android.hardware.keymaster@3.0::IKeymasterDevice with interface name default and seclevel TRUSTED_ENVIRONMENT
01-16 21:21:08.575 D/SamsungKeyStore( 1000): SamsungKeyStore : 1
01-16 21:21:08.575 I/exthealth@1.0-service( 1029): exthealth@1.0-service: Service Start!!!
01-16 21:21:08.575 D/keymaster_tee( 1000): [DBG] (skeymaster_operation.cpp:976) instantiated with ISKeymasterDevice
01-16 21:21:08.575 I/samsung_keystore( 1000): SamsungKeyManager : Initialize dev
01-16 21:21:08.575 I/samsung_keystore( 1000): SamsungKeyManager : Initialize sKeymasterOperation
01-16 21:21:08.575 D/SamsungKeyStore( 1000): Success to initialize SKO, SamsungKeyManager!
01-16 21:21:08.575 I/health@2.0/( 1029): health@2.0/default: Hal starting main loop...
01-16 21:21:08.575 D/SamsungKeyStore( 1000): Success to initialize Mdfpp!
01-16 21:21:08.575 I/health@2.0/( 1029): health@2.0/default Hal is starting up...
01-16 21:21:08.575 I/exthealth@1.0-service( 1029): exthealth@1.0-service: Service Init +
01-16 21:21:08.584 W/hwservicemanager(  568): getTransport: Cannot find entry android.hardware.audio@4.0::IDevicesFactory/msd in either framework or device manifest.
01-16 21:21:08.585 D/vndksupport(  694): Loading /vendor/lib/hw/android.hardware.audio@4.0-impl.so from current namespace instead of sphal namespace.
01-16 21:21:08.586 I/exthealth@1.0-service( 1029): exthealth@1.0-service: Service Init -
01-16 21:21:08.587 E/DSMS-BIN( 1124): Property variable sys.boot_completed not defined
01-16 21:21:08.591 W/statsd  ( 1024): statscompanion service unavailable!
01-16 21:21:08.597 I/statsd  ( 1024): ConfigManager: stats updateConfig (1000 55) 
01-16 21:21:08.597 I/statsd  ( 1024): ConfigManager: Update saved file on disk
01-16 21:21:08.597 E/LocSvc_launcher( 1128): 
01-16 21:21:08.597 E/LocSvc_launcher( 1128): Error! execvp() returned. Something is wrong. Could not start xtwifi-inet-agent,Error: 13 [Permission denied]
01-16 21:21:08.598 E/LocSvc_launcher( 1102): signal_handler_thread_func:309]: Received SIGCHLD
01-16 21:21:08.598 E/LocSvc_launcher( 1102): signal_handler_thread_func:325]: Exit status: 1. Restarting
01-16 21:21:08.598 E/LocSvc_launcher( 1102): signal_handler_thread_func:334]: Restarting xtwifi-inet-agent. Number of restarts: 2
01-16 21:21:08.598 E/LocSvc_launcher( 1102): Parent woken up!
01-16 21:21:08.599 W/statsd  ( 1024): Child initialization success 8453974068702470452 
01-16 21:21:08.599 W/statsd  ( 1024): Child initialization success 5917282252445446687 
01-16 21:21:08.599 W/statsd  ( 1024): Child initialization success -6662692109557725513 
01-16 21:21:08.599 W/statsd  ( 1024): Child initialization success 5917282252445446687 
01-16 21:21:08.599 W/statsd  ( 1024): Child initialization success -807227756929622736 
01-16 21:21:08.599 W/statsd  ( 1024): Child initialization success 1228439758292175481 
01-16 21:21:08.599 W/statsd  ( 1024): Child initialization success 7699557749598794119 
01-16 21:21:08.599 W/statsd  ( 1024): Child initialization success 9024506553588204147 
01-16 21:21:08.599 I/Atfwd_Daemon( 1108): *** Starting ATFWD-daemon *** 
01-16 21:21:08.599 I/Atfwd_Daemon( 1108): init all signals
01-16 21:21:08.599 I/Atfwd_Daemon( 1108): Explicitly disbling qmux 
01-16 21:21:08.599 I/Atfwd_Daemon( 1108): Disabling QMUX complete...
01-16 21:21:08.599 I/Atfwd_Daemon( 1108): getting at svc obj for access terminal QMI svc
01-16 21:21:08.599 I/Atfwd_Daemon( 1108): 
01-16 21:21:08.599 I/Atfwd_Daemon( 1108): 
01-16 21:21:08.599 I/Atfwd_Daemon( 1108):  TrtyInit: retryCnt: 1
01-16 21:21:08.599 I/Atfwd_Daemon( 1108): Using QCCI. Skipping qmi_init
01-16 21:21:08.599 I/Atfwd_Daemon( 1108): result : 1 	 ,Init step :0 	 ,qmiErrorCode: 0
01-16 21:21:08.599 I/Atfwd_Daemon( 1108): 
01-16 21:21:08.599 I/Atfwd_Daemon( 1108):  Back to main.
01-16 21:21:08.599 I/Atfwd_Daemon( 1108):  tryinit complete with connectresult: 1
01-16 21:21:08.599 I/Atfwd_Daemon( 1108): 
01-16 21:21:08.599 I/Atfwd_Daemon( 1108): 
01-16 21:21:08.599 I/Atfwd_Daemon( 1108):  TrtyInit: retryCnt: 1
01-16 21:21:08.599 I/Atfwd_Daemon( 1108): 
01-16 21:21:08.599 I/Atfwd_Daemon( 1108):  qmi_client_init_instance....
01-16 21:21:08.599 I/statsd  ( 1024): ConfigManager: complete updateConfig
01-16 21:21:08.599 I/statsd  ( 1024): ConfigManager: stats updateConfig (10034 175713051) 
01-16 21:21:08.599 I/statsd  ( 1024): ConfigManager: Update saved file on disk
01-16 21:21:08.600 E/LocSvc_launcher( 1129): 
01-16 21:21:08.600 E/LocSvc_launcher( 1129): Error! execvp() returned. Something is wrong. Could not start xtwifi-client,Error: 13 [Permission denied]
01-16 21:21:08.600 I/LOWI-8.6.0.31( 1119): [MessageQ_Client] connecting to server [/dev/socket/location/mq/location-mq-s]
01-16 21:21:08.600 I/LOWI-8.6.0.31( 1119): [MessageQ_Client] connected
01-16 21:21:08.600 I/LOWI-8.6.0.31( 1119): [LOWIController] loadConfigItems: Log level = 3, Cache Records = 100, max queue size = 255, fresh scan threshold = 500
01-16 21:21:08.601 E/LOWI-8.6.0.31( 1119): [LOWIDiagLog] Diag logging could not be enabled
01-16 21:21:08.601 E/LocSvc_launcher( 1102): signal_handler_thread_func:309]: Received SIGCHLD
01-16 21:21:08.601 E/LocSvc_launcher( 1102): signal_handler_thread_func:325]: Exit status: 1. Restarting
01-16 21:21:08.601 E/LocSvc_launcher( 1102): signal_handler_thread_func:334]: Restarting xtwifi-client. Number of restarts: 2
01-16 21:21:08.601 E/LocSvc_launcher( 1102): Parent woken up!
01-16 21:21:08.601 I/AudioFlinger(  694): Using default 3000 mSec as standby time.
01-16 21:21:08.602 E/LocSvc_launcher( 1141): 
01-16 21:21:08.602 E/LocSvc_launcher( 1141): Error! execvp() returned. Something is wrong. Could not start xtwifi-inet-agent,Error: 13 [Permission denied]
01-16 21:21:08.603 E/LocSvc_launcher( 1102): signal_handler_thread_func:309]: Received SIGCHLD
01-16 21:21:08.603 E/LocSvc_launcher( 1102): signal_handler_thread_func:325]: Exit status: 1. Restarting
01-16 21:21:08.603 E/LocSvc_launcher( 1102): signal_handler_thread_func:334]: Restarting xtwifi-inet-agent. Number of restarts: 3
01-16 21:21:08.603 E/LocSvc_launcher( 1102): Parent woken up!
01-16 21:21:08.604 E/LocSvc_launcher( 1147): 
01-16 21:21:08.604 E/LocSvc_launcher( 1147): Error! execvp() returned. Something is wrong. Could not start xtwifi-client,Error: 13 [Permission denied]
01-16 21:21:08.605 E/LocSvc_launcher( 1102): signal_handler_thread_func:309]: Received SIGCHLD
01-16 21:21:08.605 E/LocSvc_launcher( 1102): signal_handler_thread_func:325]: Exit status: 1. Restarting
01-16 21:21:08.605 E/LocSvc_launcher( 1102): signal_handler_thread_func:334]: Restarting xtwifi-client. Number of restarts: 3
01-16 21:21:08.605 E/LocSvc_launcher( 1102): Parent woken up!
01-16 21:21:08.611 I/statsd  ( 1024): ConfigManager: complete updateConfig
01-16 21:21:08.611 I/LOWI-8.6.0.31( 1119): [LOWIController] Client controller entering event loop
01-16 21:21:08.612 I/statsd  ( 1024): using statsd socket
01-16 21:21:08.615 I/audioserver(  694): Add AudioFlinger on audioserver
01-16 21:21:08.616 D/APM::MultiSoundManager(  694): MultiSoundManager created
01-16 21:21:08.622 E/APM::Serializer(  694): deserialize: Could not parse /odm/etc/audio_policy_configuration_sec.xml document.
01-16 21:21:08.627 E/LocSvc_launcher( 1149): 
01-16 21:21:08.627 E/LocSvc_launcher( 1149): Error! execvp() returned. Something is wrong. Could not start xtwifi-client,Error: 13 [Permission denied]
01-16 21:21:08.628 E/LocSvc_launcher( 1102): signal_handler_thread_func:309]: Received SIGCHLD
01-16 21:21:08.628 E/LocSvc_launcher( 1102): signal_handler_thread_func:325]: Exit status: 1. Restarting
01-16 21:21:08.628 E/LocSvc_launcher( 1102): signal_handler_thread_func:334]: Restarting xtwifi-client. Number of restarts: 4
01-16 21:21:08.628 E/LocSvc_launcher( 1148): 
01-16 21:21:08.628 E/LocSvc_launcher( 1148): Error! execvp() returned. Something is wrong. Could not start xtwifi-inet-agent,Error: 13 [Permission denied]
01-16 21:21:08.628 E/LocSvc_launcher( 1102): Parent woken up!
01-16 21:21:08.629 E/LocSvc_launcher( 1102): signal_handler_thread_func:309]: Received SIGCHLD
01-16 21:21:08.629 E/LocSvc_launcher( 1102): signal_handler_thread_func:325]: Exit status: 1. Restarting
01-16 21:21:08.629 E/LocSvc_launcher( 1102): signal_handler_thread_func:334]: Restarting xtwifi-inet-agent. Number of restarts: 4
01-16 21:21:08.629 E/LocSvc_launcher( 1102): Parent woken up!
01-16 21:21:08.630 E/LocSvc_launcher( 1160): 
01-16 21:21:08.630 E/LocSvc_launcher( 1160): Error! execvp() returned. Something is wrong. Could not start xtwifi-client,Error: 13 [Permission denied]
01-16 21:21:08.631 E/LocSvc_launcher( 1102): signal_handler_thread_func:309]: Received SIGCHLD
01-16 21:21:08.631 E/LocSvc_launcher( 1102): signal_handler_thread_func:325]: Exit status: 1. Restarting
01-16 21:21:08.631 E/LocSvc_launcher( 1102): signal_handler_thread_func:334]: Restarting xtwifi-client. Number of restarts: 5
01-16 21:21:08.632 E/LocSvc_launcher( 1102): Parent woken up!
01-16 21:21:08.633 E/LocSvc_launcher( 1162): 
01-16 21:21:08.633 E/LocSvc_launcher( 1162): Error! execvp() returned. Something is wrong. Could not start xtwifi-inet-agent,Error: 13 [Permission denied]
01-16 21:21:08.634 D/DataRouter(  993): ril.manufacturedate: 20170413
01-16 21:21:08.634 E/LocSvc_launcher( 1102): signal_handler_thread_func:309]: Received SIGCHLD
01-16 21:21:08.634 E/LocSvc_launcher( 1102): signal_handler_thread_func:325]: Exit status: 1. Restarting
01-16 21:21:08.634 E/LocSvc_launcher( 1102): signal_handler_thread_func:334]: Restarting xtwifi-inet-agent. Number of restarts: 5
01-16 21:21:08.634 E/LocSvc_launcher( 1102): Parent woken up!
01-16 21:21:08.637 I/ServiceManagement( 1027): getService: Trying again for android.hardware.health@2.0::IHealth/default...
01-16 21:21:08.638 E/LocSvc_launcher( 1163): 
01-16 21:21:08.638 E/LocSvc_launcher( 1163): Error! execvp() returned. Something is wrong. Could not start xtwifi-client,Error: 13 [Permission denied]
01-16 21:21:08.641 E/LocSvc_launcher( 1164): 
01-16 21:21:08.641 E/LocSvc_launcher( 1164): Error! execvp() returned. Something is wrong. Could not start xtwifi-inet-agent,Error: 13 [Permission denied]
01-16 21:21:08.642 E/LocSvc_launcher( 1102): signal_handler_thread_func:309]: Received SIGCHLD
01-16 21:21:08.642 E/LocSvc_launcher( 1102): signal_handler_thread_func:325]: Exit status: 1. Restarting
01-16 21:21:08.642 E/LocSvc_launcher( 1102): signal_handler_thread_func:329]: xtwifi-inet-agent Restarted too many times. Grounded!
01-16 21:21:08.642 E/LocSvc_launcher( 1102): Parent woken up!
01-16 21:21:08.648 E/LocSvc_launcher( 1102): signal_handler_thread_func:309]: Received SIGCHLD
01-16 21:21:08.648 E/LocSvc_launcher( 1102): signal_handler_thread_func:325]: Exit status: 1. Restarting
01-16 21:21:08.648 E/LocSvc_launcher( 1102): signal_handler_thread_func:329]: xtwifi-client Restarted too many times. Grounded!
01-16 21:21:08.648 E/LocSvc_launcher( 1102): Parent woken up!
01-16 21:21:08.674 D/vndksupport(  654): Loading /vendor/lib/hw/audio.primary.msm8998.so from current namespace instead of sphal namespace.
01-16 21:21:08.675 D/audio_hw_primary(  654): adev_open: enter
01-16 21:21:08.675 D/audio_log_utils(  654): registered, module hal
01-16 21:21:08.677 D/audio_hw_utils(  654): audio_extn_utils_open_snd_mixer: snd_card_name: msm8998-tavil-snd-card
01-16 21:21:08.677 W/hardware_info(  654): update_hardware_info_msm8998: Not a msm8998 device
01-16 21:21:08.677 D/audio_hw_utils(  654): audio_extn_utils_open_snd_mixer: Opened sound card:0
01-16 21:21:08.677 D/msm8974_platform(  654): platform_init: Opened sound card:0
01-16 21:21:08.677 W/hardware_info(  654): update_hardware_info_msm8998: Not a msm8998 device
01-16 21:21:08.677 D/msm8974_platform(  654): platform_init: Loading mixer file: /vendor/etc/mixer_paths_tavil.xml
01-16 21:21:08.679 D/audio_route(  654): ========== alloc_mixer_state ==========
01-16 21:21:08.692 I/faced   ( 1110): Starting faced
01-16 21:21:08.695 D/AndroidRuntime(  980): >>>>>> START com.android.internal.os.ZygoteInit uid 0 <<<<<<
01-16 21:21:08.700 V/faced_Proxy( 1110): FaceDaemonProxy::FaceDaemonProxy()
01-16 21:21:08.701 D/LocSvc_LBSProxy( 1122): checkIfLocationExtendedClientExists] File Exists
01-16 21:21:08.706 I/LocSvc_api_v02( 1122): locClientOpen:2000]: Service instance id is -1
01-16 21:21:08.706 I/LocSvc_api_v02( 1122): ---> locClientOpenInstance line 1875 loc client open
01-16 21:21:08.708 E/QMI_FW  ( 1122): QMUXD: WARNING qmi_qmux_if_pwr_up_init failed! rc=-6
01-16 21:21:08.709 D/libmdf  ( 1139): libmdf v2.9.0.0 On 64bit PLATFORM
01-16 21:21:08.709 D/AT_Distributor( 1139): SERIALNO: R58J4309R8V,20170413,
01-16 21:21:08.709 D/AT_Distributor( 1139): ril.serialnumber: R58J4309R8V
01-16 21:21:08.715 W/hwservicemanager(  568): getTransport: Cannot find entry android.hardware.usb.gadget@1.0::IUsbGadget/default in either framework or device manifest.
01-16 21:21:08.716 D/vendor.samsung.hardware.biometrics.fingerprint@2.1-service( 1159): sec_fps_hal starts
01-16 21:21:08.716 I/vendor.samsung.hardware.biometrics.fingerprint@2.1-service( 1159): BiometricsFingerprint()
01-16 21:21:08.716 I/ServiceManagement( 1159): Removing namespace from process name vendor.samsung.hardware.biometrics.fingerprint@2.1-service to fingerprint@2.1-service.
01-16 21:21:08.717 I/usbd    ( 1158): Usb HAL not found
01-16 21:21:08.720 I/media.codec( 1030): mediacodecservice starting
01-16 21:21:08.722 E/IptablesRestoreController( 1015): [iptables debug]iptables-restore execute done *filter
01-16 21:21:08.722 E/IptablesRestoreController( 1015): :INPUT -
01-16 21:21:08.722 E/IptablesRestoreController( 1015): -F INPUT
01-16 21:21:08.722 E/IptablesRestoreController( 1015): :bw_INPUT -
01-16 21:21:08.722 E/IptablesRestoreController( 1015): -A INPUT -j bw_INPUT
01-16 21:21:08.722 E/IptablesRestoreController( 1015): :fw_INPUT -
01-16 21:21:08.722 E/IptablesRestoreController( 1015): -A INPUT -j fw_INPUT
01-16 21:21:08.722 E/IptablesRestoreController( 1015): :bw_VIDEOCALL_IN -
01-16 21:21:08.722 E/IptablesRestoreController( 1015): -A INPUT -j bw_VIDEOCALL_IN
01-16 21:21:08.722 E/IptablesRestoreController( 1015): COMMIT
01-16 21:21:08.722 E/IptablesRestoreController( 1015): , res : 0
01-16 21:21:08.722 E/IptablesRestoreController( 1015): [iptables debug]iptables-restore execute *filter
01-16 21:21:08.722 E/IptablesRestoreController( 1015): :FORWARD -
01-16 21:21:08.722 E/IptablesRestoreController( 1015): -F FORWARD
01-16 21:21:08.722 E/IptablesRestoreController( 1015): :oem_fwd -
01-16 21:21:08.722 E/IptablesRestoreController( 1015): -A FORWARD -j oem_fwd
01-16 21:21:08.722 E/IptablesRestoreController( 1015): :fw_FORWARD -
01-16 21:21:08.722 E/IptablesRestoreController( 1015): -A FORWARD -j fw_FORWARD
01-16 21:21:08.722 E/IptablesRestoreController( 1015): :bw_FORWARD -
01-16 21:21:08.722 E/IptablesRestoreController( 1015): -A FORWARD -j bw_FORWARD
01-16 21:21:08.722 E/IptablesRestoreController( 1015): :tetherctrl_FORWARD -
01-16 21:21:08.722 E/IptablesRestoreController( 1015): -A FORWARD -j tetherctrl_FORWARD
01-16 21:21:08.722 E/IptablesRestoreController( 1015): COMMIT
01-16 21:21:08.724 I//system/bin/tombstoned( 1157): tombstoned successfully initialized
01-16 21:21:08.724 E/IptablesRestoreController( 1015): [iptables debug]iptables-restore execute done *filter
01-16 21:21:08.724 E/IptablesRestoreController( 1015): :FORWARD -
01-16 21:21:08.724 E/IptablesRestoreController( 1015): -F FORWARD
01-16 21:21:08.724 E/IptablesRestoreController( 1015): :oem_fwd -
01-16 21:21:08.724 E/IptablesRestoreController( 1015): -A FORWARD -j oem_fwd
01-16 21:21:08.724 E/IptablesRestoreController( 1015): :fw_FORWARD -
01-16 21:21:08.724 E/IptablesRestoreController( 1015): -A FORWARD -j fw_FORWARD
01-16 21:21:08.724 E/IptablesRestoreController( 1015): :bw_FORWARD -
01-16 21:21:08.724 E/IptablesRestoreController( 1015): -A FORWARD -j bw_FORWARD
01-16 21:21:08.724 E/IptablesRestoreController( 1015): :tetherctrl_FORWARD -
01-16 21:21:08.724 E/IptablesRestoreController( 1015): -A FORWARD -j tetherctrl_FORWARD
01-16 21:21:08.724 E/IptablesRestoreController( 1015): COMMIT
01-16 21:21:08.724 E/IptablesRestoreController( 1015): , res : 0
01-16 21:21:08.724 E/IptablesRestoreController( 1015): [iptables debug]iptables-restore execute *raw
01-16 21:21:08.724 E/IptablesRestoreController( 1015): :PREROUTING -
01-16 21:21:08.724 E/IptablesRestoreController( 1015): -F PREROUTING
01-16 21:21:08.724 E/IptablesRestoreController( 1015): :bw_raw_PREROUTING -
01-16 21:21:08.724 E/IptablesRestoreController( 1015): -A PREROUTING -j bw_raw_PREROUTING
01-16 21:21:08.724 E/IptablesRestoreController( 1015): :idletimer_raw_PREROUTING -
01-16 21:21:08.724 E/IptablesRestoreController( 1015): -A PREROUTING -j idletimer_raw_PREROUTING
01-16 21:21:08.724 E/IptablesRestoreController( 1015): :tetherctrl_raw_PREROUTING -
01-16 21:21:08.724 E/IptablesRestoreController( 1015): -A PREROUTING -j tetherctrl_raw_PREROUTING
01-16 21:21:08.724 E/IptablesRestoreController( 1015): COMMIT
01-16 21:21:08.725 E/IptablesRestoreController( 1015): [iptables debug]iptables-restore execute done *raw
01-16 21:21:08.725 E/IptablesRestoreController( 1015): :PREROUTING -
01-16 21:21:08.725 E/IptablesRestoreController( 1015): -F PREROUTING
01-16 21:21:08.725 E/IptablesRestoreController( 1015): :bw_raw_PREROUTING -
01-16 21:21:08.725 E/IptablesRestoreController( 1015): -A PREROUTING -j bw_raw_PREROUTING
01-16 21:21:08.725 E/IptablesRestoreController( 1015): :idletimer_raw_PREROUTING -
01-16 21:21:08.725 E/IptablesRestoreController( 1015): -A PREROUTING -j idletimer_raw_PREROUTING
01-16 21:21:08.725 E/IptablesRestoreController( 1015): :tetherctrl_raw_PREROUTING -
01-16 21:21:08.725 E/IptablesRestoreController( 1015): -A PREROUTING -j tetherctrl_raw_PREROUTING
01-16 21:21:08.725 E/IptablesRestoreController( 1015): COMMIT
01-16 21:21:08.725 E/IptablesRestoreController( 1015): , res : 0
01-16 21:21:08.725 E/IptablesRestoreController( 1015): [iptables debug]iptables-restore execute *mangle
01-16 21:21:08.725 E/IptablesRestoreController( 1015): :FORWARD -
01-16 21:21:08.725 E/IptablesRestoreController( 1015): -F FORWARD
01-16 21:21:08.725 E/IptablesRestoreController( 1015): :tetherctrl_mangle_FORWARD -
01-16 21:21:08.725 E/IptablesRestoreController( 1015): -A FORWARD -j tetherctrl_mangle_FORWARD
01-16 21:21:08.725 E/IptablesRestoreController( 1015): COMMIT
01-16 21:21:08.725 E/IptablesRestoreController( 1015): [iptables debug]iptables-restore execute done *mangle
01-16 21:21:08.725 E/IptablesRestoreController( 1015): :FORWARD -
01-16 21:21:08.725 E/IptablesRestoreController( 1015): -F FORWARD
01-16 21:21:08.725 E/IptablesRestoreController( 1015): :tetherctrl_mangle_FORWARD -
01-16 21:21:08.725 E/IptablesRestoreController( 1015): -A FORWARD -j tetherctrl_mangle_FORWARD
01-16 21:21:08.725 E/IptablesRestoreController( 1015): COMMIT
01-16 21:21:08.725 E/IptablesRestoreController( 1015): , res : 0
01-16 21:21:08.725 E/IptablesRestoreController( 1015): [iptables debug]iptables-restore execute *mangle
01-16 21:21:08.725 E/IptablesRestoreController( 1015): :INPUT -
01-16 21:21:08.725 E/IptablesRestoreController( 1015): -F INPUT
01-16 21:21:08.725 E/IptablesRestoreController( 1015): :wakeupctrl_mangle_INPUT -
01-16 21:21:08.725 E/IptablesRestoreController( 1015): -A INPUT -j wakeupctrl_mangle_INPUT
01-16 21:21:08.725 E/IptablesRestoreController( 1015): :routectrl_mangle_INPUT -
01-16 21:21:08.725 E/IptablesRestoreController( 1015): -A INPUT -j routectrl_mangle_INPUT
01-16 21:21:08.725 E/IptablesRestoreController( 1015): COMMIT
01-16 21:21:08.726 E/IptablesRestoreController( 1015): [iptables debug]iptables-restore execute done *mangle
01-16 21:21:08.726 E/IptablesRestoreController( 1015): :INPUT -
01-16 21:21:08.726 E/IptablesRestoreController( 1015): -F INPUT
01-16 21:21:08.726 E/IptablesRestoreController( 1015): :wakeupctrl_mangle_INPUT -
01-16 21:21:08.726 E/IptablesRestoreController( 1015): -A INPUT -j wakeupctrl_mangle_INPUT
01-16 21:21:08.726 E/IptablesRestoreController( 1015): :routectrl_mangle_INPUT -
01-16 21:21:08.726 E/IptablesRestoreController( 1015): -A INPUT -j routectrl_mangle_INPUT
01-16 21:21:08.726 E/IptablesRestoreController( 1015): COMMIT
01-16 21:21:08.726 E/IptablesRestoreController( 1015): , res : 0
01-16 21:21:08.726 E/IptablesRestoreController( 1015): [iptables debug]iptables-restore execute *nat
01-16 21:21:08.726 E/IptablesRestoreController( 1015): :PREROUTING -
01-16 21:21:08.726 E/IptablesRestoreController( 1015): -F PREROUTING
01-16 21:21:08.726 E/IptablesRestoreController( 1015): :oem_nat_pre -
01-16 21:21:08.726 E/IptablesRestoreController( 1015): -A PREROUTING -j oem_nat_pre
01-16 21:21:08.726 E/IptablesRestoreController( 1015): :tetherctrl_nat_PREROUTING -
01-16 21:21:08.726 E/IptablesRestoreController( 1015): -A PREROUTING -j tetherctrl_nat_PREROUTING
01-16 21:21:08.726 E/IptablesRestoreController( 1015): COMMIT
01-16 21:21:08.727 E/IptablesRestoreController( 1015): [iptables debug]iptables-restore execute done *nat
01-16 21:21:08.727 E/IptablesRestoreController( 1015): :PREROUTING -
01-16 21:21:08.727 E/IptablesRestoreController( 1015): -F PREROUTING
01-16 21:21:08.727 E/IptablesRestoreController( 1015): :oem_nat_pre -
01-16 21:21:08.727 E/IptablesRestoreController( 1015): -A PREROUTING -j oem_nat_pre
01-16 21:21:08.727 E/IptablesRestoreController( 1015): :tetherctrl_nat_PREROUTING -
01-16 21:21:08.727 E/IptablesRestoreController( 1015): -A PREROUTING -j tetherctrl_nat_PREROUTING
01-16 21:21:08.727 E/IptablesRestoreController( 1015): COMMIT
01-16 21:21:08.727 E/IptablesRestoreController( 1015): , res : 0
01-16 21:21:08.727 E/IptablesRestoreController( 1015): [iptables debug]iptables-restore execute *nat
01-16 21:21:08.727 E/IptablesRestoreController( 1015): :POSTROUTING -
01-16 21:21:08.727 E/IptablesRestoreController( 1015): -F POSTROUTING
01-16 21:21:08.727 E/IptablesRestoreController( 1015): :tetherctrl_nat_POSTROUTING -
01-16 21:21:08.727 E/IptablesRestoreController( 1015): -A POSTROUTING -j tetherctrl_nat_POSTROUTING
01-16 21:21:08.727 E/IptablesRestoreController( 1015): COMMIT
01-16 21:21:08.729 E/IptablesRestoreController( 1015): [iptables debug]iptables-restore execute done *nat
01-16 21:21:08.729 E/IptablesRestoreController( 1015): :POSTROUTING -
01-16 21:21:08.729 E/IptablesRestoreController( 1015): -F POSTROUTING
01-16 21:21:08.729 E/IptablesRestoreController( 1015): :tetherctrl_nat_POSTROUTING -
01-16 21:21:08.729 E/IptablesRestoreController( 1015): -A POSTROUTING -j tetherctrl_nat_POSTROUTING
01-16 21:21:08.729 E/IptablesRestoreController( 1015): COMMIT
01-16 21:21:08.729 E/IptablesRestoreController( 1015): , res : 0
01-16 21:21:08.729 E/IptablesRestoreController( 1015): [iptables debug]iptables-restore execute *filter
01-16 21:21:08.729 E/IptablesRestoreController( 1015): -S OUTPUT
01-16 21:21:08.729 E/IptablesRestoreController( 1015): COMMIT
01-16 21:21:08.729 E/IptablesRestoreController( 1015): [iptables debug]iptables-restore execute done *filter
01-16 21:21:08.729 E/IptablesRestoreController( 1015): -S OUTPUT
01-16 21:21:08.729 E/IptablesRestoreController( 1015): COMMIT
01-16 21:21:08.729 E/IptablesRestoreController( 1015): , res : 0
01-16 21:21:08.729 E/IptablesRestoreController( 1015): [iptables debug]iptables-restore execute *filter
01-16 21:21:08.729 E/IptablesRestoreController( 1015): :oem_out -
01-16 21:21:08.729 E/IptablesRestoreController( 1015): -A OUTPUT -j oem_out
01-16 21:21:08.729 E/IptablesRestoreController( 1015): :fw_OUTPUT -
01-16 21:21:08.729 E/IptablesRestoreController( 1015): -A OUTPUT -j fw_OUTPUT
01-16 21:21:08.729 E/IptablesRestoreController( 1015): :st_OUTPUT -
01-16 21:21:08.729 E/IptablesRestoreController( 1015): -A OUTPUT -j st_OUTPUT
01-16 21:21:08.729 E/IptablesRestoreController( 1015): :bw_OUTPUT -
01-16 21:21:08.729 E/IptablesRestoreController( 1015): -A OUTPUT -j bw_OUTPUT
01-16 21:21:08.729 E/IptablesRestoreController( 1015): :bw_VIDEOCALL_OUT -
01-16 21:21:08.729 E/IptablesRestoreController( 1015): -A OUTPUT -j bw_VIDEOCALL_OUT
01-16 21:21:08.729 E/IptablesRestoreController( 1015): COMMIT
01-16 21:21:08.730 E/IptablesRestoreController( 1015): [iptables debug]iptables-restore execute done *filter
01-16 21:21:08.730 E/IptablesRestoreController( 1015): :oem_out -
01-16 21:21:08.730 E/IptablesRestoreController( 1015): -A OUTPUT -j oem_out
01-16 21:21:08.730 E/IptablesRestoreController( 1015): :fw_OUTPUT -
01-16 21:21:08.730 E/IptablesRestoreController( 1015): -A OUTPUT -j fw_OUTPUT
01-16 21:21:08.730 E/IptablesRestoreController( 1015): :st_OUTPUT -
01-16 21:21:08.730 E/IptablesRestoreController( 1015): -A OUTPUT -j st_OUTPUT
01-16 21:21:08.730 E/IptablesRestoreController( 1015): :bw_OUTPUT -
01-16 21:21:08.730 E/IptablesRestoreController( 1015): -A OUTPUT -j bw_OUTPUT
01-16 21:21:08.730 E/IptablesRestoreController( 1015): :bw_VIDEOCALL_OUT -
01-16 21:21:08.730 E/IptablesRestoreController( 1015): -A OUTPUT -j bw_VIDEOCALL_OUT
01-16 21:21:08.730 E/IptablesRestoreController( 1015): COMMIT
01-16 21:21:08.730 E/IptablesRestoreController( 1015): , res : 0
01-16 21:21:08.730 E/IptablesRestoreController( 1015): [iptables debug]iptables-restore execute *filter
01-16 21:21:08.730 E/IptablesRestoreController( 1015): -S OUTPUT
01-16 21:21:08.730 E/IptablesRestoreController( 1015): COMMIT
01-16 21:21:08.730 E/IptablesRestoreController( 1015): [iptables debug]iptables-restore execute done *filter
01-16 21:21:08.730 E/IptablesRestoreController( 1015): -S OUTPUT
01-16 21:21:08.730 E/IptablesRestoreController( 1015): COMMIT
01-16 21:21:08.730 E/IptablesRestoreController( 1015): , res : 0
01-16 21:21:08.730 E/IptablesRestoreController( 1015): [iptables debug]iptables-restore execute *filter
01-16 21:21:08.730 E/IptablesRestoreController( 1015): :oem_out -
01-16 21:21:08.730 E/IptablesRestoreController( 1015): -A OUTPUT -j oem_out
01-16 21:21:08.730 E/IptablesRestoreController( 1015): :fw_OUTPUT -
01-16 21:21:08.730 E/IptablesRestoreController( 1015): -A OUTPUT -j fw_OUTPUT
01-16 21:21:08.730 E/IptablesRestoreController( 1015): :st_OUTPUT -
01-16 21:21:08.730 E/IptablesRestoreController( 1015): -A OUTPUT -j st_OUTPUT
01-16 21:21:08.730 E/IptablesRestoreController( 1015): :bw_OUTPUT -
01-16 21:21:08.730 E/IptablesRestoreController( 1015): -A OUTPUT -j bw_OUTPUT
01-16 21:21:08.730 E/IptablesRestoreController( 1015): :bw_VIDEOCALL_OUT -
01-16 21:21:08.730 E/IptablesRestoreController( 1015): -A OUTPUT -j bw_VIDEOCALL_OUT
01-16 21:21:08.730 E/IptablesRestoreController( 1015): COMMIT
01-16 21:21:08.730 E/IptablesRestoreController( 1015): [iptables debug]iptables-restore execute done *filter
01-16 21:21:08.730 E/IptablesRestoreController( 1015): :oem_out -
01-16 21:21:08.730 E/IptablesRestoreController( 1015): -A OUTPUT -j oem_out
01-16 21:21:08.730 E/IptablesRestoreController( 1015): :fw_OUTPUT -
01-16 21:21:08.730 E/IptablesRestoreController( 1015): -A OUTPUT -j fw_OUTPUT
01-16 21:21:08.730 E/IptablesRestoreController( 1015): :st_OUTPUT -
01-16 21:21:08.730 E/IptablesRestoreController( 1015): -A OUTPUT -j st_OUTPUT
01-16 21:21:08.730 E/IptablesRestoreController( 1015): :bw_OUTPUT -
01-16 21:21:08.730 E/IptablesRestoreController( 1015): -A OUTPUT -j bw_OUTPUT
01-16 21:21:08.730 E/IptablesRestoreController( 1015): :bw_VIDEOCALL_OUT -
01-16 21:21:08.730 E/IptablesRestoreController( 1015): -A OUTPUT -j bw_VIDEOCALL_OUT
01-16 21:21:08.730 E/IptablesRestoreController( 1015): COMMIT
01-16 21:21:08.730 E/IptablesRestoreController( 1015): , res : 0
01-16 21:21:08.730 E/IptablesRestoreController( 1015): [iptables debug]iptables-restore execute *mangle
01-16 21:21:08.730 E/IptablesRestoreController( 1015): -S POSTROUTING
01-16 21:21:08.730 E/IptablesRestoreController( 1015): COMMIT
01-16 21:21:08.731 I/gatekeeperd( 1138): Starting gatekeeperd...
01-16 21:21:08.731 I/zygote  (  980): option[0]=-Xzygote
01-16 21:21:08.732 I/zygote  (  980): option[1]=-Xusetombstonedtraces
01-16 21:21:08.732 I/zygote  (  980): option[2]=exit
01-16 21:21:08.732 I/zygote  (  980): option[3]=vfprintf
01-16 21:21:08.732 I/zygote  (  980): option[4]=sensitiveThread
01-16 21:21:08.732 I/zygote  (  980): option[5]=-verbose:gc
01-16 21:21:08.732 I/zygote  (  980): option[6]=-Xms8m
01-16 21:21:08.732 I/zygote  (  980): option[7]=-Xmx512m
01-16 21:21:08.732 I/zygote  (  980): option[8]=-XX:HeapGrowthLimit=256m
01-16 21:21:08.732 I/zygote  (  980): option[9]=-XX:HeapMinFree=2m
01-16 21:21:08.732 I/zygote  (  980): option[10]=-XX:HeapMaxFree=8m
01-16 21:21:08.732 I/zygote  (  980): option[11]=-XX:HeapTargetUtilization=0.75
01-16 21:21:08.732 I/zygote  (  980): option[12]=-Xusejit:true
01-16 21:21:08.732 I/zygote  (  980): option[13]=-Xjitsaveprofilinginfo
01-16 21:21:08.732 I/zygote  (  980): option[14]=-XjdwpOptions:suspend=n,server=y
01-16 21:21:08.732 I/zygote  (  980): option[15]=-XjdwpProvider:default
01-16 21:21:08.732 I/zygote  (  980): option[16]=-Ximage-compiler-option
01-16 21:21:08.732 I/zygote  (  980): option[17]=--runtime-arg
01-16 21:21:08.732 I/zygote  (  980): option[18]=-Ximage-compiler-option
01-16 21:21:08.732 I/zygote  (  980): option[19]=-Xms64m
01-16 21:21:08.732 E/IptablesRestoreController( 1015): [iptables debug]iptables-restore execute done *mangle
01-16 21:21:08.732 E/IptablesRestoreController( 1015): -S POSTROUTING
01-16 21:21:08.732 E/IptablesRestoreController( 1015): COMMIT
01-16 21:21:08.732 E/IptablesRestoreController( 1015): , res : 0
01-16 21:21:08.732 I/zygote  (  980): option[20]=-Ximage-compiler-option
01-16 21:21:08.732 I/zygote  (  980): option[21]=--runtime-arg
01-16 21:21:08.732 I/zygote  (  980): option[22]=-Ximage-compiler-option
01-16 21:21:08.732 I/zygote  (  980): option[23]=-Xmx64m
01-16 21:21:08.732 I/zygote  (  980): option[24]=-Ximage-compiler-option
01-16 21:21:08.732 E/IptablesRestoreController( 1015): [iptables debug]iptables-restore execute *mangle
01-16 21:21:08.732 E/IptablesRestoreController( 1015): :oem_mangle_post -
01-16 21:21:08.732 E/IptablesRestoreController( 1015): -A POSTROUTING -j oem_mangle_post
01-16 21:21:08.732 E/IptablesRestoreController( 1015): :bw_mangle_POSTROUTING -
01-16 21:21:08.732 E/IptablesRestoreController( 1015): -A POSTROUTING -j bw_mangle_POSTROUTING
01-16 21:21:08.732 E/IptablesRestoreController( 1015): :idletimer_mangle_POSTROUTING -
01-16 21:21:08.732 E/IptablesRestoreController( 1015): -A POSTROUTING -j idletimer_mangle_POSTROUTING
01-16 21:21:08.732 E/IptablesRestoreController( 1015): COMMIT
01-16 21:21:08.732 I/zygote  (  980): option[25]=--profile-file=/system/etc/boot-image.prof
01-16 21:21:08.732 I/zygote  (  980): option[26]=-Ximage-compiler-option
01-16 21:21:08.732 D/AndroidRuntime(  978): >>>>>> START com.android.internal.os.ZygoteInit uid 0 <<<<<<
01-16 21:21:08.732 I/zygote  (  980): option[27]=--compiler-filter=speed-profile
01-16 21:21:08.732 I/zygote  (  980): option[28]=-Xcompiler-option
01-16 21:21:08.732 I/zygote  (  980): option[29]=--runtime-arg
01-16 21:21:08.732 I/zygote  (  980): option[30]=-Xcompiler-option
01-16 21:21:08.732 I/zygote  (  980): option[31]=-Xms64m
01-16 21:21:08.732 I/zygote  (  980): option[32]=-Xcompiler-option
01-16 21:21:08.732 I/zygote  (  980): option[33]=--runtime-arg
01-16 21:21:08.732 I/zygote  (  980): option[34]=-Xcompiler-option
01-16 21:21:08.732 I/zygote  (  980): option[35]=-Xmx512m
01-16 21:21:08.732 I/zygote  (  980): option[36]=-Ximage-compiler-option
01-16 21:21:08.732 I/zygote  (  980): option[37]=--instruction-set-variant=cortex-a73
01-16 21:21:08.732 E/IptablesRestoreController( 1015): [iptables debug]iptables-restore execute done *mangle
01-16 21:21:08.732 E/IptablesRestoreController( 1015): :oem_mangle_post -
01-16 21:21:08.732 E/IptablesRestoreController( 1015): -A POSTROUTING -j oem_mangle_post
01-16 21:21:08.732 E/IptablesRestoreController( 1015): :bw_mangle_POSTROUTING -
01-16 21:21:08.732 E/IptablesRestoreController( 1015): -A POSTROUTING -j bw_mangle_POSTROUTING
01-16 21:21:08.732 E/IptablesRestoreController( 1015): :idletimer_mangle_POSTROUTING -
01-16 21:21:08.732 E/IptablesRestoreController( 1015): -A POSTROUTING -j idletimer_mangle_POSTROUTING
01-16 21:21:08.732 E/IptablesRestoreController( 1015): COMMIT
01-16 21:21:08.732 E/IptablesRestoreController( 1015): , res : 0
01-16 21:21:08.732 I/zygote  (  980): option[38]=-Xcompiler-option
01-16 21:21:08.732 I/zygote  (  980): option[39]=--instruction-set-variant=cortex-a73
01-16 21:21:08.732 E/IptablesRestoreController( 1015): [iptables debug]iptables-restore execute *mangle
01-16 21:21:08.732 E/IptablesRestoreController( 1015): -S POSTROUTING
01-16 21:21:08.732 E/IptablesRestoreController( 1015): COMMIT
01-16 21:21:08.732 I/zygote  (  980): option[40]=-Ximage-compiler-option
01-16 21:21:08.732 I/zygote  (  980): option[41]=--instruction-set-features=default
01-16 21:21:08.732 I/zygote  (  980): option[42]=-Xcompiler-option
01-16 21:21:08.732 I/zygote  (  980): option[43]=--instruction-set-features=default
01-16 21:21:08.732 I/zygote  (  980): option[44]=-Duser.locale=en-US
01-16 21:21:08.732 I/zygote  (  980): option[45]=--cpu-abilist=armeabi-v7a,armeabi
01-16 21:21:08.733 I/zygote  (  980): option[46]=-Xfingerprint:samsung/dream2qltesq/dream2qltesq:9/PPR1.180610.011/G955USQU7DTF4:user/release-keys
01-16 21:21:08.733 E/IptablesRestoreController( 1015): [iptables debug]iptables-restore execute done *mangle
01-16 21:21:08.733 E/IptablesRestoreController( 1015): -S POSTROUTING
01-16 21:21:08.733 E/IptablesRestoreController( 1015): COMMIT
01-16 21:21:08.733 E/IptablesRestoreController( 1015): , res : 0
01-16 21:21:08.733 E/IptablesRestoreController( 1015): [iptables debug]iptables-restore execute *mangle
01-16 21:21:08.733 E/IptablesRestoreController( 1015): :oem_mangle_post -
01-16 21:21:08.733 E/IptablesRestoreController( 1015): -A POSTROUTING -j oem_mangle_post
01-16 21:21:08.733 E/IptablesRestoreController( 1015): :bw_mangle_POSTROUTING -
01-16 21:21:08.733 E/IptablesRestoreController( 1015): -A POSTROUTING -j bw_mangle_POSTROUTING
01-16 21:21:08.733 E/IptablesRestoreController( 1015): :idletimer_mangle_POSTROUTING -
01-16 21:21:08.733 E/IptablesRestoreController( 1015): -A POSTROUTING -j idletimer_mangle_POSTROUTING
01-16 21:21:08.733 E/IptablesRestoreController( 1015): COMMIT
01-16 21:21:08.734 E/IptablesRestoreController( 1015): [iptables debug]iptables-restore execute done *mangle
01-16 21:21:08.734 E/IptablesRestoreController( 1015): :oem_mangle_post -
01-16 21:21:08.734 E/IptablesRestoreController( 1015): -A POSTROUTING -j oem_mangle_post
01-16 21:21:08.734 E/IptablesRestoreController( 1015): :bw_mangle_POSTROUTING -
01-16 21:21:08.734 E/IptablesRestoreController( 1015): -A POSTROUTING -j bw_mangle_POSTROUTING
01-16 21:21:08.734 E/IptablesRestoreController( 1015): :idletimer_mangle_POSTROUTING -
01-16 21:21:08.734 E/IptablesRestoreController( 1015): -A POSTROUTING -j idletimer_mangle_POSTROUTING
