01-16 21:21:08.784 I/ServiceManagement( 1029): Removing namespace from process name android.hardware.health@2.0-service.samsung to health@2.0-service.samsung.
01-16 21:21:08.784 D/vndksupport( 1030): Loading libstagefrighthw.so from current namespace instead of sphal namespace.
01-16 21:21:08.788 V/irisd_Proxy( 1109): IrisDaemonProxy::IrisDaemonProxy()
01-16 21:21:08.801 I/health@2.0/( 1029): health@2.0/default: Hal init done
01-16 21:21:08.807 I/install_recovery( 1204): Recovery image already installed or recovery patch file doesn't have any of expected sha1 sums
01-16 21:21:08.826 I/zygote64(  978): VerifyImage: /system/bin/patchoat --input-image-location=/system/framework/boot.art --output-image-directory=/data/dalvik-cache/arm64 --instruction-set=arm64 --verify
01-16 21:21:08.864 I/vendor.rmt_storage(  685): rmt_storage_connect_cb: clnt_h=0x1 conn_h=0x7cbd22c010
01-16 21:21:08.865 I/vendor.rmt_storage(  685): rmt_storage_open_cb: /boot/modem_fs1: req_h=0x1 msg_id=1: Client found
01-16 21:21:08.865 I/vendor.rmt_storage(  685): rmt_storage_open_cb: /boot/modem_fs1: req_h=0x1 msg_id=1: Send response: res=0 err=0
01-16 21:21:08.868 I/vendor.rmt_storage(  685): rmt_storage_client_thread: /boot/modem_fs1: Worker thread started
01-16 21:21:08.868 I/vendor.rmt_storage(  685): rmt_storage_disconnect_cb: clnt_h=0x1 conn_h=0x7cbd22c010
01-16 21:21:08.869 I/vendor.rmt_storage(  685): rmt_storage_connect_cb: clnt_h=0x2 conn_h=0x7cbd22c010
01-16 21:21:08.869 I/vendor.rmt_storage(  685): rmt_storage_open_cb: /boot/modem_fs2: req_h=0x2 msg_id=1: Client found
01-16 21:21:08.869 I/vendor.rmt_storage(  685): rmt_storage_open_cb: /boot/modem_fs2: req_h=0x2 msg_id=1: Send response: res=0 err=0
01-16 21:21:08.869 I/vendor.rmt_storage(  685): wake lock name: rmt_storage_535746835696, name creation success: 24
01-16 21:21:08.870 I/vendor.rmt_storage(  685): rmt_storage_disconnect_cb: clnt_h=0x2 conn_h=0x7cbd22c010
01-16 21:21:08.870 I/vendor.rmt_storage(  685): rmt_storage_connect_cb: clnt_h=0x3 conn_h=0x7cbd22c010
01-16 21:21:08.871 I/vendor.rmt_storage(  685): rmt_storage_open_cb: /boot/modem_fsg: req_h=0x3 msg_id=1: Client found
01-16 21:21:08.871 I/vendor.rmt_storage(  685): rmt_storage_open_cb: /boot/modem_fsg: req_h=0x3 msg_id=1: Send response: res=0 err=0
01-16 21:21:08.871 I/vendor.rmt_storage(  685): rmt_storage_disconnect_cb: clnt_h=0x3 conn_h=0x7cbd22c010
01-16 21:21:08.872 I/vendor.rmt_storage(  685): rmt_storage_connect_cb: clnt_h=0x4 conn_h=0x7cbd22c010
01-16 21:21:08.872 I/vendor.rmt_storage(  685): rmt_storage_open_cb: /boot/modem_fsc: req_h=0x4 msg_id=1: Client found
01-16 21:21:08.872 I/vendor.rmt_storage(  685): rmt_storage_open_cb: /boot/modem_fsc: req_h=0x4 msg_id=1: Send response: res=0 err=0
01-16 21:21:08.872 I/vendor.rmt_storage(  685): rmt_storage_disconnect_cb: clnt_h=0x4 conn_h=0x7cbd22c010
01-16 21:21:08.873 I/vendor.rmt_storage(  685): rmt_storage_connect_cb: clnt_h=0x5 conn_h=0x7cbd22c010
01-16 21:21:08.873 I/vendor.rmt_storage(  685): rmt_storage_open_cb: Unable to open /boot/modem_fsg_oem_1
01-16 21:21:08.873 I/vendor.rmt_storage(  685): rmt_storage_open_cb: : req_h=0x5 msg_id=1: Send response: res=1 err=3
01-16 21:21:08.873 I/vendor.rmt_storage(  685): rmt_storage_disconnect_cb: clnt_h=0x5 conn_h=0x7cbd22c010
01-16 21:21:08.873 I/vendor.rmt_storage(  685): rmt_storage_connect_cb: clnt_h=0x6 conn_h=0x7cbd22c010
01-16 21:21:08.873 I/vendor.rmt_storage(  685): rmt_storage_open_cb: Unable to open /boot/modem_fsg_oem_2
01-16 21:21:08.873 I/vendor.rmt_storage(  685): rmt_storage_open_cb: : req_h=0x6 msg_id=1: Send response: res=1 err=3
01-16 21:21:08.873 I/vendor.rmt_storage(  685): rmt_storage_disconnect_cb: clnt_h=0x6 conn_h=0x7cbd22c010
01-16 21:21:08.874 I/vendor.rmt_storage(  685): rmt_storage_connect_cb: clnt_h=0x7 conn_h=0x7cbd22c010
01-16 21:21:08.874 I/vendor.rmt_storage(  685): rmt_storage_alloc_buff_cb: /boot/modem_fs1: req_h=0x7 msg_id=4: Alloc request received: Size: 0
01-16 21:21:08.874 I/vendor.rmt_storage(  685): rmt_storage_alloc_buff_cb: /boot/modem_fs1: req_h=0x7 msg_id=4: New client making a dummy request with buffer req size 0
01-16 21:21:08.874 I/vendor.rmt_storage(  685): rmt_storage_alloc_buff_cb: /boot/modem_fs1: req_h=0x7 msg_id=4: Send response: res=0 err=0
01-16 21:21:08.875 I/vendor.rmt_storage(  685): rmt_storage_disconnect_cb: clnt_h=0x7 conn_h=0x7cbd22c010
01-16 21:21:08.875 I/vendor.rmt_storage(  685): rmt_storage_client_thread: /boot/modem_fs2: Worker thread started
01-16 21:21:08.875 I/vendor.rmt_storage(  685): wake lock name: rmt_storage_535745795312, name creation success: 24
01-16 21:21:08.875 I/vendor.rmt_storage(  685): rmt_storage_client_thread: /boot/modem_fsg: Worker thread started
01-16 21:21:08.875 I/vendor.rmt_storage(  685): wake lock name: rmt_storage_535744754928, name creation success: 24
01-16 21:21:08.875 I/vendor.rmt_storage(  685): rmt_storage_connect_cb: clnt_h=0x8 conn_h=0x7cbd22c010
01-16 21:21:08.875 I/vendor.rmt_storage(  685): rmt_storage_rw_iovec_cb: /boot/modem_fsg: req_h=0x8 msg_id=3: R/W request received
01-16 21:21:08.875 I/vendor.rmt_storage(  685): wakelock acquired: 1, error no: 42
01-16 21:21:08.881 I/vendor.rmt_storage(  685): rmt_storage_client_thread: /boot/modem_fsg: Unblock worker thread (th_id: 535744754928)
01-16 21:21:08.881 I/vendor.rmt_storage(  685): rmt_storage_client_thread: /boot/modem_fsc: Worker thread started
01-16 21:21:08.881 I/vendor.rmt_storage(  685): wake lock name: rmt_storage_535743714544, name creation success: 24
01-16 21:21:08.882 I/vendor.rmt_storage(  685): rmt_storage_client_thread: /boot/modem_fsg: req_h=0x8 msg_id=3: Bytes read = 512
01-16 21:21:08.882 I/vendor.rmt_storage(  685): rmt_storage_client_thread: /boot/modem_fsg: req_h=0x8 msg_id=3: Send response: res=0 err=0
01-16 21:21:08.882 I/vendor.rmt_storage(  685): rmt_storage_client_thread: /boot/modem_fsg: About to block rmt_storage client thread (th_id: 535744754928) wakelock released: 1, error no: 0
01-16 21:21:08.882 I/vendor.rmt_storage(  685): 
01-16 21:21:08.882 I/vendor.rmt_storage(  685): rmt_storage_disconnect_cb: clnt_h=0x8 conn_h=0x7cbd22c010
01-16 21:21:08.883 I/vendor.rmt_storage(  685): rmt_storage_connect_cb: clnt_h=0x9 conn_h=0x7cbd22c010
01-16 21:21:08.883 I/vendor.rmt_storage(  685): rmt_storage_rw_iovec_cb: /boot/modem_fs1: req_h=0x9 msg_id=3: R/W request received
01-16 21:21:08.883 I/vendor.rmt_storage(  685): wakelock acquired: 1, error no: 42
01-16 21:21:08.883 I/vendor.rmt_storage(  685): rmt_storage_client_thread: /boot/modem_fs1: Unblock worker thread (th_id: 535746835696)
01-16 21:21:08.883 I/vendor.rmt_storage(  685): rmt_storage_client_thread: /boot/modem_fs1: req_h=0x9 msg_id=3: Bytes read = 512
01-16 21:21:08.884 I/vendor.rmt_storage(  685): rmt_storage_client_thread: /boot/modem_fs1: req_h=0x9 msg_id=3: Send response: res=0 err=0
01-16 21:21:08.884 I/vendor.rmt_storage(  685): rmt_storage_client_thread: /boot/modem_fs1: About to block rmt_storage client thread (th_id: 535746835696) wakelock released: 1, error no: 0
01-16 21:21:08.884 I/vendor.rmt_storage(  685): 
01-16 21:21:08.884 I/vendor.rmt_storage(  685): rmt_storage_disconnect_cb: clnt_h=0x9 conn_h=0x7cbd22c010
01-16 21:21:08.884 I/vendor.rmt_storage(  685): rmt_storage_connect_cb: clnt_h=0xa conn_h=0x7cbd22c010
01-16 21:21:08.884 I/vendor.rmt_storage(  685): rmt_storage_rw_iovec_cb: /boot/modem_fs2: req_h=0xa msg_id=3: R/W request received
01-16 21:21:08.884 I/vendor.rmt_storage(  685): wakelock acquired: 1, error no: 42
01-16 21:21:08.884 I/vendor.rmt_storage(  685): rmt_storage_client_thread: /boot/modem_fs2: Unblock worker thread (th_id: 535745795312)
01-16 21:21:08.885 I/vendor.rmt_storage(  685): rmt_storage_client_thread: /boot/modem_fs2: req_h=0xa msg_id=3: Bytes read = 512
01-16 21:21:08.885 I/vendor.rmt_storage(  685): rmt_storage_client_thread: /boot/modem_fs2: req_h=0xa msg_id=3: Send response: res=0 err=0
01-16 21:21:08.885 I/vendor.rmt_storage(  685): rmt_storage_client_thread: /boot/modem_fs2: About to block rmt_storage client thread (th_id: 535745795312) wakelock released: 1, error no: 0
01-16 21:21:08.885 I/vendor.rmt_storage(  685): 
01-16 21:21:08.885 I/vendor.rmt_storage(  685): rmt_storage_disconnect_cb: clnt_h=0xa conn_h=0x7cbd22c010
01-16 21:21:08.886 I/vendor.rmt_storage(  685): rmt_storage_connect_cb: clnt_h=0xb conn_h=0x7cbd22c010
01-16 21:21:08.886 I/vendor.rmt_storage(  685): rmt_storage_rw_iovec_cb: /boot/modem_fs1: req_h=0xb msg_id=3: R/W request received
01-16 21:21:08.886 I/vendor.rmt_storage(  685): wakelock acquired: 1, error no: 42
01-16 21:21:08.886 I/vendor.rmt_storage(  685): rmt_storage_client_thread: /boot/modem_fs1: Unblock worker thread (th_id: 535746835696)
01-16 21:21:08.892 I/vendor.rmt_storage(  685): rmt_storage_client_thread: /boot/modem_fs1: req_h=0xb msg_id=3: Bytes read = 2096128
01-16 21:21:08.892 I/vendor.rmt_storage(  685): rmt_storage_client_thread: /boot/modem_fs1: req_h=0xb msg_id=3: Send response: res=0 err=0
01-16 21:21:08.892 I/vendor.rmt_storage(  685): rmt_storage_client_thread: /boot/modem_fs1: About to block rmt_storage client thread (th_id: 535746835696) wakelock released: 1, error no: 0
01-16 21:21:08.892 I/vendor.rmt_storage(  685): 
01-16 21:21:08.892 I/vendor.rmt_storage(  685): rmt_storage_disconnect_cb: clnt_h=0xb conn_h=0x7cbd22c010
01-16 21:21:08.915 W/TeeMcDaemon(  820): Cannot open trustlet /data/vendor/mcRegistry/07050501000000000000000000000020.tlbin (No such file or directory) [external/mobicore/Daemon/src/SecureWorld.cpp:196]
01-16 21:21:08.918 I/TeeMcDaemon(  820): * start registry update [external/mobicore/Daemon/src/MobiCoreDriverDaemon.cpp:291]
01-16 21:21:08.918 I/TeeMcDaemon(  820): * start registry server [external/mobicore/Daemon/src/MobiCoreDriverDaemon.cpp:291]
01-16 21:21:08.918 I/TeeMcDaemon(  820): run: Start listening for request from STH2 [external/mobicore/Daemon/src/FSD2.cpp:471]
01-16 21:21:08.919 I/TeeMcDaemon(  820): * start debug session [external/mobicore/Daemon/src/MobiCoreDriverDaemon.cpp:291]
01-16 21:21:08.919 I/TeeMcDaemon(  820): run: Starting server [external/mobicore/Daemon/src/RegistryServer.cpp:230]
01-16 21:21:08.919 W/TeeMcDaemon(  820): Cannot open trustlet /data/vendor/mcRegistry/08050500000000000000000000000000.tlbin (No such file or directory) [external/mobicore/Daemon/src/SecureWorld.cpp:196]
01-16 21:21:08.923 I/TeeMcDaemon(  820): session opened [external/mobicore/Daemon/src/DebugSession.cpp:113]
01-16 21:21:08.924 I/TeeMcDaemon(  820): Daemon running [external/mobicore/Daemon/src/MobiCoreDriverDaemon.cpp:325]
01-16 21:21:08.931 I/TeeRegistryUpdate(  820): Starting registry update open thread [external/mobicore/Daemon/src/RegistryUpdate.cpp:147]
01-16 21:21:08.958 I/TeeRegistryUpdate(  820): Exiting registry update open thread [external/mobicore/Daemon/src/RegistryUpdate.cpp:190]
01-16 21:21:08.966 I/TeeMcDaemon(  820): open: Open storage file "/data/vendor/mcRegistry/TbStorage/Store_1.tf" [external/mobicore/Daemon/src/FSD2.cpp:173]
01-16 21:21:08.966 I/TeeMcDaemon(  820): open: storage file "/data/vendor/mcRegistry/TbStorage/Store_1.tf" successfully open (size: 22 KB / 22528 B)) [external/mobicore/Daemon/src/FSD2.cpp:189]
01-16 21:21:09.013 V/MediaUtils( 1003): physMem: 3473358848
01-16 21:21:09.013 V/MediaUtils( 1003): requested limit: 2084015280
01-16 21:21:09.013 V/MediaUtils( 1003): cfi shadow size: 2147483648
01-16 21:21:09.013 V/MediaUtils( 1003): actual limit: 4231498928
01-16 21:21:09.013 V/MediaUtils( 1003): original limits: -1/-1
01-16 21:21:09.013 V/MediaUtils( 1003): new limits: 4231498928/-1
01-16 21:21:09.013 D/vndksupport( 1003): Loading libutils.so from current namespace instead of sphal namespace.
01-16 21:21:09.015 W/mediaextractor( 1003): libminijail[1003]: failed to get path of fd 5: No such file or directory
01-16 21:21:09.015 W/mediaextractor( 1003): libminijail[1003]: allowing syscall: connect
01-16 21:21:09.015 W/mediaextractor( 1003): libminijail[1003]: allowing syscall: fcntl
01-16 21:21:09.015 W/mediaextractor( 1003): libminijail[1003]: allowing syscall: sendto
01-16 21:21:09.015 W/mediaextractor( 1003): libminijail[1003]: allowing syscall: socket
01-16 21:21:09.015 W/mediaextractor( 1003): libminijail[1003]: allowing syscall: writev
01-16 21:21:09.016 W/mediaextractor( 1003): libminijail[1003]: logging seccomp filter failures
01-16 21:21:09.044 E/audit   (  905): type=1400 audit(1642389669.034:38): avc:  denied  { read write } for  pid=1236 comm="ipacm-diag" name="diag" dev="tmpfs" ino=2083 scontext=u:r:ipacm-diag:s0 tcontext=u:object_r:diag_device:s0 tclass=chr_file permissive=0 SEPF_SM-G955U_9_0013 audit_filtered
01-16 21:21:09.045 E/Diag_Lib( 1236):  Diag_LSM_Init: Failed to open handle to diag driver, error = 13
01-16 21:21:09.074 I/vendor.rmt_storage(  685): rmt_storage_connect_cb: clnt_h=0xc conn_h=0x7cbd22c010
01-16 21:21:09.074 I/vendor.rmt_storage(  685): rmt_storage_rw_iovec_cb: /boot/modem_fs2: req_h=0xc msg_id=3: R/W request received
01-16 21:21:09.074 I/vendor.rmt_storage(  685): wakelock acquired: 1, error no: 42
01-16 21:21:09.074 I/vendor.rmt_storage(  685): rmt_storage_client_thread: /boot/modem_fs2: Unblock worker thread (th_id: 535745795312)
01-16 21:21:09.112 V/RemoteDisplayService( 1017): RemoteDisplayService created
01-16 21:21:09.119 I/IPAHALService( 1241): makeIPAHAL(1, provided)
01-16 21:21:09.121 I/IPAHALService( 1241): Successfully registered IOffloadControl
01-16 21:21:09.122 I/vendor.rmt_storage(  685): rmt_storage_client_thread: /boot/modem_fs2: req_h=0xc msg_id=3: Bytes written = 2097152
01-16 21:21:09.122 I/vendor.rmt_storage(  685): rmt_storage_client_thread: /boot/modem_fs2: req_h=0xc msg_id=3: Send response: res=0 err=0
01-16 21:21:09.122 I/vendor.rmt_storage(  685): rmt_storage_client_thread: /boot/modem_fs2: About to block rmt_storage client thread (th_id: 535745795312) wakelock released: 1, error no: 0
01-16 21:21:09.122 I/vendor.rmt_storage(  685): 
01-16 21:21:09.122 I/IPAHALService( 1241): Successfully registered IOffloadConfig
01-16 21:21:09.127 I/vendor.rmt_storage(  685): rmt_storage_disconnect_cb: clnt_h=0xc conn_h=0x7cbd22c010
01-16 21:21:09.142 I/ThermalEngine(  974): MODEM thermal mitigation available.
01-16 21:21:09.143 I/ThermalEngine(  974): Mitigation:modem[MODEM]:0 pending QMI request succeded
01-16 21:21:09.144 I/ThermalEngine(  974): Mitigation:vdd_restriction[MODEM]:0 pending QMI request succeded
01-16 21:21:09.144 I/ThermalEngine(  974): Mitigation:modem_proc[MODEM]:0 pending QMI request succeded
01-16 21:21:09.145 I/ThermalEngine(  974): Mitigation:modem_proc_current[MODEM]:0 pending QMI request succeded
01-16 21:21:09.145 I/ThermalEngine(  974): Mitigation:cpr_band[MODEM]:0 pending QMI request succeded
01-16 21:21:09.147 E/BootAnimationLoader(  963): !@BootAnimation : Could not open '/sys/class/lcd/panel/ux_color'
01-16 21:21:09.147 E/BootAnimationLoader(  963): !@BootAnimation : WindowColor = BLACK(91 )
01-16 21:21:09.148 I/BootAnimationLoader(  963): ret=2, fps:12, interval:83333
01-16 21:21:09.148 E/BootAnimationLoader(  963): !@BootAnimation : mps_code = ATT
01-16 21:21:09.148 E/BootAnimationLoader(  963): !@BootAnimation : [Chameleon] Carrier animation is not supported...
01-16 21:21:09.148 E/BootAnimationLoader(  963): !@BootAnimation : Could not open '/sys/bus/w1/devices/w1_bus_master1/w1_master_check_model'
01-16 21:21:09.150 E/BootAnimationLoader(  963): !@BootAnimation : Load sequence resource = /system/omc/ATT/res/media/bootsamsung.qmg
01-16 21:21:09.150 E/BootAnimationLoader(  963): !@BootAnimation : Load loop resource = /system/omc/ATT/res/media/bootsamsungloop.qmg
01-16 21:21:09.152 E/BootAnimationLoader(  963): !@BootAnimation : [Encryption info]crypt_state = encrypted, crypt_input_window = 0, crypt_type = default
01-16 21:21:09.159 I/BootAnimationLoader(  963): !@BootAnimation : createSurface RGB565
01-16 21:21:09.160 I/SurfaceFlinger(  699): id=1 createSurf (1440x2960),4 flag=0, samsungani565#0
01-16 21:21:09.169 D/DisplayDevice(  699): [MultiResolution] Input Value : o = 0, v = (1440x2960), f = (1440x2960), pre-mScaledDisplay = (1440x2960), mDisplay = (1440x2960)
01-16 21:21:09.173 E/BootAnimationLoader(  963): !@BootAnimation : Could not open '/sys/devices/w1_bus_master1/w1_master_verify_mac'
01-16 21:21:09.173 E/BootAnimationLoader(  963): !@BootAnimation : Could not open '/sys/devices/w1_bus_master1/w1_master_check_id'
01-16 21:21:09.174 E/BootAnimationLoader(  963): !@BootAnimation : Could not open sub_bootsamsung.qmg
01-16 21:21:09.174 E/BootAnimationLoader(  963): !@BootAnimation : Could not open sub_bootsamsungloop.qmg
01-16 21:21:09.174 I/BootAnimationLoader(  963): !@BootAnimation : BootAnimData_STATUS = 0x3
01-16 21:21:09.174 E/BootAnimationLoader(  963): !@BootAnimation : Could not open bootsamsungmini.qmg
01-16 21:21:09.174 E/BootAnimationLoader(  963): !@BootAnimation : Could not open bootsamsungminiloop.qmg
01-16 21:21:09.196 E/BootAnimationLoader(  963): !@BootAnimation : draw Start
01-16 21:21:09.231 D/vndksupport(  963): Loading /vendor/lib64/hw/android.hardware.graphics.mapper@2.0-impl.so from current namespace instead of sphal namespace.
01-16 21:21:09.232 D/vndksupport(  963): Loading /vendor/lib64/hw/gralloc.msm8998.so from current namespace instead of sphal namespace.
01-16 21:21:09.252 I/SurfaceFlinger(  699): Enter boot animation
01-16 21:21:09.259 D/qdutils (  663): DEBUG_CALC_FPS: 0
01-16 21:21:09.260 D/qdutils (  663): period: 10
01-16 21:21:09.260 D/qdutils (  663): ignorethresh_us: 500000
01-16 21:21:09.260 I/SurfaceFlinger(  699): Display 0 HWC layers:
01-16 21:21:09.260 I/SurfaceFlinger(  699):     type    |    handle    | flag |  format   |   source crop (l,t,r,b)    |         frame       | name 
01-16 21:21:09.260 I/SurfaceFlinger(  699): ------------+--------------+------+-----------+----------------------------+---------------------+------
01-16 21:21:09.260 I/SurfaceFlinger(  699):      Device | 0x7688dd5000 | 0000 | RGB_565   |   0.0    0.0 1440.0 2960.0 |    0    0 1440 2960 | samsungani565#0
01-16 21:21:09.260 I/SurfaceFlinger(  699): 
01-16 21:21:09.277 I/mediaserver( 1010): ServiceManager: 0xe5b9c720
01-16 21:21:09.279 I/tftp_server(  686): pid=686 tid=686 tftp-server : INF :[tftp_server.c, 667] rcvd request [1] [72] [2] [0] [40]
01-16 21:21:09.280 V/AT_Distributor_diag(  990): ConnectToATD : connect to local socket : 3
01-16 21:21:09.280 V/AT_Distributor_diag(  990): start listner
01-16 21:21:09.280 I/tftp_server(  686): pid=686 tid=1258 tftp-server : INF :[tftp_server_utils.c, 113] file [readwrite/server_check.txt] : [/vendor/rfs/msm/mpss/readwrite/server_check.txt]
01-16 21:21:09.281 W/BatteryNotifier( 1010): batterystats service unavailable!
01-16 21:21:09.281 V/MediaPlayerService( 1010): MediaPlayerService created
01-16 21:21:09.281 I/tftp_server(  686): pid=686 tid=1258 tftp-server : INF :[tftp_server.c, 1222] OACK options : [7680, 200, 10, 0, 0, 0, 0, 0]
01-16 21:21:09.281 I/tftp_server(  686): pid=686 tid=1258 tftp-server : INF :[tftp_server.c, 893] Using temp file[/vendor/rfs/msm/mpss/readwrite/server_check.txt.rfs_tmp] for atomic put
01-16 21:21:09.281 I/tftp_server(  686): pid=686 tid=1258 tftp-server : INF :[tftp_os_la.c, 63] open : [-1] [-1] [384] [577] [/vendor/rfs/msm/mpss/readwrite/server_check.txt.rfs_tmp]
01-16 21:21:09.289 V/MediaCaptureService( 1010): MediaCaptureService created
01-16 21:21:09.291 I/tftp_server(  686): pid=686 tid=686 tftp-server : INF :[tftp_server.c, 667] rcvd request [1] [84] [1] [0] [42]
01-16 21:21:09.291 I/SmartFittingManagerService( 1010): SmartFittingManagerService is created
01-16 21:21:09.292 I/tftp_server(  686): pid=686 tid=1258 tftp-server : INF :[tftp_server.c, 1500] WRQ stats : total-blocks = 1 : total-bytes = 5 : 5 timedout-pkts = 0, wrong-pkts = 0
01-16 21:21:09.292 I/tftp_server(  686): pid=686 tid=1258 tftp-server : INF :[tftp_server.c, 1504] WRQ time stats : Total : [TX, RX] = [379, 2694, 10]
01-16 21:21:09.292 I/tftp_server(  686): pid=686 tid=1258 tftp-server : INF :[tftp_server.c, 1508] WRQ time stats : Tx [Min, Max] = [139, 240]
01-16 21:21:09.292 I/tftp_server(  686): pid=686 tid=1258 tftp-server : INF :[tftp_server.c, 1512] WRQ time stats : Rx [Min, Max] = [253, 2441]
01-16 21:21:09.293 I/tftp_server(  686): pid=686 tid=1259 tftp-server : INF :[tftp_server_utils.c, 113] file [readwrite/ota_firewall/ruleset] : [/vendor/rfs/msm/mpss/readwrite/ota_firewall/ruleset]
01-16 21:21:09.294 I/tftp_server(  686): pid=686 tid=1259 tftp-server : INF :[tftp_server.c, 1222] OACK options : [7680, 200, 10, 4, 0, 0, 0, 0]
01-16 21:21:09.294 I/tftp_server(  686): pid=686 tid=1259 tftp-server : INF :[tftp_os_la.c, 63] open : [-1] [-1] [384] [0] [/vendor/rfs/msm/mpss/readwrite/ota_firewall/ruleset]
01-16 21:21:09.294 E/tftp_server(  686): pid=686 tid=1259 tftp-server : ERR :[tftp_os_la.c, 70] open failed: [2] [No such file or directory]
01-16 21:21:09.294 E/tftp_server(  686): pid=686 tid=1259 tftp-server : ERR :[tftp_server.c, 1718] open failed : [-2] [Unknown error -2]
01-16 21:21:09.294 E/tftp_server(  686): pid=686 tid=1259 tftp-server : ERR :[tftp_protocol.c, 1229] sending error-pkt. Code = 1, Msg = Err=2 String=No such file or directory
01-16 21:21:09.295 D/StagefrightPluginLoader( 1010): Failed to load library: libstagefright_ccodec.so (dlopen failed: library "libstagefright_ccodec.so" not found)
01-16 21:21:09.295 D/StagefrightPluginLoader( 1010): Handle or CreateInputSurface symbol is null
01-16 21:21:09.295 D/StagefrightPluginLoader( 1010): Handle or CreateBuilder symbol is null
01-16 21:21:09.298 I/tftp_server(  686): pid=686 tid=686 tftp-server : INF :[tftp_server.c, 667] rcvd request [1] [84] [1] [0] [43]
01-16 21:21:09.298 E/QC-time-services(  973): Daemon:genoff_modem_qmi_service_request: qmi_client_get_service_list returned 0num_services 1
01-16 21:21:09.298 D/QC-time-services(  973): Daemon:rtc_get: Time read from RTC -- MM/DD/YY HH:MM:SS0/6/70 13:49:30
01-16 21:21:09.298 D/QC-time-services(  973): Daemon rtc_get: seconds = 481770
01-16 21:21:09.299 I/ACodec  ( 1010):  [] Now uninitialized
01-16 21:21:09.299 D/QC-time-services(  973): Daemon:genoff_modem_qmi_service_request: Initial transaction successfull
01-16 21:21:09.299 I/tftp_server(  686): pid=686 tid=1260 tftp-server : INF :[tftp_server_utils.c, 113] file [readwrite/ota_firewall/ruleset] : [/vendor/rfs/msm/mpss/readwrite/ota_firewall/ruleset]
01-16 21:21:09.299 I/tftp_server(  686): pid=686 tid=1260 tftp-server : INF :[tftp_server.c, 1222] OACK options : [7680, 200, 0, 10, 0, 0, 0, 0]
01-16 21:21:09.299 I/tftp_server(  686): pid=686 tid=1260 tftp-server : INF :[tftp_os_la.c, 63] open : [-1] [-1] [384] [0] [/vendor/rfs/msm/mpss/readwrite/ota_firewall/ruleset]
01-16 21:21:09.299 E/tftp_server(  686): pid=686 tid=1260 tftp-server : ERR :[tftp_os_la.c, 70] open failed: [2] [No such file or directory]
01-16 21:21:09.299 E/tftp_server(  686): pid=686 tid=1260 tftp-server : ERR :[tftp_server.c, 1718] open failed : [-2] [Unknown error -2]
01-16 21:21:09.299 E/tftp_server(  686): pid=686 tid=1260 tftp-server : ERR :[tftp_protocol.c, 1229] sending error-pkt. Code = 1, Msg = Err=2 String=No such file or directory
01-16 21:21:09.302 I/ServiceManagement( 1010): getService: Trying again for android.hardware.media.omx@1.0::IOmx/default...
01-16 21:21:09.323 D/ICU     (  980): Timezone override file found: /data/misc/zoneinfo/current/icu/icu_tzdata.dat
01-16 21:21:09.346 D/ICU     (  978): Timezone override file found: /data/misc/zoneinfo/current/icu/icu_tzdata.dat
01-16 21:21:09.394 W/ServiceManagement( 1012): Waited one second for vendor.samsung.hardware.radio.secbridge@1.0::ISecBridge/slot1. Waiting another...
01-16 21:21:09.407 D/audio_route(  654): ==================================
01-16 21:21:09.414 E/audio_route(  654): Control 'SLIMBUS_8 LOOPBACK Volume' doesn't exist - skipping
01-16 21:21:09.418 E/audio_route(  654): unknown enum value string ZERO for ctl CDC_IF TX13 MUX
01-16 21:21:09.464 D/audio_route(  654): Setting mixer control: Voice Rx Device Mute
01-16 21:21:09.464 D/audio_route(  654): Setting mixer control: value: 0
01-16 21:21:09.464 D/audio_route(  654): Setting mixer control: value: -1
01-16 21:21:09.464 D/audio_route(  654): Setting mixer control: value: 20
01-16 21:21:09.464 D/audio_route(  654): Setting mixer control: Voice Tx Mute
01-16 21:21:09.464 D/audio_route(  654): Setting mixer control: value: 0
01-16 21:21:09.464 D/audio_route(  654): Setting mixer control: value: -1
01-16 21:21:09.464 D/audio_route(  654): Setting mixer control: value: 500
01-16 21:21:09.464 D/audio_route(  654): Setting mixer control: Voice Rx Gain
01-16 21:21:09.464 D/audio_route(  654): Setting mixer control: value: 0
01-16 21:21:09.464 D/audio_route(  654): Setting mixer control: value: -1
01-16 21:21:09.464 D/audio_route(  654): Setting mixer control: value: 20
01-16 21:21:09.464 D/audio_route(  654): Setting mixer control: Voip Tx Mute
01-16 21:21:09.464 D/audio_route(  654): Setting mixer control: value: 0
01-16 21:21:09.464 D/audio_route(  654): Setting mixer control: value: 500
01-16 21:21:09.465 D/audio_route(  654): Setting mixer control: Voip Rx Gain
01-16 21:21:09.465 D/audio_route(  654): Setting mixer control: value: 0
01-16 21:21:09.465 D/audio_route(  654): Setting mixer control: value: 20
01-16 21:21:09.465 D/audio_route(  654): Setting mixer control: Voip Evrc Min Max Rate Config
01-16 21:21:09.465 D/audio_route(  654): Setting mixer control: value: 1
01-16 21:21:09.465 D/audio_route(  654): Setting mixer control: value: 4
01-16 21:21:09.465 D/audio_route(  654): Setting mixer control: LINEOUT1 Volume
01-16 21:21:09.465 D/audio_route(  654): Setting mixer control: value: 13
01-16 21:21:09.465 D/audio_route(  654): Setting mixer control: LINEOUT2 Volume
01-16 21:21:09.465 D/audio_route(  654): Setting mixer control: value: 13
01-16 21:21:09.465 D/audio_route(  654): Setting mixer control: ADC1 Volume
01-16 21:21:09.465 D/audio_route(  654): Setting mixer control: value: 12
01-16 21:21:09.465 D/audio_route(  654): Setting mixer control: ADC2 Volume
01-16 21:21:09.465 D/audio_route(  654): Setting mixer control: value: 12
01-16 21:21:09.465 D/audio_route(  654): Setting mixer control: RX1 Mix Digital Volume
01-16 21:21:09.465 D/audio_route(  654): Setting mixer control: value: 0
01-16 21:21:09.465 D/audio_route(  654): Setting mixer control: RX2 Mix Digital Volume
01-16 21:21:09.465 D/audio_route(  654): Setting mixer control: value: 0
01-16 21:21:09.466 D/audio_route(  654): Setting mixer control: DEC3 Volume
01-16 21:21:09.466 D/audio_route(  654): Setting mixer control: value: 0
01-16 21:21:09.466 D/audio_route(  654): Setting mixer control: DEC4 Volume
01-16 21:21:09.466 D/audio_route(  654): Setting mixer control: value: 0
01-16 21:21:09.466 D/audio_route(  654): Setting mixer control: DEC7 Volume
01-16 21:21:09.466 D/audio_route(  654): Setting mixer control: value: 0
01-16 21:21:09.466 D/audio_route(  654): Setting mixer control: DEC8 Volume
01-16 21:21:09.466 D/audio_route(  654): Setting mixer control: value: 0
01-16 21:21:09.466 D/audio_route(  654): Setting mixer control: IIR0 INP0 Volume
01-16 21:21:09.466 D/audio_route(  654): Setting mixer control: value: 54
01-16 21:21:09.468 D/audio_route(  654): Setting mixer control: IIR1 INP0 Volume
01-16 21:21:09.468 D/audio_route(  654): Setting mixer control: value: 54
01-16 21:21:09.468 D/audio_route(  654): Setting mixer control: RX HPH Mode, value: 2
01-16 21:21:09.468 D/audio_route(  654): Setting mixer control: IIR0 Enable Band1
01-16 21:21:09.468 D/audio_route(  654): Setting mixer control: value: 1
01-16 21:21:09.468 D/audio_route(  654): Setting mixer control: IIR0 Enable Band2
01-16 21:21:09.468 D/audio_route(  654): Setting mixer control: value: 1
01-16 21:21:09.468 D/audio_route(  654): Setting mixer control: IIR0 Enable Band3
01-16 21:21:09.468 D/audio_route(  654): Setting mixer control: value: 1
01-16 21:21:09.468 D/audio_route(  654): Setting mixer control: IIR0 Enable Band4
01-16 21:21:09.468 D/audio_route(  654): Setting mixer control: value: 1
01-16 21:21:09.469 D/audio_route(  654): Setting mixer control: IIR0 Enable Band5
01-16 21:21:09.469 D/audio_route(  654): Setting mixer control: value: 1
01-16 21:21:09.469 D/audio_route(  654): Setting mixer control: IIR0 Band1
01-16 21:21:09.469 D/audio_route(  654): Setting mixer control: value: 268435456
01-16 21:21:09.469 D/audio_route(  654): Setting mixer control: value: 0
01-16 21:21:09.469 I/chatty  (  654): uid=1041(audioserver) HwBinder:654_1 identical 2 lines
01-16 21:21:09.469 D/audio_route(  654): Setting mixer control: value: 0
01-16 21:21:09.473 D/audio_route(  654): Setting mixer control: IIR0 Band2
01-16 21:21:09.473 D/audio_route(  654): Setting mixer control: value: 268435456
01-16 21:21:09.473 D/audio_route(  654): Setting mixer control: value: 0
01-16 21:21:09.473 I/chatty  (  654): uid=1041(audioserver) HwBinder:654_1 identical 2 lines
01-16 21:21:09.473 D/audio_route(  654): Setting mixer control: value: 0
01-16 21:21:09.477 D/audio_route(  654): Setting mixer control: IIR0 Band3
01-16 21:21:09.477 D/audio_route(  654): Setting mixer control: value: 268435456
01-16 21:21:09.477 D/audio_route(  654): Setting mixer control: value: 0
01-16 21:21:09.477 I/chatty  (  654): uid=1041(audioserver) HwBinder:654_1 identical 2 lines
01-16 21:21:09.477 D/audio_route(  654): Setting mixer control: value: 0
01-16 21:21:09.482 D/audio_route(  654): Setting mixer control: IIR0 Band4
01-16 21:21:09.482 D/audio_route(  654): Setting mixer control: value: 268435456
01-16 21:21:09.482 D/audio_route(  654): Setting mixer control: value: 0
01-16 21:21:09.482 I/chatty  (  654): uid=1041(audioserver) HwBinder:654_1 identical 2 lines
01-16 21:21:09.482 D/audio_route(  654): Setting mixer control: value: 0
01-16 21:21:09.485 D/audio_route(  654): Setting mixer control: IIR0 Band5
01-16 21:21:09.485 D/audio_route(  654): Setting mixer control: value: 268435456
01-16 21:21:09.485 D/audio_route(  654): Setting mixer control: value: 0
01-16 21:21:09.485 I/chatty  (  654): uid=1041(audioserver) HwBinder:654_1 identical 2 lines
01-16 21:21:09.485 D/audio_route(  654): Setting mixer control: value: 0
01-16 21:21:09.488 D/audio_route(  654): Setting mixer control: COMP1 Switch
01-16 21:21:09.489 D/audio_route(  654): Setting mixer control: value: 1
01-16 21:21:09.489 D/audio_route(  654): Setting mixer control: COMP2 Switch
01-16 21:21:09.489 D/audio_route(  654): Setting mixer control: value: 1
01-16 21:21:09.489 D/audio_route(  654): Setting mixer control: HPH Idle Detect, value: 1
01-16 21:21:09.489 D/audio_route(  654): Setting mixer control: AMIC_1_2 PWR MODE, value: 2
01-16 21:21:09.489 D/audio_route(  654): Setting mixer control: ADC MUX3, value: 1
01-16 21:21:09.490 D/audio_route(  654): Setting mixer control: ADC MUX4, value: 1
01-16 21:21:09.492 D/audio_route(  654): Setting mixer control: ADC MUX10, value: 1
01-16 21:21:09.493 D/audio_route(  654): Setting mixer control: ADC MUX11, value: 1
01-16 21:21:09.499 E/SemAffinityControl(  980): SemAffinityControl: registerfunction enter
01-16 21:21:09.499 D/audio_route(  654): Setting mixer control: ADC MUX12, value: 1
01-16 21:21:09.500 E/SemAffinityControl(  978): SemAffinityControl: registerfunction enter
01-16 21:21:09.501 D/audio_route(  654): Setting mixer control: ADC MUX13, value: 1
01-16 21:21:09.502 D/audio_route(  654): Setting mixer control: RX INT0 DEM MUX, value: 1
01-16 21:21:09.503 D/audio_route(  654): Setting mixer control: RX INT1 DEM MUX, value: 1
01-16 21:21:09.504 D/audio_route(  654): Setting mixer control: RX INT2 DEM MUX, value: 1
01-16 21:21:09.505 D/audio_route(  654): Setting mixer control: RT_PROXY_1_TX SetCalMode, value: 1
01-16 21:21:09.506 D/audio_route(  654): Setting mixer control: RT_PROXY_1_RX SetCalMode, value: 1
01-16 21:21:09.506 D/audio_route(  654): Setting mixer control: SLIM_5_RX SampleRate, value: 3
01-16 21:21:09.507 D/audio_route(  654): Setting mixer control: TERT_MI2S_TX Channels, value: 1
01-16 21:21:09.508 D/Zygote  (  978): begin preload
01-16 21:21:09.508 I/Zygote  (  978): !@Boot: Begin of preload()
01-16 21:21:09.508 I/Zygote  (  978): Installing ICU cache reference pinning...
01-16 21:21:09.508 I/Zygote  (  978): Preloading ICU data...
01-16 21:21:09.509 D/msm8974_platform(  654): Alac software decoder is available...removing alac from DSP decoder list
01-16 21:21:09.509 D/msm8974_platform(  654): APE software decoder is available...removing ape from DSP decoder list
01-16 21:21:09.509 E/msm8974_platform(  654): find_index: Could not find index for name = SND_DEVICE_OUT_SPEAKER_PROTECTED
01-16 21:21:09.509 E/platform_info(  654): process_acdb_id: Device SND_DEVICE_OUT_SPEAKER_PROTECTED in platform info xml not found, no ACDB ID set!
01-16 21:21:09.509 E/msm8974_platform(  654): find_index: Could not find index for name = SND_DEVICE_IN_VOICE_REC_QMIC_FLUENCE
01-16 21:21:09.509 E/platform_info(  654): process_acdb_id: Device SND_DEVICE_IN_VOICE_REC_QMIC_FLUENCE in platform info xml not found, no ACDB ID set!
01-16 21:21:09.509 E/msm8974_platform(  654): find_index: Could not find index for name = SND_DEVICE_IN_VOICE_REC_TMIC
01-16 21:21:09.509 E/platform_info(  654): process_acdb_id: Device SND_DEVICE_IN_VOICE_REC_TMIC in platform info xml not found, no ACDB ID set!
01-16 21:21:09.509 E/msm8974_platform(  654): find_index: Could not find index for name = SND_DEVICE_IN_VOICE_REC_DMIC_FLUENCE
01-16 21:21:09.509 E/platform_info(  654): process_acdb_id: Device SND_DEVICE_IN_VOICE_REC_DMIC_FLUENCE in platform info xml not found, no ACDB ID set!
01-16 21:21:09.509 E/msm8974_platform(  654): find_index: Could not find index for name = SND_DEVICE_OUT_VOICE_SPEAKER_2_PROTECTED
01-16 21:21:09.509 E/platform_info(  654): process_acdb_id: Device SND_DEVICE_OUT_VOICE_SPEAKER_2_PROTECTED in platform info xml not found, no ACDB ID set!
01-16 21:21:09.510 E/msm8974_platform(  654): find_index: Could not find index for name = SND_DEVICE_OUT_VOICE_SPEAKER_2_PROTECTED_VBAT
01-16 21:21:09.510 E/platform_info(  654): process_acdb_id: Device SND_DEVICE_OUT_VOICE_SPEAKER_2_PROTECTED_VBAT in platform info xml not found, no ACDB ID set!
01-16 21:21:09.510 E/msm8974_platform(  654): find_index: Could not find index for name = SND_DEVICE_IN_CAPTURE_VI_FEEDBACK_MONO_1
01-16 21:21:09.510 E/platform_info(  654): process_acdb_id: Device SND_DEVICE_IN_CAPTURE_VI_FEEDBACK_MONO_1 in platform info xml not found, no ACDB ID set!
01-16 21:21:09.510 E/msm8974_platform(  654): find_index: Could not find index for name = SND_DEVICE_IN_CAPTURE_VI_FEEDBACK_MONO_2
01-16 21:21:09.510 E/platform_info(  654): process_acdb_id: Device SND_DEVICE_IN_CAPTURE_VI_FEEDBACK_MONO_2 in platform info xml not found, no ACDB ID set!
01-16 21:21:09.510 V/msm8974_platform(  654): platform_set_parameters: enter: mono_speaker=right;native_audio_mode=src;true_32_bit=true;spkr_1_tz_name=wsatz.13;perf_lock_opts=4, 0x40400000, 0x1, 0x40C00000, 0x1;input_mic_max_count=4;usb_sidetone_gain=35;spkr_2_tz_name=wsatz.14
01-16 21:21:09.510 D/msm8974_platform(  654): native_audio_set_params:napb updating mode (4) from XML
01-16 21:21:09.510 D/msm8974_platform(  654): platform_set_native_support:napb: native audio playback disabled
01-16 21:21:09.510 D/msm8974_platform(  654): platform_set_snd_device_backend: backend_tag_table[handset]: old = null new = (null)
01-16 21:21:09.510 D/msm8974_platform(  654): platform_set_snd_device_backend: hw_interface_table[1] = SLIMBUS_0_RX
01-16 21:21:09.510 D/msm8974_platform(  654): platform_set_snd_device_backend: backend_tag_table[handset] = null, hw_interface_table[1] = SLIMBUS_0_RX
01-16 21:21:09.510 D/msm8974_platform(  654): platform_set_snd_device_backend: backend_tag_table[voice-call-handset]: old = null new = (null)
01-16 21:21:09.510 D/msm8974_platform(  654): platform_set_snd_device_backend: hw_interface_table[24] = SLIMBUS_0_RX
01-16 21:21:09.510 D/msm8974_platform(  654): platform_set_snd_device_backend: backend_tag_table[voice-call-handset] = null, hw_interface_table[24] = SLIMBUS_0_RX
01-16 21:21:09.510 D/msm8974_platform(  654): platform_set_snd_device_backend: backend_tag_table[voice-call-handset-extra-vol]: old = null new = (null)
01-16 21:21:09.510 D/msm8974_platform(  654): platform_set_snd_device_backend: hw_interface_table[25] = SLIMBUS_0_RX
01-16 21:21:09.510 D/msm8974_platform(  654): platform_set_snd_device_backend: backend_tag_table[voice-call-handset-extra-vol] = null, hw_interface_table[25] = SLIMBUS_0_RX
01-16 21:21:09.510 D/msm8974_platform(  654): platform_set_snd_device_backend: backend_tag_table[voice-call-handset-hac]: old = null new = (null)
01-16 21:21:09.510 D/msm8974_platform(  654): platform_set_snd_device_backend: hw_interface_table[26] = SLIMBUS_0_RX
01-16 21:21:09.510 D/msm8974_platform(  654): platform_set_snd_device_backend: backend_tag_table[voice-call-handset-hac] = null, hw_interface_table[26] = SLIMBUS_0_RX
01-16 21:21:09.510 D/msm8974_platform(  654): platform_set_snd_device_backend: backend_tag_table[voice-call-handset-music]: old = null new = (null)
01-16 21:21:09.510 D/msm8974_platform(  654): platform_set_snd_device_backend: hw_interface_table[38] = SLIMBUS_0_RX
01-16 21:21:09.510 D/msm8974_platform(  654): platform_set_snd_device_backend: backend_tag_table[voice-call-handset-music] = null, hw_interface_table[38] = SLIMBUS_0_RX
01-16 21:21:09.511 E/msm8974_platform(  654): find_index: Could not find index for name = SND_DEVICE_OUT_VOICE_CALL_HANDSET_EMERGENCY
01-16 21:21:09.511 E/platform_info(  654): process_backend_name: Device SND_DEVICE_OUT_VOICE_CALL_HANDSET_EMERGENCY not found, no ACDB ID set!
01-16 21:21:09.511 D/msm8974_platform(  654): platform_set_snd_device_backend: backend_tag_table[video-call-handset]: old = null new = (null)
01-16 21:21:09.511 D/msm8974_platform(  654): platform_set_snd_device_backend: hw_interface_table[43] = SLIMBUS_0_RX
01-16 21:21:09.511 D/msm8974_platform(  654): platform_set_snd_device_backend: backend_tag_table[video-call-handset] = null, hw_interface_table[43] = SLIMBUS_0_RX
01-16 21:21:09.511 D/msm8974_platform(  654): platform_set_snd_device_backend: backend_tag_table[video-call-handset-extra-vol]: old = null new = (null)
01-16 21:21:09.511 D/msm8974_platform(  654): platform_set_snd_device_backend: hw_interface_table[44] = SLIMBUS_0_RX
01-16 21:21:09.511 D/msm8974_platform(  654): platform_set_snd_device_backend: backend_tag_table[video-call-handset-extra-vol] = null, hw_interface_table[44] = SLIMBUS_0_RX
01-16 21:21:09.511 D/msm8974_platform(  654): platform_set_snd_device_backend: backend_tag_table[VoLTE-voice-handset]: old = null new = (null)
01-16 21:21:09.511 D/msm8974_platform(  654): platform_set_snd_device_backend: hw_interface_table[52] = SLIMBUS_0_RX
01-16 21:21:09.511 D/msm8974_platform(  654): platform_set_snd_device_backend: backend_tag_table[VoLTE-voice-handset] = null, hw_interface_table[52] = SLIMBUS_0_RX
01-16 21:21:09.511 D/msm8974_platform(  654): platform_set_snd_device_backend: backend_tag_table[VoLTE-voice-handset-wb]: old = null new = (null)
01-16 21:21:09.511 D/msm8974_platform(  654): platform_set_snd_device_backend: hw_interface_table[53] = SLIMBUS_0_RX
01-16 21:21:09.511 D/msm8974_platform(  654): platform_set_snd_device_backend: backend_tag_table[VoLTE-voice-handset-wb] = null, hw_interface_table[53] = SLIMBUS_0_RX
01-16 21:21:09.511 D/msm8974_platform(  654): platform_set_snd_device_backend: backend_tag_table[VoLTE-voice-handset-evs]: old = null new = (null)
01-16 21:21:09.511 D/msm8974_platform(  654): platform_set_snd_device_backend: hw_interface_table[54] = SLIMBUS_0_RX
01-16 21:21:09.511 D/msm8974_platform(  654): platform_set_snd_device_backend: backend_tag_table[VoLTE-voice-handset-evs] = null, hw_interface_table[54] = SLIMBUS_0_RX
01-16 21:21:09.511 D/msm8974_platform(  654): platform_set_snd_device_backend: backend_tag_table[VoLTE-voice-handset-extra-vol]: old = null new = (null)
01-16 21:21:09.511 D/msm8974_platform(  654): platform_set_snd_device_backend: hw_interface_table[55] = SLIMBUS_0_RX
01-16 21:21:09.511 D/msm8974_platform(  654): platform_set_snd_device_backend: backend_tag_table[VoLTE-voice-handset-extra-vol] = null, hw_interface_table[55] = SLIMBUS_0_RX
01-16 21:21:09.511 D/msm8974_platform(  654): platform_set_snd_device_backend: backend_tag_table[VoLTE-voice-handset-extra-vol-wb]: old = null new = (null)
01-16 21:21:09.511 D/msm8974_platform(  654): platform_set_snd_device_backend: hw_interface_table[56] = SLIMBUS_0_RX
01-16 21:21:09.511 D/msm8974_platform(  654): platform_set_snd_device_backend: backend_tag_table[VoLTE-voice-handset-extra-vol-wb] = null, hw_interface_table[56] = SLIMBUS_0_RX
01-16 21:21:09.511 D/msm8974_platform(  654): platform_set_snd_device_backend: backend_tag_table[VoLTE-voice-handset-extra-vol-evs]: old = null new = (null)
01-16 21:21:09.511 D/msm8974_platform(  654): platform_set_snd_device_backend: hw_interface_table[57] = SLIMBUS_0_RX
01-16 21:21:09.511 D/msm8974_platform(  654): platform_set_snd_device_backend: backend_tag_table[VoLTE-voice-handset-extra-vol-evs] = null, hw_interface_table[57] = SLIMBUS_0_RX
01-16 21:21:09.511 D/msm8974_platform(  654): platform_set_snd_device_backend: backend_tag_table[VoLTE-voice-handset-hac]: old = null new = (null)
01-16 21:21:09.511 D/msm8974_platform(  654): platform_set_snd_device_backend: hw_interface_table[58] = SLIMBUS_0_RX
01-16 21:21:09.511 D/msm8974_platform(  654): platform_set_snd_device_backend: backend_tag_table[VoLTE-voice-handset-hac] = null, hw_interface_table[58] = SLIMBUS_0_RX
01-16 21:21:09.511 D/msm8974_platform(  654): platform_set_snd_device_backend: backend_tag_table[VoLTE-voice-handset-hac-wb]: old = null new = (null)
01-16 21:21:09.511 D/msm8974_platform(  654): platform_set_snd_device_backend: hw_interface_table[59] = SLIMBUS_0_RX
01-16 21:21:09.511 D/msm8974_platform(  654): platform_set_snd_device_backend: backend_tag_table[VoLTE-voice-handset-hac-wb] = null, hw_interface_table[59] = SLIMBUS_0_RX
01-16 21:21:09.511 D/msm8974_platform(  654): platform_set_snd_device_backend: backend_tag_table[VoLTE-voice-handset-hac-evs]: old = null new = (null)
01-16 21:21:09.511 D/msm8974_platform(  654): platform_set_snd_device_backend: hw_interface_table[60] = SLIMBUS_0_RX
01-16 21:21:09.511 D/msm8974_platform(  654): platform_set_snd_device_backend: backend_tag_table[VoLTE-voice-handset-hac-evs] = null, hw_interface_table[60] = SLIMBUS_0_RX
01-16 21:21:09.511 D/msm8974_platform(  654): platform_set_snd_device_backend: backend_tag_table[VoLTE-video-handset]: old = null new = (null)
01-16 21:21:09.511 D/msm8974_platform(  654): platform_set_snd_device_backend: hw_interface_table[79] = SLIMBUS_0_RX
01-16 21:21:09.511 D/msm8974_platform(  654): platform_set_snd_device_backend: backend_tag_table[VoLTE-video-handset] = null, hw_interface_table[79] = SLIMBUS_0_RX
01-16 21:21:09.511 D/msm8974_platform(  654): platform_set_snd_device_backend: backend_tag_table[VoLTE-video-handset-wb]: old = null new = (null)
01-16 21:21:09.511 D/msm8974_platform(  654): platform_set_snd_device_backend: hw_interface_table[80] = SLIMBUS_0_RX
01-16 21:21:09.511 D/msm8974_platform(  654): platform_set_snd_device_backend: backend_tag_table[VoLTE-video-handset-wb] = null, hw_interface_table[80] = SLIMBUS_0_RX
01-16 21:21:09.511 D/msm8974_platform(  654): platform_set_snd_device_backend: backend_tag_table[VoLTE-video-handset-evs]: old = null new = (null)
01-16 21:21:09.511 D/msm8974_platform(  654): platform_set_snd_device_backend: hw_interface_table[81] = SLIMBUS_0_RX
01-16 21:21:09.511 D/msm8974_platform(  654): platform_set_snd_device_backend: backend_tag_table[VoLTE-video-handset-evs] = null, hw_interface_table[81] = SLIMBUS_0_RX
01-16 21:21:09.511 D/msm8974_platform(  654): platform_set_snd_device_backend: backend_tag_table[VoLTE-video-handset-extra-vol]: old = null new = (null)
01-16 21:21:09.511 D/msm8974_platform(  654): platform_set_snd_device_backend: hw_interface_table[82] = SLIMBUS_0_RX
01-16 21:21:09.511 D/msm8974_platform(  654): platform_set_snd_device_backend: backend_tag_table[VoLTE-video-handset-extra-vol] = null, hw_interface_table[82] = SLIMBUS_0_RX
01-16 21:21:09.511 D/msm8974_platform(  654): platform_set_snd_device_backend: backend_tag_table[VoLTE-video-handset-extra-vol-wb]: old = null new = (null)
01-16 21:21:09.511 D/msm8974_platform(  654): platform_set_snd_device_backend: hw_interface_table[83] = SLIMBUS_0_RX
01-16 21:21:09.511 D/msm8974_platform(  654): platform_set_snd_device_backend: backend_tag_table[VoLTE-video-handset-extra-vol-wb] = null, hw_interface_table[83] = SLIMBUS_0_RX
01-16 21:21:09.511 D/msm8974_platform(  654): platform_set_snd_device_backend: backend_tag_table[VoLTE-video-handset-extra-vol-evs]: old = null new = (null)
01-16 21:21:09.512 D/msm8974_platform(  654): platform_set_snd_device_backend: hw_interface_table[84] = SLIMBUS_0_RX
01-16 21:21:09.512 D/msm8974_platform(  654): platform_set_snd_device_backend: backend_tag_table[VoLTE-video-handset-extra-vol-evs] = null, hw_interface_table[84] = SLIMBUS_0_RX
01-16 21:21:09.512 D/msm8974_platform(  654): platform_set_snd_device_backend: backend_tag_table[voice-call-cp2-handset]: old = null new = (null)
01-16 21:21:09.512 D/msm8974_platform(  654): platform_set_snd_device_backend: hw_interface_table[103] = SLIMBUS_0_RX
01-16 21:21:09.512 D/msm8974_platform(  654): platform_set_snd_device_backend: backend_tag_table[voice-call-cp2-handset] = null, hw_interface_table[103] = SLIMBUS_0_RX
01-16 21:21:09.512 D/msm8974_platform(  654): platform_set_snd_device_backend: backend_tag_table[voice-call-cp2-handset-extra-vol]: old = null new = (null)
01-16 21:21:09.512 D/msm8974_platform(  654): platform_set_snd_device_backend: hw_interface_table[104] = SLIMBUS_0_RX
01-16 21:21:09.512 D/msm8974_platform(  654): platform_set_snd_device_backend: backend_tag_table[voice-call-cp2-handset-extra-vol] = null, hw_interface_table[104] = SLIMBUS_0_RX
01-16 21:21:09.512 D/msm8974_platform(  654): platform_set_snd_device_backend: backend_tag_table[voice-call-cp2-handset-hac]: old = null new = (null)
01-16 21:21:09.512 D/msm8974_platform(  654): platform_set_snd_device_backend: hw_interface_table[105] = SLIMBUS_0_RX
01-16 21:21:09.512 D/msm8974_platform(  654): platform_set_snd_device_backend: backend_tag_table[voice-call-cp2-handset-hac] = null, hw_interface_table[105] = SLIMBUS_0_RX
01-16 21:21:09.512 D/msm8974_platform(  654): platform_set_snd_device_backend: backend_tag_table[TTY-handset]: old = null new = (null)
01-16 21:21:09.512 D/msm8974_platform(  654): platform_set_snd_device_backend: hw_interface_table[116] = SLIMBUS_0_RX
01-16 21:21:09.512 D/msm8974_platform(  654): platform_set_snd_device_backend: backend_tag_table[TTY-handset] = null, hw_interface_table[116] = SLIMBUS_0_RX
01-16 21:21:09.512 D/msm8974_platform(  654): platform_set_snd_device_backend: backend_tag_table[TTY-handset-extra-vol]: old = null new = (null)
01-16 21:21:09.512 D/msm8974_platform(  654): platform_set_snd_device_backend: hw_interface_table[117] = SLIMBUS_0_RX
01-16 21:21:09.512 D/msm8974_platform(  654): platform_set_snd_device_backend: backend_tag_table[TTY-handset-extra-vol] = null, hw_interface_table[117] = SLIMBUS_0_RX
01-16 21:21:09.512 D/msm8974_platform(  654): platform_set_snd_device_backend: backend_tag_table[voip-handset-comm]: old = null new = (null)
01-16 21:21:09.512 D/msm8974_platform(  654): platform_set_snd_device_backend: hw_interface_table[120] = SLIMBUS_0_RX
01-16 21:21:09.512 D/msm8974_platform(  654): platform_set_snd_device_backend: backend_tag_table[voip-handset-comm] = null, hw_interface_table[120] = SLIMBUS_0_RX
01-16 21:21:09.512 E/msm8974_platform(  654): find_index: Could not find index for name = SND_DEVICE_OUT_VOIP_HANDSET_OTHERS
01-16 21:21:09.512 E/platform_info(  654): process_backend_name: Device SND_DEVICE_OUT_VOIP_HANDSET_OTHERS not found, no ACDB ID set!
01-16 21:21:09.512 E/msm8974_platform(  654): find_index: Could not find index for name = SND_DEVICE_OUT_VOIP_HANDSET_CHATON
01-16 21:21:09.512 E/platform_info(  654): process_backend_name: Device SND_DEVICE_OUT_VOIP_HANDSET_CHATON not found, no ACDB ID set!
01-16 21:21:09.512 D/msm8974_platform(  654): platform_set_snd_device_backend: backend_tag_table[voip-handset-carrier]: old = null new = (null)
01-16 21:21:09.512 D/msm8974_platform(  654): platform_set_snd_device_backend: hw_interface_table[130] = SLIMBUS_0_RX
01-16 21:21:09.512 D/msm8974_platform(  654): platform_set_snd_device_backend: backend_tag_table[voip-handset-carrier] = null, hw_interface_table[130] = SLIMBUS_0_RX
01-16 21:21:09.512 D/msm8974_platform(  654): platform_set_snd_device_backend: backend_tag_table[voip-handset-carrier-evs]: old = null new = (null)
01-16 21:21:09.512 D/msm8974_platform(  654): platform_set_snd_device_backend: hw_interface_table[131] = SLIMBUS_0_RX
01-16 21:21:09.512 D/msm8974_platform(  654): platform_set_snd_device_backend: backend_tag_table[voip-handset-carrier-evs] = null, hw_interface_table[131] = SLIMBUS_0_RX
01-16 21:21:09.512 D/msm8974_platform(  654): platform_set_snd_device_backend: backend_tag_table[voip-handset-carrier-extra-vol]: old = null new = (null)
01-16 21:21:09.512 D/msm8974_platform(  654): platform_set_snd_device_backend: hw_interface_table[132] = SLIMBUS_0_RX
01-16 21:21:09.512 D/msm8974_platform(  654): platform_set_snd_device_backend: backend_tag_table[voip-handset-carrier-extra-vol] = null, hw_interface_table[132] = SLIMBUS_0_RX
01-16 21:21:09.512 D/msm8974_platform(  654): platform_set_snd_device_backend: backend_tag_table[voip-handset-carrier-extra-vol-evs]: old = null new = (null)
01-16 21:21:09.512 D/msm8974_platform(  654): platform_set_snd_device_backend: hw_interface_table[133] = SLIMBUS_0_RX
01-16 21:21:09.512 D/msm8974_platform(  654): platform_set_snd_device_backend: backend_tag_table[voip-handset-carrier-extra-vol-evs] = null, hw_interface_table[133] = SLIMBUS_0_RX
