01-16 21:21:08.734 E/IptablesRestoreController( 1015): COMMIT
01-16 21:21:08.734 E/IptablesRestoreController( 1015): , res : 0
01-16 21:21:08.734 W/media.codec( 1030): libminijail[1030]: failed to get path of fd 5: No such file or directory
01-16 21:21:08.734 W/media.codec( 1030): libminijail[1030]: allowing syscall: clock_gettime
01-16 21:21:08.734 W/media.codec( 1030): libminijail[1030]: allowing syscall: connect
01-16 21:21:08.734 I/Netd    ( 1015): Creating child chains: 218.0ms
01-16 21:21:08.734 W/media.codec( 1030): libminijail[1030]: allowing syscall: fcntl64
01-16 21:21:08.734 W/media.codec( 1030): libminijail[1030]: allowing syscall: socket
01-16 21:21:08.734 W/media.codec( 1030): libminijail[1030]: allowing syscall: writev
01-16 21:21:08.734 I/Netd    ( 1015): Setting up OEM hooks: 0.1ms
01-16 21:21:08.734 E/IptablesRestoreController( 1015): [iptables debug]iptables-restore execute *filter
01-16 21:21:08.734 E/IptablesRestoreController( 1015): :fw_dozable -
01-16 21:21:08.734 E/IptablesRestoreController( 1015): -A fw_dozable -m owner --uid-owner 0-9999 -j RETURN
01-16 21:21:08.734 E/IptablesRestoreController( 1015): -A fw_dozable -m owner ! --uid-owner 0-4294967294 -j RETURN
01-16 21:21:08.734 E/IptablesRestoreController( 1015): -A fw_dozable -p esp -j RETURN
01-16 21:21:08.734 E/IptablesRestoreController( 1015): -A fw_dozable -p tcp --sport 5060 -j RETURN
01-16 21:21:08.734 E/IptablesRestoreController( 1015): -A fw_dozable -p tcp --dport 5060 -j RETURN
01-16 21:21:08.734 E/IptablesRestoreController( 1015): -A fw_dozable -p tcp --dport 6100:10000 -j RETURN
01-16 21:21:08.734 E/IptablesRestoreController( 1015): -A fw_dozable -i lo -j RETURN
01-16 21:21:08.734 E/IptablesRestoreController( 1015): -A fw_dozable -o lo -j RETURN
01-16 21:21:08.734 E/IptablesRestoreController( 1015): -A fw_dozable -p tcp --tcp-flags RST RST -j RETURN
01-16 21:21:08.734 E/IptablesRestoreController( 1015): -A fw_dozable -j DROP
01-16 21:21:08.734 E/IptablesRestoreController( 1015): COMMIT
01-16 21:21:08.735 I/LocSvc_xtra2( 1122): dlopen for libqdma_file_agent.so failed, error = dlopen failed: library "libqdma_file_agent.so" not found
01-16 21:21:08.742 E/IptablesRestoreController( 1015): [iptables debug]iptables-restore execute done *filter
01-16 21:21:08.742 E/IptablesRestoreController( 1015): :fw_dozable -
01-16 21:21:08.742 E/IptablesRestoreController( 1015): -A fw_dozable -m owner --uid-owner 0-9999 -j RETURN
01-16 21:21:08.742 E/IptablesRestoreController( 1015): -A fw_dozable -m owner ! --uid-owner 0-4294967294 -j RETURN
01-16 21:21:08.742 E/IptablesRestoreController( 1015): -A fw_dozable -p esp -j RETURN
01-16 21:21:08.742 E/IptablesRestoreController( 1015): -A fw_dozable -p tcp --sport 5060 -j RETURN
01-16 21:21:08.742 E/IptablesRestoreController( 1015): -A fw_dozable -p tcp --dport 5060 -j RETURN
01-16 21:21:08.742 E/IptablesRestoreController( 1015): -A fw_dozable -p tcp --dport 6100:10000 -j RETURN
01-16 21:21:08.742 E/IptablesRestoreController( 1015): -A fw_dozable -i lo -j RETURN
01-16 21:21:08.742 E/IptablesRestoreController( 1015): -A fw_dozable -o lo -j RETURN
01-16 21:21:08.742 E/IptablesRestoreController( 1015): -A fw_dozable -p tcp --tcp-flags RST RST -j RETURN
01-16 21:21:08.742 E/IptablesRestoreController( 1015): -A fw_dozable -j DROP
01-16 21:21:08.742 E/IptablesRestoreController( 1015): COMMIT
01-16 21:21:08.742 E/IptablesRestoreController( 1015): , res : 0
01-16 21:21:08.742 E/IptablesRestoreController( 1015): [iptables debug]iptables-restore execute *filter
01-16 21:21:08.742 E/IptablesRestoreController( 1015): :fw_dozable -
01-16 21:21:08.742 E/IptablesRestoreController( 1015): -A fw_dozable -m owner --uid-owner 0-9999 -j RETURN
01-16 21:21:08.742 E/IptablesRestoreController( 1015): -A fw_dozable -m owner ! --uid-owner 0-4294967294 -j RETURN
01-16 21:21:08.742 E/IptablesRestoreController( 1015): -A fw_dozable -p esp -j RETURN
01-16 21:21:08.742 E/IptablesRestoreController( 1015): -A fw_dozable -p tcp --sport 5060 -j RETURN
01-16 21:21:08.742 E/IptablesRestoreController( 1015): -A fw_dozable -p tcp --dport 5060 -j RETURN
01-16 21:21:08.742 E/IptablesRestoreController( 1015): -A fw_dozable -p tcp --dport 6100:10000 -j RETURN
01-16 21:21:08.742 E/IptablesRestoreController( 1015): -A fw_dozable -i lo -j RETURN
01-16 21:21:08.742 E/IptablesRestoreController( 1015): -A fw_dozable -o lo -j RETURN
01-16 21:21:08.742 E/IptablesRestoreController( 1015): -A fw_dozable -p tcp --tcp-flags RST RST -j RETURN
01-16 21:21:08.742 E/IptablesRestoreController( 1015): -A fw_dozable -p icmpv6 --icmpv6-type packet-too-big -j RETURN
01-16 21:21:08.742 E/IptablesRestoreController( 1015): -A fw_dozable -p icmpv6 --icmpv6-type router-solicitation -j RETURN
01-16 21:21:08.742 E/IptablesRestoreController( 1015): -A fw_dozable -p icmpv6 --icmpv6-type router-advertisement -j RETURN
01-16 21:21:08.742 E/IptablesRestoreController( 1015): -A fw_dozable -p icmpv6 --icmpv6-type neighbour-solicitation -j RETURN
01-16 21:21:08.742 E/IptablesRestoreController( 1015): -A fw_dozable -p icmpv6 --icmpv6-type neighbour-advertisement -j RETURN
01-16 21:21:08.742 E/IptablesRestoreController( 1015): -A fw_dozable -p icmpv6 --icmpv6-type redirect -j RETURN
01-16 21:21:08.742 E/IptablesRestoreController( 1015): -A fw_dozable -j DROP
01-16 21:21:08.742 E/IptablesRestoreController( 1015): COMMIT
01-16 21:21:08.743 E/IptablesRestoreController( 1015): [iptables debug]iptables-restore execute done *filter
01-16 21:21:08.743 E/IptablesRestoreController( 1015): :fw_dozable -
01-16 21:21:08.743 E/IptablesRestoreController( 1015): -A fw_dozable -m owner --uid-owner 0-9999 -j RETURN
01-16 21:21:08.743 E/IptablesRestoreController( 1015): -A fw_dozable -m owner ! --uid-owner 0-4294967294 -j RETURN
01-16 21:21:08.743 E/IptablesRestoreController( 1015): -A fw_dozable -p esp -j RETURN
01-16 21:21:08.743 E/IptablesRestoreController( 1015): -A fw_dozable -p tcp --sport 5060 -j RETURN
01-16 21:21:08.743 E/IptablesRestoreController( 1015): -A fw_dozable -p tcp --dport 5060 -j RETURN
01-16 21:21:08.743 E/IptablesRestoreController( 1015): -A fw_dozable -p tcp --dport 6100:10000 -j RETURN
01-16 21:21:08.743 E/IptablesRestoreController( 1015): -A fw_dozable -i lo -j RETURN
01-16 21:21:08.743 E/IptablesRestoreController( 1015): -A fw_dozable -o lo -j RETURN
01-16 21:21:08.743 E/IptablesRestoreController( 1015): -A fw_dozable -p tcp --tcp-flags RST RST -j RETURN
01-16 21:21:08.743 E/IptablesRestoreController( 1015): -A fw_dozable -p icmpv6 --icmpv6-type packet-too-big -j RETURN
01-16 21:21:08.743 E/IptablesRestoreController( 1015): -A fw_dozable -p icmpv6 --icmpv6-type router-solicitation -j RETURN
01-16 21:21:08.743 E/IptablesRestoreController( 1015): -A fw_dozable -p icmpv6 --icmpv6-type router-advertisement -j RETURN
01-16 21:21:08.743 E/IptablesRestoreController( 1015): -A fw_dozable -p icmpv6 --icmpv6-type neighbour-solicitation -j RETURN
01-16 21:21:08.743 E/IptablesRestoreController( 1015): -A fw_dozable -p icmpv6 --icmpv6-type neighbour-advertisement -j RETURN
01-16 21:21:08.743 E/IptablesRestoreController( 1015): -A fw_dozable -p icmpv6 --icmpv6-type redirect -j RETURN
01-16 21:21:08.743 E/IptablesRestoreController( 1015): -A fw_dozable -j DROP
01-16 21:21:08.743 E/IptablesRestoreController( 1015): COMMIT
01-16 21:21:08.743 E/IptablesRestoreController( 1015): , res : 0
01-16 21:21:08.743 E/IptablesRestoreController( 1015): [iptables debug]iptables-restore execute *filter
01-16 21:21:08.743 E/IptablesRestoreController( 1015): :fw_standby -
01-16 21:21:08.743 E/IptablesRestoreController( 1015): -A fw_standby -i lo -j RETURN
01-16 21:21:08.743 E/IptablesRestoreController( 1015): -A fw_standby -o lo -j RETURN
01-16 21:21:08.743 E/IptablesRestoreController( 1015): -A fw_standby -p tcp --tcp-flags RST RST -j RETURN
01-16 21:21:08.743 E/IptablesRestoreController( 1015): COMMIT
01-16 21:21:08.744 E/IptablesRestoreController( 1015): [iptables debug]iptables-restore execute done *filter
01-16 21:21:08.744 E/IptablesRestoreController( 1015): :fw_standby -
01-16 21:21:08.744 E/IptablesRestoreController( 1015): -A fw_standby -i lo -j RETURN
01-16 21:21:08.744 E/IptablesRestoreController( 1015): -A fw_standby -o lo -j RETURN
01-16 21:21:08.744 E/IptablesRestoreController( 1015): -A fw_standby -p tcp --tcp-flags RST RST -j RETURN
01-16 21:21:08.744 E/IptablesRestoreController( 1015): COMMIT
01-16 21:21:08.744 E/IptablesRestoreController( 1015): , res : 0
01-16 21:21:08.744 E/IptablesRestoreController( 1015): [iptables debug]iptables-restore execute *filter
01-16 21:21:08.744 E/IptablesRestoreController( 1015): :fw_standby -
01-16 21:21:08.744 E/IptablesRestoreController( 1015): -A fw_standby -i lo -j RETURN
01-16 21:21:08.744 E/IptablesRestoreController( 1015): -A fw_standby -o lo -j RETURN
01-16 21:21:08.744 E/IptablesRestoreController( 1015): -A fw_standby -p tcp --tcp-flags RST RST -j RETURN
01-16 21:21:08.744 E/IptablesRestoreController( 1015): COMMIT
01-16 21:21:08.744 E/IptablesRestoreController( 1015): [iptables debug]iptables-restore execute done *filter
01-16 21:21:08.744 E/IptablesRestoreController( 1015): :fw_standby -
01-16 21:21:08.744 E/IptablesRestoreController( 1015): -A fw_standby -i lo -j RETURN
01-16 21:21:08.744 E/IptablesRestoreController( 1015): -A fw_standby -o lo -j RETURN
01-16 21:21:08.744 E/IptablesRestoreController( 1015): -A fw_standby -p tcp --tcp-flags RST RST -j RETURN
01-16 21:21:08.744 E/IptablesRestoreController( 1015): COMMIT
01-16 21:21:08.744 E/IptablesRestoreController( 1015): , res : 0
01-16 21:21:08.744 E/IptablesRestoreController( 1015): [iptables debug]iptables-restore execute *filter
01-16 21:21:08.744 E/IptablesRestoreController( 1015): :fw_powersave -
01-16 21:21:08.744 E/IptablesRestoreController( 1015): -A fw_powersave -m owner --uid-owner 0-9999 -j RETURN
01-16 21:21:08.744 E/IptablesRestoreController( 1015): -A fw_powersave -m owner ! --uid-owner 0-4294967294 -j RETURN
01-16 21:21:08.744 E/IptablesRestoreController( 1015): -A fw_powersave -p esp -j RETURN
01-16 21:21:08.744 E/IptablesRestoreController( 1015): -A fw_powersave -p tcp --sport 5060 -j RETURN
01-16 21:21:08.744 E/IptablesRestoreController( 1015): -A fw_powersave -p tcp --dport 5060 -j RETURN
01-16 21:21:08.744 E/IptablesRestoreController( 1015): -A fw_powersave -p tcp --dport 6100:10000 -j RETURN
01-16 21:21:08.744 E/IptablesRestoreController( 1015): -A fw_powersave -i lo -j RETURN
01-16 21:21:08.744 E/IptablesRestoreController( 1015): -A fw_powersave -o lo -j RETURN
01-16 21:21:08.744 E/IptablesRestoreController( 1015): -A fw_powersave -p tcp --tcp-flags RST RST -j RETURN
01-16 21:21:08.744 E/IptablesRestoreController( 1015): -A fw_powersave -j DROP
01-16 21:21:08.744 E/IptablesRestoreController( 1015): COMMIT
01-16 21:21:08.745 E/IptablesRestoreController( 1015): [iptables debug]iptables-restore execute done *filter
01-16 21:21:08.745 E/IptablesRestoreController( 1015): :fw_powersave -
01-16 21:21:08.745 E/IptablesRestoreController( 1015): -A fw_powersave -m owner --uid-owner 0-9999 -j RETURN
01-16 21:21:08.745 E/IptablesRestoreController( 1015): -A fw_powersave -m owner ! --uid-owner 0-4294967294 -j RETURN
01-16 21:21:08.745 E/IptablesRestoreController( 1015): -A fw_powersave -p esp -j RETURN
01-16 21:21:08.745 E/IptablesRestoreController( 1015): -A fw_powersave -p tcp --sport 5060 -j RETURN
01-16 21:21:08.745 E/IptablesRestoreController( 1015): -A fw_powersave -p tcp --dport 5060 -j RETURN
01-16 21:21:08.745 E/IptablesRestoreController( 1015): -A fw_powersave -p tcp --dport 6100:10000 -j RETURN
01-16 21:21:08.745 E/IptablesRestoreController( 1015): -A fw_powersave -i lo -j RETURN
01-16 21:21:08.745 E/IptablesRestoreController( 1015): -A fw_powersave -o lo -j RETURN
01-16 21:21:08.745 E/IptablesRestoreController( 1015): -A fw_powersave -p tcp --tcp-flags RST RST -j RETURN
01-16 21:21:08.745 E/IptablesRestoreController( 1015): -A fw_powersave -j DROP
01-16 21:21:08.745 E/IptablesRestoreController( 1015): COMMIT
01-16 21:21:08.745 E/IptablesRestoreController( 1015): , res : 0
01-16 21:21:08.745 E/IptablesRestoreController( 1015): [iptables debug]iptables-restore execute *filter
01-16 21:21:08.745 E/IptablesRestoreController( 1015): :fw_powersave -
01-16 21:21:08.745 E/IptablesRestoreController( 1015): -A fw_powersave -m owner --uid-owner 0-9999 -j RETURN
01-16 21:21:08.745 E/IptablesRestoreController( 1015): -A fw_powersave -m owner ! --uid-owner 0-4294967294 -j RETURN
01-16 21:21:08.745 E/IptablesRestoreController( 1015): -A fw_powersave -p esp -j RETURN
01-16 21:21:08.745 E/IptablesRestoreController( 1015): -A fw_powersave -p tcp --sport 5060 -j RETURN
01-16 21:21:08.745 E/IptablesRestoreController( 1015): -A fw_powersave -p tcp --dport 5060 -j RETURN
01-16 21:21:08.745 E/IptablesRestoreController( 1015): -A fw_powersave -p tcp --dport 6100:10000 -j RETURN
01-16 21:21:08.745 E/IptablesRestoreController( 1015): -A fw_powersave -i lo -j RETURN
01-16 21:21:08.745 E/IptablesRestoreController( 1015): -A fw_powersave -o lo -j RETURN
01-16 21:21:08.745 E/IptablesRestoreController( 1015): -A fw_powersave -p tcp --tcp-flags RST RST -j RETURN
01-16 21:21:08.745 E/IptablesRestoreController( 1015): -A fw_powersave -p icmpv6 --icmpv6-type packet-too-big -j RETURN
01-16 21:21:08.745 E/IptablesRestoreController( 1015): -A fw_powersave -p icmpv6 --icmpv6-type router-solicitation -j RETURN
01-16 21:21:08.745 E/IptablesRestoreController( 1015): -A fw_powersave -p icmpv6 --icmpv6-type router-advertisement -j RETURN
01-16 21:21:08.745 E/IptablesRestoreController( 1015): -A fw_powersave -p icmpv6 --icmpv6-type neighbour-solicitation -j RETURN
01-16 21:21:08.745 E/IptablesRestoreController( 1015): -A fw_powersave -p icmpv6 --icmpv6-type neighbour-advertisement -j RETURN
01-16 21:21:08.745 E/IptablesRestoreController( 1015): -A fw_powersave -p icmpv6 --icmpv6-type redirect -j RETURN
01-16 21:21:08.745 E/IptablesRestoreController( 1015): -A fw_powersave -j DROP
01-16 21:21:08.745 E/IptablesRestoreController( 1015): COMMIT
01-16 21:21:08.745 E/IptablesRestoreController( 1015): [iptables debug]iptables-restore execute done *filter
01-16 21:21:08.745 E/IptablesRestoreController( 1015): :fw_powersave -
01-16 21:21:08.745 E/IptablesRestoreController( 1015): -A fw_powersave -m owner --uid-owner 0-9999 -j RETURN
01-16 21:21:08.745 E/IptablesRestoreController( 1015): -A fw_powersave -m owner ! --uid-owner 0-4294967294 -j RETURN
01-16 21:21:08.745 E/IptablesRestoreController( 1015): -A fw_powersave -p esp -j RETURN
01-16 21:21:08.745 E/IptablesRestoreController( 1015): -A fw_powersave -p tcp --sport 5060 -j RETURN
01-16 21:21:08.745 E/IptablesRestoreController( 1015): -A fw_powersave -p tcp --dport 5060 -j RETURN
01-16 21:21:08.745 E/IptablesRestoreController( 1015): -A fw_powersave -p tcp --dport 6100:10000 -j RETURN
01-16 21:21:08.745 E/IptablesRestoreController( 1015): -A fw_powersave -i lo -j RETURN
01-16 21:21:08.745 E/IptablesRestoreController( 1015): -A fw_powersave -o lo -j RETURN
01-16 21:21:08.745 E/IptablesRestoreController( 1015): -A fw_powersave -p tcp --tcp-flags RST RST -j RETURN
01-16 21:21:08.745 E/IptablesRestoreController( 1015): -A fw_powersave -p icmpv6 --icmpv6-type packet-too-big -j RETURN
01-16 21:21:08.745 E/IptablesRestoreController( 1015): -A fw_powersave -p icmpv6 --icmpv6-type router-solicitation -j RETURN
01-16 21:21:08.745 E/IptablesRestoreController( 1015): -A fw_powersave -p icmpv6 --icmpv6-type router-advertisement -j RETURN
01-16 21:21:08.745 E/IptablesRestoreController( 1015): -A fw_powersave -p icmpv6 --icmpv6-type neighbour-solicitation -j RETURN
01-16 21:21:08.745 E/IptablesRestoreController( 1015): -A fw_powersave -p icmpv6 --icmpv6-type neighbour-advertisement -j RETURN
01-16 21:21:08.745 E/IptablesRestoreController( 1015): -A fw_powersave -p icmpv6 --icmpv6-type redirect -j RETURN
01-16 21:21:08.745 E/IptablesRestoreController( 1015): -A fw_powersave -j DROP
01-16 21:21:08.745 E/IptablesRestoreController( 1015): COMMIT
01-16 21:21:08.745 E/IptablesRestoreController( 1015): , res : 0
01-16 21:21:08.745 E/IptablesRestoreController( 1015): [iptables debug]iptables-restore execute *filter
01-16 21:21:08.745 E/IptablesRestoreController( 1015): :fw_freecess -
01-16 21:21:08.745 E/IptablesRestoreController( 1015): -A fw_freecess -i lo -j RETURN
01-16 21:21:08.745 E/IptablesRestoreController( 1015): -A fw_freecess -o lo -j RETURN
01-16 21:21:08.745 E/IptablesRestoreController( 1015): -A fw_freecess -p tcp --tcp-flags RST RST -j RETURN
01-16 21:21:08.745 E/IptablesRestoreController( 1015): COMMIT
01-16 21:21:08.746 E/IptablesRestoreController( 1015): [iptables debug]iptables-restore execute done *filter
01-16 21:21:08.746 E/IptablesRestoreController( 1015): :fw_freecess -
01-16 21:21:08.746 E/IptablesRestoreController( 1015): -A fw_freecess -i lo -j RETURN
01-16 21:21:08.746 E/IptablesRestoreController( 1015): -A fw_freecess -o lo -j RETURN
01-16 21:21:08.746 E/IptablesRestoreController( 1015): -A fw_freecess -p tcp --tcp-flags RST RST -j RETURN
01-16 21:21:08.746 E/IptablesRestoreController( 1015): COMMIT
01-16 21:21:08.746 E/IptablesRestoreController( 1015): , res : 0
01-16 21:21:08.746 E/IptablesRestoreController( 1015): [iptables debug]iptables-restore execute *filter
01-16 21:21:08.746 E/IptablesRestoreController( 1015): :fw_freecess -
01-16 21:21:08.746 E/IptablesRestoreController( 1015): -A fw_freecess -i lo -j RETURN
01-16 21:21:08.746 E/IptablesRestoreController( 1015): -A fw_freecess -o lo -j RETURN
01-16 21:21:08.746 E/IptablesRestoreController( 1015): -A fw_freecess -p tcp --tcp-flags RST RST -j RETURN
01-16 21:21:08.746 E/IptablesRestoreController( 1015): COMMIT
01-16 21:21:08.747 E/IptablesRestoreController( 1015): [iptables debug]iptables-restore execute done *filter
01-16 21:21:08.747 E/IptablesRestoreController( 1015): :fw_freecess -
01-16 21:21:08.747 E/IptablesRestoreController( 1015): -A fw_freecess -i lo -j RETURN
01-16 21:21:08.747 E/IptablesRestoreController( 1015): -A fw_freecess -o lo -j RETURN
01-16 21:21:08.747 E/IptablesRestoreController( 1015): -A fw_freecess -p tcp --tcp-flags RST RST -j RETURN
01-16 21:21:08.747 E/IptablesRestoreController( 1015): COMMIT
01-16 21:21:08.747 E/IptablesRestoreController( 1015): , res : 0
01-16 21:21:08.747 I/Netd    ( 1015): Setting up FirewallController hooks: 12.9ms
01-16 21:21:08.747 E/IptablesRestoreController( 1015): [iptables debug]iptables-restore execute *filter
01-16 21:21:08.747 E/IptablesRestoreController( 1015): :limit -
01-16 21:21:08.747 E/IptablesRestoreController( 1015): -A limit -p tcp ! --tcp-flags FIN,SYN,RST NONE -j RETURN
01-16 21:21:08.747 E/IptablesRestoreController( 1015): -A limit -p tcp --tcp-flags ACK ACK -m length --length 0:53 -j RETURN
01-16 21:21:08.747 E/IptablesRestoreController( 1015): -A INPUT -p all -j limit
01-16 21:21:08.747 E/IptablesRestoreController( 1015): COMMIT
01-16 21:21:08.748 E/IptablesRestoreController( 1015): [iptables debug]iptables-restore execute done *filter
01-16 21:21:08.748 E/IptablesRestoreController( 1015): :limit -
01-16 21:21:08.748 E/IptablesRestoreController( 1015): -A limit -p tcp ! --tcp-flags FIN,SYN,RST NONE -j RETURN
01-16 21:21:08.748 E/IptablesRestoreController( 1015): -A limit -p tcp --tcp-flags ACK ACK -m length --length 0:53 -j RETURN
01-16 21:21:08.748 E/IptablesRestoreController( 1015): -A INPUT -p all -j limit
01-16 21:21:08.748 E/IptablesRestoreController( 1015): COMMIT
01-16 21:21:08.748 E/IptablesRestoreController( 1015): , res : 0
01-16 21:21:08.748 E/IptablesRestoreController( 1015): [iptables debug]iptables-restore execute *filter
01-16 21:21:08.748 E/IptablesRestoreController( 1015): :block_black_table -
01-16 21:21:08.748 E/IptablesRestoreController( 1015): :block_white_table -
01-16 21:21:08.748 E/IptablesRestoreController( 1015): :block_all_dns -
01-16 21:21:08.748 E/IptablesRestoreController( 1015): COMMIT
01-16 21:21:08.748 W/media.codec( 1030): libminijail[1030]: logging seccomp filter failures
01-16 21:21:08.749 E/IptablesRestoreController( 1015): [iptables debug]iptables-restore execute done *filter
01-16 21:21:08.749 E/IptablesRestoreController( 1015): :block_black_table -
01-16 21:21:08.749 E/IptablesRestoreController( 1015): :block_white_table -
01-16 21:21:08.749 E/IptablesRestoreController( 1015): :block_all_dns -
01-16 21:21:08.749 E/IptablesRestoreController( 1015): COMMIT
01-16 21:21:08.749 E/IptablesRestoreController( 1015): , res : 0
01-16 21:21:08.749 I/Netd    ( 1015): Setting up FirewallController::makeBlockChildChain() hooks: 1.9ms
01-16 21:21:08.749 E/IptablesRestoreController( 1015): [iptables debug]iptables-restore execute *filter
01-16 21:21:08.749 E/IptablesRestoreController( 1015): :tetherctrl_FORWARD -
01-16 21:21:08.749 E/IptablesRestoreController( 1015): -A tetherctrl_FORWARD -j DROP
01-16 21:21:08.749 E/IptablesRestoreController( 1015): COMMIT
01-16 21:21:08.749 E/IptablesRestoreController( 1015): *nat
01-16 21:21:08.749 E/IptablesRestoreController( 1015): :tetherctrl_nat_POSTROUTING -
01-16 21:21:08.749 E/IptablesRestoreController( 1015): :tetherctrl_nat_PREROUTING -
01-16 21:21:08.749 E/IptablesRestoreController( 1015): COMMIT
01-16 21:21:08.749 E/IptablesRestoreController( 1015): [iptables debug]iptables-restore execute done *filter
01-16 21:21:08.749 E/IptablesRestoreController( 1015): :tetherctrl_FORWARD -
01-16 21:21:08.749 E/IptablesRestoreController( 1015): -A tetherctrl_FORWARD -j DROP
01-16 21:21:08.749 E/IptablesRestoreController( 1015): COMMIT
01-16 21:21:08.749 E/IptablesRestoreController( 1015): *nat
01-16 21:21:08.749 E/IptablesRestoreController( 1015): :tetherctrl_nat_POSTROUTING -
01-16 21:21:08.749 E/IptablesRestoreController( 1015): :tetherctrl_nat_PREROUTING -
01-16 21:21:08.749 E/IptablesRestoreController( 1015): COMMIT
01-16 21:21:08.749 E/IptablesRestoreController( 1015): , res : 0
01-16 21:21:08.749 E/IptablesRestoreController( 1015): [iptables debug]iptables-restore execute *filter
01-16 21:21:08.749 E/IptablesRestoreController( 1015): :tetherctrl_FORWARD -
01-16 21:21:08.749 E/IptablesRestoreController( 1015): COMMIT
01-16 21:21:08.749 E/IptablesRestoreController( 1015): *raw
01-16 21:21:08.749 E/IptablesRestoreController( 1015): :tetherctrl_raw_PREROUTING -
01-16 21:21:08.749 E/IptablesRestoreController( 1015): COMMIT
01-16 21:21:08.750 E/IptablesRestoreController( 1015): [iptables debug]iptables-restore execute done *filter
01-16 21:21:08.750 E/IptablesRestoreController( 1015): :tetherctrl_FORWARD -
01-16 21:21:08.750 E/IptablesRestoreController( 1015): COMMIT
01-16 21:21:08.750 E/IptablesRestoreController( 1015): *raw
01-16 21:21:08.750 E/IptablesRestoreController( 1015): :tetherctrl_raw_PREROUTING -
01-16 21:21:08.750 E/IptablesRestoreController( 1015): COMMIT
01-16 21:21:08.750 E/IptablesRestoreController( 1015): , res : 0
01-16 21:21:08.750 E/IptablesRestoreController( 1015): [iptables debug]iptables-restore execute *mangle
01-16 21:21:08.750 E/IptablesRestoreController( 1015): -A tetherctrl_mangle_FORWARD -p tcp --tcp-flags SYN SYN -j TCPMSS --clamp-mss-to-pmtu
01-16 21:21:08.750 E/IptablesRestoreController( 1015): COMMIT
01-16 21:21:08.750 E/IptablesRestoreController( 1015): [iptables debug]iptables-restore execute done *mangle
01-16 21:21:08.750 E/IptablesRestoreController( 1015): -A tetherctrl_mangle_FORWARD -p tcp --tcp-flags SYN SYN -j TCPMSS --clamp-mss-to-pmtu
01-16 21:21:08.750 E/IptablesRestoreController( 1015): COMMIT
01-16 21:21:08.750 E/IptablesRestoreController( 1015): , res : 0
01-16 21:21:08.750 E/IptablesRestoreController( 1015): [iptables debug]iptables-restore execute *filter
01-16 21:21:08.750 E/IptablesRestoreController( 1015): :tetherctrl_counters -
01-16 21:21:08.750 E/IptablesRestoreController( 1015): COMMIT
01-16 21:21:08.751 E/IptablesRestoreController( 1015): [iptables debug]iptables-restore execute done *filter
01-16 21:21:08.751 E/IptablesRestoreController( 1015): :tetherctrl_counters -
01-16 21:21:08.751 E/IptablesRestoreController( 1015): COMMIT
01-16 21:21:08.751 E/IptablesRestoreController( 1015): , res : 0
01-16 21:21:08.751 I/Netd    ( 1015): Setting up TetherController hooks: 2.2ms
01-16 21:21:08.751 E/IptablesRestoreController( 1015): [iptables debug]iptables-restore execute *filter
01-16 21:21:08.751 E/IptablesRestoreController( 1015): -S
01-16 21:21:08.751 E/IptablesRestoreController( 1015): COMMIT
01-16 21:21:08.751 E/IptablesRestoreController( 1015): [iptables debug]iptables-restore execute done *filter
01-16 21:21:08.751 E/IptablesRestoreController( 1015): -S
01-16 21:21:08.751 E/IptablesRestoreController( 1015): COMMIT
01-16 21:21:08.751 E/IptablesRestoreController( 1015): , res : 0
01-16 21:21:08.751 D/BandwidthController( 1015): parse chainName=<block_all_dns> orig line=<-N block_all_dns>
01-16 21:21:08.751 D/BandwidthController( 1015): parse chainName=<block_black_table> orig line=<-N block_black_table>
01-16 21:21:08.751 D/BandwidthController( 1015): parse chainName=<block_white_table> orig line=<-N block_white_table>
01-16 21:21:08.751 D/BandwidthController( 1015): parse chainName=<bw_FORWARD> orig line=<-N bw_FORWARD>
01-16 21:21:08.751 D/BandwidthController( 1015): parse chainName=<bw_INPUT> orig line=<-N bw_INPUT>
01-16 21:21:08.752 D/BandwidthController( 1015): parse chainName=<bw_OUTPUT> orig line=<-N bw_OUTPUT>
01-16 21:21:08.752 D/BandwidthController( 1015): parse chainName=<bw_VIDEOCALL_IN> orig line=<-N bw_VIDEOCALL_IN>
01-16 21:21:08.752 D/BandwidthController( 1015): parse chainName=<bw_VIDEOCALL_OUT> orig line=<-N bw_VIDEOCALL_OUT>
01-16 21:21:08.752 D/BandwidthController( 1015): parse chainName=<fw_FORWARD> orig line=<-N fw_FORWARD>
01-16 21:21:08.752 D/BandwidthController( 1015): parse chainName=<fw_INPUT> orig line=<-N fw_INPUT>
01-16 21:21:08.752 D/BandwidthController( 1015): parse chainName=<fw_OUTPUT> orig line=<-N fw_OUTPUT>
01-16 21:21:08.752 D/BandwidthController( 1015): parse chainName=<fw_dozable> orig line=<-N fw_dozable>
01-16 21:21:08.752 D/BandwidthController( 1015): parse chainName=<fw_freecess> orig line=<-N fw_freecess>
01-16 21:21:08.752 D/BandwidthController( 1015): parse chainName=<fw_powersave> orig line=<-N fw_powersave>
01-16 21:21:08.752 D/BandwidthController( 1015): parse chainName=<fw_standby> orig line=<-N fw_standby>
01-16 21:21:08.752 D/BandwidthController( 1015): parse chainName=<limit> orig line=<-N limit>
01-16 21:21:08.752 D/BandwidthController( 1015): parse chainName=<oem_fwd> orig line=<-N oem_fwd>
01-16 21:21:08.752 D/BandwidthController( 1015): parse chainName=<oem_out> orig line=<-N oem_out>
01-16 21:21:08.752 D/BandwidthController( 1015): parse chainName=<st_OUTPUT> orig line=<-N st_OUTPUT>
01-16 21:21:08.752 D/BandwidthController( 1015): parse chainName=<tetherctrl_FORWARD> orig line=<-N tetherctrl_FORWARD>
01-16 21:21:08.752 D/BandwidthController( 1015): parse chainName=<tetherctrl_counters> orig line=<-N tetherctrl_counters>
01-16 21:21:08.752 E/IptablesRestoreController( 1015): [iptables debug]iptables-restore execute *filter
01-16 21:21:08.752 E/IptablesRestoreController( 1015): :bw_INPUT -
01-16 21:21:08.752 E/IptablesRestoreController( 1015): :bw_OUTPUT -
01-16 21:21:08.752 E/IptablesRestoreController( 1015): :bw_FORWARD -
01-16 21:21:08.752 E/IptablesRestoreController( 1015): :bw_happy_box -
01-16 21:21:08.752 E/IptablesRestoreController( 1015): :bw_penalty_box -
01-16 21:21:08.752 E/IptablesRestoreController( 1015): :bw_data_saver -
01-16 21:21:08.752 E/IptablesRestoreController( 1015): :bw_costly_shared -
01-16 21:21:08.752 E/IptablesRestoreController( 1015): :bw_videocall_box -
01-16 21:21:08.752 E/IptablesRestoreController( 1015): :bw_VIDEOCALL_IN -
01-16 21:21:08.752 E/IptablesRestoreController( 1015): :bw_VIDEOCALL_OUT -
01-16 21:21:08.752 E/IptablesRestoreController( 1015): :bw_roaming_reduction -
01-16 21:21:08.752 E/IptablesRestoreController( 1015): :bw_foc_box -
01-16 21:21:08.752 E/IptablesRestoreController( 1015): COMMIT
01-16 21:21:08.752 E/IptablesRestoreController( 1015): *raw
01-16 21:21:08.752 E/IptablesRestoreController( 1015): :bw_raw_PREROUTING -
01-16 21:21:08.752 E/IptablesRestoreController( 1015): COMMIT
01-16 21:21:08.752 E/IptablesRestoreController( 1015): *mangle
01-16 21:21:08.752 E/IptablesRestoreController( 1015): :bw_mangle_POSTROUTING -
01-16 21:21:08.752 E/IptablesRestoreController( 1015): COMMIT
01-16 21:21:08.753 E/IptablesRestoreController( 1015): [iptables debug]iptables-restore execute done *filter
01-16 21:21:08.753 E/IptablesRestoreController( 1015): :bw_INPUT -
01-16 21:21:08.753 E/IptablesRestoreController( 1015): :bw_OUTPUT -
01-16 21:21:08.753 E/IptablesRestoreController( 1015): :bw_FORWARD -
01-16 21:21:08.753 E/IptablesRestoreController( 1015): :bw_happy_box -
01-16 21:21:08.753 E/IptablesRestoreController( 1015): :bw_penalty_box -
01-16 21:21:08.753 E/IptablesRestoreController( 1015): :bw_data_saver -
01-16 21:21:08.753 E/IptablesRestoreController( 1015): :bw_costly_shared -
01-16 21:21:08.753 E/IptablesRestoreController( 1015): :bw_videocall_box -
01-16 21:21:08.753 E/IptablesRestoreController( 1015): :bw_VIDEOCALL_IN -
01-16 21:21:08.753 E/IptablesRestoreController( 1015): :bw_VIDEOCALL_OUT -
01-16 21:21:08.753 E/IptablesRestoreController( 1015): :bw_roaming_reduction -
01-16 21:21:08.753 E/IptablesRestoreController( 1015): :bw_foc_box -
01-16 21:21:08.753 E/IptablesRestoreController( 1015): COMMIT
01-16 21:21:08.753 E/IptablesRestoreController( 1015): *raw
01-16 21:21:08.753 E/IptablesRestoreController( 1015): :bw_raw_PREROUTING -
01-16 21:21:08.753 E/IptablesRestoreController( 1015): COMMIT
01-16 21:21:08.753 E/IptablesRestoreController( 1015): *mangle
01-16 21:21:08.753 E/IptablesRestoreController( 1015): :bw_mangle_POSTROUTING -
01-16 21:21:08.753 E/IptablesRestoreController( 1015): COMMIT
01-16 21:21:08.753 E/IptablesRestoreController( 1015): , res : 0
01-16 21:21:08.753 I/Netd    ( 1015): Setting up BandwidthController hooks: 2.2ms
01-16 21:21:08.753 I/Netd    ( 1015): Setting up IdletimerController hooks: 0.0ms
01-16 21:21:08.753 I/Netd    ( 1015): initializing traffic control: 0.0ms
01-16 21:21:08.753 E/IptablesRestoreController( 1015): [iptables debug]iptables-restore execute *filter
01-16 21:21:08.753 E/IptablesRestoreController( 1015): -S
01-16 21:21:08.753 E/IptablesRestoreController( 1015): COMMIT
01-16 21:21:08.753 E/IptablesRestoreController( 1015): [iptables debug]iptables-restore execute done *filter
01-16 21:21:08.753 E/IptablesRestoreController( 1015): -S
01-16 21:21:08.753 E/IptablesRestoreController( 1015): COMMIT
01-16 21:21:08.753 E/IptablesRestoreController( 1015): , res : 0
01-16 21:21:08.753 D/BandwidthController( 1015): parse chainName=<block_all_dns> orig line=<-N block_all_dns>
01-16 21:21:08.753 D/BandwidthController( 1015): parse chainName=<block_black_table> orig line=<-N block_black_table>
01-16 21:21:08.753 D/BandwidthController( 1015): parse chainName=<block_white_table> orig line=<-N block_white_table>
01-16 21:21:08.753 D/BandwidthController( 1015): parse chainName=<bw_FORWARD> orig line=<-N bw_FORWARD>
01-16 21:21:08.753 D/BandwidthController( 1015): parse chainName=<bw_INPUT> orig line=<-N bw_INPUT>
01-16 21:21:08.753 D/BandwidthController( 1015): parse chainName=<bw_OUTPUT> orig line=<-N bw_OUTPUT>
01-16 21:21:08.753 D/BandwidthController( 1015): parse chainName=<bw_VIDEOCALL_IN> orig line=<-N bw_VIDEOCALL_IN>
01-16 21:21:08.753 D/BandwidthController( 1015): parse chainName=<bw_VIDEOCALL_OUT> orig line=<-N bw_VIDEOCALL_OUT>
01-16 21:21:08.753 D/BandwidthController( 1015): parse chainName=<bw_costly_shared> orig line=<-N bw_costly_shared>
01-16 21:21:08.753 D/BandwidthController( 1015): parse chainName=<bw_data_saver> orig line=<-N bw_data_saver>
01-16 21:21:08.754 D/BandwidthController( 1015): parse chainName=<bw_foc_box> orig line=<-N bw_foc_box>
01-16 21:21:08.754 D/BandwidthController( 1015): parse chainName=<bw_happy_box> orig line=<-N bw_happy_box>
01-16 21:21:08.754 D/BandwidthController( 1015): parse chainName=<bw_penalty_box> orig line=<-N bw_penalty_box>
01-16 21:21:08.754 D/BandwidthController( 1015): parse chainName=<bw_roaming_reduction> orig line=<-N bw_roaming_reduction>
01-16 21:21:08.754 D/BandwidthController( 1015): parse chainName=<bw_videocall_box> orig line=<-N bw_videocall_box>
01-16 21:21:08.754 D/BandwidthController( 1015): parse chainName=<fw_FORWARD> orig line=<-N fw_FORWARD>
01-16 21:21:08.754 D/BandwidthController( 1015): parse chainName=<fw_INPUT> orig line=<-N fw_INPUT>
01-16 21:21:08.754 D/BandwidthController( 1015): parse chainName=<fw_OUTPUT> orig line=<-N fw_OUTPUT>
01-16 21:21:08.754 D/BandwidthController( 1015): parse chainName=<fw_dozable> orig line=<-N fw_dozable>
01-16 21:21:08.754 D/BandwidthController( 1015): parse chainName=<fw_freecess> orig line=<-N fw_freecess>
01-16 21:21:08.754 D/BandwidthController( 1015): parse chainName=<fw_powersave> orig line=<-N fw_powersave>
01-16 21:21:08.754 D/BandwidthController( 1015): parse chainName=<fw_standby> orig line=<-N fw_standby>
01-16 21:21:08.754 D/BandwidthController( 1015): parse chainName=<limit> orig line=<-N limit>
01-16 21:21:08.754 D/BandwidthController( 1015): parse chainName=<oem_fwd> orig line=<-N oem_fwd>
01-16 21:21:08.754 D/BandwidthController( 1015): parse chainName=<oem_out> orig line=<-N oem_out>
01-16 21:21:08.754 D/BandwidthController( 1015): parse chainName=<st_OUTPUT> orig line=<-N st_OUTPUT>
01-16 21:21:08.754 D/BandwidthController( 1015): parse chainName=<tetherctrl_FORWARD> orig line=<-N tetherctrl_FORWARD>
01-16 21:21:08.754 D/BandwidthController( 1015): parse chainName=<tetherctrl_counters> orig line=<-N tetherctrl_counters>
01-16 21:21:08.754 E/IptablesRestoreController( 1015): [iptables debug]iptables-restore execute *filter
01-16 21:21:08.754 E/IptablesRestoreController( 1015): :bw_INPUT -
01-16 21:21:08.754 E/IptablesRestoreController( 1015): :bw_OUTPUT -
01-16 21:21:08.754 E/IptablesRestoreController( 1015): :bw_FORWARD -
01-16 21:21:08.754 E/IptablesRestoreController( 1015): :bw_happy_box -
01-16 21:21:08.754 E/IptablesRestoreController( 1015): :bw_penalty_box -
01-16 21:21:08.754 E/IptablesRestoreController( 1015): :bw_data_saver -
01-16 21:21:08.754 E/IptablesRestoreController( 1015): :bw_costly_shared -
01-16 21:21:08.754 E/IptablesRestoreController( 1015): :bw_videocall_box -
01-16 21:21:08.754 E/IptablesRestoreController( 1015): :bw_VIDEOCALL_IN -
01-16 21:21:08.754 E/IptablesRestoreController( 1015): :bw_VIDEOCALL_OUT -
01-16 21:21:08.754 E/IptablesRestoreController( 1015): :bw_roaming_reduction -
01-16 21:21:08.754 E/IptablesRestoreController( 1015): :bw_foc_box -
01-16 21:21:08.754 E/IptablesRestoreController( 1015): COMMIT
01-16 21:21:08.754 E/IptablesRestoreController( 1015): *raw
01-16 21:21:08.754 E/IptablesRestoreController( 1015): :bw_raw_PREROUTING -
01-16 21:21:08.754 E/IptablesRestoreController( 1015): COMMIT
01-16 21:21:08.754 E/IptablesRestoreController( 1015): *mangle
01-16 21:21:08.754 E/IptablesRestoreController( 1015): :bw_mangle_POSTROUTING -
01-16 21:21:08.754 E/IptablesRestoreController( 1015): COMMIT
01-16 21:21:08.754 E/IptablesRestoreController( 1015): [iptables debug]iptables-restore execute done *filter
01-16 21:21:08.754 E/IptablesRestoreController( 1015): :bw_INPUT -
01-16 21:21:08.754 E/IptablesRestoreController( 1015): :bw_OUTPUT -
01-16 21:21:08.754 E/IptablesRestoreController( 1015): :bw_FORWARD -
01-16 21:21:08.754 E/IptablesRestoreController( 1015): :bw_happy_box -
01-16 21:21:08.754 E/IptablesRestoreController( 1015): :bw_penalty_box -
01-16 21:21:08.754 E/IptablesRestoreController( 1015): :bw_data_saver -
01-16 21:21:08.754 E/IptablesRestoreController( 1015): :bw_costly_shared -
01-16 21:21:08.754 E/IptablesRestoreController( 1015): :bw_videocall_box -
01-16 21:21:08.754 E/IptablesRestoreController( 1015): :bw_VIDEOCALL_IN -
01-16 21:21:08.754 E/IptablesRestoreController( 1015): :bw_VIDEOCALL_OUT -
01-16 21:21:08.754 E/IptablesRestoreController( 1015): :bw_roaming_reduction -
01-16 21:21:08.754 E/IptablesRestoreController( 1015): :bw_foc_box -
01-16 21:21:08.754 E/IptablesRestoreController( 1015): COMMIT
01-16 21:21:08.754 E/IptablesRestoreController( 1015): *raw
01-16 21:21:08.754 E/IptablesRestoreController( 1015): :bw_raw_PREROUTING -
01-16 21:21:08.754 E/IptablesRestoreController( 1015): COMMIT
01-16 21:21:08.754 E/IptablesRestoreController( 1015): *mangle
01-16 21:21:08.754 E/IptablesRestoreController( 1015): :bw_mangle_POSTROUTING -
01-16 21:21:08.754 E/IptablesRestoreController( 1015): COMMIT
01-16 21:21:08.754 E/IptablesRestoreController( 1015): , res : 0
01-16 21:21:08.755 E/IptablesRestoreController( 1015): [iptables debug]iptables-restore execute *filter
01-16 21:21:08.755 E/IptablesRestoreController( 1015): -A bw_INPUT -p esp -j RETURN
01-16 21:21:08.755 E/IptablesRestoreController( 1015): -A bw_INPUT -m mark --mark 0x100000/0x100000 -j RETURN
01-16 21:21:08.755 E/IptablesRestoreController( 1015): -A bw_INPUT -m owner --socket-exists
01-16 21:21:08.755 E/IptablesRestoreController( 1015): -A bw_INPUT -j MARK --or-mark 0x100000
01-16 21:21:08.755 E/IptablesRestoreController( 1015): -A bw_OUTPUT -o ipsec+ -j RETURN
01-16 21:21:08.755 E/IptablesRestoreController( 1015): -A bw_OUTPUT -m policy --pol ipsec --dir out -j RETURN
01-16 21:21:08.755 E/IptablesRestoreController( 1015): -A bw_OUTPUT -m owner --socket-exists
01-16 21:21:08.755 E/IptablesRestoreController( 1015): -A bw_costly_shared --jump bw_penalty_box
01-16 21:21:08.755 E/IptablesRestoreController( 1015): -A bw_penalty_box --jump bw_happy_box
01-16 21:21:08.755 E/IptablesRestoreController( 1015): -A bw_happy_box --jump bw_data_saver
01-16 21:21:08.755 E/IptablesRestoreController( 1015): -A bw_data_saver -j RETURN
01-16 21:21:08.755 E/IptablesRestoreController( 1015): -I bw_happy_box -m owner --uid-owner 0-9999 --jump RETURN
01-16 21:21:08.755 E/IptablesRestoreController( 1015): COMMIT
01-16 21:21:08.755 E/IptablesRestoreController( 1015): *raw
01-16 21:21:08.755 E/IptablesRestoreController( 1015): -A bw_raw_PREROUTING -i ipsec+ -j RETURN
01-16 21:21:08.755 E/IptablesRestoreController( 1015): -A bw_raw_PREROUTING -m policy --pol ipsec --dir in -j RETURN
01-16 21:21:08.755 E/IptablesRestoreController( 1015): -A bw_raw_PREROUTING -m owner --socket-exists
01-16 21:21:08.755 E/IptablesRestoreController( 1015): 
01-16 21:21:08.755 E/IptablesRestoreController( 1015): COMMIT
01-16 21:21:08.755 E/IptablesRestoreController( 1015): *mangle
01-16 21:21:08.755 E/IptablesRestoreController( 1015): -A bw_mangle_POSTROUTING -o ipsec+ -j RETURN
01-16 21:21:08.755 E/IptablesRestoreController( 1015): -A bw_mangle_POSTROUTING -m policy --pol ipsec --dir out -j RETURN
01-16 21:21:08.755 E/IptablesRestoreController( 1015): -A bw_mangle_POSTROUTING -m owner --socket-exists
01-16 21:21:08.755 E/IptablesRestoreController( 1015): -A bw_mangle_POSTROUTING -j MARK --set-mark 0x0/0x100000
01-16 21:21:08.755 E/IptablesRestoreController( 1015): 
01-16 21:21:08.755 E/IptablesRestoreController( 1015): COMMIT
01-16 21:21:08.756 E/IptablesRestoreController( 1015): [iptables debug]iptables-restore execute done *filter
01-16 21:21:08.756 E/IptablesRestoreController( 1015): -A bw_INPUT -p esp -j RETURN
01-16 21:21:08.756 E/IptablesRestoreController( 1015): -A bw_INPUT -m mark --mark 0x100000/0x100000 -j RETURN
01-16 21:21:08.756 E/IptablesRestoreController( 1015): -A bw_INPUT -m owner --socket-exists
01-16 21:21:08.756 E/IptablesRestoreController( 1015): -A bw_INPUT -j MARK --or-mark 0x100000
01-16 21:21:08.756 E/IptablesRestoreController( 1015): -A bw_OUTPUT -o ipsec+ -j RETURN
01-16 21:21:08.756 E/IptablesRestoreController( 1015): -A bw_OUTPUT -m policy --pol ipsec --dir out -j RETURN
01-16 21:21:08.756 E/IptablesRestoreController( 1015): -A bw_OUTPUT -m owner --socket-exists
01-16 21:21:08.756 E/IptablesRestoreController( 1015): -A bw_costly_shared --jump bw_penalty_box
01-16 21:21:08.756 E/IptablesRestoreController( 1015): -A bw_penalty_box --jump bw_happy_box
01-16 21:21:08.756 E/IptablesRestoreController( 1015): -A bw_happy_box --jump bw_data_saver
01-16 21:21:08.756 E/IptablesRestoreController( 1015): -A bw_data_saver -j RETURN
01-16 21:21:08.756 E/IptablesRestoreController( 1015): -I bw_happy_box -m owner --uid-owner 0-9999 --jump RETURN
01-16 21:21:08.756 E/IptablesRestoreController( 1015): COMMIT
01-16 21:21:08.756 E/IptablesRestoreController( 1015): *raw
01-16 21:21:08.756 E/IptablesRestoreController( 1015): -A bw_raw_PREROUTING -i ipsec+ -j RETURN
01-16 21:21:08.756 E/IptablesRestoreController( 1015): -A bw_raw_PREROUTING -m policy --pol ipsec --dir in -j RETURN
01-16 21:21:08.756 E/IptablesRestoreController( 1015): -A bw_raw_PREROUTING -m owner --socket-exists
01-16 21:21:08.756 E/IptablesRestoreController( 1015): 
01-16 21:21:08.756 E/IptablesRestoreController( 1015): COMMIT
01-16 21:21:08.756 E/IptablesRestoreController( 1015): *mangle
01-16 21:21:08.756 E/IptablesRestoreController( 1015): -A bw_mangle_POSTROUTING -o ipsec+ -j RETURN
01-16 21:21:08.756 E/IptablesRestoreController( 1015): -A bw_mangle_POSTROUTING -m policy --pol ipsec --dir out -j RETURN
01-16 21:21:08.756 E/IptablesRestoreController( 1015): -A bw_mangle_POSTROUTING -m owner --socket-exists
01-16 21:21:08.756 E/IptablesRestoreController( 1015): -A bw_mangle_POSTROUTING -j MARK --set-mark 0x0/0x100000
01-16 21:21:08.756 E/IptablesRestoreController( 1015): 
01-16 21:21:08.756 E/IptablesRestoreController( 1015): COMMIT
01-16 21:21:08.756 E/IptablesRestoreController( 1015): , res : 0
01-16 21:21:08.756 I/Netd    ( 1015): Disabling bandwidth control: 3.2ms
01-16 21:21:08.758 I/Netd    ( 1015): Initializing RouteController: 1.3ms
01-16 21:21:08.758 D/XfrmController( 1015): Sending Netlink XFRM Message: XFRM_MSG_FLUSHSA
01-16 21:21:08.758 D/XfrmController( 1015): Sending Netlink XFRM Message: XFRM_MSG_FLUSHPOLICY
01-16 21:21:08.758 I/Netd    ( 1015): Initializing XfrmController: 0.2ms
01-16 21:21:08.758 E/Netd    ( 1015): Unable to create netlink socket: Protocol not supported
01-16 21:21:08.758 W/Netd    ( 1015): Unable to open qlog quota socket, check if xt_quota2 can send via UeventHandler
01-16 21:21:08.758 D/MDnsDS  ( 1015): MDnsSdListener::Hander starting up
01-16 21:21:08.759 D/QosListener( 1015): QosListener qosd
01-16 21:21:08.759 W/MediaCodecsXmlParser( 1030): ignoring Limit specified outside of a Type
01-16 21:21:08.759 I/chatty  ( 1030): uid=1046(mediacodec) omx@1.0-service identical 2 lines
01-16 21:21:08.759 W/MediaCodecsXmlParser( 1030): ignoring Limit specified outside of a Type
01-16 21:21:08.759 I/zygote  (  980): VerifyImage: /system/bin/patchoat --input-image-location=/system/framework/boot.art --output-image-directory=/data/dalvik-cache/arm --instruction-set=arm --verify
01-16 21:21:08.759 W/MediaCodecsXmlParser( 1030): ignoring Limit specified outside of a Type
01-16 21:21:08.759 W/MediaCodecsXmlParser( 1030): ignoring Limit specified outside of a Type
01-16 21:21:08.759 W/MediaCodecsXmlParser( 1030): ignoring Feature specified outside of a Type
01-16 21:21:08.759 W/MediaCodecsXmlParser( 1030): ignoring Limit specified outside of a Type
01-16 21:21:08.764 W/MediaCodecsXmlParser( 1030): unable to open media codecs configuration xml file: /data/misc/media/media_codecs_profiling_results.xml
01-16 21:21:08.764 W/MediaCodecsXmlParser( 1030): parseTopLevelXMLFile(/data/misc/media/media_codecs_profiling_results.xml) failed
01-16 21:21:08.764 E/MediaCodecsXmlParser( 1030): Role video_decoder.vc1 has mismatching types: video/wvc1 and video/x-ms-wmv
01-16 21:21:08.768 E/MediaCodecsXmlParser( 1030): Role video_decoder.vc1 has mismatching types: video/wvc1 and video/x-ms-wmv
01-16 21:21:08.769 D/DataRouter(  993): switchUser
01-16 21:21:08.769 D/DataRouter(  993): monitor_usb_thread
01-16 21:21:08.769 I/ServiceManagement( 1030): Removing namespace from process name android.hardware.media.omx@1.0-service to omx@1.0-service.
01-16 21:21:08.770 I/irisd   ( 1109): Starting irisd
01-16 21:21:08.771 I/Netd    ( 1015): Registering NetdNativeService: 12.6ms
01-16 21:21:08.772 I/Netd    ( 1015): Starting CommandListener: 1.0ms
01-16 21:21:08.773 D/Netd    ( 1015): notify() code: 614, msg: Address updated fe80::101b:99ff:fe57:585e/64 dummy0 128 253
01-16 21:21:08.773 D/MDnsDS  ( 1015): MDnsSdListener starting to monitor
01-16 21:21:08.773 D/MDnsDS  ( 1015): Going to poll with pollCount 1
01-16 21:21:08.776 D/AT_Distributor( 1139): ril.manufacturedate: 20170413
01-16 21:21:08.778 D/DataRouter(  993): Initialise USB and start the thread
01-16 21:21:08.778 D/DataRouter(  993): dr_usb_init
01-16 21:21:08.778 E/DataRouter(  993): USB Interface is open with 0x7
01-16 21:21:08.778 D/DataRouter(  993): USB interface is now configured for usb_fd = 0x7
01-16 21:21:08.778 D/DataRouter(  993): monitor_data_of_usb
01-16 21:21:08.778 D/DataRouter(  993): USB monitor thread launched, usb_fd= 0x7
01-16 21:21:08.779 D/DataRouter(  993): Before the usb select
01-16 21:21:08.779 D/PerMgrSrv(  689): modem new state: is on-line
01-16 21:21:08.781 D/AT_Distributor( 1139): gUartPath = /dev/ttyHS8
01-16 21:21:08.782 D/AT_Distributor( 1139): UART ttyHS8 is not used by console
01-16 21:21:08.782 D/AT_Distributor( 1139): MakeLocalServer(): AirCmdService Communication: Server_socket 5
01-16 21:21:08.782 D/AT_Distributor( 1139): InitSocketAcceptHandler(): AirCmdService, id(6), fd(5)
01-16 21:21:08.782 D/AT_Distributor( 1139): MakeLocalServer(): FactoryClientRecv Communication: Server_socket 6
01-16 21:21:08.782 D/AT_Distributor( 1139): InitSocketAcceptHandler(): FactoryClientRecv, id(0), fd(6)
01-16 21:21:08.782 D/AT_Distributor( 1139): MakeLocalServer(): FactoryClientSend Communication: Server_socket 7
01-16 21:21:08.782 D/AT_Distributor( 1139): InitSocketAcceptHandler(): FactoryClientSend, id(1), fd(7)
01-16 21:21:08.782 D/AT_Distributor( 1139): MakeLocalServer(): ATDMultiClient Communication: Server_socket 8
01-16 21:21:08.782 D/AT_Distributor( 1139): InitSocketAcceptHandler(): ATDMultiClient, id(5), fd(8)
01-16 21:21:08.782 D/AT_Distributor( 1139): MakeLocalServer(): SatsService Communication: Server_socket 9
01-16 21:21:08.782 D/AT_Distributor( 1139): InitSocketAcceptHandler(): SatsService, id(10), fd(9)
01-16 21:21:08.782 D/AT_Distributor( 1139): MakeLocalServer(): DiagApp Communication: Server_socket 10
01-16 21:21:08.782 D/AT_Distributor( 1139): InitSocketAcceptHandler(): DiagApp, id(2), fd(10)
01-16 21:21:08.783 D/AT_Distributor( 1139): first start
01-16 21:21:08.783 I/zygote64(  978): option[0]=-Xzygote
01-16 21:21:08.783 I/zygote64(  978): option[1]=-Xusetombstonedtraces
01-16 21:21:08.783 I/zygote64(  978): option[2]=exit
01-16 21:21:08.783 I/zygote64(  978): option[3]=vfprintf
01-16 21:21:08.783 I/zygote64(  978): option[4]=sensitiveThread
01-16 21:21:08.783 I/zygote64(  978): option[5]=-verbose:gc
01-16 21:21:08.783 I/zygote64(  978): option[6]=-Xms8m
01-16 21:21:08.783 I/zygote64(  978): option[7]=-Xmx512m
01-16 21:21:08.783 I/zygote64(  978): option[8]=-XX:HeapGrowthLimit=256m
01-16 21:21:08.783 I/zygote64(  978): option[9]=-XX:HeapMinFree=2m
01-16 21:21:08.783 I/Netd    ( 1015): Registering NetdHwService: 11.0ms
01-16 21:21:08.783 I/zygote64(  978): option[10]=-XX:HeapMaxFree=8m
01-16 21:21:08.783 I/zygote64(  978): option[11]=-XX:HeapTargetUtilization=0.75
01-16 21:21:08.783 I/zygote64(  978): option[12]=-Xusejit:true
01-16 21:21:08.783 I/zygote64(  978): option[13]=-Xjitsaveprofilinginfo
01-16 21:21:08.783 I/zygote64(  978): option[14]=-XjdwpOptions:suspend=n,server=y
01-16 21:21:08.783 I/Netd    ( 1015): Netd started in 314ms
01-16 21:21:08.783 I/zygote64(  978): option[15]=-XjdwpProvider:default
01-16 21:21:08.783 I/zygote64(  978): option[16]=-Ximage-compiler-option
01-16 21:21:08.783 I/zygote64(  978): option[17]=--runtime-arg
01-16 21:21:08.783 I/zygote64(  978): option[18]=-Ximage-compiler-option
01-16 21:21:08.783 I/zygote64(  978): option[19]=-Xms64m
01-16 21:21:08.783 I/zygote64(  978): option[20]=-Ximage-compiler-option
01-16 21:21:08.783 I/zygote64(  978): option[21]=--runtime-arg
01-16 21:21:08.783 I/zygote64(  978): option[22]=-Ximage-compiler-option
01-16 21:21:08.783 I/zygote64(  978): option[23]=-Xmx64m
01-16 21:21:08.783 I/zygote64(  978): option[24]=-Ximage-compiler-option
01-16 21:21:08.783 I/zygote64(  978): option[25]=--profile-file=/system/etc/boot-image.prof
01-16 21:21:08.783 I/zygote64(  978): option[26]=-Ximage-compiler-option
01-16 21:21:08.783 I/zygote64(  978): option[27]=--compiler-filter=speed-profile
01-16 21:21:08.783 I/zygote64(  978): option[28]=-Xcompiler-option
01-16 21:21:08.783 I/zygote64(  978): option[29]=--runtime-arg
01-16 21:21:08.783 I/zygote64(  978): option[30]=-Xcompiler-option
01-16 21:21:08.783 I/zygote64(  978): option[31]=-Xms64m
01-16 21:21:08.783 I/zygote64(  978): option[32]=-Xcompiler-option
01-16 21:21:08.783 I/zygote64(  978): option[33]=--runtime-arg
01-16 21:21:08.783 I/zygote64(  978): option[34]=-Xcompiler-option
01-16 21:21:08.783 I/zygote64(  978): option[35]=-Xmx512m
01-16 21:21:08.783 I/zygote64(  978): option[36]=-Ximage-compiler-option
01-16 21:21:08.783 I/zygote64(  978): option[37]=--instruction-set-variant=generic
01-16 21:21:08.783 I/zygote64(  978): option[38]=-Xcompiler-option
01-16 21:21:08.783 I/zygote64(  978): option[39]=--instruction-set-variant=generic
01-16 21:21:08.783 I/zygote64(  978): option[40]=-Ximage-compiler-option
01-16 21:21:08.783 I/zygote64(  978): option[41]=--instruction-set-features=default
01-16 21:21:08.783 I/zygote64(  978): option[42]=-Xcompiler-option
01-16 21:21:08.783 I/zygote64(  978): option[43]=--instruction-set-features=default
01-16 21:21:08.783 I/zygote64(  978): option[44]=-Duser.locale=en-US
01-16 21:21:08.783 I/zygote64(  978): option[45]=--cpu-abilist=arm64-v8a
01-16 21:21:08.783 I/zygote64(  978): option[46]=-Xfingerprint:samsung/dream2qltesq/dream2qltesq:9/PPR1.180610.011/G955USQU7DTF4:user/release-keys
